[(0, 1), (0, 2), (0, 3), (0, 4), (1, 0), (1, 2), (1, 3), (1, 4), (2, 0), (2, 1), (2, 3), (2, 4), (2, 5), (2, 6), (3, 0), (3, 1), (3, 2), (3, 4), (3, 7), (3, 8), (4, 0), (4, 1), (4, 2), (4, 3), (4, 9), (4, 10), (5, 2), (6, 2), (7, 3), (8, 3), (9, 4), (10, 4)]
path:[1, 0, 2, 3]
path:[1, 0, 2, 4, 3]
path:[1, 0, 3]
path:[1, 0, 4, 2, 3]
path:[1, 0, 4, 3]
path:[0, 1, 2, 3, 7]
path:[0, 1, 2, 4, 3, 7]
path:[0, 1, 3, 7]
path:[0, 1, 4, 2, 3, 7]
path:[0, 1, 4, 3, 7]
path:[1, 0, 2, 6]
path:[1, 0, 3, 2, 6]
path:[1, 0, 3, 4, 2, 6]
path:[1, 0, 4, 2, 6]
path:[1, 0, 4, 3, 2, 6]
path:[0, 1, 2, 3, 4, 10]
path:[0, 1, 2, 4, 10]
path:[0, 1, 3, 2, 4, 10]
path:[0, 1, 3, 4, 10]
path:[0, 1, 4, 10]
path:[0, 1, 2, 3]
path:[0, 1, 2, 4, 3]
path:[0, 1, 3]
path:[0, 1, 4, 2, 3]
path:[0, 1, 4, 3]
path:[1, 0, 2]
path:[1, 0, 3, 2]
path:[1, 0, 3, 4, 2]
path:[1, 0, 4, 2]
path:[1, 0, 4, 3, 2]
path:[1, 0, 2, 5]
path:[1, 0, 3, 2, 5]
path:[1, 0, 3, 4, 2, 5]
path:[1, 0, 4, 2, 5]
path:[1, 0, 4, 3, 2, 5]
path:[0, 1, 2, 3, 4]
path:[0, 1, 2, 4]
path:[0, 1, 3, 2, 4]
path:[0, 1, 3, 4]
path:[0, 1, 4]
path:[1, 0, 2, 3, 4, 10]
path:[1, 0, 2, 4, 10]
path:[1, 0, 3, 2, 4, 10]
path:[1, 0, 3, 4, 10]
path:[1, 0, 4, 10]
path:[1, 0, 1]
path:[1, 0, 2, 1]
path:[1, 0, 2, 3, 1]
path:[1, 0, 2, 3, 4, 1]
path:[1, 0, 2, 4, 1]
path:[0, 1, 0]
path:[0, 1, 2, 0]
path:[0, 1, 2, 3, 0]
path:[0, 1, 2, 3, 4, 0]
path:[0, 1, 2, 4, 0]
path:[1, 0, 2, 3, 4]
path:[1, 0, 2, 4]
path:[1, 0, 3, 2, 4]
path:[1, 0, 3, 4]
path:[1, 0, 4]
path:[0, 1, 2, 5]
path:[0, 1, 3, 2, 5]
path:[0, 1, 3, 4, 2, 5]
path:[0, 1, 4, 2, 5]
path:[0, 1, 4, 3, 2, 5]
path:[1, 0, 2, 3, 4, 9]
path:[1, 0, 2, 4, 9]
path:[1, 0, 3, 2, 4, 9]
path:[1, 0, 3, 4, 9]
path:[1, 0, 4, 9]
path:[1, 0]
path:[1, 2, 0]
path:[1, 2, 3, 0]
path:[1, 2, 3, 4, 0]
path:[1, 2, 4, 0]
path:[0, 1, 2, 3, 8]
path:[0, 1, 2, 4, 3, 8]
path:[0, 1, 3, 8]
path:[0, 1, 4, 2, 3, 8]
path:[0, 1, 4, 3, 8]
path:[0, 1]
path:[0, 2, 1]
path:[0, 2, 3, 1]
path:[0, 2, 3, 4, 1]
path:[0, 2, 4, 1]
path:[0, 1, 2, 6]
path:[0, 1, 3, 2, 6]
path:[0, 1, 3, 4, 2, 6]
path:[0, 1, 4, 2, 6]
path:[0, 1, 4, 3, 2, 6]
path:[1, 0, 2, 3, 8]
path:[1, 0, 2, 4, 3, 8]
path:[1, 0, 3, 8]
path:[1, 0, 4, 2, 3, 8]
path:[1, 0, 4, 3, 8]
path:[1, 0, 2, 3, 7]
path:[1, 0, 2, 4, 3, 7]
path:[1, 0, 3, 7]
path:[1, 0, 4, 2, 3, 7]
path:[1, 0, 4, 3, 7]
path:[0, 1, 2, 3, 4, 9]
path:[0, 1, 2, 4, 9]
path:[0, 1, 3, 2, 4, 9]
path:[0, 1, 3, 4, 9]
path:[0, 1, 4, 9]
path:[0, 1, 2]
path:[0, 1, 3, 2]
path:[0, 1, 3, 4, 2]
path:[0, 1, 4, 2]
path:[0, 1, 4, 3, 2]
network id: 0, i, 1, e, 3
network id: 0, i, 0, e, 7
network id: 0, i, 1, e, 6
network id: 0, i, 0, e, 10
network id: 0, i, 0, e, 3
network id: 0, i, 1, e, 2
network id: 0, i, 1, e, 5
network id: 0, i, 0, e, 4
network id: 0, i, 1, e, 10
network id: 0, i, 1, e, 1
network id: 0, i, 0, e, 0
network id: 0, i, 1, e, 4
network id: 0, i, 0, e, 5
network id: 0, i, 1, e, 9
network id: 0, i, 1, e, 0
network id: 0, i, 0, e, 8
network id: 0, i, 0, e, 1
network id: 0, i, 0, e, 6
network id: 0, i, 1, e, 8
network id: 0, i, 1, e, 7
network id: 0, i, 0, e, 9
network id: 0, i, 0, e, 2
path:[1, 0, 2, 3]
path:[1, 0, 2, 4, 3]
path:[1, 0, 3]
path:[1, 0, 4, 2, 3]
path:[1, 0, 4, 3]
path:[0, 1, 2, 3, 7]
path:[0, 1, 2, 4, 3, 7]
path:[0, 1, 3, 7]
path:[0, 1, 4, 2, 3, 7]
path:[0, 1, 4, 3, 7]
path:[1, 0, 2, 6]
path:[1, 0, 3, 2, 6]
path:[1, 0, 3, 4, 2, 6]
path:[1, 0, 4, 2, 6]
path:[1, 0, 4, 3, 2, 6]
path:[0, 1, 2, 3, 4, 10]
path:[0, 1, 2, 4, 10]
path:[0, 1, 3, 2, 4, 10]
path:[0, 1, 3, 4, 10]
path:[0, 1, 4, 10]
path:[0, 1, 2, 3]
path:[0, 1, 2, 4, 3]
path:[0, 1, 3]
path:[0, 1, 4, 2, 3]
path:[0, 1, 4, 3]
path:[1, 0, 2]
path:[1, 0, 3, 2]
path:[1, 0, 3, 4, 2]
path:[1, 0, 4, 2]
path:[1, 0, 4, 3, 2]
path:[1, 0, 2, 5]
path:[1, 0, 3, 2, 5]
path:[1, 0, 3, 4, 2, 5]
path:[1, 0, 4, 2, 5]
path:[1, 0, 4, 3, 2, 5]
path:[0, 1, 2, 3, 4]
path:[0, 1, 2, 4]
path:[0, 1, 3, 2, 4]
path:[0, 1, 3, 4]
path:[0, 1, 4]
path:[1, 0, 2, 3, 4, 10]
path:[1, 0, 2, 4, 10]
path:[1, 0, 3, 2, 4, 10]
path:[1, 0, 3, 4, 10]
path:[1, 0, 4, 10]
path:[1, 0, 1]
path:[1, 0, 2, 1]
path:[1, 0, 2, 3, 1]
path:[1, 0, 2, 3, 4, 1]
path:[1, 0, 2, 4, 1]
path:[0, 1, 0]
path:[0, 1, 2, 0]
path:[0, 1, 2, 3, 0]
path:[0, 1, 2, 3, 4, 0]
path:[0, 1, 2, 4, 0]
path:[1, 0, 2, 3, 4]
path:[1, 0, 2, 4]
path:[1, 0, 3, 2, 4]
path:[1, 0, 3, 4]
path:[1, 0, 4]
path:[0, 1, 2, 5]
path:[0, 1, 3, 2, 5]
path:[0, 1, 3, 4, 2, 5]
path:[0, 1, 4, 2, 5]
path:[0, 1, 4, 3, 2, 5]
path:[1, 0, 2, 3, 4, 9]
path:[1, 0, 2, 4, 9]
path:[1, 0, 3, 2, 4, 9]
path:[1, 0, 3, 4, 9]
path:[1, 0, 4, 9]
path:[1, 0]
path:[1, 2, 0]
path:[1, 2, 3, 0]
path:[1, 2, 3, 4, 0]
path:[1, 2, 4, 0]
path:[0, 1, 2, 3, 8]
path:[0, 1, 2, 4, 3, 8]
path:[0, 1, 3, 8]
path:[0, 1, 4, 2, 3, 8]
path:[0, 1, 4, 3, 8]
path:[0, 1]
path:[0, 2, 1]
path:[0, 2, 3, 1]
path:[0, 2, 3, 4, 1]
path:[0, 2, 4, 1]
path:[0, 1, 2, 6]
path:[0, 1, 3, 2, 6]
path:[0, 1, 3, 4, 2, 6]
path:[0, 1, 4, 2, 6]
path:[0, 1, 4, 3, 2, 6]
path:[1, 0, 2, 3, 8]
path:[1, 0, 2, 4, 3, 8]
path:[1, 0, 3, 8]
path:[1, 0, 4, 2, 3, 8]
path:[1, 0, 4, 3, 8]
path:[1, 0, 2, 3, 7]
path:[1, 0, 2, 4, 3, 7]
path:[1, 0, 3, 7]
path:[1, 0, 4, 2, 3, 7]
path:[1, 0, 4, 3, 7]
path:[0, 1, 2, 3, 4, 9]
path:[0, 1, 2, 4, 9]
path:[0, 1, 3, 2, 4, 9]
path:[0, 1, 3, 4, 9]
path:[0, 1, 4, 9]
path:[0, 1, 2]
path:[0, 1, 3, 2]
path:[0, 1, 3, 4, 2]
path:[0, 1, 4, 2]
path:[0, 1, 4, 3, 2]
network id: 1, i, 1, e, 3
network id: 1, i, 0, e, 7
network id: 1, i, 1, e, 6
network id: 1, i, 0, e, 10
network id: 1, i, 0, e, 3
network id: 1, i, 1, e, 2
network id: 1, i, 1, e, 5
network id: 1, i, 0, e, 4
network id: 1, i, 1, e, 10
network id: 1, i, 1, e, 1
network id: 1, i, 0, e, 0
network id: 1, i, 1, e, 4
network id: 1, i, 0, e, 5
network id: 1, i, 1, e, 9
network id: 1, i, 1, e, 0
network id: 1, i, 0, e, 8
network id: 1, i, 0, e, 1
network id: 1, i, 0, e, 6
network id: 1, i, 1, e, 8
network id: 1, i, 1, e, 7
network id: 1, i, 0, e, 9
network id: 1, i, 0, e, 2
path:[1, 0, 2, 3]
path:[1, 0, 2, 4, 3]
path:[1, 0, 3]
path:[1, 0, 4, 2, 3]
path:[1, 0, 4, 3]
path:[0, 1, 2, 3, 7]
path:[0, 1, 2, 4, 3, 7]
path:[0, 1, 3, 7]
path:[0, 1, 4, 2, 3, 7]
path:[0, 1, 4, 3, 7]
path:[1, 0, 2, 6]
path:[1, 0, 3, 2, 6]
path:[1, 0, 3, 4, 2, 6]
path:[1, 0, 4, 2, 6]
path:[1, 0, 4, 3, 2, 6]
path:[0, 1, 2, 3, 4, 10]
path:[0, 1, 2, 4, 10]
path:[0, 1, 3, 2, 4, 10]
path:[0, 1, 3, 4, 10]
path:[0, 1, 4, 10]
path:[0, 1, 2, 3]
path:[0, 1, 2, 4, 3]
path:[0, 1, 3]
path:[0, 1, 4, 2, 3]
path:[0, 1, 4, 3]
path:[1, 0, 2]
path:[1, 0, 3, 2]
path:[1, 0, 3, 4, 2]
path:[1, 0, 4, 2]
path:[1, 0, 4, 3, 2]
path:[1, 0, 2, 5]
path:[1, 0, 3, 2, 5]
path:[1, 0, 3, 4, 2, 5]
path:[1, 0, 4, 2, 5]
path:[1, 0, 4, 3, 2, 5]
path:[0, 1, 2, 3, 4]
path:[0, 1, 2, 4]
path:[0, 1, 3, 2, 4]
path:[0, 1, 3, 4]
path:[0, 1, 4]
path:[1, 0, 2, 3, 4, 10]
path:[1, 0, 2, 4, 10]
path:[1, 0, 3, 2, 4, 10]
path:[1, 0, 3, 4, 10]
path:[1, 0, 4, 10]
path:[1, 0, 1]
path:[1, 0, 2, 1]
path:[1, 0, 2, 3, 1]
path:[1, 0, 2, 3, 4, 1]
path:[1, 0, 2, 4, 1]
path:[0, 1, 0]
path:[0, 1, 2, 0]
path:[0, 1, 2, 3, 0]
path:[0, 1, 2, 3, 4, 0]
path:[0, 1, 2, 4, 0]
path:[1, 0, 2, 3, 4]
path:[1, 0, 2, 4]
path:[1, 0, 3, 2, 4]
path:[1, 0, 3, 4]
path:[1, 0, 4]
path:[0, 1, 2, 5]
path:[0, 1, 3, 2, 5]
path:[0, 1, 3, 4, 2, 5]
path:[0, 1, 4, 2, 5]
path:[0, 1, 4, 3, 2, 5]
path:[1, 0, 2, 3, 4, 9]
path:[1, 0, 2, 4, 9]
path:[1, 0, 3, 2, 4, 9]
path:[1, 0, 3, 4, 9]
path:[1, 0, 4, 9]
path:[1, 0]
path:[1, 2, 0]
path:[1, 2, 3, 0]
path:[1, 2, 3, 4, 0]
path:[1, 2, 4, 0]
path:[0, 1, 2, 3, 8]
path:[0, 1, 2, 4, 3, 8]
path:[0, 1, 3, 8]
path:[0, 1, 4, 2, 3, 8]
path:[0, 1, 4, 3, 8]
path:[0, 1]
path:[0, 2, 1]
path:[0, 2, 3, 1]
path:[0, 2, 3, 4, 1]
path:[0, 2, 4, 1]
path:[0, 1, 2, 6]
path:[0, 1, 3, 2, 6]
path:[0, 1, 3, 4, 2, 6]
path:[0, 1, 4, 2, 6]
path:[0, 1, 4, 3, 2, 6]
path:[1, 0, 2, 3, 8]
path:[1, 0, 2, 4, 3, 8]
path:[1, 0, 3, 8]
path:[1, 0, 4, 2, 3, 8]
path:[1, 0, 4, 3, 8]
path:[1, 0, 2, 3, 7]
path:[1, 0, 2, 4, 3, 7]
path:[1, 0, 3, 7]
path:[1, 0, 4, 2, 3, 7]
path:[1, 0, 4, 3, 7]
path:[0, 1, 2, 3, 4, 9]
path:[0, 1, 2, 4, 9]
path:[0, 1, 3, 2, 4, 9]
path:[0, 1, 3, 4, 9]
path:[0, 1, 4, 9]
path:[0, 1, 2]
path:[0, 1, 3, 2]
path:[0, 1, 3, 4, 2]
path:[0, 1, 4, 2]
path:[0, 1, 4, 3, 2]
network id: 2, i, 1, e, 3
network id: 2, i, 0, e, 7
network id: 2, i, 1, e, 6
network id: 2, i, 0, e, 10
network id: 2, i, 0, e, 3
network id: 2, i, 1, e, 2
network id: 2, i, 1, e, 5
network id: 2, i, 0, e, 4
network id: 2, i, 1, e, 10
network id: 2, i, 1, e, 1
network id: 2, i, 0, e, 0
network id: 2, i, 1, e, 4
network id: 2, i, 0, e, 5
network id: 2, i, 1, e, 9
network id: 2, i, 1, e, 0
network id: 2, i, 0, e, 8
network id: 2, i, 0, e, 1
network id: 2, i, 0, e, 6
network id: 2, i, 1, e, 8
network id: 2, i, 1, e, 7
network id: 2, i, 0, e, 9
network id: 2, i, 0, e, 2
path:[1, 0, 2, 3]
path:[1, 0, 2, 4, 3]
path:[1, 0, 3]
path:[1, 0, 4, 2, 3]
path:[1, 0, 4, 3]
path:[0, 1, 2, 3, 7]
path:[0, 1, 2, 4, 3, 7]
path:[0, 1, 3, 7]
path:[0, 1, 4, 2, 3, 7]
path:[0, 1, 4, 3, 7]
path:[1, 0, 2, 6]
path:[1, 0, 3, 2, 6]
path:[1, 0, 3, 4, 2, 6]
path:[1, 0, 4, 2, 6]
path:[1, 0, 4, 3, 2, 6]
path:[0, 1, 2, 3, 4, 10]
path:[0, 1, 2, 4, 10]
path:[0, 1, 3, 2, 4, 10]
path:[0, 1, 3, 4, 10]
path:[0, 1, 4, 10]
path:[0, 1, 2, 3]
path:[0, 1, 2, 4, 3]
path:[0, 1, 3]
path:[0, 1, 4, 2, 3]
path:[0, 1, 4, 3]
path:[1, 0, 2]
path:[1, 0, 3, 2]
path:[1, 0, 3, 4, 2]
path:[1, 0, 4, 2]
path:[1, 0, 4, 3, 2]
path:[1, 0, 2, 5]
path:[1, 0, 3, 2, 5]
path:[1, 0, 3, 4, 2, 5]
path:[1, 0, 4, 2, 5]
path:[1, 0, 4, 3, 2, 5]
path:[0, 1, 2, 3, 4]
path:[0, 1, 2, 4]
path:[0, 1, 3, 2, 4]
path:[0, 1, 3, 4]
path:[0, 1, 4]
path:[1, 0, 2, 3, 4, 10]
path:[1, 0, 2, 4, 10]
path:[1, 0, 3, 2, 4, 10]
path:[1, 0, 3, 4, 10]
path:[1, 0, 4, 10]
path:[1, 0, 1]
path:[1, 0, 2, 1]
path:[1, 0, 2, 3, 1]
path:[1, 0, 2, 3, 4, 1]
path:[1, 0, 2, 4, 1]
path:[0, 1, 0]
path:[0, 1, 2, 0]
path:[0, 1, 2, 3, 0]
path:[0, 1, 2, 3, 4, 0]
path:[0, 1, 2, 4, 0]
path:[1, 0, 2, 3, 4]
path:[1, 0, 2, 4]
path:[1, 0, 3, 2, 4]
path:[1, 0, 3, 4]
path:[1, 0, 4]
path:[0, 1, 2, 5]
path:[0, 1, 3, 2, 5]
path:[0, 1, 3, 4, 2, 5]
path:[0, 1, 4, 2, 5]
path:[0, 1, 4, 3, 2, 5]
path:[1, 0, 2, 3, 4, 9]
path:[1, 0, 2, 4, 9]
path:[1, 0, 3, 2, 4, 9]
path:[1, 0, 3, 4, 9]
path:[1, 0, 4, 9]
path:[1, 0]
path:[1, 2, 0]
path:[1, 2, 3, 0]
path:[1, 2, 3, 4, 0]
path:[1, 2, 4, 0]
path:[0, 1, 2, 3, 8]
path:[0, 1, 2, 4, 3, 8]
path:[0, 1, 3, 8]
path:[0, 1, 4, 2, 3, 8]
path:[0, 1, 4, 3, 8]
path:[0, 1]
path:[0, 2, 1]
path:[0, 2, 3, 1]
path:[0, 2, 3, 4, 1]
path:[0, 2, 4, 1]
path:[0, 1, 2, 6]
path:[0, 1, 3, 2, 6]
path:[0, 1, 3, 4, 2, 6]
path:[0, 1, 4, 2, 6]
path:[0, 1, 4, 3, 2, 6]
path:[1, 0, 2, 3, 8]
path:[1, 0, 2, 4, 3, 8]
path:[1, 0, 3, 8]
path:[1, 0, 4, 2, 3, 8]
path:[1, 0, 4, 3, 8]
path:[1, 0, 2, 3, 7]
path:[1, 0, 2, 4, 3, 7]
path:[1, 0, 3, 7]
path:[1, 0, 4, 2, 3, 7]
path:[1, 0, 4, 3, 7]
path:[0, 1, 2, 3, 4, 9]
path:[0, 1, 2, 4, 9]
path:[0, 1, 3, 2, 4, 9]
path:[0, 1, 3, 4, 9]
path:[0, 1, 4, 9]
path:[0, 1, 2]
path:[0, 1, 3, 2]
path:[0, 1, 3, 4, 2]
path:[0, 1, 4, 2]
path:[0, 1, 4, 3, 2]
network id: 3, i, 1, e, 3
network id: 3, i, 0, e, 7
network id: 3, i, 1, e, 6
network id: 3, i, 0, e, 10
network id: 3, i, 0, e, 3
network id: 3, i, 1, e, 2
network id: 3, i, 1, e, 5
network id: 3, i, 0, e, 4
network id: 3, i, 1, e, 10
network id: 3, i, 1, e, 1
network id: 3, i, 0, e, 0
network id: 3, i, 1, e, 4
network id: 3, i, 0, e, 5
network id: 3, i, 1, e, 9
network id: 3, i, 1, e, 0
network id: 3, i, 0, e, 8
network id: 3, i, 0, e, 1
network id: 3, i, 0, e, 6
network id: 3, i, 1, e, 8
network id: 3, i, 1, e, 7
network id: 3, i, 0, e, 9
network id: 3, i, 0, e, 2
path:[1, 0, 2, 3]
path:[1, 0, 2, 4, 3]
path:[1, 0, 3]
path:[1, 0, 4, 2, 3]
path:[1, 0, 4, 3]
path:[0, 1, 2, 3, 7]
path:[0, 1, 2, 4, 3, 7]
path:[0, 1, 3, 7]
path:[0, 1, 4, 2, 3, 7]
path:[0, 1, 4, 3, 7]
path:[1, 0, 2, 6]
path:[1, 0, 3, 2, 6]
path:[1, 0, 3, 4, 2, 6]
path:[1, 0, 4, 2, 6]
path:[1, 0, 4, 3, 2, 6]
path:[0, 1, 2, 3, 4, 10]
path:[0, 1, 2, 4, 10]
path:[0, 1, 3, 2, 4, 10]
path:[0, 1, 3, 4, 10]
path:[0, 1, 4, 10]
path:[0, 1, 2, 3]
path:[0, 1, 2, 4, 3]
path:[0, 1, 3]
path:[0, 1, 4, 2, 3]
path:[0, 1, 4, 3]
path:[1, 0, 2]
path:[1, 0, 3, 2]
path:[1, 0, 3, 4, 2]
path:[1, 0, 4, 2]
path:[1, 0, 4, 3, 2]
path:[1, 0, 2, 5]
path:[1, 0, 3, 2, 5]
path:[1, 0, 3, 4, 2, 5]
path:[1, 0, 4, 2, 5]
path:[1, 0, 4, 3, 2, 5]
path:[0, 1, 2, 3, 4]
path:[0, 1, 2, 4]
path:[0, 1, 3, 2, 4]
path:[0, 1, 3, 4]
path:[0, 1, 4]
path:[1, 0, 2, 3, 4, 10]
path:[1, 0, 2, 4, 10]
path:[1, 0, 3, 2, 4, 10]
path:[1, 0, 3, 4, 10]
path:[1, 0, 4, 10]
path:[1, 0, 1]
path:[1, 0, 2, 1]
path:[1, 0, 2, 3, 1]
path:[1, 0, 2, 3, 4, 1]
path:[1, 0, 2, 4, 1]
path:[0, 1, 0]
path:[0, 1, 2, 0]
path:[0, 1, 2, 3, 0]
path:[0, 1, 2, 3, 4, 0]
path:[0, 1, 2, 4, 0]
path:[1, 0, 2, 3, 4]
path:[1, 0, 2, 4]
path:[1, 0, 3, 2, 4]
path:[1, 0, 3, 4]
path:[1, 0, 4]
path:[0, 1, 2, 5]
path:[0, 1, 3, 2, 5]
path:[0, 1, 3, 4, 2, 5]
path:[0, 1, 4, 2, 5]
path:[0, 1, 4, 3, 2, 5]
path:[1, 0, 2, 3, 4, 9]
path:[1, 0, 2, 4, 9]
path:[1, 0, 3, 2, 4, 9]
path:[1, 0, 3, 4, 9]
path:[1, 0, 4, 9]
path:[1, 0]
path:[1, 2, 0]
path:[1, 2, 3, 0]
path:[1, 2, 3, 4, 0]
path:[1, 2, 4, 0]
path:[0, 1, 2, 3, 8]
path:[0, 1, 2, 4, 3, 8]
path:[0, 1, 3, 8]
path:[0, 1, 4, 2, 3, 8]
path:[0, 1, 4, 3, 8]
path:[0, 1]
path:[0, 2, 1]
path:[0, 2, 3, 1]
path:[0, 2, 3, 4, 1]
path:[0, 2, 4, 1]
path:[0, 1, 2, 6]
path:[0, 1, 3, 2, 6]
path:[0, 1, 3, 4, 2, 6]
path:[0, 1, 4, 2, 6]
path:[0, 1, 4, 3, 2, 6]
path:[1, 0, 2, 3, 8]
path:[1, 0, 2, 4, 3, 8]
path:[1, 0, 3, 8]
path:[1, 0, 4, 2, 3, 8]
path:[1, 0, 4, 3, 8]
path:[1, 0, 2, 3, 7]
path:[1, 0, 2, 4, 3, 7]
path:[1, 0, 3, 7]
path:[1, 0, 4, 2, 3, 7]
path:[1, 0, 4, 3, 7]
path:[0, 1, 2, 3, 4, 9]
path:[0, 1, 2, 4, 9]
path:[0, 1, 3, 2, 4, 9]
path:[0, 1, 3, 4, 9]
path:[0, 1, 4, 9]
path:[0, 1, 2]
path:[0, 1, 3, 2]
path:[0, 1, 3, 4, 2]
path:[0, 1, 4, 2]
path:[0, 1, 4, 3, 2]
network id: 4, i, 1, e, 3
network id: 4, i, 0, e, 7
network id: 4, i, 1, e, 6
network id: 4, i, 0, e, 10
network id: 4, i, 0, e, 3
network id: 4, i, 1, e, 2
network id: 4, i, 1, e, 5
network id: 4, i, 0, e, 4
network id: 4, i, 1, e, 10
network id: 4, i, 1, e, 1
network id: 4, i, 0, e, 0
network id: 4, i, 1, e, 4
network id: 4, i, 0, e, 5
network id: 4, i, 1, e, 9
network id: 4, i, 1, e, 0
network id: 4, i, 0, e, 8
network id: 4, i, 0, e, 1
network id: 4, i, 0, e, 6
network id: 4, i, 1, e, 8
network id: 4, i, 1, e, 7
network id: 4, i, 0, e, 9
network id: 4, i, 0, e, 2
path:[1, 0, 2, 3]
path:[1, 0, 2, 4, 3]
path:[1, 0, 3]
path:[1, 0, 4, 2, 3]
path:[1, 0, 4, 3]
path:[0, 1, 2, 3, 7]
path:[0, 1, 2, 4, 3, 7]
path:[0, 1, 3, 7]
path:[0, 1, 4, 2, 3, 7]
path:[0, 1, 4, 3, 7]
path:[1, 0, 2, 6]
path:[1, 0, 3, 2, 6]
path:[1, 0, 3, 4, 2, 6]
path:[1, 0, 4, 2, 6]
path:[1, 0, 4, 3, 2, 6]
path:[0, 1, 2, 3, 4, 10]
path:[0, 1, 2, 4, 10]
path:[0, 1, 3, 2, 4, 10]
path:[0, 1, 3, 4, 10]
path:[0, 1, 4, 10]
path:[0, 1, 2, 3]
path:[0, 1, 2, 4, 3]
path:[0, 1, 3]
path:[0, 1, 4, 2, 3]
path:[0, 1, 4, 3]
path:[1, 0, 2]
path:[1, 0, 3, 2]
path:[1, 0, 3, 4, 2]
path:[1, 0, 4, 2]
path:[1, 0, 4, 3, 2]
path:[1, 0, 2, 5]
path:[1, 0, 3, 2, 5]
path:[1, 0, 3, 4, 2, 5]
path:[1, 0, 4, 2, 5]
path:[1, 0, 4, 3, 2, 5]
path:[0, 1, 2, 3, 4]
path:[0, 1, 2, 4]
path:[0, 1, 3, 2, 4]
path:[0, 1, 3, 4]
path:[0, 1, 4]
path:[1, 0, 2, 3, 4, 10]
path:[1, 0, 2, 4, 10]
path:[1, 0, 3, 2, 4, 10]
path:[1, 0, 3, 4, 10]
path:[1, 0, 4, 10]
path:[1, 0, 1]
path:[1, 0, 2, 1]
path:[1, 0, 2, 3, 1]
path:[1, 0, 2, 3, 4, 1]
path:[1, 0, 2, 4, 1]
path:[0, 1, 0]
path:[0, 1, 2, 0]
path:[0, 1, 2, 3, 0]
path:[0, 1, 2, 3, 4, 0]
path:[0, 1, 2, 4, 0]
path:[1, 0, 2, 3, 4]
path:[1, 0, 2, 4]
path:[1, 0, 3, 2, 4]
path:[1, 0, 3, 4]
path:[1, 0, 4]
path:[0, 1, 2, 5]
path:[0, 1, 3, 2, 5]
path:[0, 1, 3, 4, 2, 5]
path:[0, 1, 4, 2, 5]
path:[0, 1, 4, 3, 2, 5]
path:[1, 0, 2, 3, 4, 9]
path:[1, 0, 2, 4, 9]
path:[1, 0, 3, 2, 4, 9]
path:[1, 0, 3, 4, 9]
path:[1, 0, 4, 9]
path:[1, 0]
path:[1, 2, 0]
path:[1, 2, 3, 0]
path:[1, 2, 3, 4, 0]
path:[1, 2, 4, 0]
path:[0, 1, 2, 3, 8]
path:[0, 1, 2, 4, 3, 8]
path:[0, 1, 3, 8]
path:[0, 1, 4, 2, 3, 8]
path:[0, 1, 4, 3, 8]
path:[0, 1]
path:[0, 2, 1]
path:[0, 2, 3, 1]
path:[0, 2, 3, 4, 1]
path:[0, 2, 4, 1]
path:[0, 1, 2, 6]
path:[0, 1, 3, 2, 6]
path:[0, 1, 3, 4, 2, 6]
path:[0, 1, 4, 2, 6]
path:[0, 1, 4, 3, 2, 6]
path:[1, 0, 2, 3, 8]
path:[1, 0, 2, 4, 3, 8]
path:[1, 0, 3, 8]
path:[1, 0, 4, 2, 3, 8]
path:[1, 0, 4, 3, 8]
path:[1, 0, 2, 3, 7]
path:[1, 0, 2, 4, 3, 7]
path:[1, 0, 3, 7]
path:[1, 0, 4, 2, 3, 7]
path:[1, 0, 4, 3, 7]
path:[0, 1, 2, 3, 4, 9]
path:[0, 1, 2, 4, 9]
path:[0, 1, 3, 2, 4, 9]
path:[0, 1, 3, 4, 9]
path:[0, 1, 4, 9]
path:[0, 1, 2]
path:[0, 1, 3, 2]
path:[0, 1, 3, 4, 2]
path:[0, 1, 4, 2]
path:[0, 1, 4, 3, 2]
network id: 5, i, 1, e, 3
network id: 5, i, 0, e, 7
network id: 5, i, 1, e, 6
network id: 5, i, 0, e, 10
network id: 5, i, 0, e, 3
network id: 5, i, 1, e, 2
network id: 5, i, 1, e, 5
network id: 5, i, 0, e, 4
network id: 5, i, 1, e, 10
network id: 5, i, 1, e, 1
network id: 5, i, 0, e, 0
network id: 5, i, 1, e, 4
network id: 5, i, 0, e, 5
network id: 5, i, 1, e, 9
network id: 5, i, 1, e, 0
network id: 5, i, 0, e, 8
network id: 5, i, 0, e, 1
network id: 5, i, 0, e, 6
network id: 5, i, 1, e, 8
network id: 5, i, 1, e, 7
network id: 5, i, 0, e, 9
network id: 5, i, 0, e, 2
path:[1, 0, 2, 3]
path:[1, 0, 2, 4, 3]
path:[1, 0, 3]
path:[1, 0, 4, 2, 3]
path:[1, 0, 4, 3]
path:[0, 1, 2, 3, 7]
path:[0, 1, 2, 4, 3, 7]
path:[0, 1, 3, 7]
path:[0, 1, 4, 2, 3, 7]
path:[0, 1, 4, 3, 7]
path:[1, 0, 2, 6]
path:[1, 0, 3, 2, 6]
path:[1, 0, 3, 4, 2, 6]
path:[1, 0, 4, 2, 6]
path:[1, 0, 4, 3, 2, 6]
path:[0, 1, 2, 3, 4, 10]
path:[0, 1, 2, 4, 10]
path:[0, 1, 3, 2, 4, 10]
path:[0, 1, 3, 4, 10]
path:[0, 1, 4, 10]
path:[0, 1, 2, 3]
path:[0, 1, 2, 4, 3]
path:[0, 1, 3]
path:[0, 1, 4, 2, 3]
path:[0, 1, 4, 3]
path:[1, 0, 2]
path:[1, 0, 3, 2]
path:[1, 0, 3, 4, 2]
path:[1, 0, 4, 2]
path:[1, 0, 4, 3, 2]
path:[1, 0, 2, 5]
path:[1, 0, 3, 2, 5]
path:[1, 0, 3, 4, 2, 5]
path:[1, 0, 4, 2, 5]
path:[1, 0, 4, 3, 2, 5]
path:[0, 1, 2, 3, 4]
path:[0, 1, 2, 4]
path:[0, 1, 3, 2, 4]
path:[0, 1, 3, 4]
path:[0, 1, 4]
path:[1, 0, 2, 3, 4, 10]
path:[1, 0, 2, 4, 10]
path:[1, 0, 3, 2, 4, 10]
path:[1, 0, 3, 4, 10]
path:[1, 0, 4, 10]
path:[1, 0, 1]
path:[1, 0, 2, 1]
path:[1, 0, 2, 3, 1]
path:[1, 0, 2, 3, 4, 1]
path:[1, 0, 2, 4, 1]
path:[0, 1, 0]
path:[0, 1, 2, 0]
path:[0, 1, 2, 3, 0]
path:[0, 1, 2, 3, 4, 0]
path:[0, 1, 2, 4, 0]
path:[1, 0, 2, 3, 4]
path:[1, 0, 2, 4]
path:[1, 0, 3, 2, 4]
path:[1, 0, 3, 4]
path:[1, 0, 4]
path:[0, 1, 2, 5]
path:[0, 1, 3, 2, 5]
path:[0, 1, 3, 4, 2, 5]
path:[0, 1, 4, 2, 5]
path:[0, 1, 4, 3, 2, 5]
path:[1, 0, 2, 3, 4, 9]
path:[1, 0, 2, 4, 9]
path:[1, 0, 3, 2, 4, 9]
path:[1, 0, 3, 4, 9]
path:[1, 0, 4, 9]
path:[1, 0]
path:[1, 2, 0]
path:[1, 2, 3, 0]
path:[1, 2, 3, 4, 0]
path:[1, 2, 4, 0]
path:[0, 1, 2, 3, 8]
path:[0, 1, 2, 4, 3, 8]
path:[0, 1, 3, 8]
path:[0, 1, 4, 2, 3, 8]
path:[0, 1, 4, 3, 8]
path:[0, 1]
path:[0, 2, 1]
path:[0, 2, 3, 1]
path:[0, 2, 3, 4, 1]
path:[0, 2, 4, 1]
path:[0, 1, 2, 6]
path:[0, 1, 3, 2, 6]
path:[0, 1, 3, 4, 2, 6]
path:[0, 1, 4, 2, 6]
path:[0, 1, 4, 3, 2, 6]
path:[1, 0, 2, 3, 8]
path:[1, 0, 2, 4, 3, 8]
path:[1, 0, 3, 8]
path:[1, 0, 4, 2, 3, 8]
path:[1, 0, 4, 3, 8]
path:[1, 0, 2, 3, 7]
path:[1, 0, 2, 4, 3, 7]
path:[1, 0, 3, 7]
path:[1, 0, 4, 2, 3, 7]
path:[1, 0, 4, 3, 7]
path:[0, 1, 2, 3, 4, 9]
path:[0, 1, 2, 4, 9]
path:[0, 1, 3, 2, 4, 9]
path:[0, 1, 3, 4, 9]
path:[0, 1, 4, 9]
path:[0, 1, 2]
path:[0, 1, 3, 2]
path:[0, 1, 3, 4, 2]
path:[0, 1, 4, 2]
path:[0, 1, 4, 3, 2]
network id: 6, i, 1, e, 3
network id: 6, i, 0, e, 7
network id: 6, i, 1, e, 6
network id: 6, i, 0, e, 10
network id: 6, i, 0, e, 3
network id: 6, i, 1, e, 2
network id: 6, i, 1, e, 5
network id: 6, i, 0, e, 4
network id: 6, i, 1, e, 10
network id: 6, i, 1, e, 1
network id: 6, i, 0, e, 0
network id: 6, i, 1, e, 4
network id: 6, i, 0, e, 5
network id: 6, i, 1, e, 9
network id: 6, i, 1, e, 0
network id: 6, i, 0, e, 8
network id: 6, i, 0, e, 1
network id: 6, i, 0, e, 6
network id: 6, i, 1, e, 8
network id: 6, i, 1, e, 7
network id: 6, i, 0, e, 9
network id: 6, i, 0, e, 2
path:[1, 0, 2, 3]
path:[1, 0, 2, 4, 3]
path:[1, 0, 3]
path:[1, 0, 4, 2, 3]
path:[1, 0, 4, 3]
path:[0, 1, 2, 3, 7]
path:[0, 1, 2, 4, 3, 7]
path:[0, 1, 3, 7]
path:[0, 1, 4, 2, 3, 7]
path:[0, 1, 4, 3, 7]
path:[1, 0, 2, 6]
path:[1, 0, 3, 2, 6]
path:[1, 0, 3, 4, 2, 6]
path:[1, 0, 4, 2, 6]
path:[1, 0, 4, 3, 2, 6]
path:[0, 1, 2, 3, 4, 10]
path:[0, 1, 2, 4, 10]
path:[0, 1, 3, 2, 4, 10]
path:[0, 1, 3, 4, 10]
path:[0, 1, 4, 10]
path:[0, 1, 2, 3]
path:[0, 1, 2, 4, 3]
path:[0, 1, 3]
path:[0, 1, 4, 2, 3]
path:[0, 1, 4, 3]
path:[1, 0, 2]
path:[1, 0, 3, 2]
path:[1, 0, 3, 4, 2]
path:[1, 0, 4, 2]
path:[1, 0, 4, 3, 2]
path:[1, 0, 2, 5]
path:[1, 0, 3, 2, 5]
path:[1, 0, 3, 4, 2, 5]
path:[1, 0, 4, 2, 5]
path:[1, 0, 4, 3, 2, 5]
path:[0, 1, 2, 3, 4]
path:[0, 1, 2, 4]
path:[0, 1, 3, 2, 4]
path:[0, 1, 3, 4]
path:[0, 1, 4]
path:[1, 0, 2, 3, 4, 10]
path:[1, 0, 2, 4, 10]
path:[1, 0, 3, 2, 4, 10]
path:[1, 0, 3, 4, 10]
path:[1, 0, 4, 10]
path:[1, 0, 1]
path:[1, 0, 2, 1]
path:[1, 0, 2, 3, 1]
path:[1, 0, 2, 3, 4, 1]
path:[1, 0, 2, 4, 1]
path:[0, 1, 0]
path:[0, 1, 2, 0]
path:[0, 1, 2, 3, 0]
path:[0, 1, 2, 3, 4, 0]
path:[0, 1, 2, 4, 0]
path:[1, 0, 2, 3, 4]
path:[1, 0, 2, 4]
path:[1, 0, 3, 2, 4]
path:[1, 0, 3, 4]
path:[1, 0, 4]
path:[0, 1, 2, 5]
path:[0, 1, 3, 2, 5]
path:[0, 1, 3, 4, 2, 5]
path:[0, 1, 4, 2, 5]
path:[0, 1, 4, 3, 2, 5]
path:[1, 0, 2, 3, 4, 9]
path:[1, 0, 2, 4, 9]
path:[1, 0, 3, 2, 4, 9]
path:[1, 0, 3, 4, 9]
path:[1, 0, 4, 9]
path:[1, 0]
path:[1, 2, 0]
path:[1, 2, 3, 0]
path:[1, 2, 3, 4, 0]
path:[1, 2, 4, 0]
path:[0, 1, 2, 3, 8]
path:[0, 1, 2, 4, 3, 8]
path:[0, 1, 3, 8]
path:[0, 1, 4, 2, 3, 8]
path:[0, 1, 4, 3, 8]
path:[0, 1]
path:[0, 2, 1]
path:[0, 2, 3, 1]
path:[0, 2, 3, 4, 1]
path:[0, 2, 4, 1]
path:[0, 1, 2, 6]
path:[0, 1, 3, 2, 6]
path:[0, 1, 3, 4, 2, 6]
path:[0, 1, 4, 2, 6]
path:[0, 1, 4, 3, 2, 6]
path:[1, 0, 2, 3, 8]
path:[1, 0, 2, 4, 3, 8]
path:[1, 0, 3, 8]
path:[1, 0, 4, 2, 3, 8]
path:[1, 0, 4, 3, 8]
path:[1, 0, 2, 3, 7]
path:[1, 0, 2, 4, 3, 7]
path:[1, 0, 3, 7]
path:[1, 0, 4, 2, 3, 7]
path:[1, 0, 4, 3, 7]
path:[0, 1, 2, 3, 4, 9]
path:[0, 1, 2, 4, 9]
path:[0, 1, 3, 2, 4, 9]
path:[0, 1, 3, 4, 9]
path:[0, 1, 4, 9]
path:[0, 1, 2]
path:[0, 1, 3, 2]
path:[0, 1, 3, 4, 2]
path:[0, 1, 4, 2]
path:[0, 1, 4, 3, 2]
network id: 7, i, 1, e, 3
network id: 7, i, 0, e, 7
network id: 7, i, 1, e, 6
network id: 7, i, 0, e, 10
network id: 7, i, 0, e, 3
network id: 7, i, 1, e, 2
network id: 7, i, 1, e, 5
network id: 7, i, 0, e, 4
network id: 7, i, 1, e, 10
network id: 7, i, 1, e, 1
network id: 7, i, 0, e, 0
network id: 7, i, 1, e, 4
network id: 7, i, 0, e, 5
network id: 7, i, 1, e, 9
network id: 7, i, 1, e, 0
network id: 7, i, 0, e, 8
network id: 7, i, 0, e, 1
network id: 7, i, 0, e, 6
network id: 7, i, 1, e, 8
network id: 7, i, 1, e, 7
network id: 7, i, 0, e, 9
network id: 7, i, 0, e, 2
path:[1, 0, 2, 3]
path:[1, 0, 2, 4, 3]
path:[1, 0, 3]
path:[1, 0, 4, 2, 3]
path:[1, 0, 4, 3]
path:[0, 1, 2, 3, 7]
path:[0, 1, 2, 4, 3, 7]
path:[0, 1, 3, 7]
path:[0, 1, 4, 2, 3, 7]
path:[0, 1, 4, 3, 7]
path:[1, 0, 2, 6]
path:[1, 0, 3, 2, 6]
path:[1, 0, 3, 4, 2, 6]
path:[1, 0, 4, 2, 6]
path:[1, 0, 4, 3, 2, 6]
path:[0, 1, 2, 3, 4, 10]
path:[0, 1, 2, 4, 10]
path:[0, 1, 3, 2, 4, 10]
path:[0, 1, 3, 4, 10]
path:[0, 1, 4, 10]
path:[0, 1, 2, 3]
path:[0, 1, 2, 4, 3]
path:[0, 1, 3]
path:[0, 1, 4, 2, 3]
path:[0, 1, 4, 3]
path:[1, 0, 2]
path:[1, 0, 3, 2]
path:[1, 0, 3, 4, 2]
path:[1, 0, 4, 2]
path:[1, 0, 4, 3, 2]
path:[1, 0, 2, 5]
path:[1, 0, 3, 2, 5]
path:[1, 0, 3, 4, 2, 5]
path:[1, 0, 4, 2, 5]
path:[1, 0, 4, 3, 2, 5]
path:[0, 1, 2, 3, 4]
path:[0, 1, 2, 4]
path:[0, 1, 3, 2, 4]
path:[0, 1, 3, 4]
path:[0, 1, 4]
path:[1, 0, 2, 3, 4, 10]
path:[1, 0, 2, 4, 10]
path:[1, 0, 3, 2, 4, 10]
path:[1, 0, 3, 4, 10]
path:[1, 0, 4, 10]
path:[1, 0, 1]
path:[1, 0, 2, 1]
path:[1, 0, 2, 3, 1]
path:[1, 0, 2, 3, 4, 1]
path:[1, 0, 2, 4, 1]
path:[0, 1, 0]
path:[0, 1, 2, 0]
path:[0, 1, 2, 3, 0]
path:[0, 1, 2, 3, 4, 0]
path:[0, 1, 2, 4, 0]
path:[1, 0, 2, 3, 4]
path:[1, 0, 2, 4]
path:[1, 0, 3, 2, 4]
path:[1, 0, 3, 4]
path:[1, 0, 4]
path:[0, 1, 2, 5]
path:[0, 1, 3, 2, 5]
path:[0, 1, 3, 4, 2, 5]
path:[0, 1, 4, 2, 5]
path:[0, 1, 4, 3, 2, 5]
path:[1, 0, 2, 3, 4, 9]
path:[1, 0, 2, 4, 9]
path:[1, 0, 3, 2, 4, 9]
path:[1, 0, 3, 4, 9]
path:[1, 0, 4, 9]
path:[1, 0]
path:[1, 2, 0]
path:[1, 2, 3, 0]
path:[1, 2, 3, 4, 0]
path:[1, 2, 4, 0]
path:[0, 1, 2, 3, 8]
path:[0, 1, 2, 4, 3, 8]
path:[0, 1, 3, 8]
path:[0, 1, 4, 2, 3, 8]
path:[0, 1, 4, 3, 8]
path:[0, 1]
path:[0, 2, 1]
path:[0, 2, 3, 1]
path:[0, 2, 3, 4, 1]
path:[0, 2, 4, 1]
path:[0, 1, 2, 6]
path:[0, 1, 3, 2, 6]
path:[0, 1, 3, 4, 2, 6]
path:[0, 1, 4, 2, 6]
path:[0, 1, 4, 3, 2, 6]
path:[1, 0, 2, 3, 8]
path:[1, 0, 2, 4, 3, 8]
path:[1, 0, 3, 8]
path:[1, 0, 4, 2, 3, 8]
path:[1, 0, 4, 3, 8]
path:[1, 0, 2, 3, 7]
path:[1, 0, 2, 4, 3, 7]
path:[1, 0, 3, 7]
path:[1, 0, 4, 2, 3, 7]
path:[1, 0, 4, 3, 7]
path:[0, 1, 2, 3, 4, 9]
path:[0, 1, 2, 4, 9]
path:[0, 1, 3, 2, 4, 9]
path:[0, 1, 3, 4, 9]
path:[0, 1, 4, 9]
path:[0, 1, 2]
path:[0, 1, 3, 2]
path:[0, 1, 3, 4, 2]
path:[0, 1, 4, 2]
path:[0, 1, 4, 3, 2]
network id: 8, i, 1, e, 3
network id: 8, i, 0, e, 7
network id: 8, i, 1, e, 6
network id: 8, i, 0, e, 10
network id: 8, i, 0, e, 3
network id: 8, i, 1, e, 2
network id: 8, i, 1, e, 5
network id: 8, i, 0, e, 4
network id: 8, i, 1, e, 10
network id: 8, i, 1, e, 1
network id: 8, i, 0, e, 0
network id: 8, i, 1, e, 4
network id: 8, i, 0, e, 5
network id: 8, i, 1, e, 9
network id: 8, i, 1, e, 0
network id: 8, i, 0, e, 8
network id: 8, i, 0, e, 1
network id: 8, i, 0, e, 6
network id: 8, i, 1, e, 8
network id: 8, i, 1, e, 7
network id: 8, i, 0, e, 9
network id: 8, i, 0, e, 2
path:[1, 0, 2, 3]
path:[1, 0, 2, 4, 3]
path:[1, 0, 3]
path:[1, 0, 4, 2, 3]
path:[1, 0, 4, 3]
path:[0, 1, 2, 3, 7]
path:[0, 1, 2, 4, 3, 7]
path:[0, 1, 3, 7]
path:[0, 1, 4, 2, 3, 7]
path:[0, 1, 4, 3, 7]
path:[1, 0, 2, 6]
path:[1, 0, 3, 2, 6]
path:[1, 0, 3, 4, 2, 6]
path:[1, 0, 4, 2, 6]
path:[1, 0, 4, 3, 2, 6]
path:[0, 1, 2, 3, 4, 10]
path:[0, 1, 2, 4, 10]
path:[0, 1, 3, 2, 4, 10]
path:[0, 1, 3, 4, 10]
path:[0, 1, 4, 10]
path:[0, 1, 2, 3]
path:[0, 1, 2, 4, 3]
path:[0, 1, 3]
path:[0, 1, 4, 2, 3]
path:[0, 1, 4, 3]
path:[1, 0, 2]
path:[1, 0, 3, 2]
path:[1, 0, 3, 4, 2]
path:[1, 0, 4, 2]
path:[1, 0, 4, 3, 2]
path:[1, 0, 2, 5]
path:[1, 0, 3, 2, 5]
path:[1, 0, 3, 4, 2, 5]
path:[1, 0, 4, 2, 5]
path:[1, 0, 4, 3, 2, 5]
path:[0, 1, 2, 3, 4]
path:[0, 1, 2, 4]
path:[0, 1, 3, 2, 4]
path:[0, 1, 3, 4]
path:[0, 1, 4]
path:[1, 0, 2, 3, 4, 10]
path:[1, 0, 2, 4, 10]
path:[1, 0, 3, 2, 4, 10]
path:[1, 0, 3, 4, 10]
path:[1, 0, 4, 10]
path:[1, 0, 1]
path:[1, 0, 2, 1]
path:[1, 0, 2, 3, 1]
path:[1, 0, 2, 3, 4, 1]
path:[1, 0, 2, 4, 1]
path:[0, 1, 0]
path:[0, 1, 2, 0]
path:[0, 1, 2, 3, 0]
path:[0, 1, 2, 3, 4, 0]
path:[0, 1, 2, 4, 0]
path:[1, 0, 2, 3, 4]
path:[1, 0, 2, 4]
path:[1, 0, 3, 2, 4]
path:[1, 0, 3, 4]
path:[1, 0, 4]
path:[0, 1, 2, 5]
path:[0, 1, 3, 2, 5]
path:[0, 1, 3, 4, 2, 5]
path:[0, 1, 4, 2, 5]
path:[0, 1, 4, 3, 2, 5]
path:[1, 0, 2, 3, 4, 9]
path:[1, 0, 2, 4, 9]
path:[1, 0, 3, 2, 4, 9]
path:[1, 0, 3, 4, 9]
path:[1, 0, 4, 9]
path:[1, 0]
path:[1, 2, 0]
path:[1, 2, 3, 0]
path:[1, 2, 3, 4, 0]
path:[1, 2, 4, 0]
path:[0, 1, 2, 3, 8]
path:[0, 1, 2, 4, 3, 8]
path:[0, 1, 3, 8]
path:[0, 1, 4, 2, 3, 8]
path:[0, 1, 4, 3, 8]
path:[0, 1]
path:[0, 2, 1]
path:[0, 2, 3, 1]
path:[0, 2, 3, 4, 1]
path:[0, 2, 4, 1]
path:[0, 1, 2, 6]
path:[0, 1, 3, 2, 6]
path:[0, 1, 3, 4, 2, 6]
path:[0, 1, 4, 2, 6]
path:[0, 1, 4, 3, 2, 6]
path:[1, 0, 2, 3, 8]
path:[1, 0, 2, 4, 3, 8]
path:[1, 0, 3, 8]
path:[1, 0, 4, 2, 3, 8]
path:[1, 0, 4, 3, 8]
path:[1, 0, 2, 3, 7]
path:[1, 0, 2, 4, 3, 7]
path:[1, 0, 3, 7]
path:[1, 0, 4, 2, 3, 7]
path:[1, 0, 4, 3, 7]
path:[0, 1, 2, 3, 4, 9]
path:[0, 1, 2, 4, 9]
path:[0, 1, 3, 2, 4, 9]
path:[0, 1, 3, 4, 9]
path:[0, 1, 4, 9]
path:[0, 1, 2]
path:[0, 1, 3, 2]
path:[0, 1, 3, 4, 2]
path:[0, 1, 4, 2]
path:[0, 1, 4, 3, 2]
network id: 9, i, 1, e, 3
network id: 9, i, 0, e, 7
network id: 9, i, 1, e, 6
network id: 9, i, 0, e, 10
network id: 9, i, 0, e, 3
network id: 9, i, 1, e, 2
network id: 9, i, 1, e, 5
network id: 9, i, 0, e, 4
network id: 9, i, 1, e, 10
network id: 9, i, 1, e, 1
network id: 9, i, 0, e, 0
network id: 9, i, 1, e, 4
network id: 9, i, 0, e, 5
network id: 9, i, 1, e, 9
network id: 9, i, 1, e, 0
network id: 9, i, 0, e, 8
network id: 9, i, 0, e, 1
network id: 9, i, 0, e, 6
network id: 9, i, 1, e, 8
network id: 9, i, 1, e, 7
network id: 9, i, 0, e, 9
network id: 9, i, 0, e, 2
[600, 500, 600, 500, 500, 600, 600, 500, 600, 600, 500, 600, 500, 600, 600, 500, 500, 500, 600, 600, 500, 500, 600, 500, 600, 500, 500, 600, 600, 500, 600, 600, 500, 600, 500, 600, 600, 500, 500, 500, 600, 600, 500, 500, 600, 500, 600, 500, 500, 600, 600, 500, 600, 600, 500, 600, 500, 600, 600, 500, 500, 500, 600, 600, 500, 500, 600, 500, 600, 500, 500, 600, 600, 500, 600, 600, 500, 600, 500, 600, 600, 500, 500, 500, 600, 600, 500, 500, 600, 500, 600, 500, 500, 600, 600, 500, 600, 600, 500, 600, 500, 600, 600, 500, 500, 500, 600, 600, 500, 500, 600, 500, 600, 500, 500, 600, 600, 500, 600, 600, 500, 600, 500, 600, 600, 500, 500, 500, 600, 600, 500, 500, 600, 500, 600, 500, 500, 600, 600, 500, 600, 600, 500, 600, 500, 600, 600, 500, 500, 500, 600, 600, 500, 500, 600, 500, 600, 500, 500, 600, 600, 500, 600, 600, 500, 600, 500, 600, 600, 500, 500, 500, 600, 600, 500, 500, 600, 500, 600, 500, 500, 600, 600, 500, 600, 600, 500, 600, 500, 600, 600, 500, 500, 500, 600, 600, 500, 500, 600, 500, 600, 500, 500, 600, 600, 500, 600, 600, 500, 600, 500, 600, 600, 500, 500, 500, 600, 600, 500, 500]
[0.0049586776859504135, 0.004132231404958678, 0.0049586776859504135, 0.0049586776859504135, 0.004132231404958678, 0.004132231404958678, 0.004132231404958678, 0.004132231404958678, 0.004132231404958678, 0.0049586776859504135, 0.004132231404958678, 0.0049586776859504135, 0.0049586776859504135, 0.0049586776859504135, 0.004132231404958678, 0.0049586776859504135, 0.0049586776859504135, 0.004132231404958678, 0.0049586776859504135, 0.0049586776859504135, 0.004132231404958678, 0.004132231404958678, 0.0049586776859504135, 0.0049586776859504135, 0.0049586776859504135, 0.004132231404958678, 0.0049586776859504135, 0.0049586776859504135, 0.004132231404958678, 0.0049586776859504135, 0.0049586776859504135, 0.004132231404958678, 0.0049586776859504135, 0.0049586776859504135, 0.0049586776859504135, 0.0049586776859504135, 0.0049586776859504135, 0.0049586776859504135, 0.0049586776859504135, 0.004132231404958678, 0.0049586776859504135, 0.0049586776859504135, 0.004132231404958678, 0.0049586776859504135, 0.0049586776859504135, 0.0049586776859504135, 0.004132231404958678, 0.004132231404958678, 0.004132231404958678, 0.004132231404958678, 0.0049586776859504135, 0.004132231404958678, 0.0049586776859504135, 0.004132231404958678, 0.0049586776859504135, 0.004132231404958678, 0.004132231404958678, 0.0049586776859504135, 0.0049586776859504135, 0.004132231404958678, 0.0049586776859504135, 0.0049586776859504135, 0.0049586776859504135, 0.004132231404958678, 0.004132231404958678, 0.004132231404958678, 0.004132231404958678, 0.0049586776859504135, 0.004132231404958678, 0.004132231404958678, 0.004132231404958678, 0.004132231404958678, 0.004132231404958678, 0.004132231404958678, 0.004132231404958678, 0.0049586776859504135, 0.004132231404958678, 0.004132231404958678, 0.0049586776859504135, 0.004132231404958678, 0.004132231404958678, 0.004132231404958678, 0.0049586776859504135, 0.004132231404958678, 0.0049586776859504135, 0.004132231404958678, 0.0049586776859504135, 0.004132231404958678, 0.004132231404958678, 0.004132231404958678, 0.004132231404958678, 0.0049586776859504135, 0.004132231404958678, 0.0049586776859504135, 0.0049586776859504135, 0.004132231404958678, 0.0049586776859504135, 0.0049586776859504135, 0.004132231404958678, 0.0049586776859504135, 0.0049586776859504135, 0.004132231404958678, 0.0049586776859504135, 0.0049586776859504135, 0.0049586776859504135, 0.0049586776859504135, 0.0049586776859504135, 0.004132231404958678, 0.0049586776859504135, 0.004132231404958678, 0.004132231404958678, 0.0049586776859504135, 0.0049586776859504135, 0.004132231404958678, 0.004132231404958678, 0.0049586776859504135, 0.0049586776859504135, 0.0049586776859504135, 0.0049586776859504135, 0.0049586776859504135, 0.0049586776859504135, 0.004132231404958678, 0.0049586776859504135, 0.0049586776859504135, 0.004132231404958678, 0.0049586776859504135, 0.004132231404958678, 0.0049586776859504135, 0.0049586776859504135, 0.004132231404958678, 0.004132231404958678, 0.0049586776859504135, 0.004132231404958678, 0.004132231404958678, 0.0049586776859504135, 0.004132231404958678, 0.004132231404958678, 0.004132231404958678, 0.004132231404958678, 0.004132231404958678, 0.0049586776859504135, 0.0049586776859504135, 0.004132231404958678, 0.0049586776859504135, 0.0049586776859504135, 0.004132231404958678, 0.004132231404958678, 0.0049586776859504135, 0.004132231404958678, 0.0049586776859504135, 0.0049586776859504135, 0.004132231404958678, 0.0049586776859504135, 0.0049586776859504135, 0.004132231404958678, 0.004132231404958678, 0.004132231404958678, 0.0049586776859504135, 0.004132231404958678, 0.004132231404958678, 0.0049586776859504135, 0.004132231404958678, 0.0049586776859504135, 0.0049586776859504135, 0.004132231404958678, 0.0049586776859504135, 0.0049586776859504135, 0.0049586776859504135, 0.0049586776859504135, 0.0049586776859504135, 0.004132231404958678, 0.004132231404958678, 0.0049586776859504135, 0.004132231404958678, 0.004132231404958678, 0.0049586776859504135, 0.0049586776859504135, 0.004132231404958678, 0.0049586776859504135, 0.004132231404958678, 0.004132231404958678, 0.004132231404958678, 0.004132231404958678, 0.0049586776859504135, 0.004132231404958678, 0.004132231404958678, 0.0049586776859504135, 0.0049586776859504135, 0.0049586776859504135, 0.0049586776859504135, 0.004132231404958678, 0.0049586776859504135, 0.0049586776859504135, 0.004132231404958678, 0.004132231404958678, 0.0049586776859504135, 0.0049586776859504135, 0.004132231404958678, 0.0049586776859504135, 0.004132231404958678, 0.004132231404958678, 0.004132231404958678, 0.004132231404958678, 0.004132231404958678, 0.0049586776859504135, 0.004132231404958678, 0.004132231404958678, 0.004132231404958678, 0.004132231404958678, 0.004132231404958678, 0.004132231404958678, 0.0049586776859504135, 0.0049586776859504135, 0.004132231404958678, 0.0049586776859504135, 0.0049586776859504135, 0.004132231404958678, 0.004132231404958678, 0.004132231404958678, 0.0049586776859504135]
Traffic class 1 -> 3, a, ID=1
Traffic class 0 -> 7, a, ID=2
Traffic class 1 -> 6, a, ID=3
Traffic class 0 -> 10, a, ID=4
Traffic class 0 -> 3, a, ID=5
Traffic class 1 -> 2, a, ID=6
Traffic class 1 -> 5, a, ID=7
Traffic class 0 -> 4, a, ID=8
Traffic class 1 -> 10, a, ID=9
Traffic class 1 -> 1, a, ID=10
Traffic class 0 -> 0, a, ID=11
Traffic class 1 -> 4, a, ID=12
Traffic class 0 -> 5, a, ID=13
Traffic class 1 -> 9, a, ID=14
Traffic class 1 -> 0, a, ID=15
Traffic class 0 -> 8, a, ID=16
Traffic class 0 -> 1, a, ID=17
Traffic class 0 -> 6, a, ID=18
Traffic class 1 -> 8, a, ID=19
Traffic class 1 -> 7, a, ID=20
Traffic class 0 -> 9, a, ID=21
Traffic class 0 -> 2, a, ID=22
Traffic class 1 -> 3, a, ID=23
Traffic class 0 -> 7, a, ID=24
Traffic class 1 -> 6, a, ID=25
Traffic class 0 -> 10, a, ID=26
Traffic class 0 -> 3, a, ID=27
Traffic class 1 -> 2, a, ID=28
Traffic class 1 -> 5, a, ID=29
Traffic class 0 -> 4, a, ID=30
Traffic class 1 -> 10, a, ID=31
Traffic class 1 -> 1, a, ID=32
Traffic class 0 -> 0, a, ID=33
Traffic class 1 -> 4, a, ID=34
Traffic class 0 -> 5, a, ID=35
Traffic class 1 -> 9, a, ID=36
Traffic class 1 -> 0, a, ID=37
Traffic class 0 -> 8, a, ID=38
Traffic class 0 -> 1, a, ID=39
Traffic class 0 -> 6, a, ID=40
Traffic class 1 -> 8, a, ID=41
Traffic class 1 -> 7, a, ID=42
Traffic class 0 -> 9, a, ID=43
Traffic class 0 -> 2, a, ID=44
Traffic class 1 -> 3, a, ID=45
Traffic class 0 -> 7, a, ID=46
Traffic class 1 -> 6, a, ID=47
Traffic class 0 -> 10, a, ID=48
Traffic class 0 -> 3, a, ID=49
Traffic class 1 -> 2, a, ID=50
Traffic class 1 -> 5, a, ID=51
Traffic class 0 -> 4, a, ID=52
Traffic class 1 -> 10, a, ID=53
Traffic class 1 -> 1, a, ID=54
Traffic class 0 -> 0, a, ID=55
Traffic class 1 -> 4, a, ID=56
Traffic class 0 -> 5, a, ID=57
Traffic class 1 -> 9, a, ID=58
Traffic class 1 -> 0, a, ID=59
Traffic class 0 -> 8, a, ID=60
Traffic class 0 -> 1, a, ID=61
Traffic class 0 -> 6, a, ID=62
Traffic class 1 -> 8, a, ID=63
Traffic class 1 -> 7, a, ID=64
Traffic class 0 -> 9, a, ID=65
Traffic class 0 -> 2, a, ID=66
Traffic class 1 -> 3, a, ID=67
Traffic class 0 -> 7, a, ID=68
Traffic class 1 -> 6, a, ID=69
Traffic class 0 -> 10, a, ID=70
Traffic class 0 -> 3, a, ID=71
Traffic class 1 -> 2, a, ID=72
Traffic class 1 -> 5, a, ID=73
Traffic class 0 -> 4, a, ID=74
Traffic class 1 -> 10, a, ID=75
Traffic class 1 -> 1, a, ID=76
Traffic class 0 -> 0, a, ID=77
Traffic class 1 -> 4, a, ID=78
Traffic class 0 -> 5, a, ID=79
Traffic class 1 -> 9, a, ID=80
Traffic class 1 -> 0, a, ID=81
Traffic class 0 -> 8, a, ID=82
Traffic class 0 -> 1, a, ID=83
Traffic class 0 -> 6, a, ID=84
Traffic class 1 -> 8, a, ID=85
Traffic class 1 -> 7, a, ID=86
Traffic class 0 -> 9, a, ID=87
Traffic class 0 -> 2, a, ID=88
Traffic class 1 -> 3, a, ID=89
Traffic class 0 -> 7, a, ID=90
Traffic class 1 -> 6, a, ID=91
Traffic class 0 -> 10, a, ID=92
Traffic class 0 -> 3, a, ID=93
Traffic class 1 -> 2, a, ID=94
Traffic class 1 -> 5, a, ID=95
Traffic class 0 -> 4, a, ID=96
Traffic class 1 -> 10, a, ID=97
Traffic class 1 -> 1, a, ID=98
Traffic class 0 -> 0, a, ID=99
Traffic class 1 -> 4, a, ID=100
Traffic class 0 -> 5, a, ID=101
Traffic class 1 -> 9, a, ID=102
Traffic class 1 -> 0, a, ID=103
Traffic class 0 -> 8, a, ID=104
Traffic class 0 -> 1, a, ID=105
Traffic class 0 -> 6, a, ID=106
Traffic class 1 -> 8, a, ID=107
Traffic class 1 -> 7, a, ID=108
Traffic class 0 -> 9, a, ID=109
Traffic class 0 -> 2, a, ID=110
Traffic class 1 -> 3, a, ID=111
Traffic class 0 -> 7, a, ID=112
Traffic class 1 -> 6, a, ID=113
Traffic class 0 -> 10, a, ID=114
Traffic class 0 -> 3, a, ID=115
Traffic class 1 -> 2, a, ID=116
Traffic class 1 -> 5, a, ID=117
Traffic class 0 -> 4, a, ID=118
Traffic class 1 -> 10, a, ID=119
Traffic class 1 -> 1, a, ID=120
Traffic class 0 -> 0, a, ID=121
Traffic class 1 -> 4, a, ID=122
Traffic class 0 -> 5, a, ID=123
Traffic class 1 -> 9, a, ID=124
Traffic class 1 -> 0, a, ID=125
Traffic class 0 -> 8, a, ID=126
Traffic class 0 -> 1, a, ID=127
Traffic class 0 -> 6, a, ID=128
Traffic class 1 -> 8, a, ID=129
Traffic class 1 -> 7, a, ID=130
Traffic class 0 -> 9, a, ID=131
Traffic class 0 -> 2, a, ID=132
Traffic class 1 -> 3, a, ID=133
Traffic class 0 -> 7, a, ID=134
Traffic class 1 -> 6, a, ID=135
Traffic class 0 -> 10, a, ID=136
Traffic class 0 -> 3, a, ID=137
Traffic class 1 -> 2, a, ID=138
Traffic class 1 -> 5, a, ID=139
Traffic class 0 -> 4, a, ID=140
Traffic class 1 -> 10, a, ID=141
Traffic class 1 -> 1, a, ID=142
Traffic class 0 -> 0, a, ID=143
Traffic class 1 -> 4, a, ID=144
Traffic class 0 -> 5, a, ID=145
Traffic class 1 -> 9, a, ID=146
Traffic class 1 -> 0, a, ID=147
Traffic class 0 -> 8, a, ID=148
Traffic class 0 -> 1, a, ID=149
Traffic class 0 -> 6, a, ID=150
Traffic class 1 -> 8, a, ID=151
Traffic class 1 -> 7, a, ID=152
Traffic class 0 -> 9, a, ID=153
Traffic class 0 -> 2, a, ID=154
Traffic class 1 -> 3, a, ID=155
Traffic class 0 -> 7, a, ID=156
Traffic class 1 -> 6, a, ID=157
Traffic class 0 -> 10, a, ID=158
Traffic class 0 -> 3, a, ID=159
Traffic class 1 -> 2, a, ID=160
Traffic class 1 -> 5, a, ID=161
Traffic class 0 -> 4, a, ID=162
Traffic class 1 -> 10, a, ID=163
Traffic class 1 -> 1, a, ID=164
Traffic class 0 -> 0, a, ID=165
Traffic class 1 -> 4, a, ID=166
Traffic class 0 -> 5, a, ID=167
Traffic class 1 -> 9, a, ID=168
Traffic class 1 -> 0, a, ID=169
Traffic class 0 -> 8, a, ID=170
Traffic class 0 -> 1, a, ID=171
Traffic class 0 -> 6, a, ID=172
Traffic class 1 -> 8, a, ID=173
Traffic class 1 -> 7, a, ID=174
Traffic class 0 -> 9, a, ID=175
Traffic class 0 -> 2, a, ID=176
Traffic class 1 -> 3, a, ID=177
Traffic class 0 -> 7, a, ID=178
Traffic class 1 -> 6, a, ID=179
Traffic class 0 -> 10, a, ID=180
Traffic class 0 -> 3, a, ID=181
Traffic class 1 -> 2, a, ID=182
Traffic class 1 -> 5, a, ID=183
Traffic class 0 -> 4, a, ID=184
Traffic class 1 -> 10, a, ID=185
Traffic class 1 -> 1, a, ID=186
Traffic class 0 -> 0, a, ID=187
Traffic class 1 -> 4, a, ID=188
Traffic class 0 -> 5, a, ID=189
Traffic class 1 -> 9, a, ID=190
Traffic class 1 -> 0, a, ID=191
Traffic class 0 -> 8, a, ID=192
Traffic class 0 -> 1, a, ID=193
Traffic class 0 -> 6, a, ID=194
Traffic class 1 -> 8, a, ID=195
Traffic class 1 -> 7, a, ID=196
Traffic class 0 -> 9, a, ID=197
Traffic class 0 -> 2, a, ID=198
Traffic class 1 -> 3, a, ID=199
Traffic class 0 -> 7, a, ID=200
Traffic class 1 -> 6, a, ID=201
Traffic class 0 -> 10, a, ID=202
Traffic class 0 -> 3, a, ID=203
Traffic class 1 -> 2, a, ID=204
Traffic class 1 -> 5, a, ID=205
Traffic class 0 -> 4, a, ID=206
Traffic class 1 -> 10, a, ID=207
Traffic class 1 -> 1, a, ID=208
Traffic class 0 -> 0, a, ID=209
Traffic class 1 -> 4, a, ID=210
Traffic class 0 -> 5, a, ID=211
Traffic class 1 -> 9, a, ID=212
Traffic class 1 -> 0, a, ID=213
Traffic class 0 -> 8, a, ID=214
Traffic class 0 -> 1, a, ID=215
Traffic class 0 -> 6, a, ID=216
Traffic class 1 -> 8, a, ID=217
Traffic class 1 -> 7, a, ID=218
Traffic class 0 -> 9, a, ID=219
Traffic class 0 -> 2, a, ID=220
0 round
1.0
False
upper bound:20.0
lower bound:10.0
['bpc_32_[1, 0, 1]_1_1']
upper  20.0
lower  10.0
['bpc_32_[1, 0, 1]_1_1', 'bpc_32_[1, 0, 2, 1]_1_1']
upper  20.0
lower  10.0
['bpc_32_[1, 0, 1]_1_1', 'bpc_32_[1, 0, 2, 1]_1_1', 'bpc_32_[1, 0, 2, 3, 1]_1_1']
upper  20.0
lower  10.0
['bpc_32_[1, 0, 1]_1_1', 'bpc_32_[1, 0, 2, 1]_1_1', 'bpc_32_[1, 0, 2, 3, 1]_1_1', 'bpc_32_[1, 0, 2, 3, 4, 1]_1_1']
upper  20.0
lower  10.0
['bpc_32_[1, 0, 1]_1_1', 'bpc_32_[1, 0, 2, 1]_1_1', 'bpc_32_[1, 0, 2, 3, 1]_1_1', 'bpc_32_[1, 0, 2, 3, 4, 1]_1_1', 'bpc_32_[1, 0, 2, 4, 1]_1_1']
upper  20.0
lower  10.0
0.833333333333
False
upper bound:16.6666666667
lower bound:8.33333333333
['bpc_187_[0, 1, 0]_0_0']
upper  16.6666666667
lower  8.33333333333
['bpc_187_[0, 1, 0]_0_0', 'bpc_187_[0, 1, 2, 0]_0_0']
upper  16.6666666667
lower  8.33333333333
['bpc_187_[0, 1, 0]_0_0', 'bpc_187_[0, 1, 2, 0]_0_0', 'bpc_187_[0, 1, 2, 3, 0]_0_0']
upper  16.6666666667
lower  8.33333333333
['bpc_187_[0, 1, 0]_0_0', 'bpc_187_[0, 1, 2, 0]_0_0', 'bpc_187_[0, 1, 2, 3, 0]_0_0', 'bpc_187_[0, 1, 2, 3, 4, 0]_0_0']
upper  16.6666666667
lower  8.33333333333
['bpc_187_[0, 1, 0]_0_0', 'bpc_187_[0, 1, 2, 0]_0_0', 'bpc_187_[0, 1, 2, 3, 0]_0_0', 'bpc_187_[0, 1, 2, 3, 4, 0]_0_0', 'bpc_187_[0, 1, 2, 4, 0]_0_0']
upper  16.6666666667
lower  8.33333333333
1.0
False
upper bound:20.0
lower bound:10.0
['bpc_124_[1, 0, 2, 3, 4, 9]_1_9']
upper  20.0
lower  10.0
['bpc_124_[1, 0, 2, 3, 4, 9]_1_9', 'bpc_124_[1, 0, 2, 4, 9]_1_9']
upper  20.0
lower  10.0
['bpc_124_[1, 0, 2, 3, 4, 9]_1_9', 'bpc_124_[1, 0, 2, 4, 9]_1_9', 'bpc_124_[1, 0, 3, 2, 4, 9]_1_9']
upper  20.0
lower  10.0
['bpc_124_[1, 0, 2, 3, 4, 9]_1_9', 'bpc_124_[1, 0, 2, 4, 9]_1_9', 'bpc_124_[1, 0, 3, 2, 4, 9]_1_9', 'bpc_124_[1, 0, 3, 4, 9]_1_9']
upper  20.0
lower  10.0
['bpc_124_[1, 0, 2, 3, 4, 9]_1_9', 'bpc_124_[1, 0, 2, 4, 9]_1_9', 'bpc_124_[1, 0, 3, 2, 4, 9]_1_9', 'bpc_124_[1, 0, 3, 4, 9]_1_9', 'bpc_124_[1, 0, 4, 9]_1_9']
upper  20.0
lower  10.0
1.0
False
upper bound:20.0
lower bound:10.0
['bpc_23_[1, 0, 2, 3]_1_3']
upper  20.0
lower  10.0
['bpc_23_[1, 0, 2, 3]_1_3', 'bpc_23_[1, 0, 2, 4, 3]_1_3']
upper  20.0
lower  10.0
['bpc_23_[1, 0, 2, 3]_1_3', 'bpc_23_[1, 0, 2, 4, 3]_1_3', 'bpc_23_[1, 0, 3]_1_3']
upper  20.0
lower  10.0
['bpc_23_[1, 0, 2, 3]_1_3', 'bpc_23_[1, 0, 2, 4, 3]_1_3', 'bpc_23_[1, 0, 3]_1_3', 'bpc_23_[1, 0, 4, 2, 3]_1_3']
upper  20.0
lower  10.0
['bpc_23_[1, 0, 2, 3]_1_3', 'bpc_23_[1, 0, 2, 4, 3]_1_3', 'bpc_23_[1, 0, 3]_1_3', 'bpc_23_[1, 0, 4, 2, 3]_1_3', 'bpc_23_[1, 0, 4, 3]_1_3']
upper  20.0
lower  10.0
0.833333333333
False
upper bound:16.6666666667
lower bound:8.33333333333
['bpc_162_[0, 1, 2, 3, 4]_0_4']
upper  16.6666666667
lower  8.33333333333
['bpc_162_[0, 1, 2, 3, 4]_0_4', 'bpc_162_[0, 1, 2, 4]_0_4']
upper  16.6666666667
lower  8.33333333333
['bpc_162_[0, 1, 2, 3, 4]_0_4', 'bpc_162_[0, 1, 2, 4]_0_4', 'bpc_162_[0, 1, 3, 2, 4]_0_4']
upper  16.6666666667
lower  8.33333333333
['bpc_162_[0, 1, 2, 3, 4]_0_4', 'bpc_162_[0, 1, 2, 4]_0_4', 'bpc_162_[0, 1, 3, 2, 4]_0_4', 'bpc_162_[0, 1, 3, 4]_0_4']
upper  16.6666666667
lower  8.33333333333
['bpc_162_[0, 1, 2, 3, 4]_0_4', 'bpc_162_[0, 1, 2, 4]_0_4', 'bpc_162_[0, 1, 3, 2, 4]_0_4', 'bpc_162_[0, 1, 3, 4]_0_4', 'bpc_162_[0, 1, 4]_0_4']
upper  16.6666666667
lower  8.33333333333
0.833333333333
False
upper bound:16.6666666667
lower bound:8.33333333333
['bpc_99_[0, 1, 0]_0_0']
upper  16.6666666667
lower  8.33333333333
['bpc_99_[0, 1, 0]_0_0', 'bpc_99_[0, 1, 2, 0]_0_0']
upper  16.6666666667
lower  8.33333333333
['bpc_99_[0, 1, 0]_0_0', 'bpc_99_[0, 1, 2, 0]_0_0', 'bpc_99_[0, 1, 2, 3, 0]_0_0']
upper  16.6666666667
lower  8.33333333333
['bpc_99_[0, 1, 0]_0_0', 'bpc_99_[0, 1, 2, 0]_0_0', 'bpc_99_[0, 1, 2, 3, 0]_0_0', 'bpc_99_[0, 1, 2, 3, 4, 0]_0_0']
upper  16.6666666667
lower  8.33333333333
['bpc_99_[0, 1, 0]_0_0', 'bpc_99_[0, 1, 2, 0]_0_0', 'bpc_99_[0, 1, 2, 3, 0]_0_0', 'bpc_99_[0, 1, 2, 3, 4, 0]_0_0', 'bpc_99_[0, 1, 2, 4, 0]_0_0']
upper  16.6666666667
lower  8.33333333333
0.833333333333
False
upper bound:16.6666666667
lower bound:8.33333333333
['bpc_137_[0, 1, 2, 3]_0_3']
upper  16.6666666667
lower  8.33333333333
['bpc_137_[0, 1, 2, 3]_0_3', 'bpc_137_[0, 1, 2, 4, 3]_0_3']
upper  16.6666666667
lower  8.33333333333
['bpc_137_[0, 1, 2, 3]_0_3', 'bpc_137_[0, 1, 2, 4, 3]_0_3', 'bpc_137_[0, 1, 3]_0_3']
upper  16.6666666667
lower  8.33333333333
['bpc_137_[0, 1, 2, 3]_0_3', 'bpc_137_[0, 1, 2, 4, 3]_0_3', 'bpc_137_[0, 1, 3]_0_3', 'bpc_137_[0, 1, 4, 2, 3]_0_3']
upper  16.6666666667
lower  8.33333333333
['bpc_137_[0, 1, 2, 3]_0_3', 'bpc_137_[0, 1, 2, 4, 3]_0_3', 'bpc_137_[0, 1, 3]_0_3', 'bpc_137_[0, 1, 4, 2, 3]_0_3', 'bpc_137_[0, 1, 4, 3]_0_3']
upper  16.6666666667
lower  8.33333333333
0.833333333333
False
upper bound:16.6666666667
lower bound:8.33333333333
['bpc_74_[0, 1, 2, 3, 4]_0_4']
upper  16.6666666667
lower  8.33333333333
['bpc_74_[0, 1, 2, 3, 4]_0_4', 'bpc_74_[0, 1, 2, 4]_0_4']
upper  16.6666666667
lower  8.33333333333
['bpc_74_[0, 1, 2, 3, 4]_0_4', 'bpc_74_[0, 1, 2, 4]_0_4', 'bpc_74_[0, 1, 3, 2, 4]_0_4']
upper  16.6666666667
lower  8.33333333333
['bpc_74_[0, 1, 2, 3, 4]_0_4', 'bpc_74_[0, 1, 2, 4]_0_4', 'bpc_74_[0, 1, 3, 2, 4]_0_4', 'bpc_74_[0, 1, 3, 4]_0_4']
upper  16.6666666667
lower  8.33333333333
['bpc_74_[0, 1, 2, 3, 4]_0_4', 'bpc_74_[0, 1, 2, 4]_0_4', 'bpc_74_[0, 1, 3, 2, 4]_0_4', 'bpc_74_[0, 1, 3, 4]_0_4', 'bpc_74_[0, 1, 4]_0_4']
upper  16.6666666667
lower  8.33333333333
0.833333333333
False
upper bound:16.6666666667
lower bound:8.33333333333
['bpc_49_[0, 1, 2, 3]_0_3']
upper  16.6666666667
lower  8.33333333333
['bpc_49_[0, 1, 2, 3]_0_3', 'bpc_49_[0, 1, 2, 4, 3]_0_3']
upper  16.6666666667
lower  8.33333333333
['bpc_49_[0, 1, 2, 3]_0_3', 'bpc_49_[0, 1, 2, 4, 3]_0_3', 'bpc_49_[0, 1, 3]_0_3']
upper  16.6666666667
lower  8.33333333333
['bpc_49_[0, 1, 2, 3]_0_3', 'bpc_49_[0, 1, 2, 4, 3]_0_3', 'bpc_49_[0, 1, 3]_0_3', 'bpc_49_[0, 1, 4, 2, 3]_0_3']
upper  16.6666666667
lower  8.33333333333
['bpc_49_[0, 1, 2, 3]_0_3', 'bpc_49_[0, 1, 2, 4, 3]_0_3', 'bpc_49_[0, 1, 3]_0_3', 'bpc_49_[0, 1, 4, 2, 3]_0_3', 'bpc_49_[0, 1, 4, 3]_0_3']
upper  16.6666666667
lower  8.33333333333
1.0
False
upper bound:20.0
lower bound:10.0
['bpc_204_[1, 0, 2]_1_2']
upper  20.0
lower  10.0
['bpc_204_[1, 0, 2]_1_2', 'bpc_204_[1, 0, 3, 2]_1_2']
upper  20.0
lower  10.0
['bpc_204_[1, 0, 2]_1_2', 'bpc_204_[1, 0, 3, 2]_1_2', 'bpc_204_[1, 0, 3, 4, 2]_1_2']
upper  20.0
lower  10.0
['bpc_204_[1, 0, 2]_1_2', 'bpc_204_[1, 0, 3, 2]_1_2', 'bpc_204_[1, 0, 3, 4, 2]_1_2', 'bpc_204_[1, 0, 4, 2]_1_2']
upper  20.0
lower  10.0
['bpc_204_[1, 0, 2]_1_2', 'bpc_204_[1, 0, 3, 2]_1_2', 'bpc_204_[1, 0, 3, 4, 2]_1_2', 'bpc_204_[1, 0, 4, 2]_1_2', 'bpc_204_[1, 0, 4, 3, 2]_1_2']
upper  20.0
lower  10.0
0.833333333333
False
upper bound:16.6666666667
lower bound:8.33333333333
['bpc_24_[0, 1, 2, 3, 7]_0_7']
upper  16.6666666667
lower  8.33333333333
['bpc_24_[0, 1, 2, 3, 7]_0_7', 'bpc_24_[0, 1, 2, 4, 3, 7]_0_7']
upper  16.6666666667
lower  8.33333333333
['bpc_24_[0, 1, 2, 3, 7]_0_7', 'bpc_24_[0, 1, 2, 4, 3, 7]_0_7', 'bpc_24_[0, 1, 3, 7]_0_7']
upper  16.6666666667
lower  8.33333333333
['bpc_24_[0, 1, 2, 3, 7]_0_7', 'bpc_24_[0, 1, 2, 4, 3, 7]_0_7', 'bpc_24_[0, 1, 3, 7]_0_7', 'bpc_24_[0, 1, 4, 2, 3, 7]_0_7']
upper  16.6666666667
lower  8.33333333333
['bpc_24_[0, 1, 2, 3, 7]_0_7', 'bpc_24_[0, 1, 2, 4, 3, 7]_0_7', 'bpc_24_[0, 1, 3, 7]_0_7', 'bpc_24_[0, 1, 4, 2, 3, 7]_0_7', 'bpc_24_[0, 1, 4, 3, 7]_0_7']
upper  16.6666666667
lower  8.33333333333
1.0
False
upper bound:20.0
lower bound:10.0
['bpc_179_[1, 0, 2, 6]_1_6']
upper  20.0
lower  10.0
['bpc_179_[1, 0, 2, 6]_1_6', 'bpc_179_[1, 0, 3, 2, 6]_1_6']
upper  20.0
lower  10.0
['bpc_179_[1, 0, 2, 6]_1_6', 'bpc_179_[1, 0, 3, 2, 6]_1_6', 'bpc_179_[1, 0, 3, 4, 2, 6]_1_6']
upper  20.0
lower  10.0
['bpc_179_[1, 0, 2, 6]_1_6', 'bpc_179_[1, 0, 3, 2, 6]_1_6', 'bpc_179_[1, 0, 3, 4, 2, 6]_1_6', 'bpc_179_[1, 0, 4, 2, 6]_1_6']
upper  20.0
lower  10.0
['bpc_179_[1, 0, 2, 6]_1_6', 'bpc_179_[1, 0, 3, 2, 6]_1_6', 'bpc_179_[1, 0, 3, 4, 2, 6]_1_6', 'bpc_179_[1, 0, 4, 2, 6]_1_6', 'bpc_179_[1, 0, 4, 3, 2, 6]_1_6']
upper  20.0
lower  10.0
1.0
False
upper bound:20.0
lower bound:10.0
['bpc_116_[1, 0, 2]_1_2']
upper  20.0
lower  10.0
['bpc_116_[1, 0, 2]_1_2', 'bpc_116_[1, 0, 3, 2]_1_2']
upper  20.0
lower  10.0
['bpc_116_[1, 0, 2]_1_2', 'bpc_116_[1, 0, 3, 2]_1_2', 'bpc_116_[1, 0, 3, 4, 2]_1_2']
upper  20.0
lower  10.0
['bpc_116_[1, 0, 2]_1_2', 'bpc_116_[1, 0, 3, 2]_1_2', 'bpc_116_[1, 0, 3, 4, 2]_1_2', 'bpc_116_[1, 0, 4, 2]_1_2']
upper  20.0
lower  10.0
['bpc_116_[1, 0, 2]_1_2', 'bpc_116_[1, 0, 3, 2]_1_2', 'bpc_116_[1, 0, 3, 4, 2]_1_2', 'bpc_116_[1, 0, 4, 2]_1_2', 'bpc_116_[1, 0, 4, 3, 2]_1_2']
upper  20.0
lower  10.0
1.0
False
upper bound:20.0
lower bound:10.0
['bpc_15_[1, 0]_1_0']
upper  20.0
lower  10.0
['bpc_15_[1, 0]_1_0', 'bpc_15_[1, 2, 0]_1_0']
upper  20.0
lower  10.0
['bpc_15_[1, 0]_1_0', 'bpc_15_[1, 2, 0]_1_0', 'bpc_15_[1, 2, 3, 0]_1_0']
upper  20.0
lower  10.0
['bpc_15_[1, 0]_1_0', 'bpc_15_[1, 2, 0]_1_0', 'bpc_15_[1, 2, 3, 0]_1_0', 'bpc_15_[1, 2, 3, 4, 0]_1_0']
upper  20.0
lower  10.0
['bpc_15_[1, 0]_1_0', 'bpc_15_[1, 2, 0]_1_0', 'bpc_15_[1, 2, 3, 0]_1_0', 'bpc_15_[1, 2, 3, 4, 0]_1_0', 'bpc_15_[1, 2, 4, 0]_1_0']
upper  20.0
lower  10.0
0.833333333333
False
upper bound:16.6666666667
lower bound:8.33333333333
['bpc_154_[0, 1, 2]_0_2']
upper  16.6666666667
lower  8.33333333333
['bpc_154_[0, 1, 2]_0_2', 'bpc_154_[0, 1, 3, 2]_0_2']
upper  16.6666666667
lower  8.33333333333
['bpc_154_[0, 1, 2]_0_2', 'bpc_154_[0, 1, 3, 2]_0_2', 'bpc_154_[0, 1, 3, 4, 2]_0_2']
upper  16.6666666667
lower  8.33333333333
['bpc_154_[0, 1, 2]_0_2', 'bpc_154_[0, 1, 3, 2]_0_2', 'bpc_154_[0, 1, 3, 4, 2]_0_2', 'bpc_154_[0, 1, 4, 2]_0_2']
upper  16.6666666667
lower  8.33333333333
['bpc_154_[0, 1, 2]_0_2', 'bpc_154_[0, 1, 3, 2]_0_2', 'bpc_154_[0, 1, 3, 4, 2]_0_2', 'bpc_154_[0, 1, 4, 2]_0_2', 'bpc_154_[0, 1, 4, 3, 2]_0_2']
upper  16.6666666667
lower  8.33333333333
1.0
False
upper bound:20.0
lower bound:10.0
['bpc_91_[1, 0, 2, 6]_1_6']
upper  20.0
lower  10.0
['bpc_91_[1, 0, 2, 6]_1_6', 'bpc_91_[1, 0, 3, 2, 6]_1_6']
upper  20.0
lower  10.0
['bpc_91_[1, 0, 2, 6]_1_6', 'bpc_91_[1, 0, 3, 2, 6]_1_6', 'bpc_91_[1, 0, 3, 4, 2, 6]_1_6']
upper  20.0
lower  10.0
['bpc_91_[1, 0, 2, 6]_1_6', 'bpc_91_[1, 0, 3, 2, 6]_1_6', 'bpc_91_[1, 0, 3, 4, 2, 6]_1_6', 'bpc_91_[1, 0, 4, 2, 6]_1_6']
upper  20.0
lower  10.0
['bpc_91_[1, 0, 2, 6]_1_6', 'bpc_91_[1, 0, 3, 2, 6]_1_6', 'bpc_91_[1, 0, 3, 4, 2, 6]_1_6', 'bpc_91_[1, 0, 4, 2, 6]_1_6', 'bpc_91_[1, 0, 4, 3, 2, 6]_1_6']
upper  20.0
lower  10.0
1.0
False
upper bound:20.0
lower bound:10.0
['bpc_129_[1, 0, 2, 3, 8]_1_8']
upper  20.0
lower  10.0
['bpc_129_[1, 0, 2, 3, 8]_1_8', 'bpc_129_[1, 0, 2, 4, 3, 8]_1_8']
upper  20.0
lower  10.0
['bpc_129_[1, 0, 2, 3, 8]_1_8', 'bpc_129_[1, 0, 2, 4, 3, 8]_1_8', 'bpc_129_[1, 0, 3, 8]_1_8']
upper  20.0
lower  10.0
['bpc_129_[1, 0, 2, 3, 8]_1_8', 'bpc_129_[1, 0, 2, 4, 3, 8]_1_8', 'bpc_129_[1, 0, 3, 8]_1_8', 'bpc_129_[1, 0, 4, 2, 3, 8]_1_8']
upper  20.0
lower  10.0
['bpc_129_[1, 0, 2, 3, 8]_1_8', 'bpc_129_[1, 0, 2, 4, 3, 8]_1_8', 'bpc_129_[1, 0, 3, 8]_1_8', 'bpc_129_[1, 0, 4, 2, 3, 8]_1_8', 'bpc_129_[1, 0, 4, 3, 8]_1_8']
upper  20.0
lower  10.0
0.833333333333
False
upper bound:16.6666666667
lower bound:8.33333333333
['bpc_66_[0, 1, 2]_0_2']
upper  16.6666666667
lower  8.33333333333
['bpc_66_[0, 1, 2]_0_2', 'bpc_66_[0, 1, 3, 2]_0_2']
upper  16.6666666667
lower  8.33333333333
['bpc_66_[0, 1, 2]_0_2', 'bpc_66_[0, 1, 3, 2]_0_2', 'bpc_66_[0, 1, 3, 4, 2]_0_2']
upper  16.6666666667
lower  8.33333333333
['bpc_66_[0, 1, 2]_0_2', 'bpc_66_[0, 1, 3, 2]_0_2', 'bpc_66_[0, 1, 3, 4, 2]_0_2', 'bpc_66_[0, 1, 4, 2]_0_2']
upper  16.6666666667
lower  8.33333333333
['bpc_66_[0, 1, 2]_0_2', 'bpc_66_[0, 1, 3, 2]_0_2', 'bpc_66_[0, 1, 3, 4, 2]_0_2', 'bpc_66_[0, 1, 4, 2]_0_2', 'bpc_66_[0, 1, 4, 3, 2]_0_2']
upper  16.6666666667
lower  8.33333333333
1.0
False
upper bound:20.0
lower bound:10.0
['bpc_41_[1, 0, 2, 3, 8]_1_8']
upper  20.0
lower  10.0
['bpc_41_[1, 0, 2, 3, 8]_1_8', 'bpc_41_[1, 0, 2, 4, 3, 8]_1_8']
upper  20.0
lower  10.0
['bpc_41_[1, 0, 2, 3, 8]_1_8', 'bpc_41_[1, 0, 2, 4, 3, 8]_1_8', 'bpc_41_[1, 0, 3, 8]_1_8']
upper  20.0
lower  10.0
['bpc_41_[1, 0, 2, 3, 8]_1_8', 'bpc_41_[1, 0, 2, 4, 3, 8]_1_8', 'bpc_41_[1, 0, 3, 8]_1_8', 'bpc_41_[1, 0, 4, 2, 3, 8]_1_8']
upper  20.0
lower  10.0
['bpc_41_[1, 0, 2, 3, 8]_1_8', 'bpc_41_[1, 0, 2, 4, 3, 8]_1_8', 'bpc_41_[1, 0, 3, 8]_1_8', 'bpc_41_[1, 0, 4, 2, 3, 8]_1_8', 'bpc_41_[1, 0, 4, 3, 8]_1_8']
upper  20.0
lower  10.0
1.0
False
upper bound:20.0
lower bound:10.0
['bpc_196_[1, 0, 2, 3, 7]_1_7']
upper  20.0
lower  10.0
['bpc_196_[1, 0, 2, 3, 7]_1_7', 'bpc_196_[1, 0, 2, 4, 3, 7]_1_7']
upper  20.0
lower  10.0
['bpc_196_[1, 0, 2, 3, 7]_1_7', 'bpc_196_[1, 0, 2, 4, 3, 7]_1_7', 'bpc_196_[1, 0, 3, 7]_1_7']
upper  20.0
lower  10.0
['bpc_196_[1, 0, 2, 3, 7]_1_7', 'bpc_196_[1, 0, 2, 4, 3, 7]_1_7', 'bpc_196_[1, 0, 3, 7]_1_7', 'bpc_196_[1, 0, 4, 2, 3, 7]_1_7']
upper  20.0
lower  10.0
['bpc_196_[1, 0, 2, 3, 7]_1_7', 'bpc_196_[1, 0, 2, 4, 3, 7]_1_7', 'bpc_196_[1, 0, 3, 7]_1_7', 'bpc_196_[1, 0, 4, 2, 3, 7]_1_7', 'bpc_196_[1, 0, 4, 3, 7]_1_7']
upper  20.0
lower  10.0
0.833333333333
False
upper bound:16.6666666667
lower bound:8.33333333333
['bpc_16_[0, 1, 2, 3, 8]_0_8']
upper  16.6666666667
lower  8.33333333333
['bpc_16_[0, 1, 2, 3, 8]_0_8', 'bpc_16_[0, 1, 2, 4, 3, 8]_0_8']
upper  16.6666666667
lower  8.33333333333
['bpc_16_[0, 1, 2, 3, 8]_0_8', 'bpc_16_[0, 1, 2, 4, 3, 8]_0_8', 'bpc_16_[0, 1, 3, 8]_0_8']
upper  16.6666666667
lower  8.33333333333
['bpc_16_[0, 1, 2, 3, 8]_0_8', 'bpc_16_[0, 1, 2, 4, 3, 8]_0_8', 'bpc_16_[0, 1, 3, 8]_0_8', 'bpc_16_[0, 1, 4, 2, 3, 8]_0_8']
upper  16.6666666667
lower  8.33333333333
['bpc_16_[0, 1, 2, 3, 8]_0_8', 'bpc_16_[0, 1, 2, 4, 3, 8]_0_8', 'bpc_16_[0, 1, 3, 8]_0_8', 'bpc_16_[0, 1, 4, 2, 3, 8]_0_8', 'bpc_16_[0, 1, 4, 3, 8]_0_8']
upper  16.6666666667
lower  8.33333333333
0.833333333333
False
upper bound:16.6666666667
lower bound:8.33333333333
['bpc_171_[0, 1]_0_1']
upper  16.6666666667
lower  8.33333333333
['bpc_171_[0, 1]_0_1', 'bpc_171_[0, 2, 1]_0_1']
upper  16.6666666667
lower  8.33333333333
['bpc_171_[0, 1]_0_1', 'bpc_171_[0, 2, 1]_0_1', 'bpc_171_[0, 2, 3, 1]_0_1']
upper  16.6666666667
lower  8.33333333333
['bpc_171_[0, 1]_0_1', 'bpc_171_[0, 2, 1]_0_1', 'bpc_171_[0, 2, 3, 1]_0_1', 'bpc_171_[0, 2, 3, 4, 1]_0_1']
upper  16.6666666667
lower  8.33333333333
['bpc_171_[0, 1]_0_1', 'bpc_171_[0, 2, 1]_0_1', 'bpc_171_[0, 2, 3, 1]_0_1', 'bpc_171_[0, 2, 3, 4, 1]_0_1', 'bpc_171_[0, 2, 4, 1]_0_1']
upper  16.6666666667
lower  8.33333333333
1.0
False
upper bound:20.0
lower bound:10.0
['bpc_108_[1, 0, 2, 3, 7]_1_7']
upper  20.0
lower  10.0
['bpc_108_[1, 0, 2, 3, 7]_1_7', 'bpc_108_[1, 0, 2, 4, 3, 7]_1_7']
upper  20.0
lower  10.0
['bpc_108_[1, 0, 2, 3, 7]_1_7', 'bpc_108_[1, 0, 2, 4, 3, 7]_1_7', 'bpc_108_[1, 0, 3, 7]_1_7']
upper  20.0
lower  10.0
['bpc_108_[1, 0, 2, 3, 7]_1_7', 'bpc_108_[1, 0, 2, 4, 3, 7]_1_7', 'bpc_108_[1, 0, 3, 7]_1_7', 'bpc_108_[1, 0, 4, 2, 3, 7]_1_7']
upper  20.0
lower  10.0
['bpc_108_[1, 0, 2, 3, 7]_1_7', 'bpc_108_[1, 0, 2, 4, 3, 7]_1_7', 'bpc_108_[1, 0, 3, 7]_1_7', 'bpc_108_[1, 0, 4, 2, 3, 7]_1_7', 'bpc_108_[1, 0, 4, 3, 7]_1_7']
upper  20.0
lower  10.0
1.0
False
upper bound:20.0
lower bound:10.0
['bpc_7_[1, 0, 2, 5]_1_5']
upper  20.0
lower  10.0
['bpc_7_[1, 0, 2, 5]_1_5', 'bpc_7_[1, 0, 3, 2, 5]_1_5']
upper  20.0
lower  10.0
['bpc_7_[1, 0, 2, 5]_1_5', 'bpc_7_[1, 0, 3, 2, 5]_1_5', 'bpc_7_[1, 0, 3, 4, 2, 5]_1_5']
upper  20.0
lower  10.0
['bpc_7_[1, 0, 2, 5]_1_5', 'bpc_7_[1, 0, 3, 2, 5]_1_5', 'bpc_7_[1, 0, 3, 4, 2, 5]_1_5', 'bpc_7_[1, 0, 4, 2, 5]_1_5']
upper  20.0
lower  10.0
['bpc_7_[1, 0, 2, 5]_1_5', 'bpc_7_[1, 0, 3, 2, 5]_1_5', 'bpc_7_[1, 0, 3, 4, 2, 5]_1_5', 'bpc_7_[1, 0, 4, 2, 5]_1_5', 'bpc_7_[1, 0, 4, 3, 2, 5]_1_5']
upper  20.0
lower  10.0
1.0
False
upper bound:20.0
lower bound:10.0
['bpc_146_[1, 0, 2, 3, 4, 9]_1_9']
upper  20.0
lower  10.0
['bpc_146_[1, 0, 2, 3, 4, 9]_1_9', 'bpc_146_[1, 0, 2, 4, 9]_1_9']
upper  20.0
lower  10.0
['bpc_146_[1, 0, 2, 3, 4, 9]_1_9', 'bpc_146_[1, 0, 2, 4, 9]_1_9', 'bpc_146_[1, 0, 3, 2, 4, 9]_1_9']
upper  20.0
lower  10.0
['bpc_146_[1, 0, 2, 3, 4, 9]_1_9', 'bpc_146_[1, 0, 2, 4, 9]_1_9', 'bpc_146_[1, 0, 3, 2, 4, 9]_1_9', 'bpc_146_[1, 0, 3, 4, 9]_1_9']
upper  20.0
lower  10.0
['bpc_146_[1, 0, 2, 3, 4, 9]_1_9', 'bpc_146_[1, 0, 2, 4, 9]_1_9', 'bpc_146_[1, 0, 3, 2, 4, 9]_1_9', 'bpc_146_[1, 0, 3, 4, 9]_1_9', 'bpc_146_[1, 0, 4, 9]_1_9']
upper  20.0
lower  10.0
0.833333333333
False
upper bound:16.6666666667
lower bound:8.33333333333
['bpc_83_[0, 1]_0_1']
upper  16.6666666667
lower  8.33333333333
['bpc_83_[0, 1]_0_1', 'bpc_83_[0, 2, 1]_0_1']
upper  16.6666666667
lower  8.33333333333
['bpc_83_[0, 1]_0_1', 'bpc_83_[0, 2, 1]_0_1', 'bpc_83_[0, 2, 3, 1]_0_1']
upper  16.6666666667
lower  8.33333333333
['bpc_83_[0, 1]_0_1', 'bpc_83_[0, 2, 1]_0_1', 'bpc_83_[0, 2, 3, 1]_0_1', 'bpc_83_[0, 2, 3, 4, 1]_0_1']
upper  16.6666666667
lower  8.33333333333
['bpc_83_[0, 1]_0_1', 'bpc_83_[0, 2, 1]_0_1', 'bpc_83_[0, 2, 3, 1]_0_1', 'bpc_83_[0, 2, 3, 4, 1]_0_1', 'bpc_83_[0, 2, 4, 1]_0_1']
upper  16.6666666667
lower  8.33333333333
1.0
False
upper bound:20.0
lower bound:10.0
['bpc_58_[1, 0, 2, 3, 4, 9]_1_9']
upper  20.0
lower  10.0
['bpc_58_[1, 0, 2, 3, 4, 9]_1_9', 'bpc_58_[1, 0, 2, 4, 9]_1_9']
upper  20.0
lower  10.0
['bpc_58_[1, 0, 2, 3, 4, 9]_1_9', 'bpc_58_[1, 0, 2, 4, 9]_1_9', 'bpc_58_[1, 0, 3, 2, 4, 9]_1_9']
upper  20.0
lower  10.0
['bpc_58_[1, 0, 2, 3, 4, 9]_1_9', 'bpc_58_[1, 0, 2, 4, 9]_1_9', 'bpc_58_[1, 0, 3, 2, 4, 9]_1_9', 'bpc_58_[1, 0, 3, 4, 9]_1_9']
upper  20.0
lower  10.0
['bpc_58_[1, 0, 2, 3, 4, 9]_1_9', 'bpc_58_[1, 0, 2, 4, 9]_1_9', 'bpc_58_[1, 0, 3, 2, 4, 9]_1_9', 'bpc_58_[1, 0, 3, 4, 9]_1_9', 'bpc_58_[1, 0, 4, 9]_1_9']
upper  20.0
lower  10.0
1.0
False
upper bound:20.0
lower bound:10.0
['bpc_213_[1, 0]_1_0']
upper  20.0
lower  10.0
['bpc_213_[1, 0]_1_0', 'bpc_213_[1, 2, 0]_1_0']
upper  20.0
lower  10.0
['bpc_213_[1, 0]_1_0', 'bpc_213_[1, 2, 0]_1_0', 'bpc_213_[1, 2, 3, 0]_1_0']
upper  20.0
lower  10.0
['bpc_213_[1, 0]_1_0', 'bpc_213_[1, 2, 0]_1_0', 'bpc_213_[1, 2, 3, 0]_1_0', 'bpc_213_[1, 2, 3, 4, 0]_1_0']
upper  20.0
lower  10.0
['bpc_213_[1, 0]_1_0', 'bpc_213_[1, 2, 0]_1_0', 'bpc_213_[1, 2, 3, 0]_1_0', 'bpc_213_[1, 2, 3, 4, 0]_1_0', 'bpc_213_[1, 2, 4, 0]_1_0']
upper  20.0
lower  10.0
0.833333333333
False
upper bound:16.6666666667
lower bound:8.33333333333
['bpc_33_[0, 1, 0]_0_0']
upper  16.6666666667
lower  8.33333333333
['bpc_33_[0, 1, 0]_0_0', 'bpc_33_[0, 1, 2, 0]_0_0']
upper  16.6666666667
lower  8.33333333333
['bpc_33_[0, 1, 0]_0_0', 'bpc_33_[0, 1, 2, 0]_0_0', 'bpc_33_[0, 1, 2, 3, 0]_0_0']
upper  16.6666666667
lower  8.33333333333
['bpc_33_[0, 1, 0]_0_0', 'bpc_33_[0, 1, 2, 0]_0_0', 'bpc_33_[0, 1, 2, 3, 0]_0_0', 'bpc_33_[0, 1, 2, 3, 4, 0]_0_0']
upper  16.6666666667
lower  8.33333333333
['bpc_33_[0, 1, 0]_0_0', 'bpc_33_[0, 1, 2, 0]_0_0', 'bpc_33_[0, 1, 2, 3, 0]_0_0', 'bpc_33_[0, 1, 2, 3, 4, 0]_0_0', 'bpc_33_[0, 1, 2, 4, 0]_0_0']
upper  16.6666666667
lower  8.33333333333
1.0
False
upper bound:20.0
lower bound:10.0
['bpc_188_[1, 0, 2, 3, 4]_1_4']
upper  20.0
lower  10.0
['bpc_188_[1, 0, 2, 3, 4]_1_4', 'bpc_188_[1, 0, 2, 4]_1_4']
upper  20.0
lower  10.0
['bpc_188_[1, 0, 2, 3, 4]_1_4', 'bpc_188_[1, 0, 2, 4]_1_4', 'bpc_188_[1, 0, 3, 2, 4]_1_4']
upper  20.0
lower  10.0
['bpc_188_[1, 0, 2, 3, 4]_1_4', 'bpc_188_[1, 0, 2, 4]_1_4', 'bpc_188_[1, 0, 3, 2, 4]_1_4', 'bpc_188_[1, 0, 3, 4]_1_4']
upper  20.0
lower  10.0
['bpc_188_[1, 0, 2, 3, 4]_1_4', 'bpc_188_[1, 0, 2, 4]_1_4', 'bpc_188_[1, 0, 3, 2, 4]_1_4', 'bpc_188_[1, 0, 3, 4]_1_4', 'bpc_188_[1, 0, 4]_1_4']
upper  20.0
lower  10.0
1.0
False
upper bound:20.0
lower bound:10.0
['bpc_125_[1, 0]_1_0']
upper  20.0
lower  10.0
['bpc_125_[1, 0]_1_0', 'bpc_125_[1, 2, 0]_1_0']
upper  20.0
lower  10.0
['bpc_125_[1, 0]_1_0', 'bpc_125_[1, 2, 0]_1_0', 'bpc_125_[1, 2, 3, 0]_1_0']
upper  20.0
lower  10.0
['bpc_125_[1, 0]_1_0', 'bpc_125_[1, 2, 0]_1_0', 'bpc_125_[1, 2, 3, 0]_1_0', 'bpc_125_[1, 2, 3, 4, 0]_1_0']
upper  20.0
lower  10.0
['bpc_125_[1, 0]_1_0', 'bpc_125_[1, 2, 0]_1_0', 'bpc_125_[1, 2, 3, 0]_1_0', 'bpc_125_[1, 2, 3, 4, 0]_1_0', 'bpc_125_[1, 2, 4, 0]_1_0']
upper  20.0
lower  10.0
0.833333333333
False
upper bound:16.6666666667
lower bound:8.33333333333
['bpc_8_[0, 1, 2, 3, 4]_0_4']
upper  16.6666666667
lower  8.33333333333
['bpc_8_[0, 1, 2, 3, 4]_0_4', 'bpc_8_[0, 1, 2, 4]_0_4']
upper  16.6666666667
lower  8.33333333333
['bpc_8_[0, 1, 2, 3, 4]_0_4', 'bpc_8_[0, 1, 2, 4]_0_4', 'bpc_8_[0, 1, 3, 2, 4]_0_4']
upper  16.6666666667
lower  8.33333333333
['bpc_8_[0, 1, 2, 3, 4]_0_4', 'bpc_8_[0, 1, 2, 4]_0_4', 'bpc_8_[0, 1, 3, 2, 4]_0_4', 'bpc_8_[0, 1, 3, 4]_0_4']
upper  16.6666666667
lower  8.33333333333
['bpc_8_[0, 1, 2, 3, 4]_0_4', 'bpc_8_[0, 1, 2, 4]_0_4', 'bpc_8_[0, 1, 3, 2, 4]_0_4', 'bpc_8_[0, 1, 3, 4]_0_4', 'bpc_8_[0, 1, 4]_0_4']
upper  16.6666666667
lower  8.33333333333
1.0
False
upper bound:20.0
lower bound:10.0
['bpc_163_[1, 0, 2, 3, 4, 10]_1_10']
upper  20.0
lower  10.0
['bpc_163_[1, 0, 2, 3, 4, 10]_1_10', 'bpc_163_[1, 0, 2, 4, 10]_1_10']
upper  20.0
lower  10.0
['bpc_163_[1, 0, 2, 3, 4, 10]_1_10', 'bpc_163_[1, 0, 2, 4, 10]_1_10', 'bpc_163_[1, 0, 3, 2, 4, 10]_1_10']
upper  20.0
lower  10.0
['bpc_163_[1, 0, 2, 3, 4, 10]_1_10', 'bpc_163_[1, 0, 2, 4, 10]_1_10', 'bpc_163_[1, 0, 3, 2, 4, 10]_1_10', 'bpc_163_[1, 0, 3, 4, 10]_1_10']
upper  20.0
lower  10.0
['bpc_163_[1, 0, 2, 3, 4, 10]_1_10', 'bpc_163_[1, 0, 2, 4, 10]_1_10', 'bpc_163_[1, 0, 3, 2, 4, 10]_1_10', 'bpc_163_[1, 0, 3, 4, 10]_1_10', 'bpc_163_[1, 0, 4, 10]_1_10']
upper  20.0
lower  10.0
1.0
False
upper bound:20.0
lower bound:10.0
['bpc_100_[1, 0, 2, 3, 4]_1_4']
upper  20.0
lower  10.0
['bpc_100_[1, 0, 2, 3, 4]_1_4', 'bpc_100_[1, 0, 2, 4]_1_4']
upper  20.0
lower  10.0
['bpc_100_[1, 0, 2, 3, 4]_1_4', 'bpc_100_[1, 0, 2, 4]_1_4', 'bpc_100_[1, 0, 3, 2, 4]_1_4']
upper  20.0
lower  10.0
['bpc_100_[1, 0, 2, 3, 4]_1_4', 'bpc_100_[1, 0, 2, 4]_1_4', 'bpc_100_[1, 0, 3, 2, 4]_1_4', 'bpc_100_[1, 0, 3, 4]_1_4']
upper  20.0
lower  10.0
['bpc_100_[1, 0, 2, 3, 4]_1_4', 'bpc_100_[1, 0, 2, 4]_1_4', 'bpc_100_[1, 0, 3, 2, 4]_1_4', 'bpc_100_[1, 0, 3, 4]_1_4', 'bpc_100_[1, 0, 4]_1_4']
upper  20.0
lower  10.0
1.0
False
upper bound:20.0
lower bound:10.0
['bpc_138_[1, 0, 2]_1_2']
upper  20.0
lower  10.0
['bpc_138_[1, 0, 2]_1_2', 'bpc_138_[1, 0, 3, 2]_1_2']
upper  20.0
lower  10.0
['bpc_138_[1, 0, 2]_1_2', 'bpc_138_[1, 0, 3, 2]_1_2', 'bpc_138_[1, 0, 3, 4, 2]_1_2']
upper  20.0
lower  10.0
['bpc_138_[1, 0, 2]_1_2', 'bpc_138_[1, 0, 3, 2]_1_2', 'bpc_138_[1, 0, 3, 4, 2]_1_2', 'bpc_138_[1, 0, 4, 2]_1_2']
upper  20.0
lower  10.0
['bpc_138_[1, 0, 2]_1_2', 'bpc_138_[1, 0, 3, 2]_1_2', 'bpc_138_[1, 0, 3, 4, 2]_1_2', 'bpc_138_[1, 0, 4, 2]_1_2', 'bpc_138_[1, 0, 4, 3, 2]_1_2']
upper  20.0
lower  10.0
1.0
False
upper bound:20.0
lower bound:10.0
['bpc_75_[1, 0, 2, 3, 4, 10]_1_10']
upper  20.0
lower  10.0
['bpc_75_[1, 0, 2, 3, 4, 10]_1_10', 'bpc_75_[1, 0, 2, 4, 10]_1_10']
upper  20.0
lower  10.0
['bpc_75_[1, 0, 2, 3, 4, 10]_1_10', 'bpc_75_[1, 0, 2, 4, 10]_1_10', 'bpc_75_[1, 0, 3, 2, 4, 10]_1_10']
upper  20.0
lower  10.0
['bpc_75_[1, 0, 2, 3, 4, 10]_1_10', 'bpc_75_[1, 0, 2, 4, 10]_1_10', 'bpc_75_[1, 0, 3, 2, 4, 10]_1_10', 'bpc_75_[1, 0, 3, 4, 10]_1_10']
upper  20.0
lower  10.0
['bpc_75_[1, 0, 2, 3, 4, 10]_1_10', 'bpc_75_[1, 0, 2, 4, 10]_1_10', 'bpc_75_[1, 0, 3, 2, 4, 10]_1_10', 'bpc_75_[1, 0, 3, 4, 10]_1_10', 'bpc_75_[1, 0, 4, 10]_1_10']
upper  20.0
lower  10.0
1.0
False
upper bound:20.0
lower bound:10.0
['bpc_50_[1, 0, 2]_1_2']
upper  20.0
lower  10.0
['bpc_50_[1, 0, 2]_1_2', 'bpc_50_[1, 0, 3, 2]_1_2']
upper  20.0
lower  10.0
['bpc_50_[1, 0, 2]_1_2', 'bpc_50_[1, 0, 3, 2]_1_2', 'bpc_50_[1, 0, 3, 4, 2]_1_2']
upper  20.0
lower  10.0
['bpc_50_[1, 0, 2]_1_2', 'bpc_50_[1, 0, 3, 2]_1_2', 'bpc_50_[1, 0, 3, 4, 2]_1_2', 'bpc_50_[1, 0, 4, 2]_1_2']
upper  20.0
lower  10.0
['bpc_50_[1, 0, 2]_1_2', 'bpc_50_[1, 0, 3, 2]_1_2', 'bpc_50_[1, 0, 3, 4, 2]_1_2', 'bpc_50_[1, 0, 4, 2]_1_2', 'bpc_50_[1, 0, 4, 3, 2]_1_2']
upper  20.0
lower  10.0
1.0
False
upper bound:20.0
lower bound:10.0
['bpc_205_[1, 0, 2, 5]_1_5']
upper  20.0
lower  10.0
['bpc_205_[1, 0, 2, 5]_1_5', 'bpc_205_[1, 0, 3, 2, 5]_1_5']
upper  20.0
lower  10.0
['bpc_205_[1, 0, 2, 5]_1_5', 'bpc_205_[1, 0, 3, 2, 5]_1_5', 'bpc_205_[1, 0, 3, 4, 2, 5]_1_5']
upper  20.0
lower  10.0
['bpc_205_[1, 0, 2, 5]_1_5', 'bpc_205_[1, 0, 3, 2, 5]_1_5', 'bpc_205_[1, 0, 3, 4, 2, 5]_1_5', 'bpc_205_[1, 0, 4, 2, 5]_1_5']
upper  20.0
lower  10.0
['bpc_205_[1, 0, 2, 5]_1_5', 'bpc_205_[1, 0, 3, 2, 5]_1_5', 'bpc_205_[1, 0, 3, 4, 2, 5]_1_5', 'bpc_205_[1, 0, 4, 2, 5]_1_5', 'bpc_205_[1, 0, 4, 3, 2, 5]_1_5']
upper  20.0
lower  10.0
1.0
False
upper bound:20.0
lower bound:10.0
['bpc_25_[1, 0, 2, 6]_1_6']
upper  20.0
lower  10.0
['bpc_25_[1, 0, 2, 6]_1_6', 'bpc_25_[1, 0, 3, 2, 6]_1_6']
upper  20.0
lower  10.0
['bpc_25_[1, 0, 2, 6]_1_6', 'bpc_25_[1, 0, 3, 2, 6]_1_6', 'bpc_25_[1, 0, 3, 4, 2, 6]_1_6']
upper  20.0
lower  10.0
['bpc_25_[1, 0, 2, 6]_1_6', 'bpc_25_[1, 0, 3, 2, 6]_1_6', 'bpc_25_[1, 0, 3, 4, 2, 6]_1_6', 'bpc_25_[1, 0, 4, 2, 6]_1_6']
upper  20.0
lower  10.0
['bpc_25_[1, 0, 2, 6]_1_6', 'bpc_25_[1, 0, 3, 2, 6]_1_6', 'bpc_25_[1, 0, 3, 4, 2, 6]_1_6', 'bpc_25_[1, 0, 4, 2, 6]_1_6', 'bpc_25_[1, 0, 4, 3, 2, 6]_1_6']
upper  20.0
lower  10.0
0.833333333333
False
upper bound:16.6666666667
lower bound:8.33333333333
['bpc_180_[0, 1, 2, 3, 4, 10]_0_10']
upper  16.6666666667
lower  8.33333333333
['bpc_180_[0, 1, 2, 3, 4, 10]_0_10', 'bpc_180_[0, 1, 2, 4, 10]_0_10']
upper  16.6666666667
lower  8.33333333333
['bpc_180_[0, 1, 2, 3, 4, 10]_0_10', 'bpc_180_[0, 1, 2, 4, 10]_0_10', 'bpc_180_[0, 1, 3, 2, 4, 10]_0_10']
upper  16.6666666667
lower  8.33333333333
['bpc_180_[0, 1, 2, 3, 4, 10]_0_10', 'bpc_180_[0, 1, 2, 4, 10]_0_10', 'bpc_180_[0, 1, 3, 2, 4, 10]_0_10', 'bpc_180_[0, 1, 3, 4, 10]_0_10']
upper  16.6666666667
lower  8.33333333333
['bpc_180_[0, 1, 2, 3, 4, 10]_0_10', 'bpc_180_[0, 1, 2, 4, 10]_0_10', 'bpc_180_[0, 1, 3, 2, 4, 10]_0_10', 'bpc_180_[0, 1, 3, 4, 10]_0_10', 'bpc_180_[0, 1, 4, 10]_0_10']
upper  16.6666666667
lower  8.33333333333
1.0
False
upper bound:20.0
lower bound:10.0
['bpc_117_[1, 0, 2, 5]_1_5']
upper  20.0
lower  10.0
['bpc_117_[1, 0, 2, 5]_1_5', 'bpc_117_[1, 0, 3, 2, 5]_1_5']
upper  20.0
lower  10.0
['bpc_117_[1, 0, 2, 5]_1_5', 'bpc_117_[1, 0, 3, 2, 5]_1_5', 'bpc_117_[1, 0, 3, 4, 2, 5]_1_5']
upper  20.0
lower  10.0
['bpc_117_[1, 0, 2, 5]_1_5', 'bpc_117_[1, 0, 3, 2, 5]_1_5', 'bpc_117_[1, 0, 3, 4, 2, 5]_1_5', 'bpc_117_[1, 0, 4, 2, 5]_1_5']
upper  20.0
lower  10.0
['bpc_117_[1, 0, 2, 5]_1_5', 'bpc_117_[1, 0, 3, 2, 5]_1_5', 'bpc_117_[1, 0, 3, 4, 2, 5]_1_5', 'bpc_117_[1, 0, 4, 2, 5]_1_5', 'bpc_117_[1, 0, 4, 3, 2, 5]_1_5']
upper  20.0
lower  10.0
1.0
False
upper bound:20.0
lower bound:10.0
['bpc_155_[1, 0, 2, 3]_1_3']
upper  20.0
lower  10.0
['bpc_155_[1, 0, 2, 3]_1_3', 'bpc_155_[1, 0, 2, 4, 3]_1_3']
upper  20.0
lower  10.0
['bpc_155_[1, 0, 2, 3]_1_3', 'bpc_155_[1, 0, 2, 4, 3]_1_3', 'bpc_155_[1, 0, 3]_1_3']
upper  20.0
lower  10.0
['bpc_155_[1, 0, 2, 3]_1_3', 'bpc_155_[1, 0, 2, 4, 3]_1_3', 'bpc_155_[1, 0, 3]_1_3', 'bpc_155_[1, 0, 4, 2, 3]_1_3']
upper  20.0
lower  10.0
['bpc_155_[1, 0, 2, 3]_1_3', 'bpc_155_[1, 0, 2, 4, 3]_1_3', 'bpc_155_[1, 0, 3]_1_3', 'bpc_155_[1, 0, 4, 2, 3]_1_3', 'bpc_155_[1, 0, 4, 3]_1_3']
upper  20.0
lower  10.0
0.833333333333
False
upper bound:16.6666666667
lower bound:8.33333333333
['bpc_92_[0, 1, 2, 3, 4, 10]_0_10']
upper  16.6666666667
lower  8.33333333333
['bpc_92_[0, 1, 2, 3, 4, 10]_0_10', 'bpc_92_[0, 1, 2, 4, 10]_0_10']
upper  16.6666666667
lower  8.33333333333
['bpc_92_[0, 1, 2, 3, 4, 10]_0_10', 'bpc_92_[0, 1, 2, 4, 10]_0_10', 'bpc_92_[0, 1, 3, 2, 4, 10]_0_10']
upper  16.6666666667
lower  8.33333333333
['bpc_92_[0, 1, 2, 3, 4, 10]_0_10', 'bpc_92_[0, 1, 2, 4, 10]_0_10', 'bpc_92_[0, 1, 3, 2, 4, 10]_0_10', 'bpc_92_[0, 1, 3, 4, 10]_0_10']
upper  16.6666666667
lower  8.33333333333
['bpc_92_[0, 1, 2, 3, 4, 10]_0_10', 'bpc_92_[0, 1, 2, 4, 10]_0_10', 'bpc_92_[0, 1, 3, 2, 4, 10]_0_10', 'bpc_92_[0, 1, 3, 4, 10]_0_10', 'bpc_92_[0, 1, 4, 10]_0_10']
upper  16.6666666667
lower  8.33333333333
1.0
False
upper bound:20.0
lower bound:10.0
['bpc_130_[1, 0, 2, 3, 7]_1_7']
upper  20.0
lower  10.0
['bpc_130_[1, 0, 2, 3, 7]_1_7', 'bpc_130_[1, 0, 2, 4, 3, 7]_1_7']
upper  20.0
lower  10.0
['bpc_130_[1, 0, 2, 3, 7]_1_7', 'bpc_130_[1, 0, 2, 4, 3, 7]_1_7', 'bpc_130_[1, 0, 3, 7]_1_7']
upper  20.0
lower  10.0
['bpc_130_[1, 0, 2, 3, 7]_1_7', 'bpc_130_[1, 0, 2, 4, 3, 7]_1_7', 'bpc_130_[1, 0, 3, 7]_1_7', 'bpc_130_[1, 0, 4, 2, 3, 7]_1_7']
upper  20.0
lower  10.0
['bpc_130_[1, 0, 2, 3, 7]_1_7', 'bpc_130_[1, 0, 2, 4, 3, 7]_1_7', 'bpc_130_[1, 0, 3, 7]_1_7', 'bpc_130_[1, 0, 4, 2, 3, 7]_1_7', 'bpc_130_[1, 0, 4, 3, 7]_1_7']
upper  20.0
lower  10.0
1.0
False
upper bound:20.0
lower bound:10.0
['bpc_67_[1, 0, 2, 3]_1_3']
upper  20.0
lower  10.0
['bpc_67_[1, 0, 2, 3]_1_3', 'bpc_67_[1, 0, 2, 4, 3]_1_3']
upper  20.0
lower  10.0
['bpc_67_[1, 0, 2, 3]_1_3', 'bpc_67_[1, 0, 2, 4, 3]_1_3', 'bpc_67_[1, 0, 3]_1_3']
upper  20.0
lower  10.0
['bpc_67_[1, 0, 2, 3]_1_3', 'bpc_67_[1, 0, 2, 4, 3]_1_3', 'bpc_67_[1, 0, 3]_1_3', 'bpc_67_[1, 0, 4, 2, 3]_1_3']
upper  20.0
lower  10.0
['bpc_67_[1, 0, 2, 3]_1_3', 'bpc_67_[1, 0, 2, 4, 3]_1_3', 'bpc_67_[1, 0, 3]_1_3', 'bpc_67_[1, 0, 4, 2, 3]_1_3', 'bpc_67_[1, 0, 4, 3]_1_3']
upper  20.0
lower  10.0
1.0
False
upper bound:20.0
lower bound:10.0
['bpc_42_[1, 0, 2, 3, 7]_1_7']
upper  20.0
lower  10.0
['bpc_42_[1, 0, 2, 3, 7]_1_7', 'bpc_42_[1, 0, 2, 4, 3, 7]_1_7']
upper  20.0
lower  10.0
['bpc_42_[1, 0, 2, 3, 7]_1_7', 'bpc_42_[1, 0, 2, 4, 3, 7]_1_7', 'bpc_42_[1, 0, 3, 7]_1_7']
upper  20.0
lower  10.0
['bpc_42_[1, 0, 2, 3, 7]_1_7', 'bpc_42_[1, 0, 2, 4, 3, 7]_1_7', 'bpc_42_[1, 0, 3, 7]_1_7', 'bpc_42_[1, 0, 4, 2, 3, 7]_1_7']
upper  20.0
lower  10.0
['bpc_42_[1, 0, 2, 3, 7]_1_7', 'bpc_42_[1, 0, 2, 4, 3, 7]_1_7', 'bpc_42_[1, 0, 3, 7]_1_7', 'bpc_42_[1, 0, 4, 2, 3, 7]_1_7', 'bpc_42_[1, 0, 4, 3, 7]_1_7']
upper  20.0
lower  10.0
0.833333333333
False
upper bound:16.6666666667
lower bound:8.33333333333
['bpc_197_[0, 1, 2, 3, 4, 9]_0_9']
upper  16.6666666667
lower  8.33333333333
['bpc_197_[0, 1, 2, 3, 4, 9]_0_9', 'bpc_197_[0, 1, 2, 4, 9]_0_9']
upper  16.6666666667
lower  8.33333333333
['bpc_197_[0, 1, 2, 3, 4, 9]_0_9', 'bpc_197_[0, 1, 2, 4, 9]_0_9', 'bpc_197_[0, 1, 3, 2, 4, 9]_0_9']
upper  16.6666666667
lower  8.33333333333
['bpc_197_[0, 1, 2, 3, 4, 9]_0_9', 'bpc_197_[0, 1, 2, 4, 9]_0_9', 'bpc_197_[0, 1, 3, 2, 4, 9]_0_9', 'bpc_197_[0, 1, 3, 4, 9]_0_9']
upper  16.6666666667
lower  8.33333333333
['bpc_197_[0, 1, 2, 3, 4, 9]_0_9', 'bpc_197_[0, 1, 2, 4, 9]_0_9', 'bpc_197_[0, 1, 3, 2, 4, 9]_0_9', 'bpc_197_[0, 1, 3, 4, 9]_0_9', 'bpc_197_[0, 1, 4, 9]_0_9']
upper  16.6666666667
lower  8.33333333333
0.833333333333
False
upper bound:16.6666666667
lower bound:8.33333333333
['bpc_17_[0, 1]_0_1']
upper  16.6666666667
lower  8.33333333333
['bpc_17_[0, 1]_0_1', 'bpc_17_[0, 2, 1]_0_1']
upper  16.6666666667
lower  8.33333333333
['bpc_17_[0, 1]_0_1', 'bpc_17_[0, 2, 1]_0_1', 'bpc_17_[0, 2, 3, 1]_0_1']
upper  16.6666666667
lower  8.33333333333
['bpc_17_[0, 1]_0_1', 'bpc_17_[0, 2, 1]_0_1', 'bpc_17_[0, 2, 3, 1]_0_1', 'bpc_17_[0, 2, 3, 4, 1]_0_1']
upper  16.6666666667
lower  8.33333333333
['bpc_17_[0, 1]_0_1', 'bpc_17_[0, 2, 1]_0_1', 'bpc_17_[0, 2, 3, 1]_0_1', 'bpc_17_[0, 2, 3, 4, 1]_0_1', 'bpc_17_[0, 2, 4, 1]_0_1']
upper  16.6666666667
lower  8.33333333333
0.833333333333
False
upper bound:16.6666666667
lower bound:8.33333333333
['bpc_172_[0, 1, 2, 6]_0_6']
upper  16.6666666667
lower  8.33333333333
['bpc_172_[0, 1, 2, 6]_0_6', 'bpc_172_[0, 1, 3, 2, 6]_0_6']
upper  16.6666666667
lower  8.33333333333
['bpc_172_[0, 1, 2, 6]_0_6', 'bpc_172_[0, 1, 3, 2, 6]_0_6', 'bpc_172_[0, 1, 3, 4, 2, 6]_0_6']
upper  16.6666666667
lower  8.33333333333
['bpc_172_[0, 1, 2, 6]_0_6', 'bpc_172_[0, 1, 3, 2, 6]_0_6', 'bpc_172_[0, 1, 3, 4, 2, 6]_0_6', 'bpc_172_[0, 1, 4, 2, 6]_0_6']
upper  16.6666666667
lower  8.33333333333
['bpc_172_[0, 1, 2, 6]_0_6', 'bpc_172_[0, 1, 3, 2, 6]_0_6', 'bpc_172_[0, 1, 3, 4, 2, 6]_0_6', 'bpc_172_[0, 1, 4, 2, 6]_0_6', 'bpc_172_[0, 1, 4, 3, 2, 6]_0_6']
upper  16.6666666667
lower  8.33333333333
0.833333333333
False
upper bound:16.6666666667
lower bound:8.33333333333
['bpc_109_[0, 1, 2, 3, 4, 9]_0_9']
upper  16.6666666667
lower  8.33333333333
['bpc_109_[0, 1, 2, 3, 4, 9]_0_9', 'bpc_109_[0, 1, 2, 4, 9]_0_9']
upper  16.6666666667
lower  8.33333333333
['bpc_109_[0, 1, 2, 3, 4, 9]_0_9', 'bpc_109_[0, 1, 2, 4, 9]_0_9', 'bpc_109_[0, 1, 3, 2, 4, 9]_0_9']
upper  16.6666666667
lower  8.33333333333
['bpc_109_[0, 1, 2, 3, 4, 9]_0_9', 'bpc_109_[0, 1, 2, 4, 9]_0_9', 'bpc_109_[0, 1, 3, 2, 4, 9]_0_9', 'bpc_109_[0, 1, 3, 4, 9]_0_9']
upper  16.6666666667
lower  8.33333333333
['bpc_109_[0, 1, 2, 3, 4, 9]_0_9', 'bpc_109_[0, 1, 2, 4, 9]_0_9', 'bpc_109_[0, 1, 3, 2, 4, 9]_0_9', 'bpc_109_[0, 1, 3, 4, 9]_0_9', 'bpc_109_[0, 1, 4, 9]_0_9']
upper  16.6666666667
lower  8.33333333333
1.0
False
upper bound:20.0
lower bound:10.0
['bpc_147_[1, 0]_1_0']
upper  20.0
lower  10.0
['bpc_147_[1, 0]_1_0', 'bpc_147_[1, 2, 0]_1_0']
upper  20.0
lower  10.0
['bpc_147_[1, 0]_1_0', 'bpc_147_[1, 2, 0]_1_0', 'bpc_147_[1, 2, 3, 0]_1_0']
upper  20.0
lower  10.0
['bpc_147_[1, 0]_1_0', 'bpc_147_[1, 2, 0]_1_0', 'bpc_147_[1, 2, 3, 0]_1_0', 'bpc_147_[1, 2, 3, 4, 0]_1_0']
upper  20.0
lower  10.0
['bpc_147_[1, 0]_1_0', 'bpc_147_[1, 2, 0]_1_0', 'bpc_147_[1, 2, 3, 0]_1_0', 'bpc_147_[1, 2, 3, 4, 0]_1_0', 'bpc_147_[1, 2, 4, 0]_1_0']
upper  20.0
lower  10.0
0.833333333333
False
upper bound:16.6666666667
lower bound:8.33333333333
['bpc_84_[0, 1, 2, 6]_0_6']
upper  16.6666666667
lower  8.33333333333
['bpc_84_[0, 1, 2, 6]_0_6', 'bpc_84_[0, 1, 3, 2, 6]_0_6']
upper  16.6666666667
lower  8.33333333333
['bpc_84_[0, 1, 2, 6]_0_6', 'bpc_84_[0, 1, 3, 2, 6]_0_6', 'bpc_84_[0, 1, 3, 4, 2, 6]_0_6']
upper  16.6666666667
lower  8.33333333333
['bpc_84_[0, 1, 2, 6]_0_6', 'bpc_84_[0, 1, 3, 2, 6]_0_6', 'bpc_84_[0, 1, 3, 4, 2, 6]_0_6', 'bpc_84_[0, 1, 4, 2, 6]_0_6']
upper  16.6666666667
lower  8.33333333333
['bpc_84_[0, 1, 2, 6]_0_6', 'bpc_84_[0, 1, 3, 2, 6]_0_6', 'bpc_84_[0, 1, 3, 4, 2, 6]_0_6', 'bpc_84_[0, 1, 4, 2, 6]_0_6', 'bpc_84_[0, 1, 4, 3, 2, 6]_0_6']
upper  16.6666666667
lower  8.33333333333
1.0
False
upper bound:20.0
lower bound:10.0
['bpc_59_[1, 0]_1_0']
upper  20.0
lower  10.0
['bpc_59_[1, 0]_1_0', 'bpc_59_[1, 2, 0]_1_0']
upper  20.0
lower  10.0
['bpc_59_[1, 0]_1_0', 'bpc_59_[1, 2, 0]_1_0', 'bpc_59_[1, 2, 3, 0]_1_0']
upper  20.0
lower  10.0
['bpc_59_[1, 0]_1_0', 'bpc_59_[1, 2, 0]_1_0', 'bpc_59_[1, 2, 3, 0]_1_0', 'bpc_59_[1, 2, 3, 4, 0]_1_0']
upper  20.0
lower  10.0
['bpc_59_[1, 0]_1_0', 'bpc_59_[1, 2, 0]_1_0', 'bpc_59_[1, 2, 3, 0]_1_0', 'bpc_59_[1, 2, 3, 4, 0]_1_0', 'bpc_59_[1, 2, 4, 0]_1_0']
upper  20.0
lower  10.0
0.833333333333
False
upper bound:16.6666666667
lower bound:8.33333333333
['bpc_214_[0, 1, 2, 3, 8]_0_8']
upper  16.6666666667
lower  8.33333333333
['bpc_214_[0, 1, 2, 3, 8]_0_8', 'bpc_214_[0, 1, 2, 4, 3, 8]_0_8']
upper  16.6666666667
lower  8.33333333333
['bpc_214_[0, 1, 2, 3, 8]_0_8', 'bpc_214_[0, 1, 2, 4, 3, 8]_0_8', 'bpc_214_[0, 1, 3, 8]_0_8']
upper  16.6666666667
lower  8.33333333333
['bpc_214_[0, 1, 2, 3, 8]_0_8', 'bpc_214_[0, 1, 2, 4, 3, 8]_0_8', 'bpc_214_[0, 1, 3, 8]_0_8', 'bpc_214_[0, 1, 4, 2, 3, 8]_0_8']
upper  16.6666666667
lower  8.33333333333
['bpc_214_[0, 1, 2, 3, 8]_0_8', 'bpc_214_[0, 1, 2, 4, 3, 8]_0_8', 'bpc_214_[0, 1, 3, 8]_0_8', 'bpc_214_[0, 1, 4, 2, 3, 8]_0_8', 'bpc_214_[0, 1, 4, 3, 8]_0_8']
upper  16.6666666667
lower  8.33333333333
1.0
False
upper bound:20.0
lower bound:10.0
['bpc_34_[1, 0, 2, 3, 4]_1_4']
upper  20.0
lower  10.0
['bpc_34_[1, 0, 2, 3, 4]_1_4', 'bpc_34_[1, 0, 2, 4]_1_4']
upper  20.0
lower  10.0
['bpc_34_[1, 0, 2, 3, 4]_1_4', 'bpc_34_[1, 0, 2, 4]_1_4', 'bpc_34_[1, 0, 3, 2, 4]_1_4']
upper  20.0
lower  10.0
['bpc_34_[1, 0, 2, 3, 4]_1_4', 'bpc_34_[1, 0, 2, 4]_1_4', 'bpc_34_[1, 0, 3, 2, 4]_1_4', 'bpc_34_[1, 0, 3, 4]_1_4']
upper  20.0
lower  10.0
['bpc_34_[1, 0, 2, 3, 4]_1_4', 'bpc_34_[1, 0, 2, 4]_1_4', 'bpc_34_[1, 0, 3, 2, 4]_1_4', 'bpc_34_[1, 0, 3, 4]_1_4', 'bpc_34_[1, 0, 4]_1_4']
upper  20.0
lower  10.0
0.833333333333
False
upper bound:16.6666666667
lower bound:8.33333333333
['bpc_189_[0, 1, 2, 5]_0_5']
upper  16.6666666667
lower  8.33333333333
['bpc_189_[0, 1, 2, 5]_0_5', 'bpc_189_[0, 1, 3, 2, 5]_0_5']
upper  16.6666666667
lower  8.33333333333
['bpc_189_[0, 1, 2, 5]_0_5', 'bpc_189_[0, 1, 3, 2, 5]_0_5', 'bpc_189_[0, 1, 3, 4, 2, 5]_0_5']
upper  16.6666666667
lower  8.33333333333
['bpc_189_[0, 1, 2, 5]_0_5', 'bpc_189_[0, 1, 3, 2, 5]_0_5', 'bpc_189_[0, 1, 3, 4, 2, 5]_0_5', 'bpc_189_[0, 1, 4, 2, 5]_0_5']
upper  16.6666666667
lower  8.33333333333
['bpc_189_[0, 1, 2, 5]_0_5', 'bpc_189_[0, 1, 3, 2, 5]_0_5', 'bpc_189_[0, 1, 3, 4, 2, 5]_0_5', 'bpc_189_[0, 1, 4, 2, 5]_0_5', 'bpc_189_[0, 1, 4, 3, 2, 5]_0_5']
upper  16.6666666667
lower  8.33333333333
0.833333333333
False
upper bound:16.6666666667
lower bound:8.33333333333
['bpc_126_[0, 1, 2, 3, 8]_0_8']
upper  16.6666666667
lower  8.33333333333
['bpc_126_[0, 1, 2, 3, 8]_0_8', 'bpc_126_[0, 1, 2, 4, 3, 8]_0_8']
upper  16.6666666667
lower  8.33333333333
['bpc_126_[0, 1, 2, 3, 8]_0_8', 'bpc_126_[0, 1, 2, 4, 3, 8]_0_8', 'bpc_126_[0, 1, 3, 8]_0_8']
upper  16.6666666667
lower  8.33333333333
['bpc_126_[0, 1, 2, 3, 8]_0_8', 'bpc_126_[0, 1, 2, 4, 3, 8]_0_8', 'bpc_126_[0, 1, 3, 8]_0_8', 'bpc_126_[0, 1, 4, 2, 3, 8]_0_8']
upper  16.6666666667
lower  8.33333333333
['bpc_126_[0, 1, 2, 3, 8]_0_8', 'bpc_126_[0, 1, 2, 4, 3, 8]_0_8', 'bpc_126_[0, 1, 3, 8]_0_8', 'bpc_126_[0, 1, 4, 2, 3, 8]_0_8', 'bpc_126_[0, 1, 4, 3, 8]_0_8']
upper  16.6666666667
lower  8.33333333333
1.0
False
upper bound:20.0
lower bound:10.0
['bpc_9_[1, 0, 2, 3, 4, 10]_1_10']
upper  20.0
lower  10.0
['bpc_9_[1, 0, 2, 3, 4, 10]_1_10', 'bpc_9_[1, 0, 2, 4, 10]_1_10']
upper  20.0
lower  10.0
['bpc_9_[1, 0, 2, 3, 4, 10]_1_10', 'bpc_9_[1, 0, 2, 4, 10]_1_10', 'bpc_9_[1, 0, 3, 2, 4, 10]_1_10']
upper  20.0
lower  10.0
['bpc_9_[1, 0, 2, 3, 4, 10]_1_10', 'bpc_9_[1, 0, 2, 4, 10]_1_10', 'bpc_9_[1, 0, 3, 2, 4, 10]_1_10', 'bpc_9_[1, 0, 3, 4, 10]_1_10']
upper  20.0
lower  10.0
['bpc_9_[1, 0, 2, 3, 4, 10]_1_10', 'bpc_9_[1, 0, 2, 4, 10]_1_10', 'bpc_9_[1, 0, 3, 2, 4, 10]_1_10', 'bpc_9_[1, 0, 3, 4, 10]_1_10', 'bpc_9_[1, 0, 4, 10]_1_10']
upper  20.0
lower  10.0
1.0
False
upper bound:20.0
lower bound:10.0
['bpc_164_[1, 0, 1]_1_1']
upper  20.0
lower  10.0
['bpc_164_[1, 0, 1]_1_1', 'bpc_164_[1, 0, 2, 1]_1_1']
upper  20.0
lower  10.0
['bpc_164_[1, 0, 1]_1_1', 'bpc_164_[1, 0, 2, 1]_1_1', 'bpc_164_[1, 0, 2, 3, 1]_1_1']
upper  20.0
lower  10.0
['bpc_164_[1, 0, 1]_1_1', 'bpc_164_[1, 0, 2, 1]_1_1', 'bpc_164_[1, 0, 2, 3, 1]_1_1', 'bpc_164_[1, 0, 2, 3, 4, 1]_1_1']
upper  20.0
lower  10.0
['bpc_164_[1, 0, 1]_1_1', 'bpc_164_[1, 0, 2, 1]_1_1', 'bpc_164_[1, 0, 2, 3, 1]_1_1', 'bpc_164_[1, 0, 2, 3, 4, 1]_1_1', 'bpc_164_[1, 0, 2, 4, 1]_1_1']
upper  20.0
lower  10.0
0.833333333333
False
upper bound:16.6666666667
lower bound:8.33333333333
['bpc_101_[0, 1, 2, 5]_0_5']
upper  16.6666666667
lower  8.33333333333
['bpc_101_[0, 1, 2, 5]_0_5', 'bpc_101_[0, 1, 3, 2, 5]_0_5']
upper  16.6666666667
lower  8.33333333333
['bpc_101_[0, 1, 2, 5]_0_5', 'bpc_101_[0, 1, 3, 2, 5]_0_5', 'bpc_101_[0, 1, 3, 4, 2, 5]_0_5']
upper  16.6666666667
lower  8.33333333333
['bpc_101_[0, 1, 2, 5]_0_5', 'bpc_101_[0, 1, 3, 2, 5]_0_5', 'bpc_101_[0, 1, 3, 4, 2, 5]_0_5', 'bpc_101_[0, 1, 4, 2, 5]_0_5']
upper  16.6666666667
lower  8.33333333333
['bpc_101_[0, 1, 2, 5]_0_5', 'bpc_101_[0, 1, 3, 2, 5]_0_5', 'bpc_101_[0, 1, 3, 4, 2, 5]_0_5', 'bpc_101_[0, 1, 4, 2, 5]_0_5', 'bpc_101_[0, 1, 4, 3, 2, 5]_0_5']
upper  16.6666666667
lower  8.33333333333
1.0
False
upper bound:20.0
lower bound:10.0
['bpc_139_[1, 0, 2, 5]_1_5']
upper  20.0
lower  10.0
['bpc_139_[1, 0, 2, 5]_1_5', 'bpc_139_[1, 0, 3, 2, 5]_1_5']
upper  20.0
lower  10.0
['bpc_139_[1, 0, 2, 5]_1_5', 'bpc_139_[1, 0, 3, 2, 5]_1_5', 'bpc_139_[1, 0, 3, 4, 2, 5]_1_5']
upper  20.0
lower  10.0
['bpc_139_[1, 0, 2, 5]_1_5', 'bpc_139_[1, 0, 3, 2, 5]_1_5', 'bpc_139_[1, 0, 3, 4, 2, 5]_1_5', 'bpc_139_[1, 0, 4, 2, 5]_1_5']
upper  20.0
lower  10.0
['bpc_139_[1, 0, 2, 5]_1_5', 'bpc_139_[1, 0, 3, 2, 5]_1_5', 'bpc_139_[1, 0, 3, 4, 2, 5]_1_5', 'bpc_139_[1, 0, 4, 2, 5]_1_5', 'bpc_139_[1, 0, 4, 3, 2, 5]_1_5']
upper  20.0
lower  10.0
1.0
False
upper bound:20.0
lower bound:10.0
['bpc_76_[1, 0, 1]_1_1']
upper  20.0
lower  10.0
['bpc_76_[1, 0, 1]_1_1', 'bpc_76_[1, 0, 2, 1]_1_1']
upper  20.0
lower  10.0
['bpc_76_[1, 0, 1]_1_1', 'bpc_76_[1, 0, 2, 1]_1_1', 'bpc_76_[1, 0, 2, 3, 1]_1_1']
upper  20.0
lower  10.0
['bpc_76_[1, 0, 1]_1_1', 'bpc_76_[1, 0, 2, 1]_1_1', 'bpc_76_[1, 0, 2, 3, 1]_1_1', 'bpc_76_[1, 0, 2, 3, 4, 1]_1_1']
upper  20.0
lower  10.0
['bpc_76_[1, 0, 1]_1_1', 'bpc_76_[1, 0, 2, 1]_1_1', 'bpc_76_[1, 0, 2, 3, 1]_1_1', 'bpc_76_[1, 0, 2, 3, 4, 1]_1_1', 'bpc_76_[1, 0, 2, 4, 1]_1_1']
upper  20.0
lower  10.0
1.0
False
upper bound:20.0
lower bound:10.0
['bpc_51_[1, 0, 2, 5]_1_5']
upper  20.0
lower  10.0
['bpc_51_[1, 0, 2, 5]_1_5', 'bpc_51_[1, 0, 3, 2, 5]_1_5']
upper  20.0
lower  10.0
['bpc_51_[1, 0, 2, 5]_1_5', 'bpc_51_[1, 0, 3, 2, 5]_1_5', 'bpc_51_[1, 0, 3, 4, 2, 5]_1_5']
upper  20.0
lower  10.0
['bpc_51_[1, 0, 2, 5]_1_5', 'bpc_51_[1, 0, 3, 2, 5]_1_5', 'bpc_51_[1, 0, 3, 4, 2, 5]_1_5', 'bpc_51_[1, 0, 4, 2, 5]_1_5']
upper  20.0
lower  10.0
['bpc_51_[1, 0, 2, 5]_1_5', 'bpc_51_[1, 0, 3, 2, 5]_1_5', 'bpc_51_[1, 0, 3, 4, 2, 5]_1_5', 'bpc_51_[1, 0, 4, 2, 5]_1_5', 'bpc_51_[1, 0, 4, 3, 2, 5]_1_5']
upper  20.0
lower  10.0
0.833333333333
False
upper bound:16.6666666667
lower bound:8.33333333333
['bpc_206_[0, 1, 2, 3, 4]_0_4']
upper  16.6666666667
lower  8.33333333333
['bpc_206_[0, 1, 2, 3, 4]_0_4', 'bpc_206_[0, 1, 2, 4]_0_4']
upper  16.6666666667
lower  8.33333333333
['bpc_206_[0, 1, 2, 3, 4]_0_4', 'bpc_206_[0, 1, 2, 4]_0_4', 'bpc_206_[0, 1, 3, 2, 4]_0_4']
upper  16.6666666667
lower  8.33333333333
['bpc_206_[0, 1, 2, 3, 4]_0_4', 'bpc_206_[0, 1, 2, 4]_0_4', 'bpc_206_[0, 1, 3, 2, 4]_0_4', 'bpc_206_[0, 1, 3, 4]_0_4']
upper  16.6666666667
lower  8.33333333333
['bpc_206_[0, 1, 2, 3, 4]_0_4', 'bpc_206_[0, 1, 2, 4]_0_4', 'bpc_206_[0, 1, 3, 2, 4]_0_4', 'bpc_206_[0, 1, 3, 4]_0_4', 'bpc_206_[0, 1, 4]_0_4']
upper  16.6666666667
lower  8.33333333333
0.833333333333
False
upper bound:16.6666666667
lower bound:8.33333333333
['bpc_26_[0, 1, 2, 3, 4, 10]_0_10']
upper  16.6666666667
lower  8.33333333333
['bpc_26_[0, 1, 2, 3, 4, 10]_0_10', 'bpc_26_[0, 1, 2, 4, 10]_0_10']
upper  16.6666666667
lower  8.33333333333
['bpc_26_[0, 1, 2, 3, 4, 10]_0_10', 'bpc_26_[0, 1, 2, 4, 10]_0_10', 'bpc_26_[0, 1, 3, 2, 4, 10]_0_10']
upper  16.6666666667
lower  8.33333333333
['bpc_26_[0, 1, 2, 3, 4, 10]_0_10', 'bpc_26_[0, 1, 2, 4, 10]_0_10', 'bpc_26_[0, 1, 3, 2, 4, 10]_0_10', 'bpc_26_[0, 1, 3, 4, 10]_0_10']
upper  16.6666666667
lower  8.33333333333
['bpc_26_[0, 1, 2, 3, 4, 10]_0_10', 'bpc_26_[0, 1, 2, 4, 10]_0_10', 'bpc_26_[0, 1, 3, 2, 4, 10]_0_10', 'bpc_26_[0, 1, 3, 4, 10]_0_10', 'bpc_26_[0, 1, 4, 10]_0_10']
upper  16.6666666667
lower  8.33333333333
0.833333333333
False
upper bound:16.6666666667
lower bound:8.33333333333
['bpc_181_[0, 1, 2, 3]_0_3']
upper  16.6666666667
lower  8.33333333333
['bpc_181_[0, 1, 2, 3]_0_3', 'bpc_181_[0, 1, 2, 4, 3]_0_3']
upper  16.6666666667
lower  8.33333333333
['bpc_181_[0, 1, 2, 3]_0_3', 'bpc_181_[0, 1, 2, 4, 3]_0_3', 'bpc_181_[0, 1, 3]_0_3']
upper  16.6666666667
lower  8.33333333333
['bpc_181_[0, 1, 2, 3]_0_3', 'bpc_181_[0, 1, 2, 4, 3]_0_3', 'bpc_181_[0, 1, 3]_0_3', 'bpc_181_[0, 1, 4, 2, 3]_0_3']
upper  16.6666666667
lower  8.33333333333
['bpc_181_[0, 1, 2, 3]_0_3', 'bpc_181_[0, 1, 2, 4, 3]_0_3', 'bpc_181_[0, 1, 3]_0_3', 'bpc_181_[0, 1, 4, 2, 3]_0_3', 'bpc_181_[0, 1, 4, 3]_0_3']
upper  16.6666666667
lower  8.33333333333
0.833333333333
False
upper bound:16.6666666667
lower bound:8.33333333333
['bpc_118_[0, 1, 2, 3, 4]_0_4']
upper  16.6666666667
lower  8.33333333333
['bpc_118_[0, 1, 2, 3, 4]_0_4', 'bpc_118_[0, 1, 2, 4]_0_4']
upper  16.6666666667
lower  8.33333333333
['bpc_118_[0, 1, 2, 3, 4]_0_4', 'bpc_118_[0, 1, 2, 4]_0_4', 'bpc_118_[0, 1, 3, 2, 4]_0_4']
upper  16.6666666667
lower  8.33333333333
['bpc_118_[0, 1, 2, 3, 4]_0_4', 'bpc_118_[0, 1, 2, 4]_0_4', 'bpc_118_[0, 1, 3, 2, 4]_0_4', 'bpc_118_[0, 1, 3, 4]_0_4']
upper  16.6666666667
lower  8.33333333333
['bpc_118_[0, 1, 2, 3, 4]_0_4', 'bpc_118_[0, 1, 2, 4]_0_4', 'bpc_118_[0, 1, 3, 2, 4]_0_4', 'bpc_118_[0, 1, 3, 4]_0_4', 'bpc_118_[0, 1, 4]_0_4']
upper  16.6666666667
lower  8.33333333333
1.0
False
upper bound:20.0
lower bound:10.0
['bpc_1_[1, 0, 2, 3]_1_3']
upper  20.0
lower  10.0
['bpc_1_[1, 0, 2, 3]_1_3', 'bpc_1_[1, 0, 2, 4, 3]_1_3']
upper  20.0
lower  10.0
['bpc_1_[1, 0, 2, 3]_1_3', 'bpc_1_[1, 0, 2, 4, 3]_1_3', 'bpc_1_[1, 0, 3]_1_3']
upper  20.0
lower  10.0
['bpc_1_[1, 0, 2, 3]_1_3', 'bpc_1_[1, 0, 2, 4, 3]_1_3', 'bpc_1_[1, 0, 3]_1_3', 'bpc_1_[1, 0, 4, 2, 3]_1_3']
upper  20.0
lower  10.0
['bpc_1_[1, 0, 2, 3]_1_3', 'bpc_1_[1, 0, 2, 4, 3]_1_3', 'bpc_1_[1, 0, 3]_1_3', 'bpc_1_[1, 0, 4, 2, 3]_1_3', 'bpc_1_[1, 0, 4, 3]_1_3']
upper  20.0
lower  10.0
0.833333333333
False
upper bound:16.6666666667
lower bound:8.33333333333
['bpc_156_[0, 1, 2, 3, 7]_0_7']
upper  16.6666666667
lower  8.33333333333
['bpc_156_[0, 1, 2, 3, 7]_0_7', 'bpc_156_[0, 1, 2, 4, 3, 7]_0_7']
upper  16.6666666667
lower  8.33333333333
['bpc_156_[0, 1, 2, 3, 7]_0_7', 'bpc_156_[0, 1, 2, 4, 3, 7]_0_7', 'bpc_156_[0, 1, 3, 7]_0_7']
upper  16.6666666667
lower  8.33333333333
['bpc_156_[0, 1, 2, 3, 7]_0_7', 'bpc_156_[0, 1, 2, 4, 3, 7]_0_7', 'bpc_156_[0, 1, 3, 7]_0_7', 'bpc_156_[0, 1, 4, 2, 3, 7]_0_7']
upper  16.6666666667
lower  8.33333333333
['bpc_156_[0, 1, 2, 3, 7]_0_7', 'bpc_156_[0, 1, 2, 4, 3, 7]_0_7', 'bpc_156_[0, 1, 3, 7]_0_7', 'bpc_156_[0, 1, 4, 2, 3, 7]_0_7', 'bpc_156_[0, 1, 4, 3, 7]_0_7']
upper  16.6666666667
lower  8.33333333333
0.833333333333
False
upper bound:16.6666666667
lower bound:8.33333333333
['bpc_93_[0, 1, 2, 3]_0_3']
upper  16.6666666667
lower  8.33333333333
['bpc_93_[0, 1, 2, 3]_0_3', 'bpc_93_[0, 1, 2, 4, 3]_0_3']
upper  16.6666666667
lower  8.33333333333
['bpc_93_[0, 1, 2, 3]_0_3', 'bpc_93_[0, 1, 2, 4, 3]_0_3', 'bpc_93_[0, 1, 3]_0_3']
upper  16.6666666667
lower  8.33333333333
['bpc_93_[0, 1, 2, 3]_0_3', 'bpc_93_[0, 1, 2, 4, 3]_0_3', 'bpc_93_[0, 1, 3]_0_3', 'bpc_93_[0, 1, 4, 2, 3]_0_3']
upper  16.6666666667
lower  8.33333333333
['bpc_93_[0, 1, 2, 3]_0_3', 'bpc_93_[0, 1, 2, 4, 3]_0_3', 'bpc_93_[0, 1, 3]_0_3', 'bpc_93_[0, 1, 4, 2, 3]_0_3', 'bpc_93_[0, 1, 4, 3]_0_3']
upper  16.6666666667
lower  8.33333333333
0.833333333333
False
upper bound:16.6666666667
lower bound:8.33333333333
['bpc_131_[0, 1, 2, 3, 4, 9]_0_9']
upper  16.6666666667
lower  8.33333333333
['bpc_131_[0, 1, 2, 3, 4, 9]_0_9', 'bpc_131_[0, 1, 2, 4, 9]_0_9']
upper  16.6666666667
lower  8.33333333333
['bpc_131_[0, 1, 2, 3, 4, 9]_0_9', 'bpc_131_[0, 1, 2, 4, 9]_0_9', 'bpc_131_[0, 1, 3, 2, 4, 9]_0_9']
upper  16.6666666667
lower  8.33333333333
['bpc_131_[0, 1, 2, 3, 4, 9]_0_9', 'bpc_131_[0, 1, 2, 4, 9]_0_9', 'bpc_131_[0, 1, 3, 2, 4, 9]_0_9', 'bpc_131_[0, 1, 3, 4, 9]_0_9']
upper  16.6666666667
lower  8.33333333333
['bpc_131_[0, 1, 2, 3, 4, 9]_0_9', 'bpc_131_[0, 1, 2, 4, 9]_0_9', 'bpc_131_[0, 1, 3, 2, 4, 9]_0_9', 'bpc_131_[0, 1, 3, 4, 9]_0_9', 'bpc_131_[0, 1, 4, 9]_0_9']
upper  16.6666666667
lower  8.33333333333
0.833333333333
False
upper bound:16.6666666667
lower bound:8.33333333333
['bpc_68_[0, 1, 2, 3, 7]_0_7']
upper  16.6666666667
lower  8.33333333333
['bpc_68_[0, 1, 2, 3, 7]_0_7', 'bpc_68_[0, 1, 2, 4, 3, 7]_0_7']
upper  16.6666666667
lower  8.33333333333
['bpc_68_[0, 1, 2, 3, 7]_0_7', 'bpc_68_[0, 1, 2, 4, 3, 7]_0_7', 'bpc_68_[0, 1, 3, 7]_0_7']
upper  16.6666666667
lower  8.33333333333
['bpc_68_[0, 1, 2, 3, 7]_0_7', 'bpc_68_[0, 1, 2, 4, 3, 7]_0_7', 'bpc_68_[0, 1, 3, 7]_0_7', 'bpc_68_[0, 1, 4, 2, 3, 7]_0_7']
upper  16.6666666667
lower  8.33333333333
['bpc_68_[0, 1, 2, 3, 7]_0_7', 'bpc_68_[0, 1, 2, 4, 3, 7]_0_7', 'bpc_68_[0, 1, 3, 7]_0_7', 'bpc_68_[0, 1, 4, 2, 3, 7]_0_7', 'bpc_68_[0, 1, 4, 3, 7]_0_7']
upper  16.6666666667
lower  8.33333333333
0.833333333333
False
upper bound:16.6666666667
lower bound:8.33333333333
['bpc_43_[0, 1, 2, 3, 4, 9]_0_9']
upper  16.6666666667
lower  8.33333333333
['bpc_43_[0, 1, 2, 3, 4, 9]_0_9', 'bpc_43_[0, 1, 2, 4, 9]_0_9']
upper  16.6666666667
lower  8.33333333333
['bpc_43_[0, 1, 2, 3, 4, 9]_0_9', 'bpc_43_[0, 1, 2, 4, 9]_0_9', 'bpc_43_[0, 1, 3, 2, 4, 9]_0_9']
upper  16.6666666667
lower  8.33333333333
['bpc_43_[0, 1, 2, 3, 4, 9]_0_9', 'bpc_43_[0, 1, 2, 4, 9]_0_9', 'bpc_43_[0, 1, 3, 2, 4, 9]_0_9', 'bpc_43_[0, 1, 3, 4, 9]_0_9']
upper  16.6666666667
lower  8.33333333333
['bpc_43_[0, 1, 2, 3, 4, 9]_0_9', 'bpc_43_[0, 1, 2, 4, 9]_0_9', 'bpc_43_[0, 1, 3, 2, 4, 9]_0_9', 'bpc_43_[0, 1, 3, 4, 9]_0_9', 'bpc_43_[0, 1, 4, 9]_0_9']
upper  16.6666666667
lower  8.33333333333
0.833333333333
False
upper bound:16.6666666667
lower bound:8.33333333333
['bpc_198_[0, 1, 2]_0_2']
upper  16.6666666667
lower  8.33333333333
['bpc_198_[0, 1, 2]_0_2', 'bpc_198_[0, 1, 3, 2]_0_2']
upper  16.6666666667
lower  8.33333333333
['bpc_198_[0, 1, 2]_0_2', 'bpc_198_[0, 1, 3, 2]_0_2', 'bpc_198_[0, 1, 3, 4, 2]_0_2']
upper  16.6666666667
lower  8.33333333333
['bpc_198_[0, 1, 2]_0_2', 'bpc_198_[0, 1, 3, 2]_0_2', 'bpc_198_[0, 1, 3, 4, 2]_0_2', 'bpc_198_[0, 1, 4, 2]_0_2']
upper  16.6666666667
lower  8.33333333333
['bpc_198_[0, 1, 2]_0_2', 'bpc_198_[0, 1, 3, 2]_0_2', 'bpc_198_[0, 1, 3, 4, 2]_0_2', 'bpc_198_[0, 1, 4, 2]_0_2', 'bpc_198_[0, 1, 4, 3, 2]_0_2']
upper  16.6666666667
lower  8.33333333333
0.833333333333
False
upper bound:16.6666666667
lower bound:8.33333333333
['bpc_18_[0, 1, 2, 6]_0_6']
upper  16.6666666667
lower  8.33333333333
['bpc_18_[0, 1, 2, 6]_0_6', 'bpc_18_[0, 1, 3, 2, 6]_0_6']
upper  16.6666666667
lower  8.33333333333
['bpc_18_[0, 1, 2, 6]_0_6', 'bpc_18_[0, 1, 3, 2, 6]_0_6', 'bpc_18_[0, 1, 3, 4, 2, 6]_0_6']
upper  16.6666666667
lower  8.33333333333
['bpc_18_[0, 1, 2, 6]_0_6', 'bpc_18_[0, 1, 3, 2, 6]_0_6', 'bpc_18_[0, 1, 3, 4, 2, 6]_0_6', 'bpc_18_[0, 1, 4, 2, 6]_0_6']
upper  16.6666666667
lower  8.33333333333
['bpc_18_[0, 1, 2, 6]_0_6', 'bpc_18_[0, 1, 3, 2, 6]_0_6', 'bpc_18_[0, 1, 3, 4, 2, 6]_0_6', 'bpc_18_[0, 1, 4, 2, 6]_0_6', 'bpc_18_[0, 1, 4, 3, 2, 6]_0_6']
upper  16.6666666667
lower  8.33333333333
1.0
False
upper bound:20.0
lower bound:10.0
['bpc_173_[1, 0, 2, 3, 8]_1_8']
upper  20.0
lower  10.0
['bpc_173_[1, 0, 2, 3, 8]_1_8', 'bpc_173_[1, 0, 2, 4, 3, 8]_1_8']
upper  20.0
lower  10.0
['bpc_173_[1, 0, 2, 3, 8]_1_8', 'bpc_173_[1, 0, 2, 4, 3, 8]_1_8', 'bpc_173_[1, 0, 3, 8]_1_8']
upper  20.0
lower  10.0
['bpc_173_[1, 0, 2, 3, 8]_1_8', 'bpc_173_[1, 0, 2, 4, 3, 8]_1_8', 'bpc_173_[1, 0, 3, 8]_1_8', 'bpc_173_[1, 0, 4, 2, 3, 8]_1_8']
upper  20.0
lower  10.0
['bpc_173_[1, 0, 2, 3, 8]_1_8', 'bpc_173_[1, 0, 2, 4, 3, 8]_1_8', 'bpc_173_[1, 0, 3, 8]_1_8', 'bpc_173_[1, 0, 4, 2, 3, 8]_1_8', 'bpc_173_[1, 0, 4, 3, 8]_1_8']
upper  20.0
lower  10.0
0.833333333333
False
upper bound:16.6666666667
lower bound:8.33333333333
['bpc_110_[0, 1, 2]_0_2']
upper  16.6666666667
lower  8.33333333333
['bpc_110_[0, 1, 2]_0_2', 'bpc_110_[0, 1, 3, 2]_0_2']
upper  16.6666666667
lower  8.33333333333
['bpc_110_[0, 1, 2]_0_2', 'bpc_110_[0, 1, 3, 2]_0_2', 'bpc_110_[0, 1, 3, 4, 2]_0_2']
upper  16.6666666667
lower  8.33333333333
['bpc_110_[0, 1, 2]_0_2', 'bpc_110_[0, 1, 3, 2]_0_2', 'bpc_110_[0, 1, 3, 4, 2]_0_2', 'bpc_110_[0, 1, 4, 2]_0_2']
upper  16.6666666667
lower  8.33333333333
['bpc_110_[0, 1, 2]_0_2', 'bpc_110_[0, 1, 3, 2]_0_2', 'bpc_110_[0, 1, 3, 4, 2]_0_2', 'bpc_110_[0, 1, 4, 2]_0_2', 'bpc_110_[0, 1, 4, 3, 2]_0_2']
upper  16.6666666667
lower  8.33333333333
0.833333333333
False
upper bound:16.6666666667
lower bound:8.33333333333
['bpc_148_[0, 1, 2, 3, 8]_0_8']
upper  16.6666666667
lower  8.33333333333
['bpc_148_[0, 1, 2, 3, 8]_0_8', 'bpc_148_[0, 1, 2, 4, 3, 8]_0_8']
upper  16.6666666667
lower  8.33333333333
['bpc_148_[0, 1, 2, 3, 8]_0_8', 'bpc_148_[0, 1, 2, 4, 3, 8]_0_8', 'bpc_148_[0, 1, 3, 8]_0_8']
upper  16.6666666667
lower  8.33333333333
['bpc_148_[0, 1, 2, 3, 8]_0_8', 'bpc_148_[0, 1, 2, 4, 3, 8]_0_8', 'bpc_148_[0, 1, 3, 8]_0_8', 'bpc_148_[0, 1, 4, 2, 3, 8]_0_8']
upper  16.6666666667
lower  8.33333333333
['bpc_148_[0, 1, 2, 3, 8]_0_8', 'bpc_148_[0, 1, 2, 4, 3, 8]_0_8', 'bpc_148_[0, 1, 3, 8]_0_8', 'bpc_148_[0, 1, 4, 2, 3, 8]_0_8', 'bpc_148_[0, 1, 4, 3, 8]_0_8']
upper  16.6666666667
lower  8.33333333333
1.0
False
upper bound:20.0
lower bound:10.0
['bpc_85_[1, 0, 2, 3, 8]_1_8']
upper  20.0
lower  10.0
['bpc_85_[1, 0, 2, 3, 8]_1_8', 'bpc_85_[1, 0, 2, 4, 3, 8]_1_8']
upper  20.0
lower  10.0
['bpc_85_[1, 0, 2, 3, 8]_1_8', 'bpc_85_[1, 0, 2, 4, 3, 8]_1_8', 'bpc_85_[1, 0, 3, 8]_1_8']
upper  20.0
lower  10.0
['bpc_85_[1, 0, 2, 3, 8]_1_8', 'bpc_85_[1, 0, 2, 4, 3, 8]_1_8', 'bpc_85_[1, 0, 3, 8]_1_8', 'bpc_85_[1, 0, 4, 2, 3, 8]_1_8']
upper  20.0
lower  10.0
['bpc_85_[1, 0, 2, 3, 8]_1_8', 'bpc_85_[1, 0, 2, 4, 3, 8]_1_8', 'bpc_85_[1, 0, 3, 8]_1_8', 'bpc_85_[1, 0, 4, 2, 3, 8]_1_8', 'bpc_85_[1, 0, 4, 3, 8]_1_8']
upper  20.0
lower  10.0
0.833333333333
False
upper bound:16.6666666667
lower bound:8.33333333333
['bpc_60_[0, 1, 2, 3, 8]_0_8']
upper  16.6666666667
lower  8.33333333333
['bpc_60_[0, 1, 2, 3, 8]_0_8', 'bpc_60_[0, 1, 2, 4, 3, 8]_0_8']
upper  16.6666666667
lower  8.33333333333
['bpc_60_[0, 1, 2, 3, 8]_0_8', 'bpc_60_[0, 1, 2, 4, 3, 8]_0_8', 'bpc_60_[0, 1, 3, 8]_0_8']
upper  16.6666666667
lower  8.33333333333
['bpc_60_[0, 1, 2, 3, 8]_0_8', 'bpc_60_[0, 1, 2, 4, 3, 8]_0_8', 'bpc_60_[0, 1, 3, 8]_0_8', 'bpc_60_[0, 1, 4, 2, 3, 8]_0_8']
upper  16.6666666667
lower  8.33333333333
['bpc_60_[0, 1, 2, 3, 8]_0_8', 'bpc_60_[0, 1, 2, 4, 3, 8]_0_8', 'bpc_60_[0, 1, 3, 8]_0_8', 'bpc_60_[0, 1, 4, 2, 3, 8]_0_8', 'bpc_60_[0, 1, 4, 3, 8]_0_8']
upper  16.6666666667
lower  8.33333333333
0.833333333333
False
upper bound:16.6666666667
lower bound:8.33333333333
['bpc_215_[0, 1]_0_1']
upper  16.6666666667
lower  8.33333333333
['bpc_215_[0, 1]_0_1', 'bpc_215_[0, 2, 1]_0_1']
upper  16.6666666667
lower  8.33333333333
['bpc_215_[0, 1]_0_1', 'bpc_215_[0, 2, 1]_0_1', 'bpc_215_[0, 2, 3, 1]_0_1']
upper  16.6666666667
lower  8.33333333333
['bpc_215_[0, 1]_0_1', 'bpc_215_[0, 2, 1]_0_1', 'bpc_215_[0, 2, 3, 1]_0_1', 'bpc_215_[0, 2, 3, 4, 1]_0_1']
upper  16.6666666667
lower  8.33333333333
['bpc_215_[0, 1]_0_1', 'bpc_215_[0, 2, 1]_0_1', 'bpc_215_[0, 2, 3, 1]_0_1', 'bpc_215_[0, 2, 3, 4, 1]_0_1', 'bpc_215_[0, 2, 4, 1]_0_1']
upper  16.6666666667
lower  8.33333333333
0.833333333333
False
upper bound:16.6666666667
lower bound:8.33333333333
['bpc_35_[0, 1, 2, 5]_0_5']
upper  16.6666666667
lower  8.33333333333
['bpc_35_[0, 1, 2, 5]_0_5', 'bpc_35_[0, 1, 3, 2, 5]_0_5']
upper  16.6666666667
lower  8.33333333333
['bpc_35_[0, 1, 2, 5]_0_5', 'bpc_35_[0, 1, 3, 2, 5]_0_5', 'bpc_35_[0, 1, 3, 4, 2, 5]_0_5']
upper  16.6666666667
lower  8.33333333333
['bpc_35_[0, 1, 2, 5]_0_5', 'bpc_35_[0, 1, 3, 2, 5]_0_5', 'bpc_35_[0, 1, 3, 4, 2, 5]_0_5', 'bpc_35_[0, 1, 4, 2, 5]_0_5']
upper  16.6666666667
lower  8.33333333333
['bpc_35_[0, 1, 2, 5]_0_5', 'bpc_35_[0, 1, 3, 2, 5]_0_5', 'bpc_35_[0, 1, 3, 4, 2, 5]_0_5', 'bpc_35_[0, 1, 4, 2, 5]_0_5', 'bpc_35_[0, 1, 4, 3, 2, 5]_0_5']
upper  16.6666666667
lower  8.33333333333
1.0
False
upper bound:20.0
lower bound:10.0
['bpc_190_[1, 0, 2, 3, 4, 9]_1_9']
upper  20.0
lower  10.0
['bpc_190_[1, 0, 2, 3, 4, 9]_1_9', 'bpc_190_[1, 0, 2, 4, 9]_1_9']
upper  20.0
lower  10.0
['bpc_190_[1, 0, 2, 3, 4, 9]_1_9', 'bpc_190_[1, 0, 2, 4, 9]_1_9', 'bpc_190_[1, 0, 3, 2, 4, 9]_1_9']
upper  20.0
lower  10.0
['bpc_190_[1, 0, 2, 3, 4, 9]_1_9', 'bpc_190_[1, 0, 2, 4, 9]_1_9', 'bpc_190_[1, 0, 3, 2, 4, 9]_1_9', 'bpc_190_[1, 0, 3, 4, 9]_1_9']
upper  20.0
lower  10.0
['bpc_190_[1, 0, 2, 3, 4, 9]_1_9', 'bpc_190_[1, 0, 2, 4, 9]_1_9', 'bpc_190_[1, 0, 3, 2, 4, 9]_1_9', 'bpc_190_[1, 0, 3, 4, 9]_1_9', 'bpc_190_[1, 0, 4, 9]_1_9']
upper  20.0
lower  10.0
0.833333333333
False
upper bound:16.6666666667
lower bound:8.33333333333
['bpc_127_[0, 1]_0_1']
upper  16.6666666667
lower  8.33333333333
['bpc_127_[0, 1]_0_1', 'bpc_127_[0, 2, 1]_0_1']
upper  16.6666666667
lower  8.33333333333
['bpc_127_[0, 1]_0_1', 'bpc_127_[0, 2, 1]_0_1', 'bpc_127_[0, 2, 3, 1]_0_1']
upper  16.6666666667
lower  8.33333333333
['bpc_127_[0, 1]_0_1', 'bpc_127_[0, 2, 1]_0_1', 'bpc_127_[0, 2, 3, 1]_0_1', 'bpc_127_[0, 2, 3, 4, 1]_0_1']
upper  16.6666666667
lower  8.33333333333
['bpc_127_[0, 1]_0_1', 'bpc_127_[0, 2, 1]_0_1', 'bpc_127_[0, 2, 3, 1]_0_1', 'bpc_127_[0, 2, 3, 4, 1]_0_1', 'bpc_127_[0, 2, 4, 1]_0_1']
upper  16.6666666667
lower  8.33333333333
1.0
False
upper bound:20.0
lower bound:10.0
['bpc_10_[1, 0, 1]_1_1']
upper  20.0
lower  10.0
['bpc_10_[1, 0, 1]_1_1', 'bpc_10_[1, 0, 2, 1]_1_1']
upper  20.0
lower  10.0
['bpc_10_[1, 0, 1]_1_1', 'bpc_10_[1, 0, 2, 1]_1_1', 'bpc_10_[1, 0, 2, 3, 1]_1_1']
upper  20.0
lower  10.0
['bpc_10_[1, 0, 1]_1_1', 'bpc_10_[1, 0, 2, 1]_1_1', 'bpc_10_[1, 0, 2, 3, 1]_1_1', 'bpc_10_[1, 0, 2, 3, 4, 1]_1_1']
upper  20.0
lower  10.0
['bpc_10_[1, 0, 1]_1_1', 'bpc_10_[1, 0, 2, 1]_1_1', 'bpc_10_[1, 0, 2, 3, 1]_1_1', 'bpc_10_[1, 0, 2, 3, 4, 1]_1_1', 'bpc_10_[1, 0, 2, 4, 1]_1_1']
upper  20.0
lower  10.0
0.833333333333
False
upper bound:16.6666666667
lower bound:8.33333333333
['bpc_165_[0, 1, 0]_0_0']
upper  16.6666666667
lower  8.33333333333
['bpc_165_[0, 1, 0]_0_0', 'bpc_165_[0, 1, 2, 0]_0_0']
upper  16.6666666667
lower  8.33333333333
['bpc_165_[0, 1, 0]_0_0', 'bpc_165_[0, 1, 2, 0]_0_0', 'bpc_165_[0, 1, 2, 3, 0]_0_0']
upper  16.6666666667
lower  8.33333333333
['bpc_165_[0, 1, 0]_0_0', 'bpc_165_[0, 1, 2, 0]_0_0', 'bpc_165_[0, 1, 2, 3, 0]_0_0', 'bpc_165_[0, 1, 2, 3, 4, 0]_0_0']
upper  16.6666666667
lower  8.33333333333
['bpc_165_[0, 1, 0]_0_0', 'bpc_165_[0, 1, 2, 0]_0_0', 'bpc_165_[0, 1, 2, 3, 0]_0_0', 'bpc_165_[0, 1, 2, 3, 4, 0]_0_0', 'bpc_165_[0, 1, 2, 4, 0]_0_0']
upper  16.6666666667
lower  8.33333333333
1.0
False
upper bound:20.0
lower bound:10.0
['bpc_102_[1, 0, 2, 3, 4, 9]_1_9']
upper  20.0
lower  10.0
['bpc_102_[1, 0, 2, 3, 4, 9]_1_9', 'bpc_102_[1, 0, 2, 4, 9]_1_9']
upper  20.0
lower  10.0
['bpc_102_[1, 0, 2, 3, 4, 9]_1_9', 'bpc_102_[1, 0, 2, 4, 9]_1_9', 'bpc_102_[1, 0, 3, 2, 4, 9]_1_9']
upper  20.0
lower  10.0
['bpc_102_[1, 0, 2, 3, 4, 9]_1_9', 'bpc_102_[1, 0, 2, 4, 9]_1_9', 'bpc_102_[1, 0, 3, 2, 4, 9]_1_9', 'bpc_102_[1, 0, 3, 4, 9]_1_9']
upper  20.0
lower  10.0
['bpc_102_[1, 0, 2, 3, 4, 9]_1_9', 'bpc_102_[1, 0, 2, 4, 9]_1_9', 'bpc_102_[1, 0, 3, 2, 4, 9]_1_9', 'bpc_102_[1, 0, 3, 4, 9]_1_9', 'bpc_102_[1, 0, 4, 9]_1_9']
upper  20.0
lower  10.0
0.833333333333
False
upper bound:16.6666666667
lower bound:8.33333333333
['bpc_140_[0, 1, 2, 3, 4]_0_4']
upper  16.6666666667
lower  8.33333333333
['bpc_140_[0, 1, 2, 3, 4]_0_4', 'bpc_140_[0, 1, 2, 4]_0_4']
upper  16.6666666667
lower  8.33333333333
['bpc_140_[0, 1, 2, 3, 4]_0_4', 'bpc_140_[0, 1, 2, 4]_0_4', 'bpc_140_[0, 1, 3, 2, 4]_0_4']
upper  16.6666666667
lower  8.33333333333
['bpc_140_[0, 1, 2, 3, 4]_0_4', 'bpc_140_[0, 1, 2, 4]_0_4', 'bpc_140_[0, 1, 3, 2, 4]_0_4', 'bpc_140_[0, 1, 3, 4]_0_4']
upper  16.6666666667
lower  8.33333333333
['bpc_140_[0, 1, 2, 3, 4]_0_4', 'bpc_140_[0, 1, 2, 4]_0_4', 'bpc_140_[0, 1, 3, 2, 4]_0_4', 'bpc_140_[0, 1, 3, 4]_0_4', 'bpc_140_[0, 1, 4]_0_4']
upper  16.6666666667
lower  8.33333333333
0.833333333333
False
upper bound:16.6666666667
lower bound:8.33333333333
['bpc_77_[0, 1, 0]_0_0']
upper  16.6666666667
lower  8.33333333333
['bpc_77_[0, 1, 0]_0_0', 'bpc_77_[0, 1, 2, 0]_0_0']
upper  16.6666666667
lower  8.33333333333
['bpc_77_[0, 1, 0]_0_0', 'bpc_77_[0, 1, 2, 0]_0_0', 'bpc_77_[0, 1, 2, 3, 0]_0_0']
upper  16.6666666667
lower  8.33333333333
['bpc_77_[0, 1, 0]_0_0', 'bpc_77_[0, 1, 2, 0]_0_0', 'bpc_77_[0, 1, 2, 3, 0]_0_0', 'bpc_77_[0, 1, 2, 3, 4, 0]_0_0']
upper  16.6666666667
lower  8.33333333333
['bpc_77_[0, 1, 0]_0_0', 'bpc_77_[0, 1, 2, 0]_0_0', 'bpc_77_[0, 1, 2, 3, 0]_0_0', 'bpc_77_[0, 1, 2, 3, 4, 0]_0_0', 'bpc_77_[0, 1, 2, 4, 0]_0_0']
upper  16.6666666667
lower  8.33333333333
0.833333333333
False
upper bound:16.6666666667
lower bound:8.33333333333
['bpc_216_[0, 1, 2, 6]_0_6']
upper  16.6666666667
lower  8.33333333333
['bpc_216_[0, 1, 2, 6]_0_6', 'bpc_216_[0, 1, 3, 2, 6]_0_6']
upper  16.6666666667
lower  8.33333333333
['bpc_216_[0, 1, 2, 6]_0_6', 'bpc_216_[0, 1, 3, 2, 6]_0_6', 'bpc_216_[0, 1, 3, 4, 2, 6]_0_6']
upper  16.6666666667
lower  8.33333333333
['bpc_216_[0, 1, 2, 6]_0_6', 'bpc_216_[0, 1, 3, 2, 6]_0_6', 'bpc_216_[0, 1, 3, 4, 2, 6]_0_6', 'bpc_216_[0, 1, 4, 2, 6]_0_6']
upper  16.6666666667
lower  8.33333333333
['bpc_216_[0, 1, 2, 6]_0_6', 'bpc_216_[0, 1, 3, 2, 6]_0_6', 'bpc_216_[0, 1, 3, 4, 2, 6]_0_6', 'bpc_216_[0, 1, 4, 2, 6]_0_6', 'bpc_216_[0, 1, 4, 3, 2, 6]_0_6']
upper  16.6666666667
lower  8.33333333333
0.833333333333
False
upper bound:16.6666666667
lower bound:8.33333333333
['bpc_52_[0, 1, 2, 3, 4]_0_4']
upper  16.6666666667
lower  8.33333333333
['bpc_52_[0, 1, 2, 3, 4]_0_4', 'bpc_52_[0, 1, 2, 4]_0_4']
upper  16.6666666667
lower  8.33333333333
['bpc_52_[0, 1, 2, 3, 4]_0_4', 'bpc_52_[0, 1, 2, 4]_0_4', 'bpc_52_[0, 1, 3, 2, 4]_0_4']
upper  16.6666666667
lower  8.33333333333
['bpc_52_[0, 1, 2, 3, 4]_0_4', 'bpc_52_[0, 1, 2, 4]_0_4', 'bpc_52_[0, 1, 3, 2, 4]_0_4', 'bpc_52_[0, 1, 3, 4]_0_4']
upper  16.6666666667
lower  8.33333333333
['bpc_52_[0, 1, 2, 3, 4]_0_4', 'bpc_52_[0, 1, 2, 4]_0_4', 'bpc_52_[0, 1, 3, 2, 4]_0_4', 'bpc_52_[0, 1, 3, 4]_0_4', 'bpc_52_[0, 1, 4]_0_4']
upper  16.6666666667
lower  8.33333333333
1.0
False
upper bound:20.0
lower bound:10.0
['bpc_207_[1, 0, 2, 3, 4, 10]_1_10']
upper  20.0
lower  10.0
['bpc_207_[1, 0, 2, 3, 4, 10]_1_10', 'bpc_207_[1, 0, 2, 4, 10]_1_10']
upper  20.0
lower  10.0
['bpc_207_[1, 0, 2, 3, 4, 10]_1_10', 'bpc_207_[1, 0, 2, 4, 10]_1_10', 'bpc_207_[1, 0, 3, 2, 4, 10]_1_10']
upper  20.0
lower  10.0
['bpc_207_[1, 0, 2, 3, 4, 10]_1_10', 'bpc_207_[1, 0, 2, 4, 10]_1_10', 'bpc_207_[1, 0, 3, 2, 4, 10]_1_10', 'bpc_207_[1, 0, 3, 4, 10]_1_10']
upper  20.0
lower  10.0
['bpc_207_[1, 0, 2, 3, 4, 10]_1_10', 'bpc_207_[1, 0, 2, 4, 10]_1_10', 'bpc_207_[1, 0, 3, 2, 4, 10]_1_10', 'bpc_207_[1, 0, 3, 4, 10]_1_10', 'bpc_207_[1, 0, 4, 10]_1_10']
upper  20.0
lower  10.0
0.833333333333
False
upper bound:16.6666666667
lower bound:8.33333333333
['bpc_27_[0, 1, 2, 3]_0_3']
upper  16.6666666667
lower  8.33333333333
['bpc_27_[0, 1, 2, 3]_0_3', 'bpc_27_[0, 1, 2, 4, 3]_0_3']
upper  16.6666666667
lower  8.33333333333
['bpc_27_[0, 1, 2, 3]_0_3', 'bpc_27_[0, 1, 2, 4, 3]_0_3', 'bpc_27_[0, 1, 3]_0_3']
upper  16.6666666667
lower  8.33333333333
['bpc_27_[0, 1, 2, 3]_0_3', 'bpc_27_[0, 1, 2, 4, 3]_0_3', 'bpc_27_[0, 1, 3]_0_3', 'bpc_27_[0, 1, 4, 2, 3]_0_3']
upper  16.6666666667
lower  8.33333333333
['bpc_27_[0, 1, 2, 3]_0_3', 'bpc_27_[0, 1, 2, 4, 3]_0_3', 'bpc_27_[0, 1, 3]_0_3', 'bpc_27_[0, 1, 4, 2, 3]_0_3', 'bpc_27_[0, 1, 4, 3]_0_3']
upper  16.6666666667
lower  8.33333333333
1.0
False
upper bound:20.0
lower bound:10.0
['bpc_182_[1, 0, 2]_1_2']
upper  20.0
lower  10.0
['bpc_182_[1, 0, 2]_1_2', 'bpc_182_[1, 0, 3, 2]_1_2']
upper  20.0
lower  10.0
['bpc_182_[1, 0, 2]_1_2', 'bpc_182_[1, 0, 3, 2]_1_2', 'bpc_182_[1, 0, 3, 4, 2]_1_2']
upper  20.0
lower  10.0
['bpc_182_[1, 0, 2]_1_2', 'bpc_182_[1, 0, 3, 2]_1_2', 'bpc_182_[1, 0, 3, 4, 2]_1_2', 'bpc_182_[1, 0, 4, 2]_1_2']
upper  20.0
lower  10.0
['bpc_182_[1, 0, 2]_1_2', 'bpc_182_[1, 0, 3, 2]_1_2', 'bpc_182_[1, 0, 3, 4, 2]_1_2', 'bpc_182_[1, 0, 4, 2]_1_2', 'bpc_182_[1, 0, 4, 3, 2]_1_2']
upper  20.0
lower  10.0
1.0
False
upper bound:20.0
lower bound:10.0
['bpc_119_[1, 0, 2, 3, 4, 10]_1_10']
upper  20.0
lower  10.0
['bpc_119_[1, 0, 2, 3, 4, 10]_1_10', 'bpc_119_[1, 0, 2, 4, 10]_1_10']
upper  20.0
lower  10.0
['bpc_119_[1, 0, 2, 3, 4, 10]_1_10', 'bpc_119_[1, 0, 2, 4, 10]_1_10', 'bpc_119_[1, 0, 3, 2, 4, 10]_1_10']
upper  20.0
lower  10.0
['bpc_119_[1, 0, 2, 3, 4, 10]_1_10', 'bpc_119_[1, 0, 2, 4, 10]_1_10', 'bpc_119_[1, 0, 3, 2, 4, 10]_1_10', 'bpc_119_[1, 0, 3, 4, 10]_1_10']
upper  20.0
lower  10.0
['bpc_119_[1, 0, 2, 3, 4, 10]_1_10', 'bpc_119_[1, 0, 2, 4, 10]_1_10', 'bpc_119_[1, 0, 3, 2, 4, 10]_1_10', 'bpc_119_[1, 0, 3, 4, 10]_1_10', 'bpc_119_[1, 0, 4, 10]_1_10']
upper  20.0
lower  10.0
0.833333333333
False
upper bound:16.6666666667
lower bound:8.33333333333
['bpc_2_[0, 1, 2, 3, 7]_0_7']
upper  16.6666666667
lower  8.33333333333
['bpc_2_[0, 1, 2, 3, 7]_0_7', 'bpc_2_[0, 1, 2, 4, 3, 7]_0_7']
upper  16.6666666667
lower  8.33333333333
['bpc_2_[0, 1, 2, 3, 7]_0_7', 'bpc_2_[0, 1, 2, 4, 3, 7]_0_7', 'bpc_2_[0, 1, 3, 7]_0_7']
upper  16.6666666667
lower  8.33333333333
['bpc_2_[0, 1, 2, 3, 7]_0_7', 'bpc_2_[0, 1, 2, 4, 3, 7]_0_7', 'bpc_2_[0, 1, 3, 7]_0_7', 'bpc_2_[0, 1, 4, 2, 3, 7]_0_7']
upper  16.6666666667
lower  8.33333333333
['bpc_2_[0, 1, 2, 3, 7]_0_7', 'bpc_2_[0, 1, 2, 4, 3, 7]_0_7', 'bpc_2_[0, 1, 3, 7]_0_7', 'bpc_2_[0, 1, 4, 2, 3, 7]_0_7', 'bpc_2_[0, 1, 4, 3, 7]_0_7']
upper  16.6666666667
lower  8.33333333333
1.0
False
upper bound:20.0
lower bound:10.0
['bpc_157_[1, 0, 2, 6]_1_6']
upper  20.0
lower  10.0
['bpc_157_[1, 0, 2, 6]_1_6', 'bpc_157_[1, 0, 3, 2, 6]_1_6']
upper  20.0
lower  10.0
['bpc_157_[1, 0, 2, 6]_1_6', 'bpc_157_[1, 0, 3, 2, 6]_1_6', 'bpc_157_[1, 0, 3, 4, 2, 6]_1_6']
upper  20.0
lower  10.0
['bpc_157_[1, 0, 2, 6]_1_6', 'bpc_157_[1, 0, 3, 2, 6]_1_6', 'bpc_157_[1, 0, 3, 4, 2, 6]_1_6', 'bpc_157_[1, 0, 4, 2, 6]_1_6']
upper  20.0
lower  10.0
['bpc_157_[1, 0, 2, 6]_1_6', 'bpc_157_[1, 0, 3, 2, 6]_1_6', 'bpc_157_[1, 0, 3, 4, 2, 6]_1_6', 'bpc_157_[1, 0, 4, 2, 6]_1_6', 'bpc_157_[1, 0, 4, 3, 2, 6]_1_6']
upper  20.0
lower  10.0
1.0
False
upper bound:20.0
lower bound:10.0
['bpc_94_[1, 0, 2]_1_2']
upper  20.0
lower  10.0
['bpc_94_[1, 0, 2]_1_2', 'bpc_94_[1, 0, 3, 2]_1_2']
upper  20.0
lower  10.0
['bpc_94_[1, 0, 2]_1_2', 'bpc_94_[1, 0, 3, 2]_1_2', 'bpc_94_[1, 0, 3, 4, 2]_1_2']
upper  20.0
lower  10.0
['bpc_94_[1, 0, 2]_1_2', 'bpc_94_[1, 0, 3, 2]_1_2', 'bpc_94_[1, 0, 3, 4, 2]_1_2', 'bpc_94_[1, 0, 4, 2]_1_2']
upper  20.0
lower  10.0
['bpc_94_[1, 0, 2]_1_2', 'bpc_94_[1, 0, 3, 2]_1_2', 'bpc_94_[1, 0, 3, 4, 2]_1_2', 'bpc_94_[1, 0, 4, 2]_1_2', 'bpc_94_[1, 0, 4, 3, 2]_1_2']
upper  20.0
lower  10.0
0.833333333333
False
upper bound:16.6666666667
lower bound:8.33333333333
['bpc_132_[0, 1, 2]_0_2']
upper  16.6666666667
lower  8.33333333333
['bpc_132_[0, 1, 2]_0_2', 'bpc_132_[0, 1, 3, 2]_0_2']
upper  16.6666666667
lower  8.33333333333
['bpc_132_[0, 1, 2]_0_2', 'bpc_132_[0, 1, 3, 2]_0_2', 'bpc_132_[0, 1, 3, 4, 2]_0_2']
upper  16.6666666667
lower  8.33333333333
['bpc_132_[0, 1, 2]_0_2', 'bpc_132_[0, 1, 3, 2]_0_2', 'bpc_132_[0, 1, 3, 4, 2]_0_2', 'bpc_132_[0, 1, 4, 2]_0_2']
upper  16.6666666667
lower  8.33333333333
['bpc_132_[0, 1, 2]_0_2', 'bpc_132_[0, 1, 3, 2]_0_2', 'bpc_132_[0, 1, 3, 4, 2]_0_2', 'bpc_132_[0, 1, 4, 2]_0_2', 'bpc_132_[0, 1, 4, 3, 2]_0_2']
upper  16.6666666667
lower  8.33333333333
1.0
False
upper bound:20.0
lower bound:10.0
['bpc_69_[1, 0, 2, 6]_1_6']
upper  20.0
lower  10.0
['bpc_69_[1, 0, 2, 6]_1_6', 'bpc_69_[1, 0, 3, 2, 6]_1_6']
upper  20.0
lower  10.0
['bpc_69_[1, 0, 2, 6]_1_6', 'bpc_69_[1, 0, 3, 2, 6]_1_6', 'bpc_69_[1, 0, 3, 4, 2, 6]_1_6']
upper  20.0
lower  10.0
['bpc_69_[1, 0, 2, 6]_1_6', 'bpc_69_[1, 0, 3, 2, 6]_1_6', 'bpc_69_[1, 0, 3, 4, 2, 6]_1_6', 'bpc_69_[1, 0, 4, 2, 6]_1_6']
upper  20.0
lower  10.0
['bpc_69_[1, 0, 2, 6]_1_6', 'bpc_69_[1, 0, 3, 2, 6]_1_6', 'bpc_69_[1, 0, 3, 4, 2, 6]_1_6', 'bpc_69_[1, 0, 4, 2, 6]_1_6', 'bpc_69_[1, 0, 4, 3, 2, 6]_1_6']
upper  20.0
lower  10.0
1.0
False
upper bound:20.0
lower bound:10.0
['bpc_208_[1, 0, 1]_1_1']
upper  20.0
lower  10.0
['bpc_208_[1, 0, 1]_1_1', 'bpc_208_[1, 0, 2, 1]_1_1']
upper  20.0
lower  10.0
['bpc_208_[1, 0, 1]_1_1', 'bpc_208_[1, 0, 2, 1]_1_1', 'bpc_208_[1, 0, 2, 3, 1]_1_1']
upper  20.0
lower  10.0
['bpc_208_[1, 0, 1]_1_1', 'bpc_208_[1, 0, 2, 1]_1_1', 'bpc_208_[1, 0, 2, 3, 1]_1_1', 'bpc_208_[1, 0, 2, 3, 4, 1]_1_1']
upper  20.0
lower  10.0
['bpc_208_[1, 0, 1]_1_1', 'bpc_208_[1, 0, 2, 1]_1_1', 'bpc_208_[1, 0, 2, 3, 1]_1_1', 'bpc_208_[1, 0, 2, 3, 4, 1]_1_1', 'bpc_208_[1, 0, 2, 4, 1]_1_1']
upper  20.0
lower  10.0
0.833333333333
False
upper bound:16.6666666667
lower bound:8.33333333333
['bpc_44_[0, 1, 2]_0_2']
upper  16.6666666667
lower  8.33333333333
['bpc_44_[0, 1, 2]_0_2', 'bpc_44_[0, 1, 3, 2]_0_2']
upper  16.6666666667
lower  8.33333333333
['bpc_44_[0, 1, 2]_0_2', 'bpc_44_[0, 1, 3, 2]_0_2', 'bpc_44_[0, 1, 3, 4, 2]_0_2']
upper  16.6666666667
lower  8.33333333333
['bpc_44_[0, 1, 2]_0_2', 'bpc_44_[0, 1, 3, 2]_0_2', 'bpc_44_[0, 1, 3, 4, 2]_0_2', 'bpc_44_[0, 1, 4, 2]_0_2']
upper  16.6666666667
lower  8.33333333333
['bpc_44_[0, 1, 2]_0_2', 'bpc_44_[0, 1, 3, 2]_0_2', 'bpc_44_[0, 1, 3, 4, 2]_0_2', 'bpc_44_[0, 1, 4, 2]_0_2', 'bpc_44_[0, 1, 4, 3, 2]_0_2']
upper  16.6666666667
lower  8.33333333333
1.0
False
upper bound:20.0
lower bound:10.0
['bpc_199_[1, 0, 2, 3]_1_3']
upper  20.0
lower  10.0
['bpc_199_[1, 0, 2, 3]_1_3', 'bpc_199_[1, 0, 2, 4, 3]_1_3']
upper  20.0
lower  10.0
['bpc_199_[1, 0, 2, 3]_1_3', 'bpc_199_[1, 0, 2, 4, 3]_1_3', 'bpc_199_[1, 0, 3]_1_3']
upper  20.0
lower  10.0
['bpc_199_[1, 0, 2, 3]_1_3', 'bpc_199_[1, 0, 2, 4, 3]_1_3', 'bpc_199_[1, 0, 3]_1_3', 'bpc_199_[1, 0, 4, 2, 3]_1_3']
upper  20.0
lower  10.0
['bpc_199_[1, 0, 2, 3]_1_3', 'bpc_199_[1, 0, 2, 4, 3]_1_3', 'bpc_199_[1, 0, 3]_1_3', 'bpc_199_[1, 0, 4, 2, 3]_1_3', 'bpc_199_[1, 0, 4, 3]_1_3']
upper  20.0
lower  10.0
1.0
False
upper bound:20.0
lower bound:10.0
['bpc_120_[1, 0, 1]_1_1']
upper  20.0
lower  10.0
['bpc_120_[1, 0, 1]_1_1', 'bpc_120_[1, 0, 2, 1]_1_1']
upper  20.0
lower  10.0
['bpc_120_[1, 0, 1]_1_1', 'bpc_120_[1, 0, 2, 1]_1_1', 'bpc_120_[1, 0, 2, 3, 1]_1_1']
upper  20.0
lower  10.0
['bpc_120_[1, 0, 1]_1_1', 'bpc_120_[1, 0, 2, 1]_1_1', 'bpc_120_[1, 0, 2, 3, 1]_1_1', 'bpc_120_[1, 0, 2, 3, 4, 1]_1_1']
upper  20.0
lower  10.0
['bpc_120_[1, 0, 1]_1_1', 'bpc_120_[1, 0, 2, 1]_1_1', 'bpc_120_[1, 0, 2, 3, 1]_1_1', 'bpc_120_[1, 0, 2, 3, 4, 1]_1_1', 'bpc_120_[1, 0, 2, 4, 1]_1_1']
upper  20.0
lower  10.0
1.0
False
upper bound:20.0
lower bound:10.0
['bpc_19_[1, 0, 2, 3, 8]_1_8']
upper  20.0
lower  10.0
['bpc_19_[1, 0, 2, 3, 8]_1_8', 'bpc_19_[1, 0, 2, 4, 3, 8]_1_8']
upper  20.0
lower  10.0
['bpc_19_[1, 0, 2, 3, 8]_1_8', 'bpc_19_[1, 0, 2, 4, 3, 8]_1_8', 'bpc_19_[1, 0, 3, 8]_1_8']
upper  20.0
lower  10.0
['bpc_19_[1, 0, 2, 3, 8]_1_8', 'bpc_19_[1, 0, 2, 4, 3, 8]_1_8', 'bpc_19_[1, 0, 3, 8]_1_8', 'bpc_19_[1, 0, 4, 2, 3, 8]_1_8']
upper  20.0
lower  10.0
['bpc_19_[1, 0, 2, 3, 8]_1_8', 'bpc_19_[1, 0, 2, 4, 3, 8]_1_8', 'bpc_19_[1, 0, 3, 8]_1_8', 'bpc_19_[1, 0, 4, 2, 3, 8]_1_8', 'bpc_19_[1, 0, 4, 3, 8]_1_8']
upper  20.0
lower  10.0
1.0
False
upper bound:20.0
lower bound:10.0
['bpc_174_[1, 0, 2, 3, 7]_1_7']
upper  20.0
lower  10.0
['bpc_174_[1, 0, 2, 3, 7]_1_7', 'bpc_174_[1, 0, 2, 4, 3, 7]_1_7']
upper  20.0
lower  10.0
['bpc_174_[1, 0, 2, 3, 7]_1_7', 'bpc_174_[1, 0, 2, 4, 3, 7]_1_7', 'bpc_174_[1, 0, 3, 7]_1_7']
upper  20.0
lower  10.0
['bpc_174_[1, 0, 2, 3, 7]_1_7', 'bpc_174_[1, 0, 2, 4, 3, 7]_1_7', 'bpc_174_[1, 0, 3, 7]_1_7', 'bpc_174_[1, 0, 4, 2, 3, 7]_1_7']
upper  20.0
lower  10.0
['bpc_174_[1, 0, 2, 3, 7]_1_7', 'bpc_174_[1, 0, 2, 4, 3, 7]_1_7', 'bpc_174_[1, 0, 3, 7]_1_7', 'bpc_174_[1, 0, 4, 2, 3, 7]_1_7', 'bpc_174_[1, 0, 4, 3, 7]_1_7']
upper  20.0
lower  10.0
1.0
False
upper bound:20.0
lower bound:10.0
['bpc_111_[1, 0, 2, 3]_1_3']
upper  20.0
lower  10.0
['bpc_111_[1, 0, 2, 3]_1_3', 'bpc_111_[1, 0, 2, 4, 3]_1_3']
upper  20.0
lower  10.0
['bpc_111_[1, 0, 2, 3]_1_3', 'bpc_111_[1, 0, 2, 4, 3]_1_3', 'bpc_111_[1, 0, 3]_1_3']
upper  20.0
lower  10.0
['bpc_111_[1, 0, 2, 3]_1_3', 'bpc_111_[1, 0, 2, 4, 3]_1_3', 'bpc_111_[1, 0, 3]_1_3', 'bpc_111_[1, 0, 4, 2, 3]_1_3']
upper  20.0
lower  10.0
['bpc_111_[1, 0, 2, 3]_1_3', 'bpc_111_[1, 0, 2, 4, 3]_1_3', 'bpc_111_[1, 0, 3]_1_3', 'bpc_111_[1, 0, 4, 2, 3]_1_3', 'bpc_111_[1, 0, 4, 3]_1_3']
upper  20.0
lower  10.0
0.833333333333
False
upper bound:16.6666666667
lower bound:8.33333333333
['bpc_149_[0, 1]_0_1']
upper  16.6666666667
lower  8.33333333333
['bpc_149_[0, 1]_0_1', 'bpc_149_[0, 2, 1]_0_1']
upper  16.6666666667
lower  8.33333333333
['bpc_149_[0, 1]_0_1', 'bpc_149_[0, 2, 1]_0_1', 'bpc_149_[0, 2, 3, 1]_0_1']
upper  16.6666666667
lower  8.33333333333
['bpc_149_[0, 1]_0_1', 'bpc_149_[0, 2, 1]_0_1', 'bpc_149_[0, 2, 3, 1]_0_1', 'bpc_149_[0, 2, 3, 4, 1]_0_1']
upper  16.6666666667
lower  8.33333333333
['bpc_149_[0, 1]_0_1', 'bpc_149_[0, 2, 1]_0_1', 'bpc_149_[0, 2, 3, 1]_0_1', 'bpc_149_[0, 2, 3, 4, 1]_0_1', 'bpc_149_[0, 2, 4, 1]_0_1']
upper  16.6666666667
lower  8.33333333333
1.0
False
upper bound:20.0
lower bound:10.0
['bpc_86_[1, 0, 2, 3, 7]_1_7']
upper  20.0
lower  10.0
['bpc_86_[1, 0, 2, 3, 7]_1_7', 'bpc_86_[1, 0, 2, 4, 3, 7]_1_7']
upper  20.0
lower  10.0
['bpc_86_[1, 0, 2, 3, 7]_1_7', 'bpc_86_[1, 0, 2, 4, 3, 7]_1_7', 'bpc_86_[1, 0, 3, 7]_1_7']
upper  20.0
lower  10.0
['bpc_86_[1, 0, 2, 3, 7]_1_7', 'bpc_86_[1, 0, 2, 4, 3, 7]_1_7', 'bpc_86_[1, 0, 3, 7]_1_7', 'bpc_86_[1, 0, 4, 2, 3, 7]_1_7']
upper  20.0
lower  10.0
['bpc_86_[1, 0, 2, 3, 7]_1_7', 'bpc_86_[1, 0, 2, 4, 3, 7]_1_7', 'bpc_86_[1, 0, 3, 7]_1_7', 'bpc_86_[1, 0, 4, 2, 3, 7]_1_7', 'bpc_86_[1, 0, 4, 3, 7]_1_7']
upper  20.0
lower  10.0
0.833333333333
False
upper bound:16.6666666667
lower bound:8.33333333333
['bpc_61_[0, 1]_0_1']
upper  16.6666666667
lower  8.33333333333
['bpc_61_[0, 1]_0_1', 'bpc_61_[0, 2, 1]_0_1']
upper  16.6666666667
lower  8.33333333333
['bpc_61_[0, 1]_0_1', 'bpc_61_[0, 2, 1]_0_1', 'bpc_61_[0, 2, 3, 1]_0_1']
upper  16.6666666667
lower  8.33333333333
['bpc_61_[0, 1]_0_1', 'bpc_61_[0, 2, 1]_0_1', 'bpc_61_[0, 2, 3, 1]_0_1', 'bpc_61_[0, 2, 3, 4, 1]_0_1']
upper  16.6666666667
lower  8.33333333333
['bpc_61_[0, 1]_0_1', 'bpc_61_[0, 2, 1]_0_1', 'bpc_61_[0, 2, 3, 1]_0_1', 'bpc_61_[0, 2, 3, 4, 1]_0_1', 'bpc_61_[0, 2, 4, 1]_0_1']
upper  16.6666666667
lower  8.33333333333
0.833333333333
False
upper bound:16.6666666667
lower bound:8.33333333333
['bpc_200_[0, 1, 2, 3, 7]_0_7']
upper  16.6666666667
lower  8.33333333333
['bpc_200_[0, 1, 2, 3, 7]_0_7', 'bpc_200_[0, 1, 2, 4, 3, 7]_0_7']
upper  16.6666666667
lower  8.33333333333
['bpc_200_[0, 1, 2, 3, 7]_0_7', 'bpc_200_[0, 1, 2, 4, 3, 7]_0_7', 'bpc_200_[0, 1, 3, 7]_0_7']
upper  16.6666666667
lower  8.33333333333
['bpc_200_[0, 1, 2, 3, 7]_0_7', 'bpc_200_[0, 1, 2, 4, 3, 7]_0_7', 'bpc_200_[0, 1, 3, 7]_0_7', 'bpc_200_[0, 1, 4, 2, 3, 7]_0_7']
upper  16.6666666667
lower  8.33333333333
['bpc_200_[0, 1, 2, 3, 7]_0_7', 'bpc_200_[0, 1, 2, 4, 3, 7]_0_7', 'bpc_200_[0, 1, 3, 7]_0_7', 'bpc_200_[0, 1, 4, 2, 3, 7]_0_7', 'bpc_200_[0, 1, 4, 3, 7]_0_7']
upper  16.6666666667
lower  8.33333333333
1.0
False
upper bound:20.0
lower bound:10.0
['bpc_36_[1, 0, 2, 3, 4, 9]_1_9']
upper  20.0
lower  10.0
['bpc_36_[1, 0, 2, 3, 4, 9]_1_9', 'bpc_36_[1, 0, 2, 4, 9]_1_9']
upper  20.0
lower  10.0
['bpc_36_[1, 0, 2, 3, 4, 9]_1_9', 'bpc_36_[1, 0, 2, 4, 9]_1_9', 'bpc_36_[1, 0, 3, 2, 4, 9]_1_9']
upper  20.0
lower  10.0
['bpc_36_[1, 0, 2, 3, 4, 9]_1_9', 'bpc_36_[1, 0, 2, 4, 9]_1_9', 'bpc_36_[1, 0, 3, 2, 4, 9]_1_9', 'bpc_36_[1, 0, 3, 4, 9]_1_9']
upper  20.0
lower  10.0
['bpc_36_[1, 0, 2, 3, 4, 9]_1_9', 'bpc_36_[1, 0, 2, 4, 9]_1_9', 'bpc_36_[1, 0, 3, 2, 4, 9]_1_9', 'bpc_36_[1, 0, 3, 4, 9]_1_9', 'bpc_36_[1, 0, 4, 9]_1_9']
upper  20.0
lower  10.0
1.0
False
upper bound:20.0
lower bound:10.0
['bpc_191_[1, 0]_1_0']
upper  20.0
lower  10.0
['bpc_191_[1, 0]_1_0', 'bpc_191_[1, 2, 0]_1_0']
upper  20.0
lower  10.0
['bpc_191_[1, 0]_1_0', 'bpc_191_[1, 2, 0]_1_0', 'bpc_191_[1, 2, 3, 0]_1_0']
upper  20.0
lower  10.0
['bpc_191_[1, 0]_1_0', 'bpc_191_[1, 2, 0]_1_0', 'bpc_191_[1, 2, 3, 0]_1_0', 'bpc_191_[1, 2, 3, 4, 0]_1_0']
upper  20.0
lower  10.0
['bpc_191_[1, 0]_1_0', 'bpc_191_[1, 2, 0]_1_0', 'bpc_191_[1, 2, 3, 0]_1_0', 'bpc_191_[1, 2, 3, 4, 0]_1_0', 'bpc_191_[1, 2, 4, 0]_1_0']
upper  20.0
lower  10.0
0.833333333333
False
upper bound:16.6666666667
lower bound:8.33333333333
['bpc_112_[0, 1, 2, 3, 7]_0_7']
upper  16.6666666667
lower  8.33333333333
['bpc_112_[0, 1, 2, 3, 7]_0_7', 'bpc_112_[0, 1, 2, 4, 3, 7]_0_7']
upper  16.6666666667
lower  8.33333333333
['bpc_112_[0, 1, 2, 3, 7]_0_7', 'bpc_112_[0, 1, 2, 4, 3, 7]_0_7', 'bpc_112_[0, 1, 3, 7]_0_7']
upper  16.6666666667
lower  8.33333333333
['bpc_112_[0, 1, 2, 3, 7]_0_7', 'bpc_112_[0, 1, 2, 4, 3, 7]_0_7', 'bpc_112_[0, 1, 3, 7]_0_7', 'bpc_112_[0, 1, 4, 2, 3, 7]_0_7']
upper  16.6666666667
lower  8.33333333333
['bpc_112_[0, 1, 2, 3, 7]_0_7', 'bpc_112_[0, 1, 2, 4, 3, 7]_0_7', 'bpc_112_[0, 1, 3, 7]_0_7', 'bpc_112_[0, 1, 4, 2, 3, 7]_0_7', 'bpc_112_[0, 1, 4, 3, 7]_0_7']
upper  16.6666666667
lower  8.33333333333
0.833333333333
False
upper bound:16.6666666667
lower bound:8.33333333333
['bpc_11_[0, 1, 0]_0_0']
upper  16.6666666667
lower  8.33333333333
['bpc_11_[0, 1, 0]_0_0', 'bpc_11_[0, 1, 2, 0]_0_0']
upper  16.6666666667
lower  8.33333333333
['bpc_11_[0, 1, 0]_0_0', 'bpc_11_[0, 1, 2, 0]_0_0', 'bpc_11_[0, 1, 2, 3, 0]_0_0']
upper  16.6666666667
lower  8.33333333333
['bpc_11_[0, 1, 0]_0_0', 'bpc_11_[0, 1, 2, 0]_0_0', 'bpc_11_[0, 1, 2, 3, 0]_0_0', 'bpc_11_[0, 1, 2, 3, 4, 0]_0_0']
upper  16.6666666667
lower  8.33333333333
['bpc_11_[0, 1, 0]_0_0', 'bpc_11_[0, 1, 2, 0]_0_0', 'bpc_11_[0, 1, 2, 3, 0]_0_0', 'bpc_11_[0, 1, 2, 3, 4, 0]_0_0', 'bpc_11_[0, 1, 2, 4, 0]_0_0']
upper  16.6666666667
lower  8.33333333333
1.0
False
upper bound:20.0
lower bound:10.0
['bpc_166_[1, 0, 2, 3, 4]_1_4']
upper  20.0
lower  10.0
['bpc_166_[1, 0, 2, 3, 4]_1_4', 'bpc_166_[1, 0, 2, 4]_1_4']
upper  20.0
lower  10.0
['bpc_166_[1, 0, 2, 3, 4]_1_4', 'bpc_166_[1, 0, 2, 4]_1_4', 'bpc_166_[1, 0, 3, 2, 4]_1_4']
upper  20.0
lower  10.0
['bpc_166_[1, 0, 2, 3, 4]_1_4', 'bpc_166_[1, 0, 2, 4]_1_4', 'bpc_166_[1, 0, 3, 2, 4]_1_4', 'bpc_166_[1, 0, 3, 4]_1_4']
upper  20.0
lower  10.0
['bpc_166_[1, 0, 2, 3, 4]_1_4', 'bpc_166_[1, 0, 2, 4]_1_4', 'bpc_166_[1, 0, 3, 2, 4]_1_4', 'bpc_166_[1, 0, 3, 4]_1_4', 'bpc_166_[1, 0, 4]_1_4']
upper  20.0
lower  10.0
1.0
False
upper bound:20.0
lower bound:10.0
['bpc_103_[1, 0]_1_0']
upper  20.0
lower  10.0
['bpc_103_[1, 0]_1_0', 'bpc_103_[1, 2, 0]_1_0']
upper  20.0
lower  10.0
['bpc_103_[1, 0]_1_0', 'bpc_103_[1, 2, 0]_1_0', 'bpc_103_[1, 2, 3, 0]_1_0']
upper  20.0
lower  10.0
['bpc_103_[1, 0]_1_0', 'bpc_103_[1, 2, 0]_1_0', 'bpc_103_[1, 2, 3, 0]_1_0', 'bpc_103_[1, 2, 3, 4, 0]_1_0']
upper  20.0
lower  10.0
['bpc_103_[1, 0]_1_0', 'bpc_103_[1, 2, 0]_1_0', 'bpc_103_[1, 2, 3, 0]_1_0', 'bpc_103_[1, 2, 3, 4, 0]_1_0', 'bpc_103_[1, 2, 4, 0]_1_0']
upper  20.0
lower  10.0
1.0
False
upper bound:20.0
lower bound:10.0
['bpc_141_[1, 0, 2, 3, 4, 10]_1_10']
upper  20.0
lower  10.0
['bpc_141_[1, 0, 2, 3, 4, 10]_1_10', 'bpc_141_[1, 0, 2, 4, 10]_1_10']
upper  20.0
lower  10.0
['bpc_141_[1, 0, 2, 3, 4, 10]_1_10', 'bpc_141_[1, 0, 2, 4, 10]_1_10', 'bpc_141_[1, 0, 3, 2, 4, 10]_1_10']
upper  20.0
lower  10.0
['bpc_141_[1, 0, 2, 3, 4, 10]_1_10', 'bpc_141_[1, 0, 2, 4, 10]_1_10', 'bpc_141_[1, 0, 3, 2, 4, 10]_1_10', 'bpc_141_[1, 0, 3, 4, 10]_1_10']
upper  20.0
lower  10.0
['bpc_141_[1, 0, 2, 3, 4, 10]_1_10', 'bpc_141_[1, 0, 2, 4, 10]_1_10', 'bpc_141_[1, 0, 3, 2, 4, 10]_1_10', 'bpc_141_[1, 0, 3, 4, 10]_1_10', 'bpc_141_[1, 0, 4, 10]_1_10']
upper  20.0
lower  10.0
1.0
False
upper bound:20.0
lower bound:10.0
['bpc_78_[1, 0, 2, 3, 4]_1_4']
upper  20.0
lower  10.0
['bpc_78_[1, 0, 2, 3, 4]_1_4', 'bpc_78_[1, 0, 2, 4]_1_4']
upper  20.0
lower  10.0
['bpc_78_[1, 0, 2, 3, 4]_1_4', 'bpc_78_[1, 0, 2, 4]_1_4', 'bpc_78_[1, 0, 3, 2, 4]_1_4']
upper  20.0
lower  10.0
['bpc_78_[1, 0, 2, 3, 4]_1_4', 'bpc_78_[1, 0, 2, 4]_1_4', 'bpc_78_[1, 0, 3, 2, 4]_1_4', 'bpc_78_[1, 0, 3, 4]_1_4']
upper  20.0
lower  10.0
['bpc_78_[1, 0, 2, 3, 4]_1_4', 'bpc_78_[1, 0, 2, 4]_1_4', 'bpc_78_[1, 0, 3, 2, 4]_1_4', 'bpc_78_[1, 0, 3, 4]_1_4', 'bpc_78_[1, 0, 4]_1_4']
upper  20.0
lower  10.0
1.0
False
upper bound:20.0
lower bound:10.0
['bpc_217_[1, 0, 2, 3, 8]_1_8']
upper  20.0
lower  10.0
['bpc_217_[1, 0, 2, 3, 8]_1_8', 'bpc_217_[1, 0, 2, 4, 3, 8]_1_8']
upper  20.0
lower  10.0
['bpc_217_[1, 0, 2, 3, 8]_1_8', 'bpc_217_[1, 0, 2, 4, 3, 8]_1_8', 'bpc_217_[1, 0, 3, 8]_1_8']
upper  20.0
lower  10.0
['bpc_217_[1, 0, 2, 3, 8]_1_8', 'bpc_217_[1, 0, 2, 4, 3, 8]_1_8', 'bpc_217_[1, 0, 3, 8]_1_8', 'bpc_217_[1, 0, 4, 2, 3, 8]_1_8']
upper  20.0
lower  10.0
['bpc_217_[1, 0, 2, 3, 8]_1_8', 'bpc_217_[1, 0, 2, 4, 3, 8]_1_8', 'bpc_217_[1, 0, 3, 8]_1_8', 'bpc_217_[1, 0, 4, 2, 3, 8]_1_8', 'bpc_217_[1, 0, 4, 3, 8]_1_8']
upper  20.0
lower  10.0
1.0
False
upper bound:20.0
lower bound:10.0
['bpc_53_[1, 0, 2, 3, 4, 10]_1_10']
upper  20.0
lower  10.0
['bpc_53_[1, 0, 2, 3, 4, 10]_1_10', 'bpc_53_[1, 0, 2, 4, 10]_1_10']
upper  20.0
lower  10.0
['bpc_53_[1, 0, 2, 3, 4, 10]_1_10', 'bpc_53_[1, 0, 2, 4, 10]_1_10', 'bpc_53_[1, 0, 3, 2, 4, 10]_1_10']
upper  20.0
lower  10.0
['bpc_53_[1, 0, 2, 3, 4, 10]_1_10', 'bpc_53_[1, 0, 2, 4, 10]_1_10', 'bpc_53_[1, 0, 3, 2, 4, 10]_1_10', 'bpc_53_[1, 0, 3, 4, 10]_1_10']
upper  20.0
lower  10.0
['bpc_53_[1, 0, 2, 3, 4, 10]_1_10', 'bpc_53_[1, 0, 2, 4, 10]_1_10', 'bpc_53_[1, 0, 3, 2, 4, 10]_1_10', 'bpc_53_[1, 0, 3, 4, 10]_1_10', 'bpc_53_[1, 0, 4, 10]_1_10']
upper  20.0
lower  10.0
0.833333333333
False
upper bound:16.6666666667
lower bound:8.33333333333
['bpc_192_[0, 1, 2, 3, 8]_0_8']
upper  16.6666666667
lower  8.33333333333
['bpc_192_[0, 1, 2, 3, 8]_0_8', 'bpc_192_[0, 1, 2, 4, 3, 8]_0_8']
upper  16.6666666667
lower  8.33333333333
['bpc_192_[0, 1, 2, 3, 8]_0_8', 'bpc_192_[0, 1, 2, 4, 3, 8]_0_8', 'bpc_192_[0, 1, 3, 8]_0_8']
upper  16.6666666667
lower  8.33333333333
['bpc_192_[0, 1, 2, 3, 8]_0_8', 'bpc_192_[0, 1, 2, 4, 3, 8]_0_8', 'bpc_192_[0, 1, 3, 8]_0_8', 'bpc_192_[0, 1, 4, 2, 3, 8]_0_8']
upper  16.6666666667
lower  8.33333333333
['bpc_192_[0, 1, 2, 3, 8]_0_8', 'bpc_192_[0, 1, 2, 4, 3, 8]_0_8', 'bpc_192_[0, 1, 3, 8]_0_8', 'bpc_192_[0, 1, 4, 2, 3, 8]_0_8', 'bpc_192_[0, 1, 4, 3, 8]_0_8']
upper  16.6666666667
lower  8.33333333333
1.0
False
upper bound:20.0
lower bound:10.0
['bpc_28_[1, 0, 2]_1_2']
upper  20.0
lower  10.0
['bpc_28_[1, 0, 2]_1_2', 'bpc_28_[1, 0, 3, 2]_1_2']
upper  20.0
lower  10.0
['bpc_28_[1, 0, 2]_1_2', 'bpc_28_[1, 0, 3, 2]_1_2', 'bpc_28_[1, 0, 3, 4, 2]_1_2']
upper  20.0
lower  10.0
['bpc_28_[1, 0, 2]_1_2', 'bpc_28_[1, 0, 3, 2]_1_2', 'bpc_28_[1, 0, 3, 4, 2]_1_2', 'bpc_28_[1, 0, 4, 2]_1_2']
upper  20.0
lower  10.0
['bpc_28_[1, 0, 2]_1_2', 'bpc_28_[1, 0, 3, 2]_1_2', 'bpc_28_[1, 0, 3, 4, 2]_1_2', 'bpc_28_[1, 0, 4, 2]_1_2', 'bpc_28_[1, 0, 4, 3, 2]_1_2']
upper  20.0
lower  10.0
1.0
False
upper bound:20.0
lower bound:10.0
['bpc_183_[1, 0, 2, 5]_1_5']
upper  20.0
lower  10.0
['bpc_183_[1, 0, 2, 5]_1_5', 'bpc_183_[1, 0, 3, 2, 5]_1_5']
upper  20.0
lower  10.0
['bpc_183_[1, 0, 2, 5]_1_5', 'bpc_183_[1, 0, 3, 2, 5]_1_5', 'bpc_183_[1, 0, 3, 4, 2, 5]_1_5']
upper  20.0
lower  10.0
['bpc_183_[1, 0, 2, 5]_1_5', 'bpc_183_[1, 0, 3, 2, 5]_1_5', 'bpc_183_[1, 0, 3, 4, 2, 5]_1_5', 'bpc_183_[1, 0, 4, 2, 5]_1_5']
upper  20.0
lower  10.0
['bpc_183_[1, 0, 2, 5]_1_5', 'bpc_183_[1, 0, 3, 2, 5]_1_5', 'bpc_183_[1, 0, 3, 4, 2, 5]_1_5', 'bpc_183_[1, 0, 4, 2, 5]_1_5', 'bpc_183_[1, 0, 4, 3, 2, 5]_1_5']
upper  20.0
lower  10.0
0.833333333333
False
upper bound:16.6666666667
lower bound:8.33333333333
['bpc_104_[0, 1, 2, 3, 8]_0_8']
upper  16.6666666667
lower  8.33333333333
['bpc_104_[0, 1, 2, 3, 8]_0_8', 'bpc_104_[0, 1, 2, 4, 3, 8]_0_8']
upper  16.6666666667
lower  8.33333333333
['bpc_104_[0, 1, 2, 3, 8]_0_8', 'bpc_104_[0, 1, 2, 4, 3, 8]_0_8', 'bpc_104_[0, 1, 3, 8]_0_8']
upper  16.6666666667
lower  8.33333333333
['bpc_104_[0, 1, 2, 3, 8]_0_8', 'bpc_104_[0, 1, 2, 4, 3, 8]_0_8', 'bpc_104_[0, 1, 3, 8]_0_8', 'bpc_104_[0, 1, 4, 2, 3, 8]_0_8']
upper  16.6666666667
lower  8.33333333333
['bpc_104_[0, 1, 2, 3, 8]_0_8', 'bpc_104_[0, 1, 2, 4, 3, 8]_0_8', 'bpc_104_[0, 1, 3, 8]_0_8', 'bpc_104_[0, 1, 4, 2, 3, 8]_0_8', 'bpc_104_[0, 1, 4, 3, 8]_0_8']
upper  16.6666666667
lower  8.33333333333
1.0
False
upper bound:20.0
lower bound:10.0
['bpc_3_[1, 0, 2, 6]_1_6']
upper  20.0
lower  10.0
['bpc_3_[1, 0, 2, 6]_1_6', 'bpc_3_[1, 0, 3, 2, 6]_1_6']
upper  20.0
lower  10.0
['bpc_3_[1, 0, 2, 6]_1_6', 'bpc_3_[1, 0, 3, 2, 6]_1_6', 'bpc_3_[1, 0, 3, 4, 2, 6]_1_6']
upper  20.0
lower  10.0
['bpc_3_[1, 0, 2, 6]_1_6', 'bpc_3_[1, 0, 3, 2, 6]_1_6', 'bpc_3_[1, 0, 3, 4, 2, 6]_1_6', 'bpc_3_[1, 0, 4, 2, 6]_1_6']
upper  20.0
lower  10.0
['bpc_3_[1, 0, 2, 6]_1_6', 'bpc_3_[1, 0, 3, 2, 6]_1_6', 'bpc_3_[1, 0, 3, 4, 2, 6]_1_6', 'bpc_3_[1, 0, 4, 2, 6]_1_6', 'bpc_3_[1, 0, 4, 3, 2, 6]_1_6']
upper  20.0
lower  10.0
0.833333333333
False
upper bound:16.6666666667
lower bound:8.33333333333
['bpc_158_[0, 1, 2, 3, 4, 10]_0_10']
upper  16.6666666667
lower  8.33333333333
['bpc_158_[0, 1, 2, 3, 4, 10]_0_10', 'bpc_158_[0, 1, 2, 4, 10]_0_10']
upper  16.6666666667
lower  8.33333333333
['bpc_158_[0, 1, 2, 3, 4, 10]_0_10', 'bpc_158_[0, 1, 2, 4, 10]_0_10', 'bpc_158_[0, 1, 3, 2, 4, 10]_0_10']
upper  16.6666666667
lower  8.33333333333
['bpc_158_[0, 1, 2, 3, 4, 10]_0_10', 'bpc_158_[0, 1, 2, 4, 10]_0_10', 'bpc_158_[0, 1, 3, 2, 4, 10]_0_10', 'bpc_158_[0, 1, 3, 4, 10]_0_10']
upper  16.6666666667
lower  8.33333333333
['bpc_158_[0, 1, 2, 3, 4, 10]_0_10', 'bpc_158_[0, 1, 2, 4, 10]_0_10', 'bpc_158_[0, 1, 3, 2, 4, 10]_0_10', 'bpc_158_[0, 1, 3, 4, 10]_0_10', 'bpc_158_[0, 1, 4, 10]_0_10']
upper  16.6666666667
lower  8.33333333333
1.0
False
upper bound:20.0
lower bound:10.0
['bpc_95_[1, 0, 2, 5]_1_5']
upper  20.0
lower  10.0
['bpc_95_[1, 0, 2, 5]_1_5', 'bpc_95_[1, 0, 3, 2, 5]_1_5']
upper  20.0
lower  10.0
['bpc_95_[1, 0, 2, 5]_1_5', 'bpc_95_[1, 0, 3, 2, 5]_1_5', 'bpc_95_[1, 0, 3, 4, 2, 5]_1_5']
upper  20.0
lower  10.0
['bpc_95_[1, 0, 2, 5]_1_5', 'bpc_95_[1, 0, 3, 2, 5]_1_5', 'bpc_95_[1, 0, 3, 4, 2, 5]_1_5', 'bpc_95_[1, 0, 4, 2, 5]_1_5']
upper  20.0
lower  10.0
['bpc_95_[1, 0, 2, 5]_1_5', 'bpc_95_[1, 0, 3, 2, 5]_1_5', 'bpc_95_[1, 0, 3, 4, 2, 5]_1_5', 'bpc_95_[1, 0, 4, 2, 5]_1_5', 'bpc_95_[1, 0, 4, 3, 2, 5]_1_5']
upper  20.0
lower  10.0
1.0
False
upper bound:20.0
lower bound:10.0
['bpc_133_[1, 0, 2, 3]_1_3']
upper  20.0
lower  10.0
['bpc_133_[1, 0, 2, 3]_1_3', 'bpc_133_[1, 0, 2, 4, 3]_1_3']
upper  20.0
lower  10.0
['bpc_133_[1, 0, 2, 3]_1_3', 'bpc_133_[1, 0, 2, 4, 3]_1_3', 'bpc_133_[1, 0, 3]_1_3']
upper  20.0
lower  10.0
['bpc_133_[1, 0, 2, 3]_1_3', 'bpc_133_[1, 0, 2, 4, 3]_1_3', 'bpc_133_[1, 0, 3]_1_3', 'bpc_133_[1, 0, 4, 2, 3]_1_3']
upper  20.0
lower  10.0
['bpc_133_[1, 0, 2, 3]_1_3', 'bpc_133_[1, 0, 2, 4, 3]_1_3', 'bpc_133_[1, 0, 3]_1_3', 'bpc_133_[1, 0, 4, 2, 3]_1_3', 'bpc_133_[1, 0, 4, 3]_1_3']
upper  20.0
lower  10.0
0.833333333333
False
upper bound:16.6666666667
lower bound:8.33333333333
['bpc_70_[0, 1, 2, 3, 4, 10]_0_10']
upper  16.6666666667
lower  8.33333333333
['bpc_70_[0, 1, 2, 3, 4, 10]_0_10', 'bpc_70_[0, 1, 2, 4, 10]_0_10']
upper  16.6666666667
lower  8.33333333333
['bpc_70_[0, 1, 2, 3, 4, 10]_0_10', 'bpc_70_[0, 1, 2, 4, 10]_0_10', 'bpc_70_[0, 1, 3, 2, 4, 10]_0_10']
upper  16.6666666667
lower  8.33333333333
['bpc_70_[0, 1, 2, 3, 4, 10]_0_10', 'bpc_70_[0, 1, 2, 4, 10]_0_10', 'bpc_70_[0, 1, 3, 2, 4, 10]_0_10', 'bpc_70_[0, 1, 3, 4, 10]_0_10']
upper  16.6666666667
lower  8.33333333333
['bpc_70_[0, 1, 2, 3, 4, 10]_0_10', 'bpc_70_[0, 1, 2, 4, 10]_0_10', 'bpc_70_[0, 1, 3, 2, 4, 10]_0_10', 'bpc_70_[0, 1, 3, 4, 10]_0_10', 'bpc_70_[0, 1, 4, 10]_0_10']
upper  16.6666666667
lower  8.33333333333
0.833333333333
False
upper bound:16.6666666667
lower bound:8.33333333333
['bpc_209_[0, 1, 0]_0_0']
upper  16.6666666667
lower  8.33333333333
['bpc_209_[0, 1, 0]_0_0', 'bpc_209_[0, 1, 2, 0]_0_0']
upper  16.6666666667
lower  8.33333333333
['bpc_209_[0, 1, 0]_0_0', 'bpc_209_[0, 1, 2, 0]_0_0', 'bpc_209_[0, 1, 2, 3, 0]_0_0']
upper  16.6666666667
lower  8.33333333333
['bpc_209_[0, 1, 0]_0_0', 'bpc_209_[0, 1, 2, 0]_0_0', 'bpc_209_[0, 1, 2, 3, 0]_0_0', 'bpc_209_[0, 1, 2, 3, 4, 0]_0_0']
upper  16.6666666667
lower  8.33333333333
['bpc_209_[0, 1, 0]_0_0', 'bpc_209_[0, 1, 2, 0]_0_0', 'bpc_209_[0, 1, 2, 3, 0]_0_0', 'bpc_209_[0, 1, 2, 3, 4, 0]_0_0', 'bpc_209_[0, 1, 2, 4, 0]_0_0']
upper  16.6666666667
lower  8.33333333333
1.0
False
upper bound:20.0
lower bound:10.0
['bpc_45_[1, 0, 2, 3]_1_3']
upper  20.0
lower  10.0
['bpc_45_[1, 0, 2, 3]_1_3', 'bpc_45_[1, 0, 2, 4, 3]_1_3']
upper  20.0
lower  10.0
['bpc_45_[1, 0, 2, 3]_1_3', 'bpc_45_[1, 0, 2, 4, 3]_1_3', 'bpc_45_[1, 0, 3]_1_3']
upper  20.0
lower  10.0
['bpc_45_[1, 0, 2, 3]_1_3', 'bpc_45_[1, 0, 2, 4, 3]_1_3', 'bpc_45_[1, 0, 3]_1_3', 'bpc_45_[1, 0, 4, 2, 3]_1_3']
upper  20.0
lower  10.0
['bpc_45_[1, 0, 2, 3]_1_3', 'bpc_45_[1, 0, 2, 4, 3]_1_3', 'bpc_45_[1, 0, 3]_1_3', 'bpc_45_[1, 0, 4, 2, 3]_1_3', 'bpc_45_[1, 0, 4, 3]_1_3']
upper  20.0
lower  10.0
0.833333333333
False
upper bound:16.6666666667
lower bound:8.33333333333
['bpc_184_[0, 1, 2, 3, 4]_0_4']
upper  16.6666666667
lower  8.33333333333
['bpc_184_[0, 1, 2, 3, 4]_0_4', 'bpc_184_[0, 1, 2, 4]_0_4']
upper  16.6666666667
lower  8.33333333333
['bpc_184_[0, 1, 2, 3, 4]_0_4', 'bpc_184_[0, 1, 2, 4]_0_4', 'bpc_184_[0, 1, 3, 2, 4]_0_4']
upper  16.6666666667
lower  8.33333333333
['bpc_184_[0, 1, 2, 3, 4]_0_4', 'bpc_184_[0, 1, 2, 4]_0_4', 'bpc_184_[0, 1, 3, 2, 4]_0_4', 'bpc_184_[0, 1, 3, 4]_0_4']
upper  16.6666666667
lower  8.33333333333
['bpc_184_[0, 1, 2, 3, 4]_0_4', 'bpc_184_[0, 1, 2, 4]_0_4', 'bpc_184_[0, 1, 3, 2, 4]_0_4', 'bpc_184_[0, 1, 3, 4]_0_4', 'bpc_184_[0, 1, 4]_0_4']
upper  16.6666666667
lower  8.33333333333
0.833333333333
False
upper bound:16.6666666667
lower bound:8.33333333333
['bpc_121_[0, 1, 0]_0_0']
upper  16.6666666667
lower  8.33333333333
['bpc_121_[0, 1, 0]_0_0', 'bpc_121_[0, 1, 2, 0]_0_0']
upper  16.6666666667
lower  8.33333333333
['bpc_121_[0, 1, 0]_0_0', 'bpc_121_[0, 1, 2, 0]_0_0', 'bpc_121_[0, 1, 2, 3, 0]_0_0']
upper  16.6666666667
lower  8.33333333333
['bpc_121_[0, 1, 0]_0_0', 'bpc_121_[0, 1, 2, 0]_0_0', 'bpc_121_[0, 1, 2, 3, 0]_0_0', 'bpc_121_[0, 1, 2, 3, 4, 0]_0_0']
upper  16.6666666667
lower  8.33333333333
['bpc_121_[0, 1, 0]_0_0', 'bpc_121_[0, 1, 2, 0]_0_0', 'bpc_121_[0, 1, 2, 3, 0]_0_0', 'bpc_121_[0, 1, 2, 3, 4, 0]_0_0', 'bpc_121_[0, 1, 2, 4, 0]_0_0']
upper  16.6666666667
lower  8.33333333333
1.0
False
upper bound:20.0
lower bound:10.0
['bpc_20_[1, 0, 2, 3, 7]_1_7']
upper  20.0
lower  10.0
['bpc_20_[1, 0, 2, 3, 7]_1_7', 'bpc_20_[1, 0, 2, 4, 3, 7]_1_7']
upper  20.0
lower  10.0
['bpc_20_[1, 0, 2, 3, 7]_1_7', 'bpc_20_[1, 0, 2, 4, 3, 7]_1_7', 'bpc_20_[1, 0, 3, 7]_1_7']
upper  20.0
lower  10.0
['bpc_20_[1, 0, 2, 3, 7]_1_7', 'bpc_20_[1, 0, 2, 4, 3, 7]_1_7', 'bpc_20_[1, 0, 3, 7]_1_7', 'bpc_20_[1, 0, 4, 2, 3, 7]_1_7']
upper  20.0
lower  10.0
['bpc_20_[1, 0, 2, 3, 7]_1_7', 'bpc_20_[1, 0, 2, 4, 3, 7]_1_7', 'bpc_20_[1, 0, 3, 7]_1_7', 'bpc_20_[1, 0, 4, 2, 3, 7]_1_7', 'bpc_20_[1, 0, 4, 3, 7]_1_7']
upper  20.0
lower  10.0
0.833333333333
False
upper bound:16.6666666667
lower bound:8.33333333333
['bpc_175_[0, 1, 2, 3, 4, 9]_0_9']
upper  16.6666666667
lower  8.33333333333
['bpc_175_[0, 1, 2, 3, 4, 9]_0_9', 'bpc_175_[0, 1, 2, 4, 9]_0_9']
upper  16.6666666667
lower  8.33333333333
['bpc_175_[0, 1, 2, 3, 4, 9]_0_9', 'bpc_175_[0, 1, 2, 4, 9]_0_9', 'bpc_175_[0, 1, 3, 2, 4, 9]_0_9']
upper  16.6666666667
lower  8.33333333333
['bpc_175_[0, 1, 2, 3, 4, 9]_0_9', 'bpc_175_[0, 1, 2, 4, 9]_0_9', 'bpc_175_[0, 1, 3, 2, 4, 9]_0_9', 'bpc_175_[0, 1, 3, 4, 9]_0_9']
upper  16.6666666667
lower  8.33333333333
['bpc_175_[0, 1, 2, 3, 4, 9]_0_9', 'bpc_175_[0, 1, 2, 4, 9]_0_9', 'bpc_175_[0, 1, 3, 2, 4, 9]_0_9', 'bpc_175_[0, 1, 3, 4, 9]_0_9', 'bpc_175_[0, 1, 4, 9]_0_9']
upper  16.6666666667
lower  8.33333333333
0.833333333333
False
upper bound:16.6666666667
lower bound:8.33333333333
['bpc_96_[0, 1, 2, 3, 4]_0_4']
upper  16.6666666667
lower  8.33333333333
['bpc_96_[0, 1, 2, 3, 4]_0_4', 'bpc_96_[0, 1, 2, 4]_0_4']
upper  16.6666666667
lower  8.33333333333
['bpc_96_[0, 1, 2, 3, 4]_0_4', 'bpc_96_[0, 1, 2, 4]_0_4', 'bpc_96_[0, 1, 3, 2, 4]_0_4']
upper  16.6666666667
lower  8.33333333333
['bpc_96_[0, 1, 2, 3, 4]_0_4', 'bpc_96_[0, 1, 2, 4]_0_4', 'bpc_96_[0, 1, 3, 2, 4]_0_4', 'bpc_96_[0, 1, 3, 4]_0_4']
upper  16.6666666667
lower  8.33333333333
['bpc_96_[0, 1, 2, 3, 4]_0_4', 'bpc_96_[0, 1, 2, 4]_0_4', 'bpc_96_[0, 1, 3, 2, 4]_0_4', 'bpc_96_[0, 1, 3, 4]_0_4', 'bpc_96_[0, 1, 4]_0_4']
upper  16.6666666667
lower  8.33333333333
0.833333333333
False
upper bound:16.6666666667
lower bound:8.33333333333
['bpc_150_[0, 1, 2, 6]_0_6']
upper  16.6666666667
lower  8.33333333333
['bpc_150_[0, 1, 2, 6]_0_6', 'bpc_150_[0, 1, 3, 2, 6]_0_6']
upper  16.6666666667
lower  8.33333333333
['bpc_150_[0, 1, 2, 6]_0_6', 'bpc_150_[0, 1, 3, 2, 6]_0_6', 'bpc_150_[0, 1, 3, 4, 2, 6]_0_6']
upper  16.6666666667
lower  8.33333333333
['bpc_150_[0, 1, 2, 6]_0_6', 'bpc_150_[0, 1, 3, 2, 6]_0_6', 'bpc_150_[0, 1, 3, 4, 2, 6]_0_6', 'bpc_150_[0, 1, 4, 2, 6]_0_6']
upper  16.6666666667
lower  8.33333333333
['bpc_150_[0, 1, 2, 6]_0_6', 'bpc_150_[0, 1, 3, 2, 6]_0_6', 'bpc_150_[0, 1, 3, 4, 2, 6]_0_6', 'bpc_150_[0, 1, 4, 2, 6]_0_6', 'bpc_150_[0, 1, 4, 3, 2, 6]_0_6']
upper  16.6666666667
lower  8.33333333333
0.833333333333
False
upper bound:16.6666666667
lower bound:8.33333333333
['bpc_87_[0, 1, 2, 3, 4, 9]_0_9']
upper  16.6666666667
lower  8.33333333333
['bpc_87_[0, 1, 2, 3, 4, 9]_0_9', 'bpc_87_[0, 1, 2, 4, 9]_0_9']
upper  16.6666666667
lower  8.33333333333
['bpc_87_[0, 1, 2, 3, 4, 9]_0_9', 'bpc_87_[0, 1, 2, 4, 9]_0_9', 'bpc_87_[0, 1, 3, 2, 4, 9]_0_9']
upper  16.6666666667
lower  8.33333333333
['bpc_87_[0, 1, 2, 3, 4, 9]_0_9', 'bpc_87_[0, 1, 2, 4, 9]_0_9', 'bpc_87_[0, 1, 3, 2, 4, 9]_0_9', 'bpc_87_[0, 1, 3, 4, 9]_0_9']
upper  16.6666666667
lower  8.33333333333
['bpc_87_[0, 1, 2, 3, 4, 9]_0_9', 'bpc_87_[0, 1, 2, 4, 9]_0_9', 'bpc_87_[0, 1, 3, 2, 4, 9]_0_9', 'bpc_87_[0, 1, 3, 4, 9]_0_9', 'bpc_87_[0, 1, 4, 9]_0_9']
upper  16.6666666667
lower  8.33333333333
0.833333333333
False
upper bound:16.6666666667
lower bound:8.33333333333
['bpc_62_[0, 1, 2, 6]_0_6']
upper  16.6666666667
lower  8.33333333333
['bpc_62_[0, 1, 2, 6]_0_6', 'bpc_62_[0, 1, 3, 2, 6]_0_6']
upper  16.6666666667
lower  8.33333333333
['bpc_62_[0, 1, 2, 6]_0_6', 'bpc_62_[0, 1, 3, 2, 6]_0_6', 'bpc_62_[0, 1, 3, 4, 2, 6]_0_6']
upper  16.6666666667
lower  8.33333333333
['bpc_62_[0, 1, 2, 6]_0_6', 'bpc_62_[0, 1, 3, 2, 6]_0_6', 'bpc_62_[0, 1, 3, 4, 2, 6]_0_6', 'bpc_62_[0, 1, 4, 2, 6]_0_6']
upper  16.6666666667
lower  8.33333333333
['bpc_62_[0, 1, 2, 6]_0_6', 'bpc_62_[0, 1, 3, 2, 6]_0_6', 'bpc_62_[0, 1, 3, 4, 2, 6]_0_6', 'bpc_62_[0, 1, 4, 2, 6]_0_6', 'bpc_62_[0, 1, 4, 3, 2, 6]_0_6']
upper  16.6666666667
lower  8.33333333333
1.0
False
upper bound:20.0
lower bound:10.0
['bpc_201_[1, 0, 2, 6]_1_6']
upper  20.0
lower  10.0
['bpc_201_[1, 0, 2, 6]_1_6', 'bpc_201_[1, 0, 3, 2, 6]_1_6']
upper  20.0
lower  10.0
['bpc_201_[1, 0, 2, 6]_1_6', 'bpc_201_[1, 0, 3, 2, 6]_1_6', 'bpc_201_[1, 0, 3, 4, 2, 6]_1_6']
upper  20.0
lower  10.0
['bpc_201_[1, 0, 2, 6]_1_6', 'bpc_201_[1, 0, 3, 2, 6]_1_6', 'bpc_201_[1, 0, 3, 4, 2, 6]_1_6', 'bpc_201_[1, 0, 4, 2, 6]_1_6']
upper  20.0
lower  10.0
['bpc_201_[1, 0, 2, 6]_1_6', 'bpc_201_[1, 0, 3, 2, 6]_1_6', 'bpc_201_[1, 0, 3, 4, 2, 6]_1_6', 'bpc_201_[1, 0, 4, 2, 6]_1_6', 'bpc_201_[1, 0, 4, 3, 2, 6]_1_6']
upper  20.0
lower  10.0
1.0
False
upper bound:20.0
lower bound:10.0
['bpc_37_[1, 0]_1_0']
upper  20.0
lower  10.0
['bpc_37_[1, 0]_1_0', 'bpc_37_[1, 2, 0]_1_0']
upper  20.0
lower  10.0
['bpc_37_[1, 0]_1_0', 'bpc_37_[1, 2, 0]_1_0', 'bpc_37_[1, 2, 3, 0]_1_0']
upper  20.0
lower  10.0
['bpc_37_[1, 0]_1_0', 'bpc_37_[1, 2, 0]_1_0', 'bpc_37_[1, 2, 3, 0]_1_0', 'bpc_37_[1, 2, 3, 4, 0]_1_0']
upper  20.0
lower  10.0
['bpc_37_[1, 0]_1_0', 'bpc_37_[1, 2, 0]_1_0', 'bpc_37_[1, 2, 3, 0]_1_0', 'bpc_37_[1, 2, 3, 4, 0]_1_0', 'bpc_37_[1, 2, 4, 0]_1_0']
upper  20.0
lower  10.0
0.833333333333
False
upper bound:16.6666666667
lower bound:8.33333333333
['bpc_176_[0, 1, 2]_0_2']
upper  16.6666666667
lower  8.33333333333
['bpc_176_[0, 1, 2]_0_2', 'bpc_176_[0, 1, 3, 2]_0_2']
upper  16.6666666667
lower  8.33333333333
['bpc_176_[0, 1, 2]_0_2', 'bpc_176_[0, 1, 3, 2]_0_2', 'bpc_176_[0, 1, 3, 4, 2]_0_2']
upper  16.6666666667
lower  8.33333333333
['bpc_176_[0, 1, 2]_0_2', 'bpc_176_[0, 1, 3, 2]_0_2', 'bpc_176_[0, 1, 3, 4, 2]_0_2', 'bpc_176_[0, 1, 4, 2]_0_2']
upper  16.6666666667
lower  8.33333333333
['bpc_176_[0, 1, 2]_0_2', 'bpc_176_[0, 1, 3, 2]_0_2', 'bpc_176_[0, 1, 3, 4, 2]_0_2', 'bpc_176_[0, 1, 4, 2]_0_2', 'bpc_176_[0, 1, 4, 3, 2]_0_2']
upper  16.6666666667
lower  8.33333333333
1.0
False
upper bound:20.0
lower bound:10.0
['bpc_113_[1, 0, 2, 6]_1_6']
upper  20.0
lower  10.0
['bpc_113_[1, 0, 2, 6]_1_6', 'bpc_113_[1, 0, 3, 2, 6]_1_6']
upper  20.0
lower  10.0
['bpc_113_[1, 0, 2, 6]_1_6', 'bpc_113_[1, 0, 3, 2, 6]_1_6', 'bpc_113_[1, 0, 3, 4, 2, 6]_1_6']
upper  20.0
lower  10.0
['bpc_113_[1, 0, 2, 6]_1_6', 'bpc_113_[1, 0, 3, 2, 6]_1_6', 'bpc_113_[1, 0, 3, 4, 2, 6]_1_6', 'bpc_113_[1, 0, 4, 2, 6]_1_6']
upper  20.0
lower  10.0
['bpc_113_[1, 0, 2, 6]_1_6', 'bpc_113_[1, 0, 3, 2, 6]_1_6', 'bpc_113_[1, 0, 3, 4, 2, 6]_1_6', 'bpc_113_[1, 0, 4, 2, 6]_1_6', 'bpc_113_[1, 0, 4, 3, 2, 6]_1_6']
upper  20.0
lower  10.0
1.0
False
upper bound:20.0
lower bound:10.0
['bpc_12_[1, 0, 2, 3, 4]_1_4']
upper  20.0
lower  10.0
['bpc_12_[1, 0, 2, 3, 4]_1_4', 'bpc_12_[1, 0, 2, 4]_1_4']
upper  20.0
lower  10.0
['bpc_12_[1, 0, 2, 3, 4]_1_4', 'bpc_12_[1, 0, 2, 4]_1_4', 'bpc_12_[1, 0, 3, 2, 4]_1_4']
upper  20.0
lower  10.0
['bpc_12_[1, 0, 2, 3, 4]_1_4', 'bpc_12_[1, 0, 2, 4]_1_4', 'bpc_12_[1, 0, 3, 2, 4]_1_4', 'bpc_12_[1, 0, 3, 4]_1_4']
upper  20.0
lower  10.0
['bpc_12_[1, 0, 2, 3, 4]_1_4', 'bpc_12_[1, 0, 2, 4]_1_4', 'bpc_12_[1, 0, 3, 2, 4]_1_4', 'bpc_12_[1, 0, 3, 4]_1_4', 'bpc_12_[1, 0, 4]_1_4']
upper  20.0
lower  10.0
0.833333333333
False
upper bound:16.6666666667
lower bound:8.33333333333
['bpc_167_[0, 1, 2, 5]_0_5']
upper  16.6666666667
lower  8.33333333333
['bpc_167_[0, 1, 2, 5]_0_5', 'bpc_167_[0, 1, 3, 2, 5]_0_5']
upper  16.6666666667
lower  8.33333333333
['bpc_167_[0, 1, 2, 5]_0_5', 'bpc_167_[0, 1, 3, 2, 5]_0_5', 'bpc_167_[0, 1, 3, 4, 2, 5]_0_5']
upper  16.6666666667
lower  8.33333333333
['bpc_167_[0, 1, 2, 5]_0_5', 'bpc_167_[0, 1, 3, 2, 5]_0_5', 'bpc_167_[0, 1, 3, 4, 2, 5]_0_5', 'bpc_167_[0, 1, 4, 2, 5]_0_5']
upper  16.6666666667
lower  8.33333333333
['bpc_167_[0, 1, 2, 5]_0_5', 'bpc_167_[0, 1, 3, 2, 5]_0_5', 'bpc_167_[0, 1, 3, 4, 2, 5]_0_5', 'bpc_167_[0, 1, 4, 2, 5]_0_5', 'bpc_167_[0, 1, 4, 3, 2, 5]_0_5']
upper  16.6666666667
lower  8.33333333333
0.833333333333
False
upper bound:16.6666666667
lower bound:8.33333333333
['bpc_88_[0, 1, 2]_0_2']
upper  16.6666666667
lower  8.33333333333
['bpc_88_[0, 1, 2]_0_2', 'bpc_88_[0, 1, 3, 2]_0_2']
upper  16.6666666667
lower  8.33333333333
['bpc_88_[0, 1, 2]_0_2', 'bpc_88_[0, 1, 3, 2]_0_2', 'bpc_88_[0, 1, 3, 4, 2]_0_2']
upper  16.6666666667
lower  8.33333333333
['bpc_88_[0, 1, 2]_0_2', 'bpc_88_[0, 1, 3, 2]_0_2', 'bpc_88_[0, 1, 3, 4, 2]_0_2', 'bpc_88_[0, 1, 4, 2]_0_2']
upper  16.6666666667
lower  8.33333333333
['bpc_88_[0, 1, 2]_0_2', 'bpc_88_[0, 1, 3, 2]_0_2', 'bpc_88_[0, 1, 3, 4, 2]_0_2', 'bpc_88_[0, 1, 4, 2]_0_2', 'bpc_88_[0, 1, 4, 3, 2]_0_2']
upper  16.6666666667
lower  8.33333333333
1.0
False
upper bound:20.0
lower bound:10.0
['bpc_142_[1, 0, 1]_1_1']
upper  20.0
lower  10.0
['bpc_142_[1, 0, 1]_1_1', 'bpc_142_[1, 0, 2, 1]_1_1']
upper  20.0
lower  10.0
['bpc_142_[1, 0, 1]_1_1', 'bpc_142_[1, 0, 2, 1]_1_1', 'bpc_142_[1, 0, 2, 3, 1]_1_1']
upper  20.0
lower  10.0
['bpc_142_[1, 0, 1]_1_1', 'bpc_142_[1, 0, 2, 1]_1_1', 'bpc_142_[1, 0, 2, 3, 1]_1_1', 'bpc_142_[1, 0, 2, 3, 4, 1]_1_1']
upper  20.0
lower  10.0
['bpc_142_[1, 0, 1]_1_1', 'bpc_142_[1, 0, 2, 1]_1_1', 'bpc_142_[1, 0, 2, 3, 1]_1_1', 'bpc_142_[1, 0, 2, 3, 4, 1]_1_1', 'bpc_142_[1, 0, 2, 4, 1]_1_1']
upper  20.0
lower  10.0
0.833333333333
False
upper bound:16.6666666667
lower bound:8.33333333333
['bpc_79_[0, 1, 2, 5]_0_5']
upper  16.6666666667
lower  8.33333333333
['bpc_79_[0, 1, 2, 5]_0_5', 'bpc_79_[0, 1, 3, 2, 5]_0_5']
upper  16.6666666667
lower  8.33333333333
['bpc_79_[0, 1, 2, 5]_0_5', 'bpc_79_[0, 1, 3, 2, 5]_0_5', 'bpc_79_[0, 1, 3, 4, 2, 5]_0_5']
upper  16.6666666667
lower  8.33333333333
['bpc_79_[0, 1, 2, 5]_0_5', 'bpc_79_[0, 1, 3, 2, 5]_0_5', 'bpc_79_[0, 1, 3, 4, 2, 5]_0_5', 'bpc_79_[0, 1, 4, 2, 5]_0_5']
upper  16.6666666667
lower  8.33333333333
['bpc_79_[0, 1, 2, 5]_0_5', 'bpc_79_[0, 1, 3, 2, 5]_0_5', 'bpc_79_[0, 1, 3, 4, 2, 5]_0_5', 'bpc_79_[0, 1, 4, 2, 5]_0_5', 'bpc_79_[0, 1, 4, 3, 2, 5]_0_5']
upper  16.6666666667
lower  8.33333333333
1.0
False
upper bound:20.0
lower bound:10.0
['bpc_218_[1, 0, 2, 3, 7]_1_7']
upper  20.0
lower  10.0
['bpc_218_[1, 0, 2, 3, 7]_1_7', 'bpc_218_[1, 0, 2, 4, 3, 7]_1_7']
upper  20.0
lower  10.0
['bpc_218_[1, 0, 2, 3, 7]_1_7', 'bpc_218_[1, 0, 2, 4, 3, 7]_1_7', 'bpc_218_[1, 0, 3, 7]_1_7']
upper  20.0
lower  10.0
['bpc_218_[1, 0, 2, 3, 7]_1_7', 'bpc_218_[1, 0, 2, 4, 3, 7]_1_7', 'bpc_218_[1, 0, 3, 7]_1_7', 'bpc_218_[1, 0, 4, 2, 3, 7]_1_7']
upper  20.0
lower  10.0
['bpc_218_[1, 0, 2, 3, 7]_1_7', 'bpc_218_[1, 0, 2, 4, 3, 7]_1_7', 'bpc_218_[1, 0, 3, 7]_1_7', 'bpc_218_[1, 0, 4, 2, 3, 7]_1_7', 'bpc_218_[1, 0, 4, 3, 7]_1_7']
upper  20.0
lower  10.0
1.0
False
upper bound:20.0
lower bound:10.0
['bpc_54_[1, 0, 1]_1_1']
upper  20.0
lower  10.0
['bpc_54_[1, 0, 1]_1_1', 'bpc_54_[1, 0, 2, 1]_1_1']
upper  20.0
lower  10.0
['bpc_54_[1, 0, 1]_1_1', 'bpc_54_[1, 0, 2, 1]_1_1', 'bpc_54_[1, 0, 2, 3, 1]_1_1']
upper  20.0
lower  10.0
['bpc_54_[1, 0, 1]_1_1', 'bpc_54_[1, 0, 2, 1]_1_1', 'bpc_54_[1, 0, 2, 3, 1]_1_1', 'bpc_54_[1, 0, 2, 3, 4, 1]_1_1']
upper  20.0
lower  10.0
['bpc_54_[1, 0, 1]_1_1', 'bpc_54_[1, 0, 2, 1]_1_1', 'bpc_54_[1, 0, 2, 3, 1]_1_1', 'bpc_54_[1, 0, 2, 3, 4, 1]_1_1', 'bpc_54_[1, 0, 2, 4, 1]_1_1']
upper  20.0
lower  10.0
0.833333333333
False
upper bound:16.6666666667
lower bound:8.33333333333
['bpc_193_[0, 1]_0_1']
upper  16.6666666667
lower  8.33333333333
['bpc_193_[0, 1]_0_1', 'bpc_193_[0, 2, 1]_0_1']
upper  16.6666666667
lower  8.33333333333
['bpc_193_[0, 1]_0_1', 'bpc_193_[0, 2, 1]_0_1', 'bpc_193_[0, 2, 3, 1]_0_1']
upper  16.6666666667
lower  8.33333333333
['bpc_193_[0, 1]_0_1', 'bpc_193_[0, 2, 1]_0_1', 'bpc_193_[0, 2, 3, 1]_0_1', 'bpc_193_[0, 2, 3, 4, 1]_0_1']
upper  16.6666666667
lower  8.33333333333
['bpc_193_[0, 1]_0_1', 'bpc_193_[0, 2, 1]_0_1', 'bpc_193_[0, 2, 3, 1]_0_1', 'bpc_193_[0, 2, 3, 4, 1]_0_1', 'bpc_193_[0, 2, 4, 1]_0_1']
upper  16.6666666667
lower  8.33333333333
1.0
False
upper bound:20.0
lower bound:10.0
['bpc_29_[1, 0, 2, 5]_1_5']
upper  20.0
lower  10.0
['bpc_29_[1, 0, 2, 5]_1_5', 'bpc_29_[1, 0, 3, 2, 5]_1_5']
upper  20.0
lower  10.0
['bpc_29_[1, 0, 2, 5]_1_5', 'bpc_29_[1, 0, 3, 2, 5]_1_5', 'bpc_29_[1, 0, 3, 4, 2, 5]_1_5']
upper  20.0
lower  10.0
['bpc_29_[1, 0, 2, 5]_1_5', 'bpc_29_[1, 0, 3, 2, 5]_1_5', 'bpc_29_[1, 0, 3, 4, 2, 5]_1_5', 'bpc_29_[1, 0, 4, 2, 5]_1_5']
upper  20.0
lower  10.0
['bpc_29_[1, 0, 2, 5]_1_5', 'bpc_29_[1, 0, 3, 2, 5]_1_5', 'bpc_29_[1, 0, 3, 4, 2, 5]_1_5', 'bpc_29_[1, 0, 4, 2, 5]_1_5', 'bpc_29_[1, 0, 4, 3, 2, 5]_1_5']
upper  20.0
lower  10.0
1.0
False
upper bound:20.0
lower bound:10.0
['bpc_168_[1, 0, 2, 3, 4, 9]_1_9']
upper  20.0
lower  10.0
['bpc_168_[1, 0, 2, 3, 4, 9]_1_9', 'bpc_168_[1, 0, 2, 4, 9]_1_9']
upper  20.0
lower  10.0
['bpc_168_[1, 0, 2, 3, 4, 9]_1_9', 'bpc_168_[1, 0, 2, 4, 9]_1_9', 'bpc_168_[1, 0, 3, 2, 4, 9]_1_9']
upper  20.0
lower  10.0
['bpc_168_[1, 0, 2, 3, 4, 9]_1_9', 'bpc_168_[1, 0, 2, 4, 9]_1_9', 'bpc_168_[1, 0, 3, 2, 4, 9]_1_9', 'bpc_168_[1, 0, 3, 4, 9]_1_9']
upper  20.0
lower  10.0
['bpc_168_[1, 0, 2, 3, 4, 9]_1_9', 'bpc_168_[1, 0, 2, 4, 9]_1_9', 'bpc_168_[1, 0, 3, 2, 4, 9]_1_9', 'bpc_168_[1, 0, 3, 4, 9]_1_9', 'bpc_168_[1, 0, 4, 9]_1_9']
upper  20.0
lower  10.0
0.833333333333
False
upper bound:16.6666666667
lower bound:8.33333333333
['bpc_105_[0, 1]_0_1']
upper  16.6666666667
lower  8.33333333333
['bpc_105_[0, 1]_0_1', 'bpc_105_[0, 2, 1]_0_1']
upper  16.6666666667
lower  8.33333333333
['bpc_105_[0, 1]_0_1', 'bpc_105_[0, 2, 1]_0_1', 'bpc_105_[0, 2, 3, 1]_0_1']
upper  16.6666666667
lower  8.33333333333
['bpc_105_[0, 1]_0_1', 'bpc_105_[0, 2, 1]_0_1', 'bpc_105_[0, 2, 3, 1]_0_1', 'bpc_105_[0, 2, 3, 4, 1]_0_1']
upper  16.6666666667
lower  8.33333333333
['bpc_105_[0, 1]_0_1', 'bpc_105_[0, 2, 1]_0_1', 'bpc_105_[0, 2, 3, 1]_0_1', 'bpc_105_[0, 2, 3, 4, 1]_0_1', 'bpc_105_[0, 2, 4, 1]_0_1']
upper  16.6666666667
lower  8.33333333333
0.833333333333
False
upper bound:16.6666666667
lower bound:8.33333333333
['bpc_4_[0, 1, 2, 3, 4, 10]_0_10']
upper  16.6666666667
lower  8.33333333333
['bpc_4_[0, 1, 2, 3, 4, 10]_0_10', 'bpc_4_[0, 1, 2, 4, 10]_0_10']
upper  16.6666666667
lower  8.33333333333
['bpc_4_[0, 1, 2, 3, 4, 10]_0_10', 'bpc_4_[0, 1, 2, 4, 10]_0_10', 'bpc_4_[0, 1, 3, 2, 4, 10]_0_10']
upper  16.6666666667
lower  8.33333333333
['bpc_4_[0, 1, 2, 3, 4, 10]_0_10', 'bpc_4_[0, 1, 2, 4, 10]_0_10', 'bpc_4_[0, 1, 3, 2, 4, 10]_0_10', 'bpc_4_[0, 1, 3, 4, 10]_0_10']
upper  16.6666666667
lower  8.33333333333
['bpc_4_[0, 1, 2, 3, 4, 10]_0_10', 'bpc_4_[0, 1, 2, 4, 10]_0_10', 'bpc_4_[0, 1, 3, 2, 4, 10]_0_10', 'bpc_4_[0, 1, 3, 4, 10]_0_10', 'bpc_4_[0, 1, 4, 10]_0_10']
upper  16.6666666667
lower  8.33333333333
0.833333333333
False
upper bound:16.6666666667
lower bound:8.33333333333
['bpc_159_[0, 1, 2, 3]_0_3']
upper  16.6666666667
lower  8.33333333333
['bpc_159_[0, 1, 2, 3]_0_3', 'bpc_159_[0, 1, 2, 4, 3]_0_3']
upper  16.6666666667
lower  8.33333333333
['bpc_159_[0, 1, 2, 3]_0_3', 'bpc_159_[0, 1, 2, 4, 3]_0_3', 'bpc_159_[0, 1, 3]_0_3']
upper  16.6666666667
lower  8.33333333333
['bpc_159_[0, 1, 2, 3]_0_3', 'bpc_159_[0, 1, 2, 4, 3]_0_3', 'bpc_159_[0, 1, 3]_0_3', 'bpc_159_[0, 1, 4, 2, 3]_0_3']
upper  16.6666666667
lower  8.33333333333
['bpc_159_[0, 1, 2, 3]_0_3', 'bpc_159_[0, 1, 2, 4, 3]_0_3', 'bpc_159_[0, 1, 3]_0_3', 'bpc_159_[0, 1, 4, 2, 3]_0_3', 'bpc_159_[0, 1, 4, 3]_0_3']
upper  16.6666666667
lower  8.33333333333
1.0
False
upper bound:20.0
lower bound:10.0
['bpc_80_[1, 0, 2, 3, 4, 9]_1_9']
upper  20.0
lower  10.0
['bpc_80_[1, 0, 2, 3, 4, 9]_1_9', 'bpc_80_[1, 0, 2, 4, 9]_1_9']
upper  20.0
lower  10.0
['bpc_80_[1, 0, 2, 3, 4, 9]_1_9', 'bpc_80_[1, 0, 2, 4, 9]_1_9', 'bpc_80_[1, 0, 3, 2, 4, 9]_1_9']
upper  20.0
lower  10.0
['bpc_80_[1, 0, 2, 3, 4, 9]_1_9', 'bpc_80_[1, 0, 2, 4, 9]_1_9', 'bpc_80_[1, 0, 3, 2, 4, 9]_1_9', 'bpc_80_[1, 0, 3, 4, 9]_1_9']
upper  20.0
lower  10.0
['bpc_80_[1, 0, 2, 3, 4, 9]_1_9', 'bpc_80_[1, 0, 2, 4, 9]_1_9', 'bpc_80_[1, 0, 3, 2, 4, 9]_1_9', 'bpc_80_[1, 0, 3, 4, 9]_1_9', 'bpc_80_[1, 0, 4, 9]_1_9']
upper  20.0
lower  10.0
0.833333333333
False
upper bound:16.6666666667
lower bound:8.33333333333
['bpc_134_[0, 1, 2, 3, 7]_0_7']
upper  16.6666666667
lower  8.33333333333
['bpc_134_[0, 1, 2, 3, 7]_0_7', 'bpc_134_[0, 1, 2, 4, 3, 7]_0_7']
upper  16.6666666667
lower  8.33333333333
['bpc_134_[0, 1, 2, 3, 7]_0_7', 'bpc_134_[0, 1, 2, 4, 3, 7]_0_7', 'bpc_134_[0, 1, 3, 7]_0_7']
upper  16.6666666667
lower  8.33333333333
['bpc_134_[0, 1, 2, 3, 7]_0_7', 'bpc_134_[0, 1, 2, 4, 3, 7]_0_7', 'bpc_134_[0, 1, 3, 7]_0_7', 'bpc_134_[0, 1, 4, 2, 3, 7]_0_7']
upper  16.6666666667
lower  8.33333333333
['bpc_134_[0, 1, 2, 3, 7]_0_7', 'bpc_134_[0, 1, 2, 4, 3, 7]_0_7', 'bpc_134_[0, 1, 3, 7]_0_7', 'bpc_134_[0, 1, 4, 2, 3, 7]_0_7', 'bpc_134_[0, 1, 4, 3, 7]_0_7']
upper  16.6666666667
lower  8.33333333333
0.833333333333
False
upper bound:16.6666666667
lower bound:8.33333333333
['bpc_71_[0, 1, 2, 3]_0_3']
upper  16.6666666667
lower  8.33333333333
['bpc_71_[0, 1, 2, 3]_0_3', 'bpc_71_[0, 1, 2, 4, 3]_0_3']
upper  16.6666666667
lower  8.33333333333
['bpc_71_[0, 1, 2, 3]_0_3', 'bpc_71_[0, 1, 2, 4, 3]_0_3', 'bpc_71_[0, 1, 3]_0_3']
upper  16.6666666667
lower  8.33333333333
['bpc_71_[0, 1, 2, 3]_0_3', 'bpc_71_[0, 1, 2, 4, 3]_0_3', 'bpc_71_[0, 1, 3]_0_3', 'bpc_71_[0, 1, 4, 2, 3]_0_3']
upper  16.6666666667
lower  8.33333333333
['bpc_71_[0, 1, 2, 3]_0_3', 'bpc_71_[0, 1, 2, 4, 3]_0_3', 'bpc_71_[0, 1, 3]_0_3', 'bpc_71_[0, 1, 4, 2, 3]_0_3', 'bpc_71_[0, 1, 4, 3]_0_3']
upper  16.6666666667
lower  8.33333333333
1.0
False
upper bound:20.0
lower bound:10.0
['bpc_210_[1, 0, 2, 3, 4]_1_4']
upper  20.0
lower  10.0
['bpc_210_[1, 0, 2, 3, 4]_1_4', 'bpc_210_[1, 0, 2, 4]_1_4']
upper  20.0
lower  10.0
['bpc_210_[1, 0, 2, 3, 4]_1_4', 'bpc_210_[1, 0, 2, 4]_1_4', 'bpc_210_[1, 0, 3, 2, 4]_1_4']
upper  20.0
lower  10.0
['bpc_210_[1, 0, 2, 3, 4]_1_4', 'bpc_210_[1, 0, 2, 4]_1_4', 'bpc_210_[1, 0, 3, 2, 4]_1_4', 'bpc_210_[1, 0, 3, 4]_1_4']
upper  20.0
lower  10.0
['bpc_210_[1, 0, 2, 3, 4]_1_4', 'bpc_210_[1, 0, 2, 4]_1_4', 'bpc_210_[1, 0, 3, 2, 4]_1_4', 'bpc_210_[1, 0, 3, 4]_1_4', 'bpc_210_[1, 0, 4]_1_4']
upper  20.0
lower  10.0
0.833333333333
False
upper bound:16.6666666667
lower bound:8.33333333333
['bpc_46_[0, 1, 2, 3, 7]_0_7']
upper  16.6666666667
lower  8.33333333333
['bpc_46_[0, 1, 2, 3, 7]_0_7', 'bpc_46_[0, 1, 2, 4, 3, 7]_0_7']
upper  16.6666666667
lower  8.33333333333
['bpc_46_[0, 1, 2, 3, 7]_0_7', 'bpc_46_[0, 1, 2, 4, 3, 7]_0_7', 'bpc_46_[0, 1, 3, 7]_0_7']
upper  16.6666666667
lower  8.33333333333
['bpc_46_[0, 1, 2, 3, 7]_0_7', 'bpc_46_[0, 1, 2, 4, 3, 7]_0_7', 'bpc_46_[0, 1, 3, 7]_0_7', 'bpc_46_[0, 1, 4, 2, 3, 7]_0_7']
upper  16.6666666667
lower  8.33333333333
['bpc_46_[0, 1, 2, 3, 7]_0_7', 'bpc_46_[0, 1, 2, 4, 3, 7]_0_7', 'bpc_46_[0, 1, 3, 7]_0_7', 'bpc_46_[0, 1, 4, 2, 3, 7]_0_7', 'bpc_46_[0, 1, 4, 3, 7]_0_7']
upper  16.6666666667
lower  8.33333333333
1.0
False
upper bound:20.0
lower bound:10.0
['bpc_185_[1, 0, 2, 3, 4, 10]_1_10']
upper  20.0
lower  10.0
['bpc_185_[1, 0, 2, 3, 4, 10]_1_10', 'bpc_185_[1, 0, 2, 4, 10]_1_10']
upper  20.0
lower  10.0
['bpc_185_[1, 0, 2, 3, 4, 10]_1_10', 'bpc_185_[1, 0, 2, 4, 10]_1_10', 'bpc_185_[1, 0, 3, 2, 4, 10]_1_10']
upper  20.0
lower  10.0
['bpc_185_[1, 0, 2, 3, 4, 10]_1_10', 'bpc_185_[1, 0, 2, 4, 10]_1_10', 'bpc_185_[1, 0, 3, 2, 4, 10]_1_10', 'bpc_185_[1, 0, 3, 4, 10]_1_10']
upper  20.0
lower  10.0
['bpc_185_[1, 0, 2, 3, 4, 10]_1_10', 'bpc_185_[1, 0, 2, 4, 10]_1_10', 'bpc_185_[1, 0, 3, 2, 4, 10]_1_10', 'bpc_185_[1, 0, 3, 4, 10]_1_10', 'bpc_185_[1, 0, 4, 10]_1_10']
upper  20.0
lower  10.0
1.0
False
upper bound:20.0
lower bound:10.0
['bpc_122_[1, 0, 2, 3, 4]_1_4']
upper  20.0
lower  10.0
['bpc_122_[1, 0, 2, 3, 4]_1_4', 'bpc_122_[1, 0, 2, 4]_1_4']
upper  20.0
lower  10.0
['bpc_122_[1, 0, 2, 3, 4]_1_4', 'bpc_122_[1, 0, 2, 4]_1_4', 'bpc_122_[1, 0, 3, 2, 4]_1_4']
upper  20.0
lower  10.0
['bpc_122_[1, 0, 2, 3, 4]_1_4', 'bpc_122_[1, 0, 2, 4]_1_4', 'bpc_122_[1, 0, 3, 2, 4]_1_4', 'bpc_122_[1, 0, 3, 4]_1_4']
upper  20.0
lower  10.0
['bpc_122_[1, 0, 2, 3, 4]_1_4', 'bpc_122_[1, 0, 2, 4]_1_4', 'bpc_122_[1, 0, 3, 2, 4]_1_4', 'bpc_122_[1, 0, 3, 4]_1_4', 'bpc_122_[1, 0, 4]_1_4']
upper  20.0
lower  10.0
0.833333333333
False
upper bound:16.6666666667
lower bound:8.33333333333
['bpc_21_[0, 1, 2, 3, 4, 9]_0_9']
upper  16.6666666667
lower  8.33333333333
['bpc_21_[0, 1, 2, 3, 4, 9]_0_9', 'bpc_21_[0, 1, 2, 4, 9]_0_9']
upper  16.6666666667
lower  8.33333333333
['bpc_21_[0, 1, 2, 3, 4, 9]_0_9', 'bpc_21_[0, 1, 2, 4, 9]_0_9', 'bpc_21_[0, 1, 3, 2, 4, 9]_0_9']
upper  16.6666666667
lower  8.33333333333
['bpc_21_[0, 1, 2, 3, 4, 9]_0_9', 'bpc_21_[0, 1, 2, 4, 9]_0_9', 'bpc_21_[0, 1, 3, 2, 4, 9]_0_9', 'bpc_21_[0, 1, 3, 4, 9]_0_9']
upper  16.6666666667
lower  8.33333333333
['bpc_21_[0, 1, 2, 3, 4, 9]_0_9', 'bpc_21_[0, 1, 2, 4, 9]_0_9', 'bpc_21_[0, 1, 3, 2, 4, 9]_0_9', 'bpc_21_[0, 1, 3, 4, 9]_0_9', 'bpc_21_[0, 1, 4, 9]_0_9']
upper  16.6666666667
lower  8.33333333333
1.0
False
upper bound:20.0
lower bound:10.0
['bpc_160_[1, 0, 2]_1_2']
upper  20.0
lower  10.0
['bpc_160_[1, 0, 2]_1_2', 'bpc_160_[1, 0, 3, 2]_1_2']
upper  20.0
lower  10.0
['bpc_160_[1, 0, 2]_1_2', 'bpc_160_[1, 0, 3, 2]_1_2', 'bpc_160_[1, 0, 3, 4, 2]_1_2']
upper  20.0
lower  10.0
['bpc_160_[1, 0, 2]_1_2', 'bpc_160_[1, 0, 3, 2]_1_2', 'bpc_160_[1, 0, 3, 4, 2]_1_2', 'bpc_160_[1, 0, 4, 2]_1_2']
upper  20.0
lower  10.0
['bpc_160_[1, 0, 2]_1_2', 'bpc_160_[1, 0, 3, 2]_1_2', 'bpc_160_[1, 0, 3, 4, 2]_1_2', 'bpc_160_[1, 0, 4, 2]_1_2', 'bpc_160_[1, 0, 4, 3, 2]_1_2']
upper  20.0
lower  10.0
1.0
False
upper bound:20.0
lower bound:10.0
['bpc_97_[1, 0, 2, 3, 4, 10]_1_10']
upper  20.0
lower  10.0
['bpc_97_[1, 0, 2, 3, 4, 10]_1_10', 'bpc_97_[1, 0, 2, 4, 10]_1_10']
upper  20.0
lower  10.0
['bpc_97_[1, 0, 2, 3, 4, 10]_1_10', 'bpc_97_[1, 0, 2, 4, 10]_1_10', 'bpc_97_[1, 0, 3, 2, 4, 10]_1_10']
upper  20.0
lower  10.0
['bpc_97_[1, 0, 2, 3, 4, 10]_1_10', 'bpc_97_[1, 0, 2, 4, 10]_1_10', 'bpc_97_[1, 0, 3, 2, 4, 10]_1_10', 'bpc_97_[1, 0, 3, 4, 10]_1_10']
upper  20.0
lower  10.0
['bpc_97_[1, 0, 2, 3, 4, 10]_1_10', 'bpc_97_[1, 0, 2, 4, 10]_1_10', 'bpc_97_[1, 0, 3, 2, 4, 10]_1_10', 'bpc_97_[1, 0, 3, 4, 10]_1_10', 'bpc_97_[1, 0, 4, 10]_1_10']
upper  20.0
lower  10.0
1.0
False
upper bound:20.0
lower bound:10.0
['bpc_151_[1, 0, 2, 3, 8]_1_8']
upper  20.0
lower  10.0
['bpc_151_[1, 0, 2, 3, 8]_1_8', 'bpc_151_[1, 0, 2, 4, 3, 8]_1_8']
upper  20.0
lower  10.0
['bpc_151_[1, 0, 2, 3, 8]_1_8', 'bpc_151_[1, 0, 2, 4, 3, 8]_1_8', 'bpc_151_[1, 0, 3, 8]_1_8']
upper  20.0
lower  10.0
['bpc_151_[1, 0, 2, 3, 8]_1_8', 'bpc_151_[1, 0, 2, 4, 3, 8]_1_8', 'bpc_151_[1, 0, 3, 8]_1_8', 'bpc_151_[1, 0, 4, 2, 3, 8]_1_8']
upper  20.0
lower  10.0
['bpc_151_[1, 0, 2, 3, 8]_1_8', 'bpc_151_[1, 0, 2, 4, 3, 8]_1_8', 'bpc_151_[1, 0, 3, 8]_1_8', 'bpc_151_[1, 0, 4, 2, 3, 8]_1_8', 'bpc_151_[1, 0, 4, 3, 8]_1_8']
upper  20.0
lower  10.0
1.0
False
upper bound:20.0
lower bound:10.0
['bpc_72_[1, 0, 2]_1_2']
upper  20.0
lower  10.0
['bpc_72_[1, 0, 2]_1_2', 'bpc_72_[1, 0, 3, 2]_1_2']
upper  20.0
lower  10.0
['bpc_72_[1, 0, 2]_1_2', 'bpc_72_[1, 0, 3, 2]_1_2', 'bpc_72_[1, 0, 3, 4, 2]_1_2']
upper  20.0
lower  10.0
['bpc_72_[1, 0, 2]_1_2', 'bpc_72_[1, 0, 3, 2]_1_2', 'bpc_72_[1, 0, 3, 4, 2]_1_2', 'bpc_72_[1, 0, 4, 2]_1_2']
upper  20.0
lower  10.0
['bpc_72_[1, 0, 2]_1_2', 'bpc_72_[1, 0, 3, 2]_1_2', 'bpc_72_[1, 0, 3, 4, 2]_1_2', 'bpc_72_[1, 0, 4, 2]_1_2', 'bpc_72_[1, 0, 4, 3, 2]_1_2']
upper  20.0
lower  10.0
1.0
False
upper bound:20.0
lower bound:10.0
['bpc_63_[1, 0, 2, 3, 8]_1_8']
upper  20.0
lower  10.0
['bpc_63_[1, 0, 2, 3, 8]_1_8', 'bpc_63_[1, 0, 2, 4, 3, 8]_1_8']
upper  20.0
lower  10.0
['bpc_63_[1, 0, 2, 3, 8]_1_8', 'bpc_63_[1, 0, 2, 4, 3, 8]_1_8', 'bpc_63_[1, 0, 3, 8]_1_8']
upper  20.0
lower  10.0
['bpc_63_[1, 0, 2, 3, 8]_1_8', 'bpc_63_[1, 0, 2, 4, 3, 8]_1_8', 'bpc_63_[1, 0, 3, 8]_1_8', 'bpc_63_[1, 0, 4, 2, 3, 8]_1_8']
upper  20.0
lower  10.0
['bpc_63_[1, 0, 2, 3, 8]_1_8', 'bpc_63_[1, 0, 2, 4, 3, 8]_1_8', 'bpc_63_[1, 0, 3, 8]_1_8', 'bpc_63_[1, 0, 4, 2, 3, 8]_1_8', 'bpc_63_[1, 0, 4, 3, 8]_1_8']
upper  20.0
lower  10.0
0.833333333333
False
upper bound:16.6666666667
lower bound:8.33333333333
['bpc_202_[0, 1, 2, 3, 4, 10]_0_10']
upper  16.6666666667
lower  8.33333333333
['bpc_202_[0, 1, 2, 3, 4, 10]_0_10', 'bpc_202_[0, 1, 2, 4, 10]_0_10']
upper  16.6666666667
lower  8.33333333333
['bpc_202_[0, 1, 2, 3, 4, 10]_0_10', 'bpc_202_[0, 1, 2, 4, 10]_0_10', 'bpc_202_[0, 1, 3, 2, 4, 10]_0_10']
upper  16.6666666667
lower  8.33333333333
['bpc_202_[0, 1, 2, 3, 4, 10]_0_10', 'bpc_202_[0, 1, 2, 4, 10]_0_10', 'bpc_202_[0, 1, 3, 2, 4, 10]_0_10', 'bpc_202_[0, 1, 3, 4, 10]_0_10']
upper  16.6666666667
lower  8.33333333333
['bpc_202_[0, 1, 2, 3, 4, 10]_0_10', 'bpc_202_[0, 1, 2, 4, 10]_0_10', 'bpc_202_[0, 1, 3, 2, 4, 10]_0_10', 'bpc_202_[0, 1, 3, 4, 10]_0_10', 'bpc_202_[0, 1, 4, 10]_0_10']
upper  16.6666666667
lower  8.33333333333
0.833333333333
False
upper bound:16.6666666667
lower bound:8.33333333333
['bpc_38_[0, 1, 2, 3, 8]_0_8']
upper  16.6666666667
lower  8.33333333333
['bpc_38_[0, 1, 2, 3, 8]_0_8', 'bpc_38_[0, 1, 2, 4, 3, 8]_0_8']
upper  16.6666666667
lower  8.33333333333
['bpc_38_[0, 1, 2, 3, 8]_0_8', 'bpc_38_[0, 1, 2, 4, 3, 8]_0_8', 'bpc_38_[0, 1, 3, 8]_0_8']
upper  16.6666666667
lower  8.33333333333
['bpc_38_[0, 1, 2, 3, 8]_0_8', 'bpc_38_[0, 1, 2, 4, 3, 8]_0_8', 'bpc_38_[0, 1, 3, 8]_0_8', 'bpc_38_[0, 1, 4, 2, 3, 8]_0_8']
upper  16.6666666667
lower  8.33333333333
['bpc_38_[0, 1, 2, 3, 8]_0_8', 'bpc_38_[0, 1, 2, 4, 3, 8]_0_8', 'bpc_38_[0, 1, 3, 8]_0_8', 'bpc_38_[0, 1, 4, 2, 3, 8]_0_8', 'bpc_38_[0, 1, 4, 3, 8]_0_8']
upper  16.6666666667
lower  8.33333333333
1.0
False
upper bound:20.0
lower bound:10.0
['bpc_177_[1, 0, 2, 3]_1_3']
upper  20.0
lower  10.0
['bpc_177_[1, 0, 2, 3]_1_3', 'bpc_177_[1, 0, 2, 4, 3]_1_3']
upper  20.0
lower  10.0
['bpc_177_[1, 0, 2, 3]_1_3', 'bpc_177_[1, 0, 2, 4, 3]_1_3', 'bpc_177_[1, 0, 3]_1_3']
upper  20.0
lower  10.0
['bpc_177_[1, 0, 2, 3]_1_3', 'bpc_177_[1, 0, 2, 4, 3]_1_3', 'bpc_177_[1, 0, 3]_1_3', 'bpc_177_[1, 0, 4, 2, 3]_1_3']
upper  20.0
lower  10.0
['bpc_177_[1, 0, 2, 3]_1_3', 'bpc_177_[1, 0, 2, 4, 3]_1_3', 'bpc_177_[1, 0, 3]_1_3', 'bpc_177_[1, 0, 4, 2, 3]_1_3', 'bpc_177_[1, 0, 4, 3]_1_3']
upper  20.0
lower  10.0
0.833333333333
False
upper bound:16.6666666667
lower bound:8.33333333333
['bpc_114_[0, 1, 2, 3, 4, 10]_0_10']
upper  16.6666666667
lower  8.33333333333
['bpc_114_[0, 1, 2, 3, 4, 10]_0_10', 'bpc_114_[0, 1, 2, 4, 10]_0_10']
upper  16.6666666667
lower  8.33333333333
['bpc_114_[0, 1, 2, 3, 4, 10]_0_10', 'bpc_114_[0, 1, 2, 4, 10]_0_10', 'bpc_114_[0, 1, 3, 2, 4, 10]_0_10']
upper  16.6666666667
lower  8.33333333333
['bpc_114_[0, 1, 2, 3, 4, 10]_0_10', 'bpc_114_[0, 1, 2, 4, 10]_0_10', 'bpc_114_[0, 1, 3, 2, 4, 10]_0_10', 'bpc_114_[0, 1, 3, 4, 10]_0_10']
upper  16.6666666667
lower  8.33333333333
['bpc_114_[0, 1, 2, 3, 4, 10]_0_10', 'bpc_114_[0, 1, 2, 4, 10]_0_10', 'bpc_114_[0, 1, 3, 2, 4, 10]_0_10', 'bpc_114_[0, 1, 3, 4, 10]_0_10', 'bpc_114_[0, 1, 4, 10]_0_10']
upper  16.6666666667
lower  8.33333333333
0.833333333333
False
upper bound:16.6666666667
lower bound:8.33333333333
['bpc_13_[0, 1, 2, 5]_0_5']
upper  16.6666666667
lower  8.33333333333
['bpc_13_[0, 1, 2, 5]_0_5', 'bpc_13_[0, 1, 3, 2, 5]_0_5']
upper  16.6666666667
lower  8.33333333333
['bpc_13_[0, 1, 2, 5]_0_5', 'bpc_13_[0, 1, 3, 2, 5]_0_5', 'bpc_13_[0, 1, 3, 4, 2, 5]_0_5']
upper  16.6666666667
lower  8.33333333333
['bpc_13_[0, 1, 2, 5]_0_5', 'bpc_13_[0, 1, 3, 2, 5]_0_5', 'bpc_13_[0, 1, 3, 4, 2, 5]_0_5', 'bpc_13_[0, 1, 4, 2, 5]_0_5']
upper  16.6666666667
lower  8.33333333333
['bpc_13_[0, 1, 2, 5]_0_5', 'bpc_13_[0, 1, 3, 2, 5]_0_5', 'bpc_13_[0, 1, 3, 4, 2, 5]_0_5', 'bpc_13_[0, 1, 4, 2, 5]_0_5', 'bpc_13_[0, 1, 4, 3, 2, 5]_0_5']
upper  16.6666666667
lower  8.33333333333
1.0
False
upper bound:20.0
lower bound:10.0
['bpc_152_[1, 0, 2, 3, 7]_1_7']
upper  20.0
lower  10.0
['bpc_152_[1, 0, 2, 3, 7]_1_7', 'bpc_152_[1, 0, 2, 4, 3, 7]_1_7']
upper  20.0
lower  10.0
['bpc_152_[1, 0, 2, 3, 7]_1_7', 'bpc_152_[1, 0, 2, 4, 3, 7]_1_7', 'bpc_152_[1, 0, 3, 7]_1_7']
upper  20.0
lower  10.0
['bpc_152_[1, 0, 2, 3, 7]_1_7', 'bpc_152_[1, 0, 2, 4, 3, 7]_1_7', 'bpc_152_[1, 0, 3, 7]_1_7', 'bpc_152_[1, 0, 4, 2, 3, 7]_1_7']
upper  20.0
lower  10.0
['bpc_152_[1, 0, 2, 3, 7]_1_7', 'bpc_152_[1, 0, 2, 4, 3, 7]_1_7', 'bpc_152_[1, 0, 3, 7]_1_7', 'bpc_152_[1, 0, 4, 2, 3, 7]_1_7', 'bpc_152_[1, 0, 4, 3, 7]_1_7']
upper  20.0
lower  10.0
1.0
False
upper bound:20.0
lower bound:10.0
['bpc_89_[1, 0, 2, 3]_1_3']
upper  20.0
lower  10.0
['bpc_89_[1, 0, 2, 3]_1_3', 'bpc_89_[1, 0, 2, 4, 3]_1_3']
upper  20.0
lower  10.0
['bpc_89_[1, 0, 2, 3]_1_3', 'bpc_89_[1, 0, 2, 4, 3]_1_3', 'bpc_89_[1, 0, 3]_1_3']
upper  20.0
lower  10.0
['bpc_89_[1, 0, 2, 3]_1_3', 'bpc_89_[1, 0, 2, 4, 3]_1_3', 'bpc_89_[1, 0, 3]_1_3', 'bpc_89_[1, 0, 4, 2, 3]_1_3']
upper  20.0
lower  10.0
['bpc_89_[1, 0, 2, 3]_1_3', 'bpc_89_[1, 0, 2, 4, 3]_1_3', 'bpc_89_[1, 0, 3]_1_3', 'bpc_89_[1, 0, 4, 2, 3]_1_3', 'bpc_89_[1, 0, 4, 3]_1_3']
upper  20.0
lower  10.0
0.833333333333
False
upper bound:16.6666666667
lower bound:8.33333333333
['bpc_143_[0, 1, 0]_0_0']
upper  16.6666666667
lower  8.33333333333
['bpc_143_[0, 1, 0]_0_0', 'bpc_143_[0, 1, 2, 0]_0_0']
upper  16.6666666667
lower  8.33333333333
['bpc_143_[0, 1, 0]_0_0', 'bpc_143_[0, 1, 2, 0]_0_0', 'bpc_143_[0, 1, 2, 3, 0]_0_0']
upper  16.6666666667
lower  8.33333333333
['bpc_143_[0, 1, 0]_0_0', 'bpc_143_[0, 1, 2, 0]_0_0', 'bpc_143_[0, 1, 2, 3, 0]_0_0', 'bpc_143_[0, 1, 2, 3, 4, 0]_0_0']
upper  16.6666666667
lower  8.33333333333
['bpc_143_[0, 1, 0]_0_0', 'bpc_143_[0, 1, 2, 0]_0_0', 'bpc_143_[0, 1, 2, 3, 0]_0_0', 'bpc_143_[0, 1, 2, 3, 4, 0]_0_0', 'bpc_143_[0, 1, 2, 4, 0]_0_0']
upper  16.6666666667
lower  8.33333333333
1.0
False
upper bound:20.0
lower bound:10.0
['bpc_64_[1, 0, 2, 3, 7]_1_7']
upper  20.0
lower  10.0
['bpc_64_[1, 0, 2, 3, 7]_1_7', 'bpc_64_[1, 0, 2, 4, 3, 7]_1_7']
upper  20.0
lower  10.0
['bpc_64_[1, 0, 2, 3, 7]_1_7', 'bpc_64_[1, 0, 2, 4, 3, 7]_1_7', 'bpc_64_[1, 0, 3, 7]_1_7']
upper  20.0
lower  10.0
['bpc_64_[1, 0, 2, 3, 7]_1_7', 'bpc_64_[1, 0, 2, 4, 3, 7]_1_7', 'bpc_64_[1, 0, 3, 7]_1_7', 'bpc_64_[1, 0, 4, 2, 3, 7]_1_7']
upper  20.0
lower  10.0
['bpc_64_[1, 0, 2, 3, 7]_1_7', 'bpc_64_[1, 0, 2, 4, 3, 7]_1_7', 'bpc_64_[1, 0, 3, 7]_1_7', 'bpc_64_[1, 0, 4, 2, 3, 7]_1_7', 'bpc_64_[1, 0, 4, 3, 7]_1_7']
upper  20.0
lower  10.0
0.833333333333
False
upper bound:16.6666666667
lower bound:8.33333333333
['bpc_219_[0, 1, 2, 3, 4, 9]_0_9']
upper  16.6666666667
lower  8.33333333333
['bpc_219_[0, 1, 2, 3, 4, 9]_0_9', 'bpc_219_[0, 1, 2, 4, 9]_0_9']
upper  16.6666666667
lower  8.33333333333
['bpc_219_[0, 1, 2, 3, 4, 9]_0_9', 'bpc_219_[0, 1, 2, 4, 9]_0_9', 'bpc_219_[0, 1, 3, 2, 4, 9]_0_9']
upper  16.6666666667
lower  8.33333333333
['bpc_219_[0, 1, 2, 3, 4, 9]_0_9', 'bpc_219_[0, 1, 2, 4, 9]_0_9', 'bpc_219_[0, 1, 3, 2, 4, 9]_0_9', 'bpc_219_[0, 1, 3, 4, 9]_0_9']
upper  16.6666666667
lower  8.33333333333
['bpc_219_[0, 1, 2, 3, 4, 9]_0_9', 'bpc_219_[0, 1, 2, 4, 9]_0_9', 'bpc_219_[0, 1, 3, 2, 4, 9]_0_9', 'bpc_219_[0, 1, 3, 4, 9]_0_9', 'bpc_219_[0, 1, 4, 9]_0_9']
upper  16.6666666667
lower  8.33333333333
0.833333333333
False
upper bound:16.6666666667
lower bound:8.33333333333
['bpc_55_[0, 1, 0]_0_0']
upper  16.6666666667
lower  8.33333333333
['bpc_55_[0, 1, 0]_0_0', 'bpc_55_[0, 1, 2, 0]_0_0']
upper  16.6666666667
lower  8.33333333333
['bpc_55_[0, 1, 0]_0_0', 'bpc_55_[0, 1, 2, 0]_0_0', 'bpc_55_[0, 1, 2, 3, 0]_0_0']
upper  16.6666666667
lower  8.33333333333
['bpc_55_[0, 1, 0]_0_0', 'bpc_55_[0, 1, 2, 0]_0_0', 'bpc_55_[0, 1, 2, 3, 0]_0_0', 'bpc_55_[0, 1, 2, 3, 4, 0]_0_0']
upper  16.6666666667
lower  8.33333333333
['bpc_55_[0, 1, 0]_0_0', 'bpc_55_[0, 1, 2, 0]_0_0', 'bpc_55_[0, 1, 2, 3, 0]_0_0', 'bpc_55_[0, 1, 2, 3, 4, 0]_0_0', 'bpc_55_[0, 1, 2, 4, 0]_0_0']
upper  16.6666666667
lower  8.33333333333
0.833333333333
False
upper bound:16.6666666667
lower bound:8.33333333333
['bpc_194_[0, 1, 2, 6]_0_6']
upper  16.6666666667
lower  8.33333333333
['bpc_194_[0, 1, 2, 6]_0_6', 'bpc_194_[0, 1, 3, 2, 6]_0_6']
upper  16.6666666667
lower  8.33333333333
['bpc_194_[0, 1, 2, 6]_0_6', 'bpc_194_[0, 1, 3, 2, 6]_0_6', 'bpc_194_[0, 1, 3, 4, 2, 6]_0_6']
upper  16.6666666667
lower  8.33333333333
['bpc_194_[0, 1, 2, 6]_0_6', 'bpc_194_[0, 1, 3, 2, 6]_0_6', 'bpc_194_[0, 1, 3, 4, 2, 6]_0_6', 'bpc_194_[0, 1, 4, 2, 6]_0_6']
upper  16.6666666667
lower  8.33333333333
['bpc_194_[0, 1, 2, 6]_0_6', 'bpc_194_[0, 1, 3, 2, 6]_0_6', 'bpc_194_[0, 1, 3, 4, 2, 6]_0_6', 'bpc_194_[0, 1, 4, 2, 6]_0_6', 'bpc_194_[0, 1, 4, 3, 2, 6]_0_6']
upper  16.6666666667
lower  8.33333333333
0.833333333333
False
upper bound:16.6666666667
lower bound:8.33333333333
['bpc_30_[0, 1, 2, 3, 4]_0_4']
upper  16.6666666667
lower  8.33333333333
['bpc_30_[0, 1, 2, 3, 4]_0_4', 'bpc_30_[0, 1, 2, 4]_0_4']
upper  16.6666666667
lower  8.33333333333
['bpc_30_[0, 1, 2, 3, 4]_0_4', 'bpc_30_[0, 1, 2, 4]_0_4', 'bpc_30_[0, 1, 3, 2, 4]_0_4']
upper  16.6666666667
lower  8.33333333333
['bpc_30_[0, 1, 2, 3, 4]_0_4', 'bpc_30_[0, 1, 2, 4]_0_4', 'bpc_30_[0, 1, 3, 2, 4]_0_4', 'bpc_30_[0, 1, 3, 4]_0_4']
upper  16.6666666667
lower  8.33333333333
['bpc_30_[0, 1, 2, 3, 4]_0_4', 'bpc_30_[0, 1, 2, 4]_0_4', 'bpc_30_[0, 1, 3, 2, 4]_0_4', 'bpc_30_[0, 1, 3, 4]_0_4', 'bpc_30_[0, 1, 4]_0_4']
upper  16.6666666667
lower  8.33333333333
1.0
False
upper bound:20.0
lower bound:10.0
['bpc_169_[1, 0]_1_0']
upper  20.0
lower  10.0
['bpc_169_[1, 0]_1_0', 'bpc_169_[1, 2, 0]_1_0']
upper  20.0
lower  10.0
['bpc_169_[1, 0]_1_0', 'bpc_169_[1, 2, 0]_1_0', 'bpc_169_[1, 2, 3, 0]_1_0']
upper  20.0
lower  10.0
['bpc_169_[1, 0]_1_0', 'bpc_169_[1, 2, 0]_1_0', 'bpc_169_[1, 2, 3, 0]_1_0', 'bpc_169_[1, 2, 3, 4, 0]_1_0']
upper  20.0
lower  10.0
['bpc_169_[1, 0]_1_0', 'bpc_169_[1, 2, 0]_1_0', 'bpc_169_[1, 2, 3, 0]_1_0', 'bpc_169_[1, 2, 3, 4, 0]_1_0', 'bpc_169_[1, 2, 4, 0]_1_0']
upper  20.0
lower  10.0
0.833333333333
False
upper bound:16.6666666667
lower bound:8.33333333333
['bpc_106_[0, 1, 2, 6]_0_6']
upper  16.6666666667
lower  8.33333333333
['bpc_106_[0, 1, 2, 6]_0_6', 'bpc_106_[0, 1, 3, 2, 6]_0_6']
upper  16.6666666667
lower  8.33333333333
['bpc_106_[0, 1, 2, 6]_0_6', 'bpc_106_[0, 1, 3, 2, 6]_0_6', 'bpc_106_[0, 1, 3, 4, 2, 6]_0_6']
upper  16.6666666667
lower  8.33333333333
['bpc_106_[0, 1, 2, 6]_0_6', 'bpc_106_[0, 1, 3, 2, 6]_0_6', 'bpc_106_[0, 1, 3, 4, 2, 6]_0_6', 'bpc_106_[0, 1, 4, 2, 6]_0_6']
upper  16.6666666667
lower  8.33333333333
['bpc_106_[0, 1, 2, 6]_0_6', 'bpc_106_[0, 1, 3, 2, 6]_0_6', 'bpc_106_[0, 1, 3, 4, 2, 6]_0_6', 'bpc_106_[0, 1, 4, 2, 6]_0_6', 'bpc_106_[0, 1, 4, 3, 2, 6]_0_6']
upper  16.6666666667
lower  8.33333333333
0.833333333333
False
upper bound:16.6666666667
lower bound:8.33333333333
['bpc_5_[0, 1, 2, 3]_0_3']
upper  16.6666666667
lower  8.33333333333
['bpc_5_[0, 1, 2, 3]_0_3', 'bpc_5_[0, 1, 2, 4, 3]_0_3']
upper  16.6666666667
lower  8.33333333333
['bpc_5_[0, 1, 2, 3]_0_3', 'bpc_5_[0, 1, 2, 4, 3]_0_3', 'bpc_5_[0, 1, 3]_0_3']
upper  16.6666666667
lower  8.33333333333
['bpc_5_[0, 1, 2, 3]_0_3', 'bpc_5_[0, 1, 2, 4, 3]_0_3', 'bpc_5_[0, 1, 3]_0_3', 'bpc_5_[0, 1, 4, 2, 3]_0_3']
upper  16.6666666667
lower  8.33333333333
['bpc_5_[0, 1, 2, 3]_0_3', 'bpc_5_[0, 1, 2, 4, 3]_0_3', 'bpc_5_[0, 1, 3]_0_3', 'bpc_5_[0, 1, 4, 2, 3]_0_3', 'bpc_5_[0, 1, 4, 3]_0_3']
upper  16.6666666667
lower  8.33333333333
1.0
False
upper bound:20.0
lower bound:10.0
['bpc_144_[1, 0, 2, 3, 4]_1_4']
upper  20.0
lower  10.0
['bpc_144_[1, 0, 2, 3, 4]_1_4', 'bpc_144_[1, 0, 2, 4]_1_4']
upper  20.0
lower  10.0
['bpc_144_[1, 0, 2, 3, 4]_1_4', 'bpc_144_[1, 0, 2, 4]_1_4', 'bpc_144_[1, 0, 3, 2, 4]_1_4']
upper  20.0
lower  10.0
['bpc_144_[1, 0, 2, 3, 4]_1_4', 'bpc_144_[1, 0, 2, 4]_1_4', 'bpc_144_[1, 0, 3, 2, 4]_1_4', 'bpc_144_[1, 0, 3, 4]_1_4']
upper  20.0
lower  10.0
['bpc_144_[1, 0, 2, 3, 4]_1_4', 'bpc_144_[1, 0, 2, 4]_1_4', 'bpc_144_[1, 0, 3, 2, 4]_1_4', 'bpc_144_[1, 0, 3, 4]_1_4', 'bpc_144_[1, 0, 4]_1_4']
upper  20.0
lower  10.0
1.0
False
upper bound:20.0
lower bound:10.0
['bpc_81_[1, 0]_1_0']
upper  20.0
lower  10.0
['bpc_81_[1, 0]_1_0', 'bpc_81_[1, 2, 0]_1_0']
upper  20.0
lower  10.0
['bpc_81_[1, 0]_1_0', 'bpc_81_[1, 2, 0]_1_0', 'bpc_81_[1, 2, 3, 0]_1_0']
upper  20.0
lower  10.0
['bpc_81_[1, 0]_1_0', 'bpc_81_[1, 2, 0]_1_0', 'bpc_81_[1, 2, 3, 0]_1_0', 'bpc_81_[1, 2, 3, 4, 0]_1_0']
upper  20.0
lower  10.0
['bpc_81_[1, 0]_1_0', 'bpc_81_[1, 2, 0]_1_0', 'bpc_81_[1, 2, 3, 0]_1_0', 'bpc_81_[1, 2, 3, 4, 0]_1_0', 'bpc_81_[1, 2, 4, 0]_1_0']
upper  20.0
lower  10.0
1.0
False
upper bound:20.0
lower bound:10.0
['bpc_135_[1, 0, 2, 6]_1_6']
upper  20.0
lower  10.0
['bpc_135_[1, 0, 2, 6]_1_6', 'bpc_135_[1, 0, 3, 2, 6]_1_6']
upper  20.0
lower  10.0
['bpc_135_[1, 0, 2, 6]_1_6', 'bpc_135_[1, 0, 3, 2, 6]_1_6', 'bpc_135_[1, 0, 3, 4, 2, 6]_1_6']
upper  20.0
lower  10.0
['bpc_135_[1, 0, 2, 6]_1_6', 'bpc_135_[1, 0, 3, 2, 6]_1_6', 'bpc_135_[1, 0, 3, 4, 2, 6]_1_6', 'bpc_135_[1, 0, 4, 2, 6]_1_6']
upper  20.0
lower  10.0
['bpc_135_[1, 0, 2, 6]_1_6', 'bpc_135_[1, 0, 3, 2, 6]_1_6', 'bpc_135_[1, 0, 3, 4, 2, 6]_1_6', 'bpc_135_[1, 0, 4, 2, 6]_1_6', 'bpc_135_[1, 0, 4, 3, 2, 6]_1_6']
upper  20.0
lower  10.0
1.0
False
upper bound:20.0
lower bound:10.0
['bpc_56_[1, 0, 2, 3, 4]_1_4']
upper  20.0
lower  10.0
['bpc_56_[1, 0, 2, 3, 4]_1_4', 'bpc_56_[1, 0, 2, 4]_1_4']
upper  20.0
lower  10.0
['bpc_56_[1, 0, 2, 3, 4]_1_4', 'bpc_56_[1, 0, 2, 4]_1_4', 'bpc_56_[1, 0, 3, 2, 4]_1_4']
upper  20.0
lower  10.0
['bpc_56_[1, 0, 2, 3, 4]_1_4', 'bpc_56_[1, 0, 2, 4]_1_4', 'bpc_56_[1, 0, 3, 2, 4]_1_4', 'bpc_56_[1, 0, 3, 4]_1_4']
upper  20.0
lower  10.0
['bpc_56_[1, 0, 2, 3, 4]_1_4', 'bpc_56_[1, 0, 2, 4]_1_4', 'bpc_56_[1, 0, 3, 2, 4]_1_4', 'bpc_56_[1, 0, 3, 4]_1_4', 'bpc_56_[1, 0, 4]_1_4']
upper  20.0
lower  10.0
0.833333333333
False
upper bound:16.6666666667
lower bound:8.33333333333
['bpc_211_[0, 1, 2, 5]_0_5']
upper  16.6666666667
lower  8.33333333333
['bpc_211_[0, 1, 2, 5]_0_5', 'bpc_211_[0, 1, 3, 2, 5]_0_5']
upper  16.6666666667
lower  8.33333333333
['bpc_211_[0, 1, 2, 5]_0_5', 'bpc_211_[0, 1, 3, 2, 5]_0_5', 'bpc_211_[0, 1, 3, 4, 2, 5]_0_5']
upper  16.6666666667
lower  8.33333333333
['bpc_211_[0, 1, 2, 5]_0_5', 'bpc_211_[0, 1, 3, 2, 5]_0_5', 'bpc_211_[0, 1, 3, 4, 2, 5]_0_5', 'bpc_211_[0, 1, 4, 2, 5]_0_5']
upper  16.6666666667
lower  8.33333333333
['bpc_211_[0, 1, 2, 5]_0_5', 'bpc_211_[0, 1, 3, 2, 5]_0_5', 'bpc_211_[0, 1, 3, 4, 2, 5]_0_5', 'bpc_211_[0, 1, 4, 2, 5]_0_5', 'bpc_211_[0, 1, 4, 3, 2, 5]_0_5']
upper  16.6666666667
lower  8.33333333333
1.0
False
upper bound:20.0
lower bound:10.0
['bpc_47_[1, 0, 2, 6]_1_6']
upper  20.0
lower  10.0
['bpc_47_[1, 0, 2, 6]_1_6', 'bpc_47_[1, 0, 3, 2, 6]_1_6']
upper  20.0
lower  10.0
['bpc_47_[1, 0, 2, 6]_1_6', 'bpc_47_[1, 0, 3, 2, 6]_1_6', 'bpc_47_[1, 0, 3, 4, 2, 6]_1_6']
upper  20.0
lower  10.0
['bpc_47_[1, 0, 2, 6]_1_6', 'bpc_47_[1, 0, 3, 2, 6]_1_6', 'bpc_47_[1, 0, 3, 4, 2, 6]_1_6', 'bpc_47_[1, 0, 4, 2, 6]_1_6']
upper  20.0
lower  10.0
['bpc_47_[1, 0, 2, 6]_1_6', 'bpc_47_[1, 0, 3, 2, 6]_1_6', 'bpc_47_[1, 0, 3, 4, 2, 6]_1_6', 'bpc_47_[1, 0, 4, 2, 6]_1_6', 'bpc_47_[1, 0, 4, 3, 2, 6]_1_6']
upper  20.0
lower  10.0
1.0
False
upper bound:20.0
lower bound:10.0
['bpc_186_[1, 0, 1]_1_1']
upper  20.0
lower  10.0
['bpc_186_[1, 0, 1]_1_1', 'bpc_186_[1, 0, 2, 1]_1_1']
upper  20.0
lower  10.0
['bpc_186_[1, 0, 1]_1_1', 'bpc_186_[1, 0, 2, 1]_1_1', 'bpc_186_[1, 0, 2, 3, 1]_1_1']
upper  20.0
lower  10.0
['bpc_186_[1, 0, 1]_1_1', 'bpc_186_[1, 0, 2, 1]_1_1', 'bpc_186_[1, 0, 2, 3, 1]_1_1', 'bpc_186_[1, 0, 2, 3, 4, 1]_1_1']
upper  20.0
lower  10.0
['bpc_186_[1, 0, 1]_1_1', 'bpc_186_[1, 0, 2, 1]_1_1', 'bpc_186_[1, 0, 2, 3, 1]_1_1', 'bpc_186_[1, 0, 2, 3, 4, 1]_1_1', 'bpc_186_[1, 0, 2, 4, 1]_1_1']
upper  20.0
lower  10.0
0.833333333333
False
upper bound:16.6666666667
lower bound:8.33333333333
['bpc_123_[0, 1, 2, 5]_0_5']
upper  16.6666666667
lower  8.33333333333
['bpc_123_[0, 1, 2, 5]_0_5', 'bpc_123_[0, 1, 3, 2, 5]_0_5']
upper  16.6666666667
lower  8.33333333333
['bpc_123_[0, 1, 2, 5]_0_5', 'bpc_123_[0, 1, 3, 2, 5]_0_5', 'bpc_123_[0, 1, 3, 4, 2, 5]_0_5']
upper  16.6666666667
lower  8.33333333333
['bpc_123_[0, 1, 2, 5]_0_5', 'bpc_123_[0, 1, 3, 2, 5]_0_5', 'bpc_123_[0, 1, 3, 4, 2, 5]_0_5', 'bpc_123_[0, 1, 4, 2, 5]_0_5']
upper  16.6666666667
lower  8.33333333333
['bpc_123_[0, 1, 2, 5]_0_5', 'bpc_123_[0, 1, 3, 2, 5]_0_5', 'bpc_123_[0, 1, 3, 4, 2, 5]_0_5', 'bpc_123_[0, 1, 4, 2, 5]_0_5', 'bpc_123_[0, 1, 4, 3, 2, 5]_0_5']
upper  16.6666666667
lower  8.33333333333
0.833333333333
False
upper bound:16.6666666667
lower bound:8.33333333333
['bpc_22_[0, 1, 2]_0_2']
upper  16.6666666667
lower  8.33333333333
['bpc_22_[0, 1, 2]_0_2', 'bpc_22_[0, 1, 3, 2]_0_2']
upper  16.6666666667
lower  8.33333333333
['bpc_22_[0, 1, 2]_0_2', 'bpc_22_[0, 1, 3, 2]_0_2', 'bpc_22_[0, 1, 3, 4, 2]_0_2']
upper  16.6666666667
lower  8.33333333333
['bpc_22_[0, 1, 2]_0_2', 'bpc_22_[0, 1, 3, 2]_0_2', 'bpc_22_[0, 1, 3, 4, 2]_0_2', 'bpc_22_[0, 1, 4, 2]_0_2']
upper  16.6666666667
lower  8.33333333333
['bpc_22_[0, 1, 2]_0_2', 'bpc_22_[0, 1, 3, 2]_0_2', 'bpc_22_[0, 1, 3, 4, 2]_0_2', 'bpc_22_[0, 1, 4, 2]_0_2', 'bpc_22_[0, 1, 4, 3, 2]_0_2']
upper  16.6666666667
lower  8.33333333333
1.0
False
upper bound:20.0
lower bound:10.0
['bpc_161_[1, 0, 2, 5]_1_5']
upper  20.0
lower  10.0
['bpc_161_[1, 0, 2, 5]_1_5', 'bpc_161_[1, 0, 3, 2, 5]_1_5']
upper  20.0
lower  10.0
['bpc_161_[1, 0, 2, 5]_1_5', 'bpc_161_[1, 0, 3, 2, 5]_1_5', 'bpc_161_[1, 0, 3, 4, 2, 5]_1_5']
upper  20.0
lower  10.0
['bpc_161_[1, 0, 2, 5]_1_5', 'bpc_161_[1, 0, 3, 2, 5]_1_5', 'bpc_161_[1, 0, 3, 4, 2, 5]_1_5', 'bpc_161_[1, 0, 4, 2, 5]_1_5']
upper  20.0
lower  10.0
['bpc_161_[1, 0, 2, 5]_1_5', 'bpc_161_[1, 0, 3, 2, 5]_1_5', 'bpc_161_[1, 0, 3, 4, 2, 5]_1_5', 'bpc_161_[1, 0, 4, 2, 5]_1_5', 'bpc_161_[1, 0, 4, 3, 2, 5]_1_5']
upper  20.0
lower  10.0
1.0
False
upper bound:20.0
lower bound:10.0
['bpc_98_[1, 0, 1]_1_1']
upper  20.0
lower  10.0
['bpc_98_[1, 0, 1]_1_1', 'bpc_98_[1, 0, 2, 1]_1_1']
upper  20.0
lower  10.0
['bpc_98_[1, 0, 1]_1_1', 'bpc_98_[1, 0, 2, 1]_1_1', 'bpc_98_[1, 0, 2, 3, 1]_1_1']
upper  20.0
lower  10.0
['bpc_98_[1, 0, 1]_1_1', 'bpc_98_[1, 0, 2, 1]_1_1', 'bpc_98_[1, 0, 2, 3, 1]_1_1', 'bpc_98_[1, 0, 2, 3, 4, 1]_1_1']
upper  20.0
lower  10.0
['bpc_98_[1, 0, 1]_1_1', 'bpc_98_[1, 0, 2, 1]_1_1', 'bpc_98_[1, 0, 2, 3, 1]_1_1', 'bpc_98_[1, 0, 2, 3, 4, 1]_1_1', 'bpc_98_[1, 0, 2, 4, 1]_1_1']
upper  20.0
lower  10.0
0.833333333333
False
upper bound:16.6666666667
lower bound:8.33333333333
['bpc_136_[0, 1, 2, 3, 4, 10]_0_10']
upper  16.6666666667
lower  8.33333333333
['bpc_136_[0, 1, 2, 3, 4, 10]_0_10', 'bpc_136_[0, 1, 2, 4, 10]_0_10']
upper  16.6666666667
lower  8.33333333333
['bpc_136_[0, 1, 2, 3, 4, 10]_0_10', 'bpc_136_[0, 1, 2, 4, 10]_0_10', 'bpc_136_[0, 1, 3, 2, 4, 10]_0_10']
upper  16.6666666667
lower  8.33333333333
['bpc_136_[0, 1, 2, 3, 4, 10]_0_10', 'bpc_136_[0, 1, 2, 4, 10]_0_10', 'bpc_136_[0, 1, 3, 2, 4, 10]_0_10', 'bpc_136_[0, 1, 3, 4, 10]_0_10']
upper  16.6666666667
lower  8.33333333333
['bpc_136_[0, 1, 2, 3, 4, 10]_0_10', 'bpc_136_[0, 1, 2, 4, 10]_0_10', 'bpc_136_[0, 1, 3, 2, 4, 10]_0_10', 'bpc_136_[0, 1, 3, 4, 10]_0_10', 'bpc_136_[0, 1, 4, 10]_0_10']
upper  16.6666666667
lower  8.33333333333
1.0
False
upper bound:20.0
lower bound:10.0
['bpc_73_[1, 0, 2, 5]_1_5']
upper  20.0
lower  10.0
['bpc_73_[1, 0, 2, 5]_1_5', 'bpc_73_[1, 0, 3, 2, 5]_1_5']
upper  20.0
lower  10.0
['bpc_73_[1, 0, 2, 5]_1_5', 'bpc_73_[1, 0, 3, 2, 5]_1_5', 'bpc_73_[1, 0, 3, 4, 2, 5]_1_5']
upper  20.0
lower  10.0
['bpc_73_[1, 0, 2, 5]_1_5', 'bpc_73_[1, 0, 3, 2, 5]_1_5', 'bpc_73_[1, 0, 3, 4, 2, 5]_1_5', 'bpc_73_[1, 0, 4, 2, 5]_1_5']
upper  20.0
lower  10.0
['bpc_73_[1, 0, 2, 5]_1_5', 'bpc_73_[1, 0, 3, 2, 5]_1_5', 'bpc_73_[1, 0, 3, 4, 2, 5]_1_5', 'bpc_73_[1, 0, 4, 2, 5]_1_5', 'bpc_73_[1, 0, 4, 3, 2, 5]_1_5']
upper  20.0
lower  10.0
0.833333333333
False
upper bound:16.6666666667
lower bound:8.33333333333
['bpc_48_[0, 1, 2, 3, 4, 10]_0_10']
upper  16.6666666667
lower  8.33333333333
['bpc_48_[0, 1, 2, 3, 4, 10]_0_10', 'bpc_48_[0, 1, 2, 4, 10]_0_10']
upper  16.6666666667
lower  8.33333333333
['bpc_48_[0, 1, 2, 3, 4, 10]_0_10', 'bpc_48_[0, 1, 2, 4, 10]_0_10', 'bpc_48_[0, 1, 3, 2, 4, 10]_0_10']
upper  16.6666666667
lower  8.33333333333
['bpc_48_[0, 1, 2, 3, 4, 10]_0_10', 'bpc_48_[0, 1, 2, 4, 10]_0_10', 'bpc_48_[0, 1, 3, 2, 4, 10]_0_10', 'bpc_48_[0, 1, 3, 4, 10]_0_10']
upper  16.6666666667
lower  8.33333333333
['bpc_48_[0, 1, 2, 3, 4, 10]_0_10', 'bpc_48_[0, 1, 2, 4, 10]_0_10', 'bpc_48_[0, 1, 3, 2, 4, 10]_0_10', 'bpc_48_[0, 1, 3, 4, 10]_0_10', 'bpc_48_[0, 1, 4, 10]_0_10']
upper  16.6666666667
lower  8.33333333333
0.833333333333
False
upper bound:16.6666666667
lower bound:8.33333333333
['bpc_203_[0, 1, 2, 3]_0_3']
upper  16.6666666667
lower  8.33333333333
['bpc_203_[0, 1, 2, 3]_0_3', 'bpc_203_[0, 1, 2, 4, 3]_0_3']
upper  16.6666666667
lower  8.33333333333
['bpc_203_[0, 1, 2, 3]_0_3', 'bpc_203_[0, 1, 2, 4, 3]_0_3', 'bpc_203_[0, 1, 3]_0_3']
upper  16.6666666667
lower  8.33333333333
['bpc_203_[0, 1, 2, 3]_0_3', 'bpc_203_[0, 1, 2, 4, 3]_0_3', 'bpc_203_[0, 1, 3]_0_3', 'bpc_203_[0, 1, 4, 2, 3]_0_3']
upper  16.6666666667
lower  8.33333333333
['bpc_203_[0, 1, 2, 3]_0_3', 'bpc_203_[0, 1, 2, 4, 3]_0_3', 'bpc_203_[0, 1, 3]_0_3', 'bpc_203_[0, 1, 4, 2, 3]_0_3', 'bpc_203_[0, 1, 4, 3]_0_3']
upper  16.6666666667
lower  8.33333333333
0.833333333333
False
upper bound:16.6666666667
lower bound:8.33333333333
['bpc_39_[0, 1]_0_1']
upper  16.6666666667
lower  8.33333333333
['bpc_39_[0, 1]_0_1', 'bpc_39_[0, 2, 1]_0_1']
upper  16.6666666667
lower  8.33333333333
['bpc_39_[0, 1]_0_1', 'bpc_39_[0, 2, 1]_0_1', 'bpc_39_[0, 2, 3, 1]_0_1']
upper  16.6666666667
lower  8.33333333333
['bpc_39_[0, 1]_0_1', 'bpc_39_[0, 2, 1]_0_1', 'bpc_39_[0, 2, 3, 1]_0_1', 'bpc_39_[0, 2, 3, 4, 1]_0_1']
upper  16.6666666667
lower  8.33333333333
['bpc_39_[0, 1]_0_1', 'bpc_39_[0, 2, 1]_0_1', 'bpc_39_[0, 2, 3, 1]_0_1', 'bpc_39_[0, 2, 3, 4, 1]_0_1', 'bpc_39_[0, 2, 4, 1]_0_1']
upper  16.6666666667
lower  8.33333333333
0.833333333333
False
upper bound:16.6666666667
lower bound:8.33333333333
['bpc_178_[0, 1, 2, 3, 7]_0_7']
upper  16.6666666667
lower  8.33333333333
['bpc_178_[0, 1, 2, 3, 7]_0_7', 'bpc_178_[0, 1, 2, 4, 3, 7]_0_7']
upper  16.6666666667
lower  8.33333333333
['bpc_178_[0, 1, 2, 3, 7]_0_7', 'bpc_178_[0, 1, 2, 4, 3, 7]_0_7', 'bpc_178_[0, 1, 3, 7]_0_7']
upper  16.6666666667
lower  8.33333333333
['bpc_178_[0, 1, 2, 3, 7]_0_7', 'bpc_178_[0, 1, 2, 4, 3, 7]_0_7', 'bpc_178_[0, 1, 3, 7]_0_7', 'bpc_178_[0, 1, 4, 2, 3, 7]_0_7']
upper  16.6666666667
lower  8.33333333333
['bpc_178_[0, 1, 2, 3, 7]_0_7', 'bpc_178_[0, 1, 2, 4, 3, 7]_0_7', 'bpc_178_[0, 1, 3, 7]_0_7', 'bpc_178_[0, 1, 4, 2, 3, 7]_0_7', 'bpc_178_[0, 1, 4, 3, 7]_0_7']
upper  16.6666666667
lower  8.33333333333
0.833333333333
False
upper bound:16.6666666667
lower bound:8.33333333333
['bpc_115_[0, 1, 2, 3]_0_3']
upper  16.6666666667
lower  8.33333333333
['bpc_115_[0, 1, 2, 3]_0_3', 'bpc_115_[0, 1, 2, 4, 3]_0_3']
upper  16.6666666667
lower  8.33333333333
['bpc_115_[0, 1, 2, 3]_0_3', 'bpc_115_[0, 1, 2, 4, 3]_0_3', 'bpc_115_[0, 1, 3]_0_3']
upper  16.6666666667
lower  8.33333333333
['bpc_115_[0, 1, 2, 3]_0_3', 'bpc_115_[0, 1, 2, 4, 3]_0_3', 'bpc_115_[0, 1, 3]_0_3', 'bpc_115_[0, 1, 4, 2, 3]_0_3']
upper  16.6666666667
lower  8.33333333333
['bpc_115_[0, 1, 2, 3]_0_3', 'bpc_115_[0, 1, 2, 4, 3]_0_3', 'bpc_115_[0, 1, 3]_0_3', 'bpc_115_[0, 1, 4, 2, 3]_0_3', 'bpc_115_[0, 1, 4, 3]_0_3']
upper  16.6666666667
lower  8.33333333333
1.0
False
upper bound:20.0
lower bound:10.0
['bpc_14_[1, 0, 2, 3, 4, 9]_1_9']
upper  20.0
lower  10.0
['bpc_14_[1, 0, 2, 3, 4, 9]_1_9', 'bpc_14_[1, 0, 2, 4, 9]_1_9']
upper  20.0
lower  10.0
['bpc_14_[1, 0, 2, 3, 4, 9]_1_9', 'bpc_14_[1, 0, 2, 4, 9]_1_9', 'bpc_14_[1, 0, 3, 2, 4, 9]_1_9']
upper  20.0
lower  10.0
['bpc_14_[1, 0, 2, 3, 4, 9]_1_9', 'bpc_14_[1, 0, 2, 4, 9]_1_9', 'bpc_14_[1, 0, 3, 2, 4, 9]_1_9', 'bpc_14_[1, 0, 3, 4, 9]_1_9']
upper  20.0
lower  10.0
['bpc_14_[1, 0, 2, 3, 4, 9]_1_9', 'bpc_14_[1, 0, 2, 4, 9]_1_9', 'bpc_14_[1, 0, 3, 2, 4, 9]_1_9', 'bpc_14_[1, 0, 3, 4, 9]_1_9', 'bpc_14_[1, 0, 4, 9]_1_9']
upper  20.0
lower  10.0
0.833333333333
False
upper bound:16.6666666667
lower bound:8.33333333333
['bpc_153_[0, 1, 2, 3, 4, 9]_0_9']
upper  16.6666666667
lower  8.33333333333
['bpc_153_[0, 1, 2, 3, 4, 9]_0_9', 'bpc_153_[0, 1, 2, 4, 9]_0_9']
upper  16.6666666667
lower  8.33333333333
['bpc_153_[0, 1, 2, 3, 4, 9]_0_9', 'bpc_153_[0, 1, 2, 4, 9]_0_9', 'bpc_153_[0, 1, 3, 2, 4, 9]_0_9']
upper  16.6666666667
lower  8.33333333333
['bpc_153_[0, 1, 2, 3, 4, 9]_0_9', 'bpc_153_[0, 1, 2, 4, 9]_0_9', 'bpc_153_[0, 1, 3, 2, 4, 9]_0_9', 'bpc_153_[0, 1, 3, 4, 9]_0_9']
upper  16.6666666667
lower  8.33333333333
['bpc_153_[0, 1, 2, 3, 4, 9]_0_9', 'bpc_153_[0, 1, 2, 4, 9]_0_9', 'bpc_153_[0, 1, 3, 2, 4, 9]_0_9', 'bpc_153_[0, 1, 3, 4, 9]_0_9', 'bpc_153_[0, 1, 4, 9]_0_9']
upper  16.6666666667
lower  8.33333333333
0.833333333333
False
upper bound:16.6666666667
lower bound:8.33333333333
['bpc_90_[0, 1, 2, 3, 7]_0_7']
upper  16.6666666667
lower  8.33333333333
['bpc_90_[0, 1, 2, 3, 7]_0_7', 'bpc_90_[0, 1, 2, 4, 3, 7]_0_7']
upper  16.6666666667
lower  8.33333333333
['bpc_90_[0, 1, 2, 3, 7]_0_7', 'bpc_90_[0, 1, 2, 4, 3, 7]_0_7', 'bpc_90_[0, 1, 3, 7]_0_7']
upper  16.6666666667
lower  8.33333333333
['bpc_90_[0, 1, 2, 3, 7]_0_7', 'bpc_90_[0, 1, 2, 4, 3, 7]_0_7', 'bpc_90_[0, 1, 3, 7]_0_7', 'bpc_90_[0, 1, 4, 2, 3, 7]_0_7']
upper  16.6666666667
lower  8.33333333333
['bpc_90_[0, 1, 2, 3, 7]_0_7', 'bpc_90_[0, 1, 2, 4, 3, 7]_0_7', 'bpc_90_[0, 1, 3, 7]_0_7', 'bpc_90_[0, 1, 4, 2, 3, 7]_0_7', 'bpc_90_[0, 1, 4, 3, 7]_0_7']
upper  16.6666666667
lower  8.33333333333
0.833333333333
False
upper bound:16.6666666667
lower bound:8.33333333333
['bpc_128_[0, 1, 2, 6]_0_6']
upper  16.6666666667
lower  8.33333333333
['bpc_128_[0, 1, 2, 6]_0_6', 'bpc_128_[0, 1, 3, 2, 6]_0_6']
upper  16.6666666667
lower  8.33333333333
['bpc_128_[0, 1, 2, 6]_0_6', 'bpc_128_[0, 1, 3, 2, 6]_0_6', 'bpc_128_[0, 1, 3, 4, 2, 6]_0_6']
upper  16.6666666667
lower  8.33333333333
['bpc_128_[0, 1, 2, 6]_0_6', 'bpc_128_[0, 1, 3, 2, 6]_0_6', 'bpc_128_[0, 1, 3, 4, 2, 6]_0_6', 'bpc_128_[0, 1, 4, 2, 6]_0_6']
upper  16.6666666667
lower  8.33333333333
['bpc_128_[0, 1, 2, 6]_0_6', 'bpc_128_[0, 1, 3, 2, 6]_0_6', 'bpc_128_[0, 1, 3, 4, 2, 6]_0_6', 'bpc_128_[0, 1, 4, 2, 6]_0_6', 'bpc_128_[0, 1, 4, 3, 2, 6]_0_6']
upper  16.6666666667
lower  8.33333333333
0.833333333333
False
upper bound:16.6666666667
lower bound:8.33333333333
['bpc_65_[0, 1, 2, 3, 4, 9]_0_9']
upper  16.6666666667
lower  8.33333333333
['bpc_65_[0, 1, 2, 3, 4, 9]_0_9', 'bpc_65_[0, 1, 2, 4, 9]_0_9']
upper  16.6666666667
lower  8.33333333333
['bpc_65_[0, 1, 2, 3, 4, 9]_0_9', 'bpc_65_[0, 1, 2, 4, 9]_0_9', 'bpc_65_[0, 1, 3, 2, 4, 9]_0_9']
upper  16.6666666667
lower  8.33333333333
['bpc_65_[0, 1, 2, 3, 4, 9]_0_9', 'bpc_65_[0, 1, 2, 4, 9]_0_9', 'bpc_65_[0, 1, 3, 2, 4, 9]_0_9', 'bpc_65_[0, 1, 3, 4, 9]_0_9']
upper  16.6666666667
lower  8.33333333333
['bpc_65_[0, 1, 2, 3, 4, 9]_0_9', 'bpc_65_[0, 1, 2, 4, 9]_0_9', 'bpc_65_[0, 1, 3, 2, 4, 9]_0_9', 'bpc_65_[0, 1, 3, 4, 9]_0_9', 'bpc_65_[0, 1, 4, 9]_0_9']
upper  16.6666666667
lower  8.33333333333
0.833333333333
False
upper bound:16.6666666667
lower bound:8.33333333333
['bpc_220_[0, 1, 2]_0_2']
upper  16.6666666667
lower  8.33333333333
['bpc_220_[0, 1, 2]_0_2', 'bpc_220_[0, 1, 3, 2]_0_2']
upper  16.6666666667
lower  8.33333333333
['bpc_220_[0, 1, 2]_0_2', 'bpc_220_[0, 1, 3, 2]_0_2', 'bpc_220_[0, 1, 3, 4, 2]_0_2']
upper  16.6666666667
lower  8.33333333333
['bpc_220_[0, 1, 2]_0_2', 'bpc_220_[0, 1, 3, 2]_0_2', 'bpc_220_[0, 1, 3, 4, 2]_0_2', 'bpc_220_[0, 1, 4, 2]_0_2']
upper  16.6666666667
lower  8.33333333333
['bpc_220_[0, 1, 2]_0_2', 'bpc_220_[0, 1, 3, 2]_0_2', 'bpc_220_[0, 1, 3, 4, 2]_0_2', 'bpc_220_[0, 1, 4, 2]_0_2', 'bpc_220_[0, 1, 4, 3, 2]_0_2']
upper  16.6666666667
lower  8.33333333333
0.833333333333
False
upper bound:16.6666666667
lower bound:8.33333333333
['bpc_40_[0, 1, 2, 6]_0_6']
upper  16.6666666667
lower  8.33333333333
['bpc_40_[0, 1, 2, 6]_0_6', 'bpc_40_[0, 1, 3, 2, 6]_0_6']
upper  16.6666666667
lower  8.33333333333
['bpc_40_[0, 1, 2, 6]_0_6', 'bpc_40_[0, 1, 3, 2, 6]_0_6', 'bpc_40_[0, 1, 3, 4, 2, 6]_0_6']
upper  16.6666666667
lower  8.33333333333
['bpc_40_[0, 1, 2, 6]_0_6', 'bpc_40_[0, 1, 3, 2, 6]_0_6', 'bpc_40_[0, 1, 3, 4, 2, 6]_0_6', 'bpc_40_[0, 1, 4, 2, 6]_0_6']
upper  16.6666666667
lower  8.33333333333
['bpc_40_[0, 1, 2, 6]_0_6', 'bpc_40_[0, 1, 3, 2, 6]_0_6', 'bpc_40_[0, 1, 3, 4, 2, 6]_0_6', 'bpc_40_[0, 1, 4, 2, 6]_0_6', 'bpc_40_[0, 1, 4, 3, 2, 6]_0_6']
upper  16.6666666667
lower  8.33333333333
1.0
False
upper bound:20.0
lower bound:10.0
['bpc_195_[1, 0, 2, 3, 8]_1_8']
upper  20.0
lower  10.0
['bpc_195_[1, 0, 2, 3, 8]_1_8', 'bpc_195_[1, 0, 2, 4, 3, 8]_1_8']
upper  20.0
lower  10.0
['bpc_195_[1, 0, 2, 3, 8]_1_8', 'bpc_195_[1, 0, 2, 4, 3, 8]_1_8', 'bpc_195_[1, 0, 3, 8]_1_8']
upper  20.0
lower  10.0
['bpc_195_[1, 0, 2, 3, 8]_1_8', 'bpc_195_[1, 0, 2, 4, 3, 8]_1_8', 'bpc_195_[1, 0, 3, 8]_1_8', 'bpc_195_[1, 0, 4, 2, 3, 8]_1_8']
upper  20.0
lower  10.0
['bpc_195_[1, 0, 2, 3, 8]_1_8', 'bpc_195_[1, 0, 2, 4, 3, 8]_1_8', 'bpc_195_[1, 0, 3, 8]_1_8', 'bpc_195_[1, 0, 4, 2, 3, 8]_1_8', 'bpc_195_[1, 0, 4, 3, 8]_1_8']
upper  20.0
lower  10.0
1.0
False
upper bound:20.0
lower bound:10.0
['bpc_31_[1, 0, 2, 3, 4, 10]_1_10']
upper  20.0
lower  10.0
['bpc_31_[1, 0, 2, 3, 4, 10]_1_10', 'bpc_31_[1, 0, 2, 4, 10]_1_10']
upper  20.0
lower  10.0
['bpc_31_[1, 0, 2, 3, 4, 10]_1_10', 'bpc_31_[1, 0, 2, 4, 10]_1_10', 'bpc_31_[1, 0, 3, 2, 4, 10]_1_10']
upper  20.0
lower  10.0
['bpc_31_[1, 0, 2, 3, 4, 10]_1_10', 'bpc_31_[1, 0, 2, 4, 10]_1_10', 'bpc_31_[1, 0, 3, 2, 4, 10]_1_10', 'bpc_31_[1, 0, 3, 4, 10]_1_10']
upper  20.0
lower  10.0
['bpc_31_[1, 0, 2, 3, 4, 10]_1_10', 'bpc_31_[1, 0, 2, 4, 10]_1_10', 'bpc_31_[1, 0, 3, 2, 4, 10]_1_10', 'bpc_31_[1, 0, 3, 4, 10]_1_10', 'bpc_31_[1, 0, 4, 10]_1_10']
upper  20.0
lower  10.0
0.833333333333
False
upper bound:16.6666666667
lower bound:8.33333333333
['bpc_170_[0, 1, 2, 3, 8]_0_8']
upper  16.6666666667
lower  8.33333333333
['bpc_170_[0, 1, 2, 3, 8]_0_8', 'bpc_170_[0, 1, 2, 4, 3, 8]_0_8']
upper  16.6666666667
lower  8.33333333333
['bpc_170_[0, 1, 2, 3, 8]_0_8', 'bpc_170_[0, 1, 2, 4, 3, 8]_0_8', 'bpc_170_[0, 1, 3, 8]_0_8']
upper  16.6666666667
lower  8.33333333333
['bpc_170_[0, 1, 2, 3, 8]_0_8', 'bpc_170_[0, 1, 2, 4, 3, 8]_0_8', 'bpc_170_[0, 1, 3, 8]_0_8', 'bpc_170_[0, 1, 4, 2, 3, 8]_0_8']
upper  16.6666666667
lower  8.33333333333
['bpc_170_[0, 1, 2, 3, 8]_0_8', 'bpc_170_[0, 1, 2, 4, 3, 8]_0_8', 'bpc_170_[0, 1, 3, 8]_0_8', 'bpc_170_[0, 1, 4, 2, 3, 8]_0_8', 'bpc_170_[0, 1, 4, 3, 8]_0_8']
upper  16.6666666667
lower  8.33333333333
1.0
False
upper bound:20.0
lower bound:10.0
['bpc_107_[1, 0, 2, 3, 8]_1_8']
upper  20.0
lower  10.0
['bpc_107_[1, 0, 2, 3, 8]_1_8', 'bpc_107_[1, 0, 2, 4, 3, 8]_1_8']
upper  20.0
lower  10.0
['bpc_107_[1, 0, 2, 3, 8]_1_8', 'bpc_107_[1, 0, 2, 4, 3, 8]_1_8', 'bpc_107_[1, 0, 3, 8]_1_8']
upper  20.0
lower  10.0
['bpc_107_[1, 0, 2, 3, 8]_1_8', 'bpc_107_[1, 0, 2, 4, 3, 8]_1_8', 'bpc_107_[1, 0, 3, 8]_1_8', 'bpc_107_[1, 0, 4, 2, 3, 8]_1_8']
upper  20.0
lower  10.0
['bpc_107_[1, 0, 2, 3, 8]_1_8', 'bpc_107_[1, 0, 2, 4, 3, 8]_1_8', 'bpc_107_[1, 0, 3, 8]_1_8', 'bpc_107_[1, 0, 4, 2, 3, 8]_1_8', 'bpc_107_[1, 0, 4, 3, 8]_1_8']
upper  20.0
lower  10.0
1.0
False
upper bound:20.0
lower bound:10.0
['bpc_6_[1, 0, 2]_1_2']
upper  20.0
lower  10.0
['bpc_6_[1, 0, 2]_1_2', 'bpc_6_[1, 0, 3, 2]_1_2']
upper  20.0
lower  10.0
['bpc_6_[1, 0, 2]_1_2', 'bpc_6_[1, 0, 3, 2]_1_2', 'bpc_6_[1, 0, 3, 4, 2]_1_2']
upper  20.0
lower  10.0
['bpc_6_[1, 0, 2]_1_2', 'bpc_6_[1, 0, 3, 2]_1_2', 'bpc_6_[1, 0, 3, 4, 2]_1_2', 'bpc_6_[1, 0, 4, 2]_1_2']
upper  20.0
lower  10.0
['bpc_6_[1, 0, 2]_1_2', 'bpc_6_[1, 0, 3, 2]_1_2', 'bpc_6_[1, 0, 3, 4, 2]_1_2', 'bpc_6_[1, 0, 4, 2]_1_2', 'bpc_6_[1, 0, 4, 3, 2]_1_2']
upper  20.0
lower  10.0
0.833333333333
False
upper bound:16.6666666667
lower bound:8.33333333333
['bpc_145_[0, 1, 2, 5]_0_5']
upper  16.6666666667
lower  8.33333333333
['bpc_145_[0, 1, 2, 5]_0_5', 'bpc_145_[0, 1, 3, 2, 5]_0_5']
upper  16.6666666667
lower  8.33333333333
['bpc_145_[0, 1, 2, 5]_0_5', 'bpc_145_[0, 1, 3, 2, 5]_0_5', 'bpc_145_[0, 1, 3, 4, 2, 5]_0_5']
upper  16.6666666667
lower  8.33333333333
['bpc_145_[0, 1, 2, 5]_0_5', 'bpc_145_[0, 1, 3, 2, 5]_0_5', 'bpc_145_[0, 1, 3, 4, 2, 5]_0_5', 'bpc_145_[0, 1, 4, 2, 5]_0_5']
upper  16.6666666667
lower  8.33333333333
['bpc_145_[0, 1, 2, 5]_0_5', 'bpc_145_[0, 1, 3, 2, 5]_0_5', 'bpc_145_[0, 1, 3, 4, 2, 5]_0_5', 'bpc_145_[0, 1, 4, 2, 5]_0_5', 'bpc_145_[0, 1, 4, 3, 2, 5]_0_5']
upper  16.6666666667
lower  8.33333333333
0.833333333333
False
upper bound:16.6666666667
lower bound:8.33333333333
['bpc_82_[0, 1, 2, 3, 8]_0_8']
upper  16.6666666667
lower  8.33333333333
['bpc_82_[0, 1, 2, 3, 8]_0_8', 'bpc_82_[0, 1, 2, 4, 3, 8]_0_8']
upper  16.6666666667
lower  8.33333333333
['bpc_82_[0, 1, 2, 3, 8]_0_8', 'bpc_82_[0, 1, 2, 4, 3, 8]_0_8', 'bpc_82_[0, 1, 3, 8]_0_8']
upper  16.6666666667
lower  8.33333333333
['bpc_82_[0, 1, 2, 3, 8]_0_8', 'bpc_82_[0, 1, 2, 4, 3, 8]_0_8', 'bpc_82_[0, 1, 3, 8]_0_8', 'bpc_82_[0, 1, 4, 2, 3, 8]_0_8']
upper  16.6666666667
lower  8.33333333333
['bpc_82_[0, 1, 2, 3, 8]_0_8', 'bpc_82_[0, 1, 2, 4, 3, 8]_0_8', 'bpc_82_[0, 1, 3, 8]_0_8', 'bpc_82_[0, 1, 4, 2, 3, 8]_0_8', 'bpc_82_[0, 1, 4, 3, 8]_0_8']
upper  16.6666666667
lower  8.33333333333
0.833333333333
False
upper bound:16.6666666667
lower bound:8.33333333333
['bpc_57_[0, 1, 2, 5]_0_5']
upper  16.6666666667
lower  8.33333333333
['bpc_57_[0, 1, 2, 5]_0_5', 'bpc_57_[0, 1, 3, 2, 5]_0_5']
upper  16.6666666667
lower  8.33333333333
['bpc_57_[0, 1, 2, 5]_0_5', 'bpc_57_[0, 1, 3, 2, 5]_0_5', 'bpc_57_[0, 1, 3, 4, 2, 5]_0_5']
upper  16.6666666667
lower  8.33333333333
['bpc_57_[0, 1, 2, 5]_0_5', 'bpc_57_[0, 1, 3, 2, 5]_0_5', 'bpc_57_[0, 1, 3, 4, 2, 5]_0_5', 'bpc_57_[0, 1, 4, 2, 5]_0_5']
upper  16.6666666667
lower  8.33333333333
['bpc_57_[0, 1, 2, 5]_0_5', 'bpc_57_[0, 1, 3, 2, 5]_0_5', 'bpc_57_[0, 1, 3, 4, 2, 5]_0_5', 'bpc_57_[0, 1, 4, 2, 5]_0_5', 'bpc_57_[0, 1, 4, 3, 2, 5]_0_5']
upper  16.6666666667
lower  8.33333333333
1.0
False
upper bound:20.0
lower bound:10.0
['bpc_212_[1, 0, 2, 3, 4, 9]_1_9']
upper  20.0
lower  10.0
['bpc_212_[1, 0, 2, 3, 4, 9]_1_9', 'bpc_212_[1, 0, 2, 4, 9]_1_9']
upper  20.0
lower  10.0
['bpc_212_[1, 0, 2, 3, 4, 9]_1_9', 'bpc_212_[1, 0, 2, 4, 9]_1_9', 'bpc_212_[1, 0, 3, 2, 4, 9]_1_9']
upper  20.0
lower  10.0
['bpc_212_[1, 0, 2, 3, 4, 9]_1_9', 'bpc_212_[1, 0, 2, 4, 9]_1_9', 'bpc_212_[1, 0, 3, 2, 4, 9]_1_9', 'bpc_212_[1, 0, 3, 4, 9]_1_9']
upper  20.0
lower  10.0
['bpc_212_[1, 0, 2, 3, 4, 9]_1_9', 'bpc_212_[1, 0, 2, 4, 9]_1_9', 'bpc_212_[1, 0, 3, 2, 4, 9]_1_9', 'bpc_212_[1, 0, 3, 4, 9]_1_9', 'bpc_212_[1, 0, 4, 9]_1_9']
upper  20.0
lower  10.0
(7, 3)
(1, 3)
(3, 0)
(2, 1)
(6, 2)
(9, 4)
(3, 7)
(2, 5)
(0, 3)
(4, 0)
(1, 2)
(4, 9)
(0, 4)
(4, 1)
(4, 10)
(3, 2)
(2, 6)
(10, 4)
(1, 4)
(2, 3)
(4, 2)
(1, 0)
(0, 1)
(8, 3)
(5, 2)
(3, 1)
(2, 4)
(3, 8)
(2, 0)
(4, 3)
(3, 4)
(0, 2)
Parallel mode: deterministic, using up to 4 threads for concurrent optimization.
Tried aggregator 1 time.
LP Presolve eliminated 6300 rows and 1100 columns.
All rows and columns eliminated.
Presolve time = 0.04 sec. (50.07 ticks)
('Solution status = ', 1)
('Obj ', 4033.3333333333367)
throughput:4033.33333333
1 round
1.0
False
upper bound:40.0
lower bound:20.0
['bpc_32_[1, 0, 1]_1_1']
upper  40.0
lower  20.0
['bpc_32_[1, 0, 1]_1_1', 'bpc_32_[1, 0, 2, 1]_1_1']
upper  40.0
lower  20.0
['bpc_32_[1, 0, 1]_1_1', 'bpc_32_[1, 0, 2, 1]_1_1', 'bpc_32_[1, 0, 2, 3, 1]_1_1']
upper  40.0
lower  20.0
['bpc_32_[1, 0, 1]_1_1', 'bpc_32_[1, 0, 2, 1]_1_1', 'bpc_32_[1, 0, 2, 3, 1]_1_1', 'bpc_32_[1, 0, 2, 3, 4, 1]_1_1']
upper  40.0
lower  20.0
['bpc_32_[1, 0, 1]_1_1', 'bpc_32_[1, 0, 2, 1]_1_1', 'bpc_32_[1, 0, 2, 3, 1]_1_1', 'bpc_32_[1, 0, 2, 3, 4, 1]_1_1', 'bpc_32_[1, 0, 2, 4, 1]_1_1']
upper  40.0
lower  20.0
1.0
False
upper bound:40.0
lower bound:20.0
['bpc_124_[1, 0, 2, 3, 4, 9]_1_9']
upper  40.0
lower  20.0
['bpc_124_[1, 0, 2, 3, 4, 9]_1_9', 'bpc_124_[1, 0, 2, 4, 9]_1_9']
upper  40.0
lower  20.0
['bpc_124_[1, 0, 2, 3, 4, 9]_1_9', 'bpc_124_[1, 0, 2, 4, 9]_1_9', 'bpc_124_[1, 0, 3, 2, 4, 9]_1_9']
upper  40.0
lower  20.0
['bpc_124_[1, 0, 2, 3, 4, 9]_1_9', 'bpc_124_[1, 0, 2, 4, 9]_1_9', 'bpc_124_[1, 0, 3, 2, 4, 9]_1_9', 'bpc_124_[1, 0, 3, 4, 9]_1_9']
upper  40.0
lower  20.0
['bpc_124_[1, 0, 2, 3, 4, 9]_1_9', 'bpc_124_[1, 0, 2, 4, 9]_1_9', 'bpc_124_[1, 0, 3, 2, 4, 9]_1_9', 'bpc_124_[1, 0, 3, 4, 9]_1_9', 'bpc_124_[1, 0, 4, 9]_1_9']
upper  40.0
lower  20.0
1.0
False
upper bound:40.0
lower bound:20.0
['bpc_23_[1, 0, 2, 3]_1_3']
upper  40.0
lower  20.0
['bpc_23_[1, 0, 2, 3]_1_3', 'bpc_23_[1, 0, 2, 4, 3]_1_3']
upper  40.0
lower  20.0
['bpc_23_[1, 0, 2, 3]_1_3', 'bpc_23_[1, 0, 2, 4, 3]_1_3', 'bpc_23_[1, 0, 3]_1_3']
upper  40.0
lower  20.0
['bpc_23_[1, 0, 2, 3]_1_3', 'bpc_23_[1, 0, 2, 4, 3]_1_3', 'bpc_23_[1, 0, 3]_1_3', 'bpc_23_[1, 0, 4, 2, 3]_1_3']
upper  40.0
lower  20.0
['bpc_23_[1, 0, 2, 3]_1_3', 'bpc_23_[1, 0, 2, 4, 3]_1_3', 'bpc_23_[1, 0, 3]_1_3', 'bpc_23_[1, 0, 4, 2, 3]_1_3', 'bpc_23_[1, 0, 4, 3]_1_3']
upper  40.0
lower  20.0
1.0
False
upper bound:40.0
lower bound:20.0
['bpc_204_[1, 0, 2]_1_2']
upper  40.0
lower  20.0
['bpc_204_[1, 0, 2]_1_2', 'bpc_204_[1, 0, 3, 2]_1_2']
upper  40.0
lower  20.0
['bpc_204_[1, 0, 2]_1_2', 'bpc_204_[1, 0, 3, 2]_1_2', 'bpc_204_[1, 0, 3, 4, 2]_1_2']
upper  40.0
lower  20.0
['bpc_204_[1, 0, 2]_1_2', 'bpc_204_[1, 0, 3, 2]_1_2', 'bpc_204_[1, 0, 3, 4, 2]_1_2', 'bpc_204_[1, 0, 4, 2]_1_2']
upper  40.0
lower  20.0
['bpc_204_[1, 0, 2]_1_2', 'bpc_204_[1, 0, 3, 2]_1_2', 'bpc_204_[1, 0, 3, 4, 2]_1_2', 'bpc_204_[1, 0, 4, 2]_1_2', 'bpc_204_[1, 0, 4, 3, 2]_1_2']
upper  40.0
lower  20.0
1.0
False
upper bound:40.0
lower bound:20.0
['bpc_179_[1, 0, 2, 6]_1_6']
upper  40.0
lower  20.0
['bpc_179_[1, 0, 2, 6]_1_6', 'bpc_179_[1, 0, 3, 2, 6]_1_6']
upper  40.0
lower  20.0
['bpc_179_[1, 0, 2, 6]_1_6', 'bpc_179_[1, 0, 3, 2, 6]_1_6', 'bpc_179_[1, 0, 3, 4, 2, 6]_1_6']
upper  40.0
lower  20.0
['bpc_179_[1, 0, 2, 6]_1_6', 'bpc_179_[1, 0, 3, 2, 6]_1_6', 'bpc_179_[1, 0, 3, 4, 2, 6]_1_6', 'bpc_179_[1, 0, 4, 2, 6]_1_6']
upper  40.0
lower  20.0
['bpc_179_[1, 0, 2, 6]_1_6', 'bpc_179_[1, 0, 3, 2, 6]_1_6', 'bpc_179_[1, 0, 3, 4, 2, 6]_1_6', 'bpc_179_[1, 0, 4, 2, 6]_1_6', 'bpc_179_[1, 0, 4, 3, 2, 6]_1_6']
upper  40.0
lower  20.0
1.0
False
upper bound:40.0
lower bound:20.0
['bpc_116_[1, 0, 2]_1_2']
upper  40.0
lower  20.0
['bpc_116_[1, 0, 2]_1_2', 'bpc_116_[1, 0, 3, 2]_1_2']
upper  40.0
lower  20.0
['bpc_116_[1, 0, 2]_1_2', 'bpc_116_[1, 0, 3, 2]_1_2', 'bpc_116_[1, 0, 3, 4, 2]_1_2']
upper  40.0
lower  20.0
['bpc_116_[1, 0, 2]_1_2', 'bpc_116_[1, 0, 3, 2]_1_2', 'bpc_116_[1, 0, 3, 4, 2]_1_2', 'bpc_116_[1, 0, 4, 2]_1_2']
upper  40.0
lower  20.0
['bpc_116_[1, 0, 2]_1_2', 'bpc_116_[1, 0, 3, 2]_1_2', 'bpc_116_[1, 0, 3, 4, 2]_1_2', 'bpc_116_[1, 0, 4, 2]_1_2', 'bpc_116_[1, 0, 4, 3, 2]_1_2']
upper  40.0
lower  20.0
1.0
False
upper bound:40.0
lower bound:20.0
['bpc_15_[1, 0]_1_0']
upper  40.0
lower  20.0
['bpc_15_[1, 0]_1_0', 'bpc_15_[1, 2, 0]_1_0']
upper  40.0
lower  20.0
['bpc_15_[1, 0]_1_0', 'bpc_15_[1, 2, 0]_1_0', 'bpc_15_[1, 2, 3, 0]_1_0']
upper  40.0
lower  20.0
['bpc_15_[1, 0]_1_0', 'bpc_15_[1, 2, 0]_1_0', 'bpc_15_[1, 2, 3, 0]_1_0', 'bpc_15_[1, 2, 3, 4, 0]_1_0']
upper  40.0
lower  20.0
['bpc_15_[1, 0]_1_0', 'bpc_15_[1, 2, 0]_1_0', 'bpc_15_[1, 2, 3, 0]_1_0', 'bpc_15_[1, 2, 3, 4, 0]_1_0', 'bpc_15_[1, 2, 4, 0]_1_0']
upper  40.0
lower  20.0
1.0
False
upper bound:40.0
lower bound:20.0
['bpc_91_[1, 0, 2, 6]_1_6']
upper  40.0
lower  20.0
['bpc_91_[1, 0, 2, 6]_1_6', 'bpc_91_[1, 0, 3, 2, 6]_1_6']
upper  40.0
lower  20.0
['bpc_91_[1, 0, 2, 6]_1_6', 'bpc_91_[1, 0, 3, 2, 6]_1_6', 'bpc_91_[1, 0, 3, 4, 2, 6]_1_6']
upper  40.0
lower  20.0
['bpc_91_[1, 0, 2, 6]_1_6', 'bpc_91_[1, 0, 3, 2, 6]_1_6', 'bpc_91_[1, 0, 3, 4, 2, 6]_1_6', 'bpc_91_[1, 0, 4, 2, 6]_1_6']
upper  40.0
lower  20.0
['bpc_91_[1, 0, 2, 6]_1_6', 'bpc_91_[1, 0, 3, 2, 6]_1_6', 'bpc_91_[1, 0, 3, 4, 2, 6]_1_6', 'bpc_91_[1, 0, 4, 2, 6]_1_6', 'bpc_91_[1, 0, 4, 3, 2, 6]_1_6']
upper  40.0
lower  20.0
1.0
False
upper bound:40.0
lower bound:20.0
['bpc_129_[1, 0, 2, 3, 8]_1_8']
upper  40.0
lower  20.0
['bpc_129_[1, 0, 2, 3, 8]_1_8', 'bpc_129_[1, 0, 2, 4, 3, 8]_1_8']
upper  40.0
lower  20.0
['bpc_129_[1, 0, 2, 3, 8]_1_8', 'bpc_129_[1, 0, 2, 4, 3, 8]_1_8', 'bpc_129_[1, 0, 3, 8]_1_8']
upper  40.0
lower  20.0
['bpc_129_[1, 0, 2, 3, 8]_1_8', 'bpc_129_[1, 0, 2, 4, 3, 8]_1_8', 'bpc_129_[1, 0, 3, 8]_1_8', 'bpc_129_[1, 0, 4, 2, 3, 8]_1_8']
upper  40.0
lower  20.0
['bpc_129_[1, 0, 2, 3, 8]_1_8', 'bpc_129_[1, 0, 2, 4, 3, 8]_1_8', 'bpc_129_[1, 0, 3, 8]_1_8', 'bpc_129_[1, 0, 4, 2, 3, 8]_1_8', 'bpc_129_[1, 0, 4, 3, 8]_1_8']
upper  40.0
lower  20.0
1.0
False
upper bound:40.0
lower bound:20.0
['bpc_41_[1, 0, 2, 3, 8]_1_8']
upper  40.0
lower  20.0
['bpc_41_[1, 0, 2, 3, 8]_1_8', 'bpc_41_[1, 0, 2, 4, 3, 8]_1_8']
upper  40.0
lower  20.0
['bpc_41_[1, 0, 2, 3, 8]_1_8', 'bpc_41_[1, 0, 2, 4, 3, 8]_1_8', 'bpc_41_[1, 0, 3, 8]_1_8']
upper  40.0
lower  20.0
['bpc_41_[1, 0, 2, 3, 8]_1_8', 'bpc_41_[1, 0, 2, 4, 3, 8]_1_8', 'bpc_41_[1, 0, 3, 8]_1_8', 'bpc_41_[1, 0, 4, 2, 3, 8]_1_8']
upper  40.0
lower  20.0
['bpc_41_[1, 0, 2, 3, 8]_1_8', 'bpc_41_[1, 0, 2, 4, 3, 8]_1_8', 'bpc_41_[1, 0, 3, 8]_1_8', 'bpc_41_[1, 0, 4, 2, 3, 8]_1_8', 'bpc_41_[1, 0, 4, 3, 8]_1_8']
upper  40.0
lower  20.0
1.0
False
upper bound:40.0
lower bound:20.0
['bpc_196_[1, 0, 2, 3, 7]_1_7']
upper  40.0
lower  20.0
['bpc_196_[1, 0, 2, 3, 7]_1_7', 'bpc_196_[1, 0, 2, 4, 3, 7]_1_7']
upper  40.0
lower  20.0
['bpc_196_[1, 0, 2, 3, 7]_1_7', 'bpc_196_[1, 0, 2, 4, 3, 7]_1_7', 'bpc_196_[1, 0, 3, 7]_1_7']
upper  40.0
lower  20.0
['bpc_196_[1, 0, 2, 3, 7]_1_7', 'bpc_196_[1, 0, 2, 4, 3, 7]_1_7', 'bpc_196_[1, 0, 3, 7]_1_7', 'bpc_196_[1, 0, 4, 2, 3, 7]_1_7']
upper  40.0
lower  20.0
['bpc_196_[1, 0, 2, 3, 7]_1_7', 'bpc_196_[1, 0, 2, 4, 3, 7]_1_7', 'bpc_196_[1, 0, 3, 7]_1_7', 'bpc_196_[1, 0, 4, 2, 3, 7]_1_7', 'bpc_196_[1, 0, 4, 3, 7]_1_7']
upper  40.0
lower  20.0
1.0
False
upper bound:40.0
lower bound:20.0
['bpc_108_[1, 0, 2, 3, 7]_1_7']
upper  40.0
lower  20.0
['bpc_108_[1, 0, 2, 3, 7]_1_7', 'bpc_108_[1, 0, 2, 4, 3, 7]_1_7']
upper  40.0
lower  20.0
['bpc_108_[1, 0, 2, 3, 7]_1_7', 'bpc_108_[1, 0, 2, 4, 3, 7]_1_7', 'bpc_108_[1, 0, 3, 7]_1_7']
upper  40.0
lower  20.0
['bpc_108_[1, 0, 2, 3, 7]_1_7', 'bpc_108_[1, 0, 2, 4, 3, 7]_1_7', 'bpc_108_[1, 0, 3, 7]_1_7', 'bpc_108_[1, 0, 4, 2, 3, 7]_1_7']
upper  40.0
lower  20.0
['bpc_108_[1, 0, 2, 3, 7]_1_7', 'bpc_108_[1, 0, 2, 4, 3, 7]_1_7', 'bpc_108_[1, 0, 3, 7]_1_7', 'bpc_108_[1, 0, 4, 2, 3, 7]_1_7', 'bpc_108_[1, 0, 4, 3, 7]_1_7']
upper  40.0
lower  20.0
1.0
False
upper bound:40.0
lower bound:20.0
['bpc_7_[1, 0, 2, 5]_1_5']
upper  40.0
lower  20.0
['bpc_7_[1, 0, 2, 5]_1_5', 'bpc_7_[1, 0, 3, 2, 5]_1_5']
upper  40.0
lower  20.0
['bpc_7_[1, 0, 2, 5]_1_5', 'bpc_7_[1, 0, 3, 2, 5]_1_5', 'bpc_7_[1, 0, 3, 4, 2, 5]_1_5']
upper  40.0
lower  20.0
['bpc_7_[1, 0, 2, 5]_1_5', 'bpc_7_[1, 0, 3, 2, 5]_1_5', 'bpc_7_[1, 0, 3, 4, 2, 5]_1_5', 'bpc_7_[1, 0, 4, 2, 5]_1_5']
upper  40.0
lower  20.0
['bpc_7_[1, 0, 2, 5]_1_5', 'bpc_7_[1, 0, 3, 2, 5]_1_5', 'bpc_7_[1, 0, 3, 4, 2, 5]_1_5', 'bpc_7_[1, 0, 4, 2, 5]_1_5', 'bpc_7_[1, 0, 4, 3, 2, 5]_1_5']
upper  40.0
lower  20.0
1.0
False
upper bound:40.0
lower bound:20.0
['bpc_146_[1, 0, 2, 3, 4, 9]_1_9']
upper  40.0
lower  20.0
['bpc_146_[1, 0, 2, 3, 4, 9]_1_9', 'bpc_146_[1, 0, 2, 4, 9]_1_9']
upper  40.0
lower  20.0
['bpc_146_[1, 0, 2, 3, 4, 9]_1_9', 'bpc_146_[1, 0, 2, 4, 9]_1_9', 'bpc_146_[1, 0, 3, 2, 4, 9]_1_9']
upper  40.0
lower  20.0
['bpc_146_[1, 0, 2, 3, 4, 9]_1_9', 'bpc_146_[1, 0, 2, 4, 9]_1_9', 'bpc_146_[1, 0, 3, 2, 4, 9]_1_9', 'bpc_146_[1, 0, 3, 4, 9]_1_9']
upper  40.0
lower  20.0
['bpc_146_[1, 0, 2, 3, 4, 9]_1_9', 'bpc_146_[1, 0, 2, 4, 9]_1_9', 'bpc_146_[1, 0, 3, 2, 4, 9]_1_9', 'bpc_146_[1, 0, 3, 4, 9]_1_9', 'bpc_146_[1, 0, 4, 9]_1_9']
upper  40.0
lower  20.0
1.0
False
upper bound:40.0
lower bound:20.0
['bpc_58_[1, 0, 2, 3, 4, 9]_1_9']
upper  40.0
lower  20.0
['bpc_58_[1, 0, 2, 3, 4, 9]_1_9', 'bpc_58_[1, 0, 2, 4, 9]_1_9']
upper  40.0
lower  20.0
['bpc_58_[1, 0, 2, 3, 4, 9]_1_9', 'bpc_58_[1, 0, 2, 4, 9]_1_9', 'bpc_58_[1, 0, 3, 2, 4, 9]_1_9']
upper  40.0
lower  20.0
['bpc_58_[1, 0, 2, 3, 4, 9]_1_9', 'bpc_58_[1, 0, 2, 4, 9]_1_9', 'bpc_58_[1, 0, 3, 2, 4, 9]_1_9', 'bpc_58_[1, 0, 3, 4, 9]_1_9']
upper  40.0
lower  20.0
['bpc_58_[1, 0, 2, 3, 4, 9]_1_9', 'bpc_58_[1, 0, 2, 4, 9]_1_9', 'bpc_58_[1, 0, 3, 2, 4, 9]_1_9', 'bpc_58_[1, 0, 3, 4, 9]_1_9', 'bpc_58_[1, 0, 4, 9]_1_9']
upper  40.0
lower  20.0
1.0
False
upper bound:40.0
lower bound:20.0
['bpc_213_[1, 0]_1_0']
upper  40.0
lower  20.0
['bpc_213_[1, 0]_1_0', 'bpc_213_[1, 2, 0]_1_0']
upper  40.0
lower  20.0
['bpc_213_[1, 0]_1_0', 'bpc_213_[1, 2, 0]_1_0', 'bpc_213_[1, 2, 3, 0]_1_0']
upper  40.0
lower  20.0
['bpc_213_[1, 0]_1_0', 'bpc_213_[1, 2, 0]_1_0', 'bpc_213_[1, 2, 3, 0]_1_0', 'bpc_213_[1, 2, 3, 4, 0]_1_0']
upper  40.0
lower  20.0
['bpc_213_[1, 0]_1_0', 'bpc_213_[1, 2, 0]_1_0', 'bpc_213_[1, 2, 3, 0]_1_0', 'bpc_213_[1, 2, 3, 4, 0]_1_0', 'bpc_213_[1, 2, 4, 0]_1_0']
upper  40.0
lower  20.0
1.0
False
upper bound:40.0
lower bound:20.0
['bpc_188_[1, 0, 2, 3, 4]_1_4']
upper  40.0
lower  20.0
['bpc_188_[1, 0, 2, 3, 4]_1_4', 'bpc_188_[1, 0, 2, 4]_1_4']
upper  40.0
lower  20.0
['bpc_188_[1, 0, 2, 3, 4]_1_4', 'bpc_188_[1, 0, 2, 4]_1_4', 'bpc_188_[1, 0, 3, 2, 4]_1_4']
upper  40.0
lower  20.0
['bpc_188_[1, 0, 2, 3, 4]_1_4', 'bpc_188_[1, 0, 2, 4]_1_4', 'bpc_188_[1, 0, 3, 2, 4]_1_4', 'bpc_188_[1, 0, 3, 4]_1_4']
upper  40.0
lower  20.0
['bpc_188_[1, 0, 2, 3, 4]_1_4', 'bpc_188_[1, 0, 2, 4]_1_4', 'bpc_188_[1, 0, 3, 2, 4]_1_4', 'bpc_188_[1, 0, 3, 4]_1_4', 'bpc_188_[1, 0, 4]_1_4']
upper  40.0
lower  20.0
1.0
False
upper bound:40.0
lower bound:20.0
['bpc_125_[1, 0]_1_0']
upper  40.0
lower  20.0
['bpc_125_[1, 0]_1_0', 'bpc_125_[1, 2, 0]_1_0']
upper  40.0
lower  20.0
['bpc_125_[1, 0]_1_0', 'bpc_125_[1, 2, 0]_1_0', 'bpc_125_[1, 2, 3, 0]_1_0']
upper  40.0
lower  20.0
['bpc_125_[1, 0]_1_0', 'bpc_125_[1, 2, 0]_1_0', 'bpc_125_[1, 2, 3, 0]_1_0', 'bpc_125_[1, 2, 3, 4, 0]_1_0']
upper  40.0
lower  20.0
['bpc_125_[1, 0]_1_0', 'bpc_125_[1, 2, 0]_1_0', 'bpc_125_[1, 2, 3, 0]_1_0', 'bpc_125_[1, 2, 3, 4, 0]_1_0', 'bpc_125_[1, 2, 4, 0]_1_0']
upper  40.0
lower  20.0
1.0
False
upper bound:40.0
lower bound:20.0
['bpc_163_[1, 0, 2, 3, 4, 10]_1_10']
upper  40.0
lower  20.0
['bpc_163_[1, 0, 2, 3, 4, 10]_1_10', 'bpc_163_[1, 0, 2, 4, 10]_1_10']
upper  40.0
lower  20.0
['bpc_163_[1, 0, 2, 3, 4, 10]_1_10', 'bpc_163_[1, 0, 2, 4, 10]_1_10', 'bpc_163_[1, 0, 3, 2, 4, 10]_1_10']
upper  40.0
lower  20.0
['bpc_163_[1, 0, 2, 3, 4, 10]_1_10', 'bpc_163_[1, 0, 2, 4, 10]_1_10', 'bpc_163_[1, 0, 3, 2, 4, 10]_1_10', 'bpc_163_[1, 0, 3, 4, 10]_1_10']
upper  40.0
lower  20.0
['bpc_163_[1, 0, 2, 3, 4, 10]_1_10', 'bpc_163_[1, 0, 2, 4, 10]_1_10', 'bpc_163_[1, 0, 3, 2, 4, 10]_1_10', 'bpc_163_[1, 0, 3, 4, 10]_1_10', 'bpc_163_[1, 0, 4, 10]_1_10']
upper  40.0
lower  20.0
1.0
False
upper bound:40.0
lower bound:20.0
['bpc_100_[1, 0, 2, 3, 4]_1_4']
upper  40.0
lower  20.0
['bpc_100_[1, 0, 2, 3, 4]_1_4', 'bpc_100_[1, 0, 2, 4]_1_4']
upper  40.0
lower  20.0
['bpc_100_[1, 0, 2, 3, 4]_1_4', 'bpc_100_[1, 0, 2, 4]_1_4', 'bpc_100_[1, 0, 3, 2, 4]_1_4']
upper  40.0
lower  20.0
['bpc_100_[1, 0, 2, 3, 4]_1_4', 'bpc_100_[1, 0, 2, 4]_1_4', 'bpc_100_[1, 0, 3, 2, 4]_1_4', 'bpc_100_[1, 0, 3, 4]_1_4']
upper  40.0
lower  20.0
['bpc_100_[1, 0, 2, 3, 4]_1_4', 'bpc_100_[1, 0, 2, 4]_1_4', 'bpc_100_[1, 0, 3, 2, 4]_1_4', 'bpc_100_[1, 0, 3, 4]_1_4', 'bpc_100_[1, 0, 4]_1_4']
upper  40.0
lower  20.0
1.0
False
upper bound:40.0
lower bound:20.0
['bpc_138_[1, 0, 2]_1_2']
upper  40.0
lower  20.0
['bpc_138_[1, 0, 2]_1_2', 'bpc_138_[1, 0, 3, 2]_1_2']
upper  40.0
lower  20.0
['bpc_138_[1, 0, 2]_1_2', 'bpc_138_[1, 0, 3, 2]_1_2', 'bpc_138_[1, 0, 3, 4, 2]_1_2']
upper  40.0
lower  20.0
['bpc_138_[1, 0, 2]_1_2', 'bpc_138_[1, 0, 3, 2]_1_2', 'bpc_138_[1, 0, 3, 4, 2]_1_2', 'bpc_138_[1, 0, 4, 2]_1_2']
upper  40.0
lower  20.0
['bpc_138_[1, 0, 2]_1_2', 'bpc_138_[1, 0, 3, 2]_1_2', 'bpc_138_[1, 0, 3, 4, 2]_1_2', 'bpc_138_[1, 0, 4, 2]_1_2', 'bpc_138_[1, 0, 4, 3, 2]_1_2']
upper  40.0
lower  20.0
1.0
False
upper bound:40.0
lower bound:20.0
['bpc_75_[1, 0, 2, 3, 4, 10]_1_10']
upper  40.0
lower  20.0
['bpc_75_[1, 0, 2, 3, 4, 10]_1_10', 'bpc_75_[1, 0, 2, 4, 10]_1_10']
upper  40.0
lower  20.0
['bpc_75_[1, 0, 2, 3, 4, 10]_1_10', 'bpc_75_[1, 0, 2, 4, 10]_1_10', 'bpc_75_[1, 0, 3, 2, 4, 10]_1_10']
upper  40.0
lower  20.0
['bpc_75_[1, 0, 2, 3, 4, 10]_1_10', 'bpc_75_[1, 0, 2, 4, 10]_1_10', 'bpc_75_[1, 0, 3, 2, 4, 10]_1_10', 'bpc_75_[1, 0, 3, 4, 10]_1_10']
upper  40.0
lower  20.0
['bpc_75_[1, 0, 2, 3, 4, 10]_1_10', 'bpc_75_[1, 0, 2, 4, 10]_1_10', 'bpc_75_[1, 0, 3, 2, 4, 10]_1_10', 'bpc_75_[1, 0, 3, 4, 10]_1_10', 'bpc_75_[1, 0, 4, 10]_1_10']
upper  40.0
lower  20.0
1.0
False
upper bound:40.0
lower bound:20.0
['bpc_50_[1, 0, 2]_1_2']
upper  40.0
lower  20.0
['bpc_50_[1, 0, 2]_1_2', 'bpc_50_[1, 0, 3, 2]_1_2']
upper  40.0
lower  20.0
['bpc_50_[1, 0, 2]_1_2', 'bpc_50_[1, 0, 3, 2]_1_2', 'bpc_50_[1, 0, 3, 4, 2]_1_2']
upper  40.0
lower  20.0
['bpc_50_[1, 0, 2]_1_2', 'bpc_50_[1, 0, 3, 2]_1_2', 'bpc_50_[1, 0, 3, 4, 2]_1_2', 'bpc_50_[1, 0, 4, 2]_1_2']
upper  40.0
lower  20.0
['bpc_50_[1, 0, 2]_1_2', 'bpc_50_[1, 0, 3, 2]_1_2', 'bpc_50_[1, 0, 3, 4, 2]_1_2', 'bpc_50_[1, 0, 4, 2]_1_2', 'bpc_50_[1, 0, 4, 3, 2]_1_2']
upper  40.0
lower  20.0
1.0
False
upper bound:40.0
lower bound:20.0
['bpc_205_[1, 0, 2, 5]_1_5']
upper  40.0
lower  20.0
['bpc_205_[1, 0, 2, 5]_1_5', 'bpc_205_[1, 0, 3, 2, 5]_1_5']
upper  40.0
lower  20.0
['bpc_205_[1, 0, 2, 5]_1_5', 'bpc_205_[1, 0, 3, 2, 5]_1_5', 'bpc_205_[1, 0, 3, 4, 2, 5]_1_5']
upper  40.0
lower  20.0
['bpc_205_[1, 0, 2, 5]_1_5', 'bpc_205_[1, 0, 3, 2, 5]_1_5', 'bpc_205_[1, 0, 3, 4, 2, 5]_1_5', 'bpc_205_[1, 0, 4, 2, 5]_1_5']
upper  40.0
lower  20.0
['bpc_205_[1, 0, 2, 5]_1_5', 'bpc_205_[1, 0, 3, 2, 5]_1_5', 'bpc_205_[1, 0, 3, 4, 2, 5]_1_5', 'bpc_205_[1, 0, 4, 2, 5]_1_5', 'bpc_205_[1, 0, 4, 3, 2, 5]_1_5']
upper  40.0
lower  20.0
1.0
False
upper bound:40.0
lower bound:20.0
['bpc_25_[1, 0, 2, 6]_1_6']
upper  40.0
lower  20.0
['bpc_25_[1, 0, 2, 6]_1_6', 'bpc_25_[1, 0, 3, 2, 6]_1_6']
upper  40.0
lower  20.0
['bpc_25_[1, 0, 2, 6]_1_6', 'bpc_25_[1, 0, 3, 2, 6]_1_6', 'bpc_25_[1, 0, 3, 4, 2, 6]_1_6']
upper  40.0
lower  20.0
['bpc_25_[1, 0, 2, 6]_1_6', 'bpc_25_[1, 0, 3, 2, 6]_1_6', 'bpc_25_[1, 0, 3, 4, 2, 6]_1_6', 'bpc_25_[1, 0, 4, 2, 6]_1_6']
upper  40.0
lower  20.0
['bpc_25_[1, 0, 2, 6]_1_6', 'bpc_25_[1, 0, 3, 2, 6]_1_6', 'bpc_25_[1, 0, 3, 4, 2, 6]_1_6', 'bpc_25_[1, 0, 4, 2, 6]_1_6', 'bpc_25_[1, 0, 4, 3, 2, 6]_1_6']
upper  40.0
lower  20.0
1.0
False
upper bound:40.0
lower bound:20.0
['bpc_117_[1, 0, 2, 5]_1_5']
upper  40.0
lower  20.0
['bpc_117_[1, 0, 2, 5]_1_5', 'bpc_117_[1, 0, 3, 2, 5]_1_5']
upper  40.0
lower  20.0
['bpc_117_[1, 0, 2, 5]_1_5', 'bpc_117_[1, 0, 3, 2, 5]_1_5', 'bpc_117_[1, 0, 3, 4, 2, 5]_1_5']
upper  40.0
lower  20.0
['bpc_117_[1, 0, 2, 5]_1_5', 'bpc_117_[1, 0, 3, 2, 5]_1_5', 'bpc_117_[1, 0, 3, 4, 2, 5]_1_5', 'bpc_117_[1, 0, 4, 2, 5]_1_5']
upper  40.0
lower  20.0
['bpc_117_[1, 0, 2, 5]_1_5', 'bpc_117_[1, 0, 3, 2, 5]_1_5', 'bpc_117_[1, 0, 3, 4, 2, 5]_1_5', 'bpc_117_[1, 0, 4, 2, 5]_1_5', 'bpc_117_[1, 0, 4, 3, 2, 5]_1_5']
upper  40.0
lower  20.0
1.0
False
upper bound:40.0
lower bound:20.0
['bpc_155_[1, 0, 2, 3]_1_3']
upper  40.0
lower  20.0
['bpc_155_[1, 0, 2, 3]_1_3', 'bpc_155_[1, 0, 2, 4, 3]_1_3']
upper  40.0
lower  20.0
['bpc_155_[1, 0, 2, 3]_1_3', 'bpc_155_[1, 0, 2, 4, 3]_1_3', 'bpc_155_[1, 0, 3]_1_3']
upper  40.0
lower  20.0
['bpc_155_[1, 0, 2, 3]_1_3', 'bpc_155_[1, 0, 2, 4, 3]_1_3', 'bpc_155_[1, 0, 3]_1_3', 'bpc_155_[1, 0, 4, 2, 3]_1_3']
upper  40.0
lower  20.0
['bpc_155_[1, 0, 2, 3]_1_3', 'bpc_155_[1, 0, 2, 4, 3]_1_3', 'bpc_155_[1, 0, 3]_1_3', 'bpc_155_[1, 0, 4, 2, 3]_1_3', 'bpc_155_[1, 0, 4, 3]_1_3']
upper  40.0
lower  20.0
1.0
False
upper bound:40.0
lower bound:20.0
['bpc_130_[1, 0, 2, 3, 7]_1_7']
upper  40.0
lower  20.0
['bpc_130_[1, 0, 2, 3, 7]_1_7', 'bpc_130_[1, 0, 2, 4, 3, 7]_1_7']
upper  40.0
lower  20.0
['bpc_130_[1, 0, 2, 3, 7]_1_7', 'bpc_130_[1, 0, 2, 4, 3, 7]_1_7', 'bpc_130_[1, 0, 3, 7]_1_7']
upper  40.0
lower  20.0
['bpc_130_[1, 0, 2, 3, 7]_1_7', 'bpc_130_[1, 0, 2, 4, 3, 7]_1_7', 'bpc_130_[1, 0, 3, 7]_1_7', 'bpc_130_[1, 0, 4, 2, 3, 7]_1_7']
upper  40.0
lower  20.0
['bpc_130_[1, 0, 2, 3, 7]_1_7', 'bpc_130_[1, 0, 2, 4, 3, 7]_1_7', 'bpc_130_[1, 0, 3, 7]_1_7', 'bpc_130_[1, 0, 4, 2, 3, 7]_1_7', 'bpc_130_[1, 0, 4, 3, 7]_1_7']
upper  40.0
lower  20.0
1.0
False
upper bound:40.0
lower bound:20.0
['bpc_67_[1, 0, 2, 3]_1_3']
upper  40.0
lower  20.0
['bpc_67_[1, 0, 2, 3]_1_3', 'bpc_67_[1, 0, 2, 4, 3]_1_3']
upper  40.0
lower  20.0
['bpc_67_[1, 0, 2, 3]_1_3', 'bpc_67_[1, 0, 2, 4, 3]_1_3', 'bpc_67_[1, 0, 3]_1_3']
upper  40.0
lower  20.0
['bpc_67_[1, 0, 2, 3]_1_3', 'bpc_67_[1, 0, 2, 4, 3]_1_3', 'bpc_67_[1, 0, 3]_1_3', 'bpc_67_[1, 0, 4, 2, 3]_1_3']
upper  40.0
lower  20.0
['bpc_67_[1, 0, 2, 3]_1_3', 'bpc_67_[1, 0, 2, 4, 3]_1_3', 'bpc_67_[1, 0, 3]_1_3', 'bpc_67_[1, 0, 4, 2, 3]_1_3', 'bpc_67_[1, 0, 4, 3]_1_3']
upper  40.0
lower  20.0
1.0
False
upper bound:40.0
lower bound:20.0
['bpc_42_[1, 0, 2, 3, 7]_1_7']
upper  40.0
lower  20.0
['bpc_42_[1, 0, 2, 3, 7]_1_7', 'bpc_42_[1, 0, 2, 4, 3, 7]_1_7']
upper  40.0
lower  20.0
['bpc_42_[1, 0, 2, 3, 7]_1_7', 'bpc_42_[1, 0, 2, 4, 3, 7]_1_7', 'bpc_42_[1, 0, 3, 7]_1_7']
upper  40.0
lower  20.0
['bpc_42_[1, 0, 2, 3, 7]_1_7', 'bpc_42_[1, 0, 2, 4, 3, 7]_1_7', 'bpc_42_[1, 0, 3, 7]_1_7', 'bpc_42_[1, 0, 4, 2, 3, 7]_1_7']
upper  40.0
lower  20.0
['bpc_42_[1, 0, 2, 3, 7]_1_7', 'bpc_42_[1, 0, 2, 4, 3, 7]_1_7', 'bpc_42_[1, 0, 3, 7]_1_7', 'bpc_42_[1, 0, 4, 2, 3, 7]_1_7', 'bpc_42_[1, 0, 4, 3, 7]_1_7']
upper  40.0
lower  20.0
1.0
False
upper bound:40.0
lower bound:20.0
['bpc_147_[1, 0]_1_0']
upper  40.0
lower  20.0
['bpc_147_[1, 0]_1_0', 'bpc_147_[1, 2, 0]_1_0']
upper  40.0
lower  20.0
['bpc_147_[1, 0]_1_0', 'bpc_147_[1, 2, 0]_1_0', 'bpc_147_[1, 2, 3, 0]_1_0']
upper  40.0
lower  20.0
['bpc_147_[1, 0]_1_0', 'bpc_147_[1, 2, 0]_1_0', 'bpc_147_[1, 2, 3, 0]_1_0', 'bpc_147_[1, 2, 3, 4, 0]_1_0']
upper  40.0
lower  20.0
['bpc_147_[1, 0]_1_0', 'bpc_147_[1, 2, 0]_1_0', 'bpc_147_[1, 2, 3, 0]_1_0', 'bpc_147_[1, 2, 3, 4, 0]_1_0', 'bpc_147_[1, 2, 4, 0]_1_0']
upper  40.0
lower  20.0
1.0
False
upper bound:40.0
lower bound:20.0
['bpc_59_[1, 0]_1_0']
upper  40.0
lower  20.0
['bpc_59_[1, 0]_1_0', 'bpc_59_[1, 2, 0]_1_0']
upper  40.0
lower  20.0
['bpc_59_[1, 0]_1_0', 'bpc_59_[1, 2, 0]_1_0', 'bpc_59_[1, 2, 3, 0]_1_0']
upper  40.0
lower  20.0
['bpc_59_[1, 0]_1_0', 'bpc_59_[1, 2, 0]_1_0', 'bpc_59_[1, 2, 3, 0]_1_0', 'bpc_59_[1, 2, 3, 4, 0]_1_0']
upper  40.0
lower  20.0
['bpc_59_[1, 0]_1_0', 'bpc_59_[1, 2, 0]_1_0', 'bpc_59_[1, 2, 3, 0]_1_0', 'bpc_59_[1, 2, 3, 4, 0]_1_0', 'bpc_59_[1, 2, 4, 0]_1_0']
upper  40.0
lower  20.0
1.0
False
upper bound:40.0
lower bound:20.0
['bpc_34_[1, 0, 2, 3, 4]_1_4']
upper  40.0
lower  20.0
['bpc_34_[1, 0, 2, 3, 4]_1_4', 'bpc_34_[1, 0, 2, 4]_1_4']
upper  40.0
lower  20.0
['bpc_34_[1, 0, 2, 3, 4]_1_4', 'bpc_34_[1, 0, 2, 4]_1_4', 'bpc_34_[1, 0, 3, 2, 4]_1_4']
upper  40.0
lower  20.0
['bpc_34_[1, 0, 2, 3, 4]_1_4', 'bpc_34_[1, 0, 2, 4]_1_4', 'bpc_34_[1, 0, 3, 2, 4]_1_4', 'bpc_34_[1, 0, 3, 4]_1_4']
upper  40.0
lower  20.0
['bpc_34_[1, 0, 2, 3, 4]_1_4', 'bpc_34_[1, 0, 2, 4]_1_4', 'bpc_34_[1, 0, 3, 2, 4]_1_4', 'bpc_34_[1, 0, 3, 4]_1_4', 'bpc_34_[1, 0, 4]_1_4']
upper  40.0
lower  20.0
1.0
False
upper bound:40.0
lower bound:20.0
['bpc_9_[1, 0, 2, 3, 4, 10]_1_10']
upper  40.0
lower  20.0
['bpc_9_[1, 0, 2, 3, 4, 10]_1_10', 'bpc_9_[1, 0, 2, 4, 10]_1_10']
upper  40.0
lower  20.0
['bpc_9_[1, 0, 2, 3, 4, 10]_1_10', 'bpc_9_[1, 0, 2, 4, 10]_1_10', 'bpc_9_[1, 0, 3, 2, 4, 10]_1_10']
upper  40.0
lower  20.0
['bpc_9_[1, 0, 2, 3, 4, 10]_1_10', 'bpc_9_[1, 0, 2, 4, 10]_1_10', 'bpc_9_[1, 0, 3, 2, 4, 10]_1_10', 'bpc_9_[1, 0, 3, 4, 10]_1_10']
upper  40.0
lower  20.0
['bpc_9_[1, 0, 2, 3, 4, 10]_1_10', 'bpc_9_[1, 0, 2, 4, 10]_1_10', 'bpc_9_[1, 0, 3, 2, 4, 10]_1_10', 'bpc_9_[1, 0, 3, 4, 10]_1_10', 'bpc_9_[1, 0, 4, 10]_1_10']
upper  40.0
lower  20.0
1.0
False
upper bound:40.0
lower bound:20.0
['bpc_164_[1, 0, 1]_1_1']
upper  40.0
lower  20.0
['bpc_164_[1, 0, 1]_1_1', 'bpc_164_[1, 0, 2, 1]_1_1']
upper  40.0
lower  20.0
['bpc_164_[1, 0, 1]_1_1', 'bpc_164_[1, 0, 2, 1]_1_1', 'bpc_164_[1, 0, 2, 3, 1]_1_1']
upper  40.0
lower  20.0
['bpc_164_[1, 0, 1]_1_1', 'bpc_164_[1, 0, 2, 1]_1_1', 'bpc_164_[1, 0, 2, 3, 1]_1_1', 'bpc_164_[1, 0, 2, 3, 4, 1]_1_1']
upper  40.0
lower  20.0
['bpc_164_[1, 0, 1]_1_1', 'bpc_164_[1, 0, 2, 1]_1_1', 'bpc_164_[1, 0, 2, 3, 1]_1_1', 'bpc_164_[1, 0, 2, 3, 4, 1]_1_1', 'bpc_164_[1, 0, 2, 4, 1]_1_1']
upper  40.0
lower  20.0
1.0
False
upper bound:40.0
lower bound:20.0
['bpc_139_[1, 0, 2, 5]_1_5']
upper  40.0
lower  20.0
['bpc_139_[1, 0, 2, 5]_1_5', 'bpc_139_[1, 0, 3, 2, 5]_1_5']
upper  40.0
lower  20.0
['bpc_139_[1, 0, 2, 5]_1_5', 'bpc_139_[1, 0, 3, 2, 5]_1_5', 'bpc_139_[1, 0, 3, 4, 2, 5]_1_5']
upper  40.0
lower  20.0
['bpc_139_[1, 0, 2, 5]_1_5', 'bpc_139_[1, 0, 3, 2, 5]_1_5', 'bpc_139_[1, 0, 3, 4, 2, 5]_1_5', 'bpc_139_[1, 0, 4, 2, 5]_1_5']
upper  40.0
lower  20.0
['bpc_139_[1, 0, 2, 5]_1_5', 'bpc_139_[1, 0, 3, 2, 5]_1_5', 'bpc_139_[1, 0, 3, 4, 2, 5]_1_5', 'bpc_139_[1, 0, 4, 2, 5]_1_5', 'bpc_139_[1, 0, 4, 3, 2, 5]_1_5']
upper  40.0
lower  20.0
1.0
False
upper bound:40.0
lower bound:20.0
['bpc_76_[1, 0, 1]_1_1']
upper  40.0
lower  20.0
['bpc_76_[1, 0, 1]_1_1', 'bpc_76_[1, 0, 2, 1]_1_1']
upper  40.0
lower  20.0
['bpc_76_[1, 0, 1]_1_1', 'bpc_76_[1, 0, 2, 1]_1_1', 'bpc_76_[1, 0, 2, 3, 1]_1_1']
upper  40.0
lower  20.0
['bpc_76_[1, 0, 1]_1_1', 'bpc_76_[1, 0, 2, 1]_1_1', 'bpc_76_[1, 0, 2, 3, 1]_1_1', 'bpc_76_[1, 0, 2, 3, 4, 1]_1_1']
upper  40.0
lower  20.0
['bpc_76_[1, 0, 1]_1_1', 'bpc_76_[1, 0, 2, 1]_1_1', 'bpc_76_[1, 0, 2, 3, 1]_1_1', 'bpc_76_[1, 0, 2, 3, 4, 1]_1_1', 'bpc_76_[1, 0, 2, 4, 1]_1_1']
upper  40.0
lower  20.0
1.0
False
upper bound:40.0
lower bound:20.0
['bpc_51_[1, 0, 2, 5]_1_5']
upper  40.0
lower  20.0
['bpc_51_[1, 0, 2, 5]_1_5', 'bpc_51_[1, 0, 3, 2, 5]_1_5']
upper  40.0
lower  20.0
['bpc_51_[1, 0, 2, 5]_1_5', 'bpc_51_[1, 0, 3, 2, 5]_1_5', 'bpc_51_[1, 0, 3, 4, 2, 5]_1_5']
upper  40.0
lower  20.0
['bpc_51_[1, 0, 2, 5]_1_5', 'bpc_51_[1, 0, 3, 2, 5]_1_5', 'bpc_51_[1, 0, 3, 4, 2, 5]_1_5', 'bpc_51_[1, 0, 4, 2, 5]_1_5']
upper  40.0
lower  20.0
['bpc_51_[1, 0, 2, 5]_1_5', 'bpc_51_[1, 0, 3, 2, 5]_1_5', 'bpc_51_[1, 0, 3, 4, 2, 5]_1_5', 'bpc_51_[1, 0, 4, 2, 5]_1_5', 'bpc_51_[1, 0, 4, 3, 2, 5]_1_5']
upper  40.0
lower  20.0
1.0
False
upper bound:40.0
lower bound:20.0
['bpc_1_[1, 0, 2, 3]_1_3']
upper  40.0
lower  20.0
['bpc_1_[1, 0, 2, 3]_1_3', 'bpc_1_[1, 0, 2, 4, 3]_1_3']
upper  40.0
lower  20.0
['bpc_1_[1, 0, 2, 3]_1_3', 'bpc_1_[1, 0, 2, 4, 3]_1_3', 'bpc_1_[1, 0, 3]_1_3']
upper  40.0
lower  20.0
['bpc_1_[1, 0, 2, 3]_1_3', 'bpc_1_[1, 0, 2, 4, 3]_1_3', 'bpc_1_[1, 0, 3]_1_3', 'bpc_1_[1, 0, 4, 2, 3]_1_3']
upper  40.0
lower  20.0
['bpc_1_[1, 0, 2, 3]_1_3', 'bpc_1_[1, 0, 2, 4, 3]_1_3', 'bpc_1_[1, 0, 3]_1_3', 'bpc_1_[1, 0, 4, 2, 3]_1_3', 'bpc_1_[1, 0, 4, 3]_1_3']
upper  40.0
lower  20.0
1.0
False
upper bound:40.0
lower bound:20.0
['bpc_173_[1, 0, 2, 3, 8]_1_8']
upper  40.0
lower  20.0
['bpc_173_[1, 0, 2, 3, 8]_1_8', 'bpc_173_[1, 0, 2, 4, 3, 8]_1_8']
upper  40.0
lower  20.0
['bpc_173_[1, 0, 2, 3, 8]_1_8', 'bpc_173_[1, 0, 2, 4, 3, 8]_1_8', 'bpc_173_[1, 0, 3, 8]_1_8']
upper  40.0
lower  20.0
['bpc_173_[1, 0, 2, 3, 8]_1_8', 'bpc_173_[1, 0, 2, 4, 3, 8]_1_8', 'bpc_173_[1, 0, 3, 8]_1_8', 'bpc_173_[1, 0, 4, 2, 3, 8]_1_8']
upper  40.0
lower  20.0
['bpc_173_[1, 0, 2, 3, 8]_1_8', 'bpc_173_[1, 0, 2, 4, 3, 8]_1_8', 'bpc_173_[1, 0, 3, 8]_1_8', 'bpc_173_[1, 0, 4, 2, 3, 8]_1_8', 'bpc_173_[1, 0, 4, 3, 8]_1_8']
upper  40.0
lower  20.0
1.0
False
upper bound:40.0
lower bound:20.0
['bpc_85_[1, 0, 2, 3, 8]_1_8']
upper  40.0
lower  20.0
['bpc_85_[1, 0, 2, 3, 8]_1_8', 'bpc_85_[1, 0, 2, 4, 3, 8]_1_8']
upper  40.0
lower  20.0
['bpc_85_[1, 0, 2, 3, 8]_1_8', 'bpc_85_[1, 0, 2, 4, 3, 8]_1_8', 'bpc_85_[1, 0, 3, 8]_1_8']
upper  40.0
lower  20.0
['bpc_85_[1, 0, 2, 3, 8]_1_8', 'bpc_85_[1, 0, 2, 4, 3, 8]_1_8', 'bpc_85_[1, 0, 3, 8]_1_8', 'bpc_85_[1, 0, 4, 2, 3, 8]_1_8']
upper  40.0
lower  20.0
['bpc_85_[1, 0, 2, 3, 8]_1_8', 'bpc_85_[1, 0, 2, 4, 3, 8]_1_8', 'bpc_85_[1, 0, 3, 8]_1_8', 'bpc_85_[1, 0, 4, 2, 3, 8]_1_8', 'bpc_85_[1, 0, 4, 3, 8]_1_8']
upper  40.0
lower  20.0
1.0
False
upper bound:40.0
lower bound:20.0
['bpc_190_[1, 0, 2, 3, 4, 9]_1_9']
upper  40.0
lower  20.0
['bpc_190_[1, 0, 2, 3, 4, 9]_1_9', 'bpc_190_[1, 0, 2, 4, 9]_1_9']
upper  40.0
lower  20.0
['bpc_190_[1, 0, 2, 3, 4, 9]_1_9', 'bpc_190_[1, 0, 2, 4, 9]_1_9', 'bpc_190_[1, 0, 3, 2, 4, 9]_1_9']
upper  40.0
lower  20.0
['bpc_190_[1, 0, 2, 3, 4, 9]_1_9', 'bpc_190_[1, 0, 2, 4, 9]_1_9', 'bpc_190_[1, 0, 3, 2, 4, 9]_1_9', 'bpc_190_[1, 0, 3, 4, 9]_1_9']
upper  40.0
lower  20.0
['bpc_190_[1, 0, 2, 3, 4, 9]_1_9', 'bpc_190_[1, 0, 2, 4, 9]_1_9', 'bpc_190_[1, 0, 3, 2, 4, 9]_1_9', 'bpc_190_[1, 0, 3, 4, 9]_1_9', 'bpc_190_[1, 0, 4, 9]_1_9']
upper  40.0
lower  20.0
1.0
False
upper bound:40.0
lower bound:20.0
['bpc_10_[1, 0, 1]_1_1']
upper  40.0
lower  20.0
['bpc_10_[1, 0, 1]_1_1', 'bpc_10_[1, 0, 2, 1]_1_1']
upper  40.0
lower  20.0
['bpc_10_[1, 0, 1]_1_1', 'bpc_10_[1, 0, 2, 1]_1_1', 'bpc_10_[1, 0, 2, 3, 1]_1_1']
upper  40.0
lower  20.0
['bpc_10_[1, 0, 1]_1_1', 'bpc_10_[1, 0, 2, 1]_1_1', 'bpc_10_[1, 0, 2, 3, 1]_1_1', 'bpc_10_[1, 0, 2, 3, 4, 1]_1_1']
upper  40.0
lower  20.0
['bpc_10_[1, 0, 1]_1_1', 'bpc_10_[1, 0, 2, 1]_1_1', 'bpc_10_[1, 0, 2, 3, 1]_1_1', 'bpc_10_[1, 0, 2, 3, 4, 1]_1_1', 'bpc_10_[1, 0, 2, 4, 1]_1_1']
upper  40.0
lower  20.0
1.0
False
upper bound:40.0
lower bound:20.0
['bpc_102_[1, 0, 2, 3, 4, 9]_1_9']
upper  40.0
lower  20.0
['bpc_102_[1, 0, 2, 3, 4, 9]_1_9', 'bpc_102_[1, 0, 2, 4, 9]_1_9']
upper  40.0
lower  20.0
['bpc_102_[1, 0, 2, 3, 4, 9]_1_9', 'bpc_102_[1, 0, 2, 4, 9]_1_9', 'bpc_102_[1, 0, 3, 2, 4, 9]_1_9']
upper  40.0
lower  20.0
['bpc_102_[1, 0, 2, 3, 4, 9]_1_9', 'bpc_102_[1, 0, 2, 4, 9]_1_9', 'bpc_102_[1, 0, 3, 2, 4, 9]_1_9', 'bpc_102_[1, 0, 3, 4, 9]_1_9']
upper  40.0
lower  20.0
['bpc_102_[1, 0, 2, 3, 4, 9]_1_9', 'bpc_102_[1, 0, 2, 4, 9]_1_9', 'bpc_102_[1, 0, 3, 2, 4, 9]_1_9', 'bpc_102_[1, 0, 3, 4, 9]_1_9', 'bpc_102_[1, 0, 4, 9]_1_9']
upper  40.0
lower  20.0
1.0
False
upper bound:40.0
lower bound:20.0
['bpc_207_[1, 0, 2, 3, 4, 10]_1_10']
upper  40.0
lower  20.0
['bpc_207_[1, 0, 2, 3, 4, 10]_1_10', 'bpc_207_[1, 0, 2, 4, 10]_1_10']
upper  40.0
lower  20.0
['bpc_207_[1, 0, 2, 3, 4, 10]_1_10', 'bpc_207_[1, 0, 2, 4, 10]_1_10', 'bpc_207_[1, 0, 3, 2, 4, 10]_1_10']
upper  40.0
lower  20.0
['bpc_207_[1, 0, 2, 3, 4, 10]_1_10', 'bpc_207_[1, 0, 2, 4, 10]_1_10', 'bpc_207_[1, 0, 3, 2, 4, 10]_1_10', 'bpc_207_[1, 0, 3, 4, 10]_1_10']
upper  40.0
lower  20.0
['bpc_207_[1, 0, 2, 3, 4, 10]_1_10', 'bpc_207_[1, 0, 2, 4, 10]_1_10', 'bpc_207_[1, 0, 3, 2, 4, 10]_1_10', 'bpc_207_[1, 0, 3, 4, 10]_1_10', 'bpc_207_[1, 0, 4, 10]_1_10']
upper  40.0
lower  20.0
1.0
False
upper bound:40.0
lower bound:20.0
['bpc_182_[1, 0, 2]_1_2']
upper  40.0
lower  20.0
['bpc_182_[1, 0, 2]_1_2', 'bpc_182_[1, 0, 3, 2]_1_2']
upper  40.0
lower  20.0
['bpc_182_[1, 0, 2]_1_2', 'bpc_182_[1, 0, 3, 2]_1_2', 'bpc_182_[1, 0, 3, 4, 2]_1_2']
upper  40.0
lower  20.0
['bpc_182_[1, 0, 2]_1_2', 'bpc_182_[1, 0, 3, 2]_1_2', 'bpc_182_[1, 0, 3, 4, 2]_1_2', 'bpc_182_[1, 0, 4, 2]_1_2']
upper  40.0
lower  20.0
['bpc_182_[1, 0, 2]_1_2', 'bpc_182_[1, 0, 3, 2]_1_2', 'bpc_182_[1, 0, 3, 4, 2]_1_2', 'bpc_182_[1, 0, 4, 2]_1_2', 'bpc_182_[1, 0, 4, 3, 2]_1_2']
upper  40.0
lower  20.0
1.0
False
upper bound:40.0
lower bound:20.0
['bpc_119_[1, 0, 2, 3, 4, 10]_1_10']
upper  40.0
lower  20.0
['bpc_119_[1, 0, 2, 3, 4, 10]_1_10', 'bpc_119_[1, 0, 2, 4, 10]_1_10']
upper  40.0
lower  20.0
['bpc_119_[1, 0, 2, 3, 4, 10]_1_10', 'bpc_119_[1, 0, 2, 4, 10]_1_10', 'bpc_119_[1, 0, 3, 2, 4, 10]_1_10']
upper  40.0
lower  20.0
['bpc_119_[1, 0, 2, 3, 4, 10]_1_10', 'bpc_119_[1, 0, 2, 4, 10]_1_10', 'bpc_119_[1, 0, 3, 2, 4, 10]_1_10', 'bpc_119_[1, 0, 3, 4, 10]_1_10']
upper  40.0
lower  20.0
['bpc_119_[1, 0, 2, 3, 4, 10]_1_10', 'bpc_119_[1, 0, 2, 4, 10]_1_10', 'bpc_119_[1, 0, 3, 2, 4, 10]_1_10', 'bpc_119_[1, 0, 3, 4, 10]_1_10', 'bpc_119_[1, 0, 4, 10]_1_10']
upper  40.0
lower  20.0
1.0
False
upper bound:40.0
lower bound:20.0
['bpc_157_[1, 0, 2, 6]_1_6']
upper  40.0
lower  20.0
['bpc_157_[1, 0, 2, 6]_1_6', 'bpc_157_[1, 0, 3, 2, 6]_1_6']
upper  40.0
lower  20.0
['bpc_157_[1, 0, 2, 6]_1_6', 'bpc_157_[1, 0, 3, 2, 6]_1_6', 'bpc_157_[1, 0, 3, 4, 2, 6]_1_6']
upper  40.0
lower  20.0
['bpc_157_[1, 0, 2, 6]_1_6', 'bpc_157_[1, 0, 3, 2, 6]_1_6', 'bpc_157_[1, 0, 3, 4, 2, 6]_1_6', 'bpc_157_[1, 0, 4, 2, 6]_1_6']
upper  40.0
lower  20.0
['bpc_157_[1, 0, 2, 6]_1_6', 'bpc_157_[1, 0, 3, 2, 6]_1_6', 'bpc_157_[1, 0, 3, 4, 2, 6]_1_6', 'bpc_157_[1, 0, 4, 2, 6]_1_6', 'bpc_157_[1, 0, 4, 3, 2, 6]_1_6']
upper  40.0
lower  20.0
1.0
False
upper bound:40.0
lower bound:20.0
['bpc_94_[1, 0, 2]_1_2']
upper  40.0
lower  20.0
['bpc_94_[1, 0, 2]_1_2', 'bpc_94_[1, 0, 3, 2]_1_2']
upper  40.0
lower  20.0
['bpc_94_[1, 0, 2]_1_2', 'bpc_94_[1, 0, 3, 2]_1_2', 'bpc_94_[1, 0, 3, 4, 2]_1_2']
upper  40.0
lower  20.0
['bpc_94_[1, 0, 2]_1_2', 'bpc_94_[1, 0, 3, 2]_1_2', 'bpc_94_[1, 0, 3, 4, 2]_1_2', 'bpc_94_[1, 0, 4, 2]_1_2']
upper  40.0
lower  20.0
['bpc_94_[1, 0, 2]_1_2', 'bpc_94_[1, 0, 3, 2]_1_2', 'bpc_94_[1, 0, 3, 4, 2]_1_2', 'bpc_94_[1, 0, 4, 2]_1_2', 'bpc_94_[1, 0, 4, 3, 2]_1_2']
upper  40.0
lower  20.0
1.0
False
upper bound:40.0
lower bound:20.0
['bpc_69_[1, 0, 2, 6]_1_6']
upper  40.0
lower  20.0
['bpc_69_[1, 0, 2, 6]_1_6', 'bpc_69_[1, 0, 3, 2, 6]_1_6']
upper  40.0
lower  20.0
['bpc_69_[1, 0, 2, 6]_1_6', 'bpc_69_[1, 0, 3, 2, 6]_1_6', 'bpc_69_[1, 0, 3, 4, 2, 6]_1_6']
upper  40.0
lower  20.0
['bpc_69_[1, 0, 2, 6]_1_6', 'bpc_69_[1, 0, 3, 2, 6]_1_6', 'bpc_69_[1, 0, 3, 4, 2, 6]_1_6', 'bpc_69_[1, 0, 4, 2, 6]_1_6']
upper  40.0
lower  20.0
['bpc_69_[1, 0, 2, 6]_1_6', 'bpc_69_[1, 0, 3, 2, 6]_1_6', 'bpc_69_[1, 0, 3, 4, 2, 6]_1_6', 'bpc_69_[1, 0, 4, 2, 6]_1_6', 'bpc_69_[1, 0, 4, 3, 2, 6]_1_6']
upper  40.0
lower  20.0
1.0
False
upper bound:40.0
lower bound:20.0
['bpc_208_[1, 0, 1]_1_1']
upper  40.0
lower  20.0
['bpc_208_[1, 0, 1]_1_1', 'bpc_208_[1, 0, 2, 1]_1_1']
upper  40.0
lower  20.0
['bpc_208_[1, 0, 1]_1_1', 'bpc_208_[1, 0, 2, 1]_1_1', 'bpc_208_[1, 0, 2, 3, 1]_1_1']
upper  40.0
lower  20.0
['bpc_208_[1, 0, 1]_1_1', 'bpc_208_[1, 0, 2, 1]_1_1', 'bpc_208_[1, 0, 2, 3, 1]_1_1', 'bpc_208_[1, 0, 2, 3, 4, 1]_1_1']
upper  40.0
lower  20.0
['bpc_208_[1, 0, 1]_1_1', 'bpc_208_[1, 0, 2, 1]_1_1', 'bpc_208_[1, 0, 2, 3, 1]_1_1', 'bpc_208_[1, 0, 2, 3, 4, 1]_1_1', 'bpc_208_[1, 0, 2, 4, 1]_1_1']
upper  40.0
lower  20.0
1.0
False
upper bound:40.0
lower bound:20.0
['bpc_199_[1, 0, 2, 3]_1_3']
upper  40.0
lower  20.0
['bpc_199_[1, 0, 2, 3]_1_3', 'bpc_199_[1, 0, 2, 4, 3]_1_3']
upper  40.0
lower  20.0
['bpc_199_[1, 0, 2, 3]_1_3', 'bpc_199_[1, 0, 2, 4, 3]_1_3', 'bpc_199_[1, 0, 3]_1_3']
upper  40.0
lower  20.0
['bpc_199_[1, 0, 2, 3]_1_3', 'bpc_199_[1, 0, 2, 4, 3]_1_3', 'bpc_199_[1, 0, 3]_1_3', 'bpc_199_[1, 0, 4, 2, 3]_1_3']
upper  40.0
lower  20.0
['bpc_199_[1, 0, 2, 3]_1_3', 'bpc_199_[1, 0, 2, 4, 3]_1_3', 'bpc_199_[1, 0, 3]_1_3', 'bpc_199_[1, 0, 4, 2, 3]_1_3', 'bpc_199_[1, 0, 4, 3]_1_3']
upper  40.0
lower  20.0
1.0
False
upper bound:40.0
lower bound:20.0
['bpc_120_[1, 0, 1]_1_1']
upper  40.0
lower  20.0
['bpc_120_[1, 0, 1]_1_1', 'bpc_120_[1, 0, 2, 1]_1_1']
upper  40.0
lower  20.0
['bpc_120_[1, 0, 1]_1_1', 'bpc_120_[1, 0, 2, 1]_1_1', 'bpc_120_[1, 0, 2, 3, 1]_1_1']
upper  40.0
lower  20.0
['bpc_120_[1, 0, 1]_1_1', 'bpc_120_[1, 0, 2, 1]_1_1', 'bpc_120_[1, 0, 2, 3, 1]_1_1', 'bpc_120_[1, 0, 2, 3, 4, 1]_1_1']
upper  40.0
lower  20.0
['bpc_120_[1, 0, 1]_1_1', 'bpc_120_[1, 0, 2, 1]_1_1', 'bpc_120_[1, 0, 2, 3, 1]_1_1', 'bpc_120_[1, 0, 2, 3, 4, 1]_1_1', 'bpc_120_[1, 0, 2, 4, 1]_1_1']
upper  40.0
lower  20.0
1.0
False
upper bound:40.0
lower bound:20.0
['bpc_19_[1, 0, 2, 3, 8]_1_8']
upper  40.0
lower  20.0
['bpc_19_[1, 0, 2, 3, 8]_1_8', 'bpc_19_[1, 0, 2, 4, 3, 8]_1_8']
upper  40.0
lower  20.0
['bpc_19_[1, 0, 2, 3, 8]_1_8', 'bpc_19_[1, 0, 2, 4, 3, 8]_1_8', 'bpc_19_[1, 0, 3, 8]_1_8']
upper  40.0
lower  20.0
['bpc_19_[1, 0, 2, 3, 8]_1_8', 'bpc_19_[1, 0, 2, 4, 3, 8]_1_8', 'bpc_19_[1, 0, 3, 8]_1_8', 'bpc_19_[1, 0, 4, 2, 3, 8]_1_8']
upper  40.0
lower  20.0
['bpc_19_[1, 0, 2, 3, 8]_1_8', 'bpc_19_[1, 0, 2, 4, 3, 8]_1_8', 'bpc_19_[1, 0, 3, 8]_1_8', 'bpc_19_[1, 0, 4, 2, 3, 8]_1_8', 'bpc_19_[1, 0, 4, 3, 8]_1_8']
upper  40.0
lower  20.0
1.0
False
upper bound:40.0
lower bound:20.0
['bpc_174_[1, 0, 2, 3, 7]_1_7']
upper  40.0
lower  20.0
['bpc_174_[1, 0, 2, 3, 7]_1_7', 'bpc_174_[1, 0, 2, 4, 3, 7]_1_7']
upper  40.0
lower  20.0
['bpc_174_[1, 0, 2, 3, 7]_1_7', 'bpc_174_[1, 0, 2, 4, 3, 7]_1_7', 'bpc_174_[1, 0, 3, 7]_1_7']
upper  40.0
lower  20.0
['bpc_174_[1, 0, 2, 3, 7]_1_7', 'bpc_174_[1, 0, 2, 4, 3, 7]_1_7', 'bpc_174_[1, 0, 3, 7]_1_7', 'bpc_174_[1, 0, 4, 2, 3, 7]_1_7']
upper  40.0
lower  20.0
['bpc_174_[1, 0, 2, 3, 7]_1_7', 'bpc_174_[1, 0, 2, 4, 3, 7]_1_7', 'bpc_174_[1, 0, 3, 7]_1_7', 'bpc_174_[1, 0, 4, 2, 3, 7]_1_7', 'bpc_174_[1, 0, 4, 3, 7]_1_7']
upper  40.0
lower  20.0
1.0
False
upper bound:40.0
lower bound:20.0
['bpc_111_[1, 0, 2, 3]_1_3']
upper  40.0
lower  20.0
['bpc_111_[1, 0, 2, 3]_1_3', 'bpc_111_[1, 0, 2, 4, 3]_1_3']
upper  40.0
lower  20.0
['bpc_111_[1, 0, 2, 3]_1_3', 'bpc_111_[1, 0, 2, 4, 3]_1_3', 'bpc_111_[1, 0, 3]_1_3']
upper  40.0
lower  20.0
['bpc_111_[1, 0, 2, 3]_1_3', 'bpc_111_[1, 0, 2, 4, 3]_1_3', 'bpc_111_[1, 0, 3]_1_3', 'bpc_111_[1, 0, 4, 2, 3]_1_3']
upper  40.0
lower  20.0
['bpc_111_[1, 0, 2, 3]_1_3', 'bpc_111_[1, 0, 2, 4, 3]_1_3', 'bpc_111_[1, 0, 3]_1_3', 'bpc_111_[1, 0, 4, 2, 3]_1_3', 'bpc_111_[1, 0, 4, 3]_1_3']
upper  40.0
lower  20.0
1.0
False
upper bound:40.0
lower bound:20.0
['bpc_86_[1, 0, 2, 3, 7]_1_7']
upper  40.0
lower  20.0
['bpc_86_[1, 0, 2, 3, 7]_1_7', 'bpc_86_[1, 0, 2, 4, 3, 7]_1_7']
upper  40.0
lower  20.0
['bpc_86_[1, 0, 2, 3, 7]_1_7', 'bpc_86_[1, 0, 2, 4, 3, 7]_1_7', 'bpc_86_[1, 0, 3, 7]_1_7']
upper  40.0
lower  20.0
['bpc_86_[1, 0, 2, 3, 7]_1_7', 'bpc_86_[1, 0, 2, 4, 3, 7]_1_7', 'bpc_86_[1, 0, 3, 7]_1_7', 'bpc_86_[1, 0, 4, 2, 3, 7]_1_7']
upper  40.0
lower  20.0
['bpc_86_[1, 0, 2, 3, 7]_1_7', 'bpc_86_[1, 0, 2, 4, 3, 7]_1_7', 'bpc_86_[1, 0, 3, 7]_1_7', 'bpc_86_[1, 0, 4, 2, 3, 7]_1_7', 'bpc_86_[1, 0, 4, 3, 7]_1_7']
upper  40.0
lower  20.0
1.0
False
upper bound:40.0
lower bound:20.0
['bpc_36_[1, 0, 2, 3, 4, 9]_1_9']
upper  40.0
lower  20.0
['bpc_36_[1, 0, 2, 3, 4, 9]_1_9', 'bpc_36_[1, 0, 2, 4, 9]_1_9']
upper  40.0
lower  20.0
['bpc_36_[1, 0, 2, 3, 4, 9]_1_9', 'bpc_36_[1, 0, 2, 4, 9]_1_9', 'bpc_36_[1, 0, 3, 2, 4, 9]_1_9']
upper  40.0
lower  20.0
['bpc_36_[1, 0, 2, 3, 4, 9]_1_9', 'bpc_36_[1, 0, 2, 4, 9]_1_9', 'bpc_36_[1, 0, 3, 2, 4, 9]_1_9', 'bpc_36_[1, 0, 3, 4, 9]_1_9']
upper  40.0
lower  20.0
['bpc_36_[1, 0, 2, 3, 4, 9]_1_9', 'bpc_36_[1, 0, 2, 4, 9]_1_9', 'bpc_36_[1, 0, 3, 2, 4, 9]_1_9', 'bpc_36_[1, 0, 3, 4, 9]_1_9', 'bpc_36_[1, 0, 4, 9]_1_9']
upper  40.0
lower  20.0
1.0
False
upper bound:40.0
lower bound:20.0
['bpc_191_[1, 0]_1_0']
upper  40.0
lower  20.0
['bpc_191_[1, 0]_1_0', 'bpc_191_[1, 2, 0]_1_0']
upper  40.0
lower  20.0
['bpc_191_[1, 0]_1_0', 'bpc_191_[1, 2, 0]_1_0', 'bpc_191_[1, 2, 3, 0]_1_0']
upper  40.0
lower  20.0
['bpc_191_[1, 0]_1_0', 'bpc_191_[1, 2, 0]_1_0', 'bpc_191_[1, 2, 3, 0]_1_0', 'bpc_191_[1, 2, 3, 4, 0]_1_0']
upper  40.0
lower  20.0
['bpc_191_[1, 0]_1_0', 'bpc_191_[1, 2, 0]_1_0', 'bpc_191_[1, 2, 3, 0]_1_0', 'bpc_191_[1, 2, 3, 4, 0]_1_0', 'bpc_191_[1, 2, 4, 0]_1_0']
upper  40.0
lower  20.0
1.0
False
upper bound:40.0
lower bound:20.0
['bpc_166_[1, 0, 2, 3, 4]_1_4']
upper  40.0
lower  20.0
['bpc_166_[1, 0, 2, 3, 4]_1_4', 'bpc_166_[1, 0, 2, 4]_1_4']
upper  40.0
lower  20.0
['bpc_166_[1, 0, 2, 3, 4]_1_4', 'bpc_166_[1, 0, 2, 4]_1_4', 'bpc_166_[1, 0, 3, 2, 4]_1_4']
upper  40.0
lower  20.0
['bpc_166_[1, 0, 2, 3, 4]_1_4', 'bpc_166_[1, 0, 2, 4]_1_4', 'bpc_166_[1, 0, 3, 2, 4]_1_4', 'bpc_166_[1, 0, 3, 4]_1_4']
upper  40.0
lower  20.0
['bpc_166_[1, 0, 2, 3, 4]_1_4', 'bpc_166_[1, 0, 2, 4]_1_4', 'bpc_166_[1, 0, 3, 2, 4]_1_4', 'bpc_166_[1, 0, 3, 4]_1_4', 'bpc_166_[1, 0, 4]_1_4']
upper  40.0
lower  20.0
1.0
False
upper bound:40.0
lower bound:20.0
['bpc_103_[1, 0]_1_0']
upper  40.0
lower  20.0
['bpc_103_[1, 0]_1_0', 'bpc_103_[1, 2, 0]_1_0']
upper  40.0
lower  20.0
['bpc_103_[1, 0]_1_0', 'bpc_103_[1, 2, 0]_1_0', 'bpc_103_[1, 2, 3, 0]_1_0']
upper  40.0
lower  20.0
['bpc_103_[1, 0]_1_0', 'bpc_103_[1, 2, 0]_1_0', 'bpc_103_[1, 2, 3, 0]_1_0', 'bpc_103_[1, 2, 3, 4, 0]_1_0']
upper  40.0
lower  20.0
['bpc_103_[1, 0]_1_0', 'bpc_103_[1, 2, 0]_1_0', 'bpc_103_[1, 2, 3, 0]_1_0', 'bpc_103_[1, 2, 3, 4, 0]_1_0', 'bpc_103_[1, 2, 4, 0]_1_0']
upper  40.0
lower  20.0
1.0
False
upper bound:40.0
lower bound:20.0
['bpc_141_[1, 0, 2, 3, 4, 10]_1_10']
upper  40.0
lower  20.0
['bpc_141_[1, 0, 2, 3, 4, 10]_1_10', 'bpc_141_[1, 0, 2, 4, 10]_1_10']
upper  40.0
lower  20.0
['bpc_141_[1, 0, 2, 3, 4, 10]_1_10', 'bpc_141_[1, 0, 2, 4, 10]_1_10', 'bpc_141_[1, 0, 3, 2, 4, 10]_1_10']
upper  40.0
lower  20.0
['bpc_141_[1, 0, 2, 3, 4, 10]_1_10', 'bpc_141_[1, 0, 2, 4, 10]_1_10', 'bpc_141_[1, 0, 3, 2, 4, 10]_1_10', 'bpc_141_[1, 0, 3, 4, 10]_1_10']
upper  40.0
lower  20.0
['bpc_141_[1, 0, 2, 3, 4, 10]_1_10', 'bpc_141_[1, 0, 2, 4, 10]_1_10', 'bpc_141_[1, 0, 3, 2, 4, 10]_1_10', 'bpc_141_[1, 0, 3, 4, 10]_1_10', 'bpc_141_[1, 0, 4, 10]_1_10']
upper  40.0
lower  20.0
1.0
False
upper bound:40.0
lower bound:20.0
['bpc_78_[1, 0, 2, 3, 4]_1_4']
upper  40.0
lower  20.0
['bpc_78_[1, 0, 2, 3, 4]_1_4', 'bpc_78_[1, 0, 2, 4]_1_4']
upper  40.0
lower  20.0
['bpc_78_[1, 0, 2, 3, 4]_1_4', 'bpc_78_[1, 0, 2, 4]_1_4', 'bpc_78_[1, 0, 3, 2, 4]_1_4']
upper  40.0
lower  20.0
['bpc_78_[1, 0, 2, 3, 4]_1_4', 'bpc_78_[1, 0, 2, 4]_1_4', 'bpc_78_[1, 0, 3, 2, 4]_1_4', 'bpc_78_[1, 0, 3, 4]_1_4']
upper  40.0
lower  20.0
['bpc_78_[1, 0, 2, 3, 4]_1_4', 'bpc_78_[1, 0, 2, 4]_1_4', 'bpc_78_[1, 0, 3, 2, 4]_1_4', 'bpc_78_[1, 0, 3, 4]_1_4', 'bpc_78_[1, 0, 4]_1_4']
upper  40.0
lower  20.0
1.0
False
upper bound:40.0
lower bound:20.0
['bpc_217_[1, 0, 2, 3, 8]_1_8']
upper  40.0
lower  20.0
['bpc_217_[1, 0, 2, 3, 8]_1_8', 'bpc_217_[1, 0, 2, 4, 3, 8]_1_8']
upper  40.0
lower  20.0
['bpc_217_[1, 0, 2, 3, 8]_1_8', 'bpc_217_[1, 0, 2, 4, 3, 8]_1_8', 'bpc_217_[1, 0, 3, 8]_1_8']
upper  40.0
lower  20.0
['bpc_217_[1, 0, 2, 3, 8]_1_8', 'bpc_217_[1, 0, 2, 4, 3, 8]_1_8', 'bpc_217_[1, 0, 3, 8]_1_8', 'bpc_217_[1, 0, 4, 2, 3, 8]_1_8']
upper  40.0
lower  20.0
['bpc_217_[1, 0, 2, 3, 8]_1_8', 'bpc_217_[1, 0, 2, 4, 3, 8]_1_8', 'bpc_217_[1, 0, 3, 8]_1_8', 'bpc_217_[1, 0, 4, 2, 3, 8]_1_8', 'bpc_217_[1, 0, 4, 3, 8]_1_8']
upper  40.0
lower  20.0
1.0
False
upper bound:40.0
lower bound:20.0
['bpc_53_[1, 0, 2, 3, 4, 10]_1_10']
upper  40.0
lower  20.0
['bpc_53_[1, 0, 2, 3, 4, 10]_1_10', 'bpc_53_[1, 0, 2, 4, 10]_1_10']
upper  40.0
lower  20.0
['bpc_53_[1, 0, 2, 3, 4, 10]_1_10', 'bpc_53_[1, 0, 2, 4, 10]_1_10', 'bpc_53_[1, 0, 3, 2, 4, 10]_1_10']
upper  40.0
lower  20.0
['bpc_53_[1, 0, 2, 3, 4, 10]_1_10', 'bpc_53_[1, 0, 2, 4, 10]_1_10', 'bpc_53_[1, 0, 3, 2, 4, 10]_1_10', 'bpc_53_[1, 0, 3, 4, 10]_1_10']
upper  40.0
lower  20.0
['bpc_53_[1, 0, 2, 3, 4, 10]_1_10', 'bpc_53_[1, 0, 2, 4, 10]_1_10', 'bpc_53_[1, 0, 3, 2, 4, 10]_1_10', 'bpc_53_[1, 0, 3, 4, 10]_1_10', 'bpc_53_[1, 0, 4, 10]_1_10']
upper  40.0
lower  20.0
1.0
False
upper bound:40.0
lower bound:20.0
['bpc_28_[1, 0, 2]_1_2']
upper  40.0
lower  20.0
['bpc_28_[1, 0, 2]_1_2', 'bpc_28_[1, 0, 3, 2]_1_2']
upper  40.0
lower  20.0
['bpc_28_[1, 0, 2]_1_2', 'bpc_28_[1, 0, 3, 2]_1_2', 'bpc_28_[1, 0, 3, 4, 2]_1_2']
upper  40.0
lower  20.0
['bpc_28_[1, 0, 2]_1_2', 'bpc_28_[1, 0, 3, 2]_1_2', 'bpc_28_[1, 0, 3, 4, 2]_1_2', 'bpc_28_[1, 0, 4, 2]_1_2']
upper  40.0
lower  20.0
['bpc_28_[1, 0, 2]_1_2', 'bpc_28_[1, 0, 3, 2]_1_2', 'bpc_28_[1, 0, 3, 4, 2]_1_2', 'bpc_28_[1, 0, 4, 2]_1_2', 'bpc_28_[1, 0, 4, 3, 2]_1_2']
upper  40.0
lower  20.0
1.0
False
upper bound:40.0
lower bound:20.0
['bpc_183_[1, 0, 2, 5]_1_5']
upper  40.0
lower  20.0
['bpc_183_[1, 0, 2, 5]_1_5', 'bpc_183_[1, 0, 3, 2, 5]_1_5']
upper  40.0
lower  20.0
['bpc_183_[1, 0, 2, 5]_1_5', 'bpc_183_[1, 0, 3, 2, 5]_1_5', 'bpc_183_[1, 0, 3, 4, 2, 5]_1_5']
upper  40.0
lower  20.0
['bpc_183_[1, 0, 2, 5]_1_5', 'bpc_183_[1, 0, 3, 2, 5]_1_5', 'bpc_183_[1, 0, 3, 4, 2, 5]_1_5', 'bpc_183_[1, 0, 4, 2, 5]_1_5']
upper  40.0
lower  20.0
['bpc_183_[1, 0, 2, 5]_1_5', 'bpc_183_[1, 0, 3, 2, 5]_1_5', 'bpc_183_[1, 0, 3, 4, 2, 5]_1_5', 'bpc_183_[1, 0, 4, 2, 5]_1_5', 'bpc_183_[1, 0, 4, 3, 2, 5]_1_5']
upper  40.0
lower  20.0
1.0
False
upper bound:40.0
lower bound:20.0
['bpc_3_[1, 0, 2, 6]_1_6']
upper  40.0
lower  20.0
['bpc_3_[1, 0, 2, 6]_1_6', 'bpc_3_[1, 0, 3, 2, 6]_1_6']
upper  40.0
lower  20.0
['bpc_3_[1, 0, 2, 6]_1_6', 'bpc_3_[1, 0, 3, 2, 6]_1_6', 'bpc_3_[1, 0, 3, 4, 2, 6]_1_6']
upper  40.0
lower  20.0
['bpc_3_[1, 0, 2, 6]_1_6', 'bpc_3_[1, 0, 3, 2, 6]_1_6', 'bpc_3_[1, 0, 3, 4, 2, 6]_1_6', 'bpc_3_[1, 0, 4, 2, 6]_1_6']
upper  40.0
lower  20.0
['bpc_3_[1, 0, 2, 6]_1_6', 'bpc_3_[1, 0, 3, 2, 6]_1_6', 'bpc_3_[1, 0, 3, 4, 2, 6]_1_6', 'bpc_3_[1, 0, 4, 2, 6]_1_6', 'bpc_3_[1, 0, 4, 3, 2, 6]_1_6']
upper  40.0
lower  20.0
1.0
False
upper bound:40.0
lower bound:20.0
['bpc_95_[1, 0, 2, 5]_1_5']
upper  40.0
lower  20.0
['bpc_95_[1, 0, 2, 5]_1_5', 'bpc_95_[1, 0, 3, 2, 5]_1_5']
upper  40.0
lower  20.0
['bpc_95_[1, 0, 2, 5]_1_5', 'bpc_95_[1, 0, 3, 2, 5]_1_5', 'bpc_95_[1, 0, 3, 4, 2, 5]_1_5']
upper  40.0
lower  20.0
['bpc_95_[1, 0, 2, 5]_1_5', 'bpc_95_[1, 0, 3, 2, 5]_1_5', 'bpc_95_[1, 0, 3, 4, 2, 5]_1_5', 'bpc_95_[1, 0, 4, 2, 5]_1_5']
upper  40.0
lower  20.0
['bpc_95_[1, 0, 2, 5]_1_5', 'bpc_95_[1, 0, 3, 2, 5]_1_5', 'bpc_95_[1, 0, 3, 4, 2, 5]_1_5', 'bpc_95_[1, 0, 4, 2, 5]_1_5', 'bpc_95_[1, 0, 4, 3, 2, 5]_1_5']
upper  40.0
lower  20.0
1.0
False
upper bound:40.0
lower bound:20.0
['bpc_133_[1, 0, 2, 3]_1_3']
upper  40.0
lower  20.0
['bpc_133_[1, 0, 2, 3]_1_3', 'bpc_133_[1, 0, 2, 4, 3]_1_3']
upper  40.0
lower  20.0
['bpc_133_[1, 0, 2, 3]_1_3', 'bpc_133_[1, 0, 2, 4, 3]_1_3', 'bpc_133_[1, 0, 3]_1_3']
upper  40.0
lower  20.0
['bpc_133_[1, 0, 2, 3]_1_3', 'bpc_133_[1, 0, 2, 4, 3]_1_3', 'bpc_133_[1, 0, 3]_1_3', 'bpc_133_[1, 0, 4, 2, 3]_1_3']
upper  40.0
lower  20.0
['bpc_133_[1, 0, 2, 3]_1_3', 'bpc_133_[1, 0, 2, 4, 3]_1_3', 'bpc_133_[1, 0, 3]_1_3', 'bpc_133_[1, 0, 4, 2, 3]_1_3', 'bpc_133_[1, 0, 4, 3]_1_3']
upper  40.0
lower  20.0
1.0
False
upper bound:40.0
lower bound:20.0
['bpc_45_[1, 0, 2, 3]_1_3']
upper  40.0
lower  20.0
['bpc_45_[1, 0, 2, 3]_1_3', 'bpc_45_[1, 0, 2, 4, 3]_1_3']
upper  40.0
lower  20.0
['bpc_45_[1, 0, 2, 3]_1_3', 'bpc_45_[1, 0, 2, 4, 3]_1_3', 'bpc_45_[1, 0, 3]_1_3']
upper  40.0
lower  20.0
['bpc_45_[1, 0, 2, 3]_1_3', 'bpc_45_[1, 0, 2, 4, 3]_1_3', 'bpc_45_[1, 0, 3]_1_3', 'bpc_45_[1, 0, 4, 2, 3]_1_3']
upper  40.0
lower  20.0
['bpc_45_[1, 0, 2, 3]_1_3', 'bpc_45_[1, 0, 2, 4, 3]_1_3', 'bpc_45_[1, 0, 3]_1_3', 'bpc_45_[1, 0, 4, 2, 3]_1_3', 'bpc_45_[1, 0, 4, 3]_1_3']
upper  40.0
lower  20.0
1.0
False
upper bound:40.0
lower bound:20.0
['bpc_20_[1, 0, 2, 3, 7]_1_7']
upper  40.0
lower  20.0
['bpc_20_[1, 0, 2, 3, 7]_1_7', 'bpc_20_[1, 0, 2, 4, 3, 7]_1_7']
upper  40.0
lower  20.0
['bpc_20_[1, 0, 2, 3, 7]_1_7', 'bpc_20_[1, 0, 2, 4, 3, 7]_1_7', 'bpc_20_[1, 0, 3, 7]_1_7']
upper  40.0
lower  20.0
['bpc_20_[1, 0, 2, 3, 7]_1_7', 'bpc_20_[1, 0, 2, 4, 3, 7]_1_7', 'bpc_20_[1, 0, 3, 7]_1_7', 'bpc_20_[1, 0, 4, 2, 3, 7]_1_7']
upper  40.0
lower  20.0
['bpc_20_[1, 0, 2, 3, 7]_1_7', 'bpc_20_[1, 0, 2, 4, 3, 7]_1_7', 'bpc_20_[1, 0, 3, 7]_1_7', 'bpc_20_[1, 0, 4, 2, 3, 7]_1_7', 'bpc_20_[1, 0, 4, 3, 7]_1_7']
upper  40.0
lower  20.0
1.0
False
upper bound:40.0
lower bound:20.0
['bpc_201_[1, 0, 2, 6]_1_6']
upper  40.0
lower  20.0
['bpc_201_[1, 0, 2, 6]_1_6', 'bpc_201_[1, 0, 3, 2, 6]_1_6']
upper  40.0
lower  20.0
['bpc_201_[1, 0, 2, 6]_1_6', 'bpc_201_[1, 0, 3, 2, 6]_1_6', 'bpc_201_[1, 0, 3, 4, 2, 6]_1_6']
upper  40.0
lower  20.0
['bpc_201_[1, 0, 2, 6]_1_6', 'bpc_201_[1, 0, 3, 2, 6]_1_6', 'bpc_201_[1, 0, 3, 4, 2, 6]_1_6', 'bpc_201_[1, 0, 4, 2, 6]_1_6']
upper  40.0
lower  20.0
['bpc_201_[1, 0, 2, 6]_1_6', 'bpc_201_[1, 0, 3, 2, 6]_1_6', 'bpc_201_[1, 0, 3, 4, 2, 6]_1_6', 'bpc_201_[1, 0, 4, 2, 6]_1_6', 'bpc_201_[1, 0, 4, 3, 2, 6]_1_6']
upper  40.0
lower  20.0
1.0
False
upper bound:40.0
lower bound:20.0
['bpc_37_[1, 0]_1_0']
upper  40.0
lower  20.0
['bpc_37_[1, 0]_1_0', 'bpc_37_[1, 2, 0]_1_0']
upper  40.0
lower  20.0
['bpc_37_[1, 0]_1_0', 'bpc_37_[1, 2, 0]_1_0', 'bpc_37_[1, 2, 3, 0]_1_0']
upper  40.0
lower  20.0
['bpc_37_[1, 0]_1_0', 'bpc_37_[1, 2, 0]_1_0', 'bpc_37_[1, 2, 3, 0]_1_0', 'bpc_37_[1, 2, 3, 4, 0]_1_0']
upper  40.0
lower  20.0
['bpc_37_[1, 0]_1_0', 'bpc_37_[1, 2, 0]_1_0', 'bpc_37_[1, 2, 3, 0]_1_0', 'bpc_37_[1, 2, 3, 4, 0]_1_0', 'bpc_37_[1, 2, 4, 0]_1_0']
upper  40.0
lower  20.0
1.0
False
upper bound:40.0
lower bound:20.0
['bpc_113_[1, 0, 2, 6]_1_6']
upper  40.0
lower  20.0
['bpc_113_[1, 0, 2, 6]_1_6', 'bpc_113_[1, 0, 3, 2, 6]_1_6']
upper  40.0
lower  20.0
['bpc_113_[1, 0, 2, 6]_1_6', 'bpc_113_[1, 0, 3, 2, 6]_1_6', 'bpc_113_[1, 0, 3, 4, 2, 6]_1_6']
upper  40.0
lower  20.0
['bpc_113_[1, 0, 2, 6]_1_6', 'bpc_113_[1, 0, 3, 2, 6]_1_6', 'bpc_113_[1, 0, 3, 4, 2, 6]_1_6', 'bpc_113_[1, 0, 4, 2, 6]_1_6']
upper  40.0
lower  20.0
['bpc_113_[1, 0, 2, 6]_1_6', 'bpc_113_[1, 0, 3, 2, 6]_1_6', 'bpc_113_[1, 0, 3, 4, 2, 6]_1_6', 'bpc_113_[1, 0, 4, 2, 6]_1_6', 'bpc_113_[1, 0, 4, 3, 2, 6]_1_6']
upper  40.0
lower  20.0
1.0
False
upper bound:40.0
lower bound:20.0
['bpc_12_[1, 0, 2, 3, 4]_1_4']
upper  40.0
lower  20.0
['bpc_12_[1, 0, 2, 3, 4]_1_4', 'bpc_12_[1, 0, 2, 4]_1_4']
upper  40.0
lower  20.0
['bpc_12_[1, 0, 2, 3, 4]_1_4', 'bpc_12_[1, 0, 2, 4]_1_4', 'bpc_12_[1, 0, 3, 2, 4]_1_4']
upper  40.0
lower  20.0
['bpc_12_[1, 0, 2, 3, 4]_1_4', 'bpc_12_[1, 0, 2, 4]_1_4', 'bpc_12_[1, 0, 3, 2, 4]_1_4', 'bpc_12_[1, 0, 3, 4]_1_4']
upper  40.0
lower  20.0
['bpc_12_[1, 0, 2, 3, 4]_1_4', 'bpc_12_[1, 0, 2, 4]_1_4', 'bpc_12_[1, 0, 3, 2, 4]_1_4', 'bpc_12_[1, 0, 3, 4]_1_4', 'bpc_12_[1, 0, 4]_1_4']
upper  40.0
lower  20.0
1.0
False
upper bound:40.0
lower bound:20.0
['bpc_142_[1, 0, 1]_1_1']
upper  40.0
lower  20.0
['bpc_142_[1, 0, 1]_1_1', 'bpc_142_[1, 0, 2, 1]_1_1']
upper  40.0
lower  20.0
['bpc_142_[1, 0, 1]_1_1', 'bpc_142_[1, 0, 2, 1]_1_1', 'bpc_142_[1, 0, 2, 3, 1]_1_1']
upper  40.0
lower  20.0
['bpc_142_[1, 0, 1]_1_1', 'bpc_142_[1, 0, 2, 1]_1_1', 'bpc_142_[1, 0, 2, 3, 1]_1_1', 'bpc_142_[1, 0, 2, 3, 4, 1]_1_1']
upper  40.0
lower  20.0
['bpc_142_[1, 0, 1]_1_1', 'bpc_142_[1, 0, 2, 1]_1_1', 'bpc_142_[1, 0, 2, 3, 1]_1_1', 'bpc_142_[1, 0, 2, 3, 4, 1]_1_1', 'bpc_142_[1, 0, 2, 4, 1]_1_1']
upper  40.0
lower  20.0
1.0
False
upper bound:40.0
lower bound:20.0
['bpc_218_[1, 0, 2, 3, 7]_1_7']
upper  40.0
lower  20.0
['bpc_218_[1, 0, 2, 3, 7]_1_7', 'bpc_218_[1, 0, 2, 4, 3, 7]_1_7']
upper  40.0
lower  20.0
['bpc_218_[1, 0, 2, 3, 7]_1_7', 'bpc_218_[1, 0, 2, 4, 3, 7]_1_7', 'bpc_218_[1, 0, 3, 7]_1_7']
upper  40.0
lower  20.0
['bpc_218_[1, 0, 2, 3, 7]_1_7', 'bpc_218_[1, 0, 2, 4, 3, 7]_1_7', 'bpc_218_[1, 0, 3, 7]_1_7', 'bpc_218_[1, 0, 4, 2, 3, 7]_1_7']
upper  40.0
lower  20.0
['bpc_218_[1, 0, 2, 3, 7]_1_7', 'bpc_218_[1, 0, 2, 4, 3, 7]_1_7', 'bpc_218_[1, 0, 3, 7]_1_7', 'bpc_218_[1, 0, 4, 2, 3, 7]_1_7', 'bpc_218_[1, 0, 4, 3, 7]_1_7']
upper  40.0
lower  20.0
1.0
False
upper bound:40.0
lower bound:20.0
['bpc_54_[1, 0, 1]_1_1']
upper  40.0
lower  20.0
['bpc_54_[1, 0, 1]_1_1', 'bpc_54_[1, 0, 2, 1]_1_1']
upper  40.0
lower  20.0
['bpc_54_[1, 0, 1]_1_1', 'bpc_54_[1, 0, 2, 1]_1_1', 'bpc_54_[1, 0, 2, 3, 1]_1_1']
upper  40.0
lower  20.0
['bpc_54_[1, 0, 1]_1_1', 'bpc_54_[1, 0, 2, 1]_1_1', 'bpc_54_[1, 0, 2, 3, 1]_1_1', 'bpc_54_[1, 0, 2, 3, 4, 1]_1_1']
upper  40.0
lower  20.0
['bpc_54_[1, 0, 1]_1_1', 'bpc_54_[1, 0, 2, 1]_1_1', 'bpc_54_[1, 0, 2, 3, 1]_1_1', 'bpc_54_[1, 0, 2, 3, 4, 1]_1_1', 'bpc_54_[1, 0, 2, 4, 1]_1_1']
upper  40.0
lower  20.0
1.0
False
upper bound:40.0
lower bound:20.0
['bpc_29_[1, 0, 2, 5]_1_5']
upper  40.0
lower  20.0
['bpc_29_[1, 0, 2, 5]_1_5', 'bpc_29_[1, 0, 3, 2, 5]_1_5']
upper  40.0
lower  20.0
['bpc_29_[1, 0, 2, 5]_1_5', 'bpc_29_[1, 0, 3, 2, 5]_1_5', 'bpc_29_[1, 0, 3, 4, 2, 5]_1_5']
upper  40.0
lower  20.0
['bpc_29_[1, 0, 2, 5]_1_5', 'bpc_29_[1, 0, 3, 2, 5]_1_5', 'bpc_29_[1, 0, 3, 4, 2, 5]_1_5', 'bpc_29_[1, 0, 4, 2, 5]_1_5']
upper  40.0
lower  20.0
['bpc_29_[1, 0, 2, 5]_1_5', 'bpc_29_[1, 0, 3, 2, 5]_1_5', 'bpc_29_[1, 0, 3, 4, 2, 5]_1_5', 'bpc_29_[1, 0, 4, 2, 5]_1_5', 'bpc_29_[1, 0, 4, 3, 2, 5]_1_5']
upper  40.0
lower  20.0
1.0
False
upper bound:40.0
lower bound:20.0
['bpc_168_[1, 0, 2, 3, 4, 9]_1_9']
upper  40.0
lower  20.0
['bpc_168_[1, 0, 2, 3, 4, 9]_1_9', 'bpc_168_[1, 0, 2, 4, 9]_1_9']
upper  40.0
lower  20.0
['bpc_168_[1, 0, 2, 3, 4, 9]_1_9', 'bpc_168_[1, 0, 2, 4, 9]_1_9', 'bpc_168_[1, 0, 3, 2, 4, 9]_1_9']
upper  40.0
lower  20.0
['bpc_168_[1, 0, 2, 3, 4, 9]_1_9', 'bpc_168_[1, 0, 2, 4, 9]_1_9', 'bpc_168_[1, 0, 3, 2, 4, 9]_1_9', 'bpc_168_[1, 0, 3, 4, 9]_1_9']
upper  40.0
lower  20.0
['bpc_168_[1, 0, 2, 3, 4, 9]_1_9', 'bpc_168_[1, 0, 2, 4, 9]_1_9', 'bpc_168_[1, 0, 3, 2, 4, 9]_1_9', 'bpc_168_[1, 0, 3, 4, 9]_1_9', 'bpc_168_[1, 0, 4, 9]_1_9']
upper  40.0
lower  20.0
1.0
False
upper bound:40.0
lower bound:20.0
['bpc_80_[1, 0, 2, 3, 4, 9]_1_9']
upper  40.0
lower  20.0
['bpc_80_[1, 0, 2, 3, 4, 9]_1_9', 'bpc_80_[1, 0, 2, 4, 9]_1_9']
upper  40.0
lower  20.0
['bpc_80_[1, 0, 2, 3, 4, 9]_1_9', 'bpc_80_[1, 0, 2, 4, 9]_1_9', 'bpc_80_[1, 0, 3, 2, 4, 9]_1_9']
upper  40.0
lower  20.0
['bpc_80_[1, 0, 2, 3, 4, 9]_1_9', 'bpc_80_[1, 0, 2, 4, 9]_1_9', 'bpc_80_[1, 0, 3, 2, 4, 9]_1_9', 'bpc_80_[1, 0, 3, 4, 9]_1_9']
upper  40.0
lower  20.0
['bpc_80_[1, 0, 2, 3, 4, 9]_1_9', 'bpc_80_[1, 0, 2, 4, 9]_1_9', 'bpc_80_[1, 0, 3, 2, 4, 9]_1_9', 'bpc_80_[1, 0, 3, 4, 9]_1_9', 'bpc_80_[1, 0, 4, 9]_1_9']
upper  40.0
lower  20.0
1.0
False
upper bound:40.0
lower bound:20.0
['bpc_210_[1, 0, 2, 3, 4]_1_4']
upper  40.0
lower  20.0
['bpc_210_[1, 0, 2, 3, 4]_1_4', 'bpc_210_[1, 0, 2, 4]_1_4']
upper  40.0
lower  20.0
['bpc_210_[1, 0, 2, 3, 4]_1_4', 'bpc_210_[1, 0, 2, 4]_1_4', 'bpc_210_[1, 0, 3, 2, 4]_1_4']
upper  40.0
lower  20.0
['bpc_210_[1, 0, 2, 3, 4]_1_4', 'bpc_210_[1, 0, 2, 4]_1_4', 'bpc_210_[1, 0, 3, 2, 4]_1_4', 'bpc_210_[1, 0, 3, 4]_1_4']
upper  40.0
lower  20.0
['bpc_210_[1, 0, 2, 3, 4]_1_4', 'bpc_210_[1, 0, 2, 4]_1_4', 'bpc_210_[1, 0, 3, 2, 4]_1_4', 'bpc_210_[1, 0, 3, 4]_1_4', 'bpc_210_[1, 0, 4]_1_4']
upper  40.0
lower  20.0
1.0
False
upper bound:40.0
lower bound:20.0
['bpc_185_[1, 0, 2, 3, 4, 10]_1_10']
upper  40.0
lower  20.0
['bpc_185_[1, 0, 2, 3, 4, 10]_1_10', 'bpc_185_[1, 0, 2, 4, 10]_1_10']
upper  40.0
lower  20.0
['bpc_185_[1, 0, 2, 3, 4, 10]_1_10', 'bpc_185_[1, 0, 2, 4, 10]_1_10', 'bpc_185_[1, 0, 3, 2, 4, 10]_1_10']
upper  40.0
lower  20.0
['bpc_185_[1, 0, 2, 3, 4, 10]_1_10', 'bpc_185_[1, 0, 2, 4, 10]_1_10', 'bpc_185_[1, 0, 3, 2, 4, 10]_1_10', 'bpc_185_[1, 0, 3, 4, 10]_1_10']
upper  40.0
lower  20.0
['bpc_185_[1, 0, 2, 3, 4, 10]_1_10', 'bpc_185_[1, 0, 2, 4, 10]_1_10', 'bpc_185_[1, 0, 3, 2, 4, 10]_1_10', 'bpc_185_[1, 0, 3, 4, 10]_1_10', 'bpc_185_[1, 0, 4, 10]_1_10']
upper  40.0
lower  20.0
1.0
False
upper bound:40.0
lower bound:20.0
['bpc_122_[1, 0, 2, 3, 4]_1_4']
upper  40.0
lower  20.0
['bpc_122_[1, 0, 2, 3, 4]_1_4', 'bpc_122_[1, 0, 2, 4]_1_4']
upper  40.0
lower  20.0
['bpc_122_[1, 0, 2, 3, 4]_1_4', 'bpc_122_[1, 0, 2, 4]_1_4', 'bpc_122_[1, 0, 3, 2, 4]_1_4']
upper  40.0
lower  20.0
['bpc_122_[1, 0, 2, 3, 4]_1_4', 'bpc_122_[1, 0, 2, 4]_1_4', 'bpc_122_[1, 0, 3, 2, 4]_1_4', 'bpc_122_[1, 0, 3, 4]_1_4']
upper  40.0
lower  20.0
['bpc_122_[1, 0, 2, 3, 4]_1_4', 'bpc_122_[1, 0, 2, 4]_1_4', 'bpc_122_[1, 0, 3, 2, 4]_1_4', 'bpc_122_[1, 0, 3, 4]_1_4', 'bpc_122_[1, 0, 4]_1_4']
upper  40.0
lower  20.0
1.0
False
upper bound:40.0
lower bound:20.0
['bpc_160_[1, 0, 2]_1_2']
upper  40.0
lower  20.0
['bpc_160_[1, 0, 2]_1_2', 'bpc_160_[1, 0, 3, 2]_1_2']
upper  40.0
lower  20.0
['bpc_160_[1, 0, 2]_1_2', 'bpc_160_[1, 0, 3, 2]_1_2', 'bpc_160_[1, 0, 3, 4, 2]_1_2']
upper  40.0
lower  20.0
['bpc_160_[1, 0, 2]_1_2', 'bpc_160_[1, 0, 3, 2]_1_2', 'bpc_160_[1, 0, 3, 4, 2]_1_2', 'bpc_160_[1, 0, 4, 2]_1_2']
upper  40.0
lower  20.0
['bpc_160_[1, 0, 2]_1_2', 'bpc_160_[1, 0, 3, 2]_1_2', 'bpc_160_[1, 0, 3, 4, 2]_1_2', 'bpc_160_[1, 0, 4, 2]_1_2', 'bpc_160_[1, 0, 4, 3, 2]_1_2']
upper  40.0
lower  20.0
1.0
False
upper bound:40.0
lower bound:20.0
['bpc_97_[1, 0, 2, 3, 4, 10]_1_10']
upper  40.0
lower  20.0
['bpc_97_[1, 0, 2, 3, 4, 10]_1_10', 'bpc_97_[1, 0, 2, 4, 10]_1_10']
upper  40.0
lower  20.0
['bpc_97_[1, 0, 2, 3, 4, 10]_1_10', 'bpc_97_[1, 0, 2, 4, 10]_1_10', 'bpc_97_[1, 0, 3, 2, 4, 10]_1_10']
upper  40.0
lower  20.0
['bpc_97_[1, 0, 2, 3, 4, 10]_1_10', 'bpc_97_[1, 0, 2, 4, 10]_1_10', 'bpc_97_[1, 0, 3, 2, 4, 10]_1_10', 'bpc_97_[1, 0, 3, 4, 10]_1_10']
upper  40.0
lower  20.0
['bpc_97_[1, 0, 2, 3, 4, 10]_1_10', 'bpc_97_[1, 0, 2, 4, 10]_1_10', 'bpc_97_[1, 0, 3, 2, 4, 10]_1_10', 'bpc_97_[1, 0, 3, 4, 10]_1_10', 'bpc_97_[1, 0, 4, 10]_1_10']
upper  40.0
lower  20.0
1.0
False
upper bound:40.0
lower bound:20.0
['bpc_151_[1, 0, 2, 3, 8]_1_8']
upper  40.0
lower  20.0
['bpc_151_[1, 0, 2, 3, 8]_1_8', 'bpc_151_[1, 0, 2, 4, 3, 8]_1_8']
upper  40.0
lower  20.0
['bpc_151_[1, 0, 2, 3, 8]_1_8', 'bpc_151_[1, 0, 2, 4, 3, 8]_1_8', 'bpc_151_[1, 0, 3, 8]_1_8']
upper  40.0
lower  20.0
['bpc_151_[1, 0, 2, 3, 8]_1_8', 'bpc_151_[1, 0, 2, 4, 3, 8]_1_8', 'bpc_151_[1, 0, 3, 8]_1_8', 'bpc_151_[1, 0, 4, 2, 3, 8]_1_8']
upper  40.0
lower  20.0
['bpc_151_[1, 0, 2, 3, 8]_1_8', 'bpc_151_[1, 0, 2, 4, 3, 8]_1_8', 'bpc_151_[1, 0, 3, 8]_1_8', 'bpc_151_[1, 0, 4, 2, 3, 8]_1_8', 'bpc_151_[1, 0, 4, 3, 8]_1_8']
upper  40.0
lower  20.0
1.0
False
upper bound:40.0
lower bound:20.0
['bpc_72_[1, 0, 2]_1_2']
upper  40.0
lower  20.0
['bpc_72_[1, 0, 2]_1_2', 'bpc_72_[1, 0, 3, 2]_1_2']
upper  40.0
lower  20.0
['bpc_72_[1, 0, 2]_1_2', 'bpc_72_[1, 0, 3, 2]_1_2', 'bpc_72_[1, 0, 3, 4, 2]_1_2']
upper  40.0
lower  20.0
['bpc_72_[1, 0, 2]_1_2', 'bpc_72_[1, 0, 3, 2]_1_2', 'bpc_72_[1, 0, 3, 4, 2]_1_2', 'bpc_72_[1, 0, 4, 2]_1_2']
upper  40.0
lower  20.0
['bpc_72_[1, 0, 2]_1_2', 'bpc_72_[1, 0, 3, 2]_1_2', 'bpc_72_[1, 0, 3, 4, 2]_1_2', 'bpc_72_[1, 0, 4, 2]_1_2', 'bpc_72_[1, 0, 4, 3, 2]_1_2']
upper  40.0
lower  20.0
1.0
False
upper bound:40.0
lower bound:20.0
['bpc_63_[1, 0, 2, 3, 8]_1_8']
upper  40.0
lower  20.0
['bpc_63_[1, 0, 2, 3, 8]_1_8', 'bpc_63_[1, 0, 2, 4, 3, 8]_1_8']
upper  40.0
lower  20.0
['bpc_63_[1, 0, 2, 3, 8]_1_8', 'bpc_63_[1, 0, 2, 4, 3, 8]_1_8', 'bpc_63_[1, 0, 3, 8]_1_8']
upper  40.0
lower  20.0
['bpc_63_[1, 0, 2, 3, 8]_1_8', 'bpc_63_[1, 0, 2, 4, 3, 8]_1_8', 'bpc_63_[1, 0, 3, 8]_1_8', 'bpc_63_[1, 0, 4, 2, 3, 8]_1_8']
upper  40.0
lower  20.0
['bpc_63_[1, 0, 2, 3, 8]_1_8', 'bpc_63_[1, 0, 2, 4, 3, 8]_1_8', 'bpc_63_[1, 0, 3, 8]_1_8', 'bpc_63_[1, 0, 4, 2, 3, 8]_1_8', 'bpc_63_[1, 0, 4, 3, 8]_1_8']
upper  40.0
lower  20.0
1.0
False
upper bound:40.0
lower bound:20.0
['bpc_177_[1, 0, 2, 3]_1_3']
upper  40.0
lower  20.0
['bpc_177_[1, 0, 2, 3]_1_3', 'bpc_177_[1, 0, 2, 4, 3]_1_3']
upper  40.0
lower  20.0
['bpc_177_[1, 0, 2, 3]_1_3', 'bpc_177_[1, 0, 2, 4, 3]_1_3', 'bpc_177_[1, 0, 3]_1_3']
upper  40.0
lower  20.0
['bpc_177_[1, 0, 2, 3]_1_3', 'bpc_177_[1, 0, 2, 4, 3]_1_3', 'bpc_177_[1, 0, 3]_1_3', 'bpc_177_[1, 0, 4, 2, 3]_1_3']
upper  40.0
lower  20.0
['bpc_177_[1, 0, 2, 3]_1_3', 'bpc_177_[1, 0, 2, 4, 3]_1_3', 'bpc_177_[1, 0, 3]_1_3', 'bpc_177_[1, 0, 4, 2, 3]_1_3', 'bpc_177_[1, 0, 4, 3]_1_3']
upper  40.0
lower  20.0
1.0
False
upper bound:40.0
lower bound:20.0
['bpc_152_[1, 0, 2, 3, 7]_1_7']
upper  40.0
lower  20.0
['bpc_152_[1, 0, 2, 3, 7]_1_7', 'bpc_152_[1, 0, 2, 4, 3, 7]_1_7']
upper  40.0
lower  20.0
['bpc_152_[1, 0, 2, 3, 7]_1_7', 'bpc_152_[1, 0, 2, 4, 3, 7]_1_7', 'bpc_152_[1, 0, 3, 7]_1_7']
upper  40.0
lower  20.0
['bpc_152_[1, 0, 2, 3, 7]_1_7', 'bpc_152_[1, 0, 2, 4, 3, 7]_1_7', 'bpc_152_[1, 0, 3, 7]_1_7', 'bpc_152_[1, 0, 4, 2, 3, 7]_1_7']
upper  40.0
lower  20.0
['bpc_152_[1, 0, 2, 3, 7]_1_7', 'bpc_152_[1, 0, 2, 4, 3, 7]_1_7', 'bpc_152_[1, 0, 3, 7]_1_7', 'bpc_152_[1, 0, 4, 2, 3, 7]_1_7', 'bpc_152_[1, 0, 4, 3, 7]_1_7']
upper  40.0
lower  20.0
1.0
False
upper bound:40.0
lower bound:20.0
['bpc_89_[1, 0, 2, 3]_1_3']
upper  40.0
lower  20.0
['bpc_89_[1, 0, 2, 3]_1_3', 'bpc_89_[1, 0, 2, 4, 3]_1_3']
upper  40.0
lower  20.0
['bpc_89_[1, 0, 2, 3]_1_3', 'bpc_89_[1, 0, 2, 4, 3]_1_3', 'bpc_89_[1, 0, 3]_1_3']
upper  40.0
lower  20.0
['bpc_89_[1, 0, 2, 3]_1_3', 'bpc_89_[1, 0, 2, 4, 3]_1_3', 'bpc_89_[1, 0, 3]_1_3', 'bpc_89_[1, 0, 4, 2, 3]_1_3']
upper  40.0
lower  20.0
['bpc_89_[1, 0, 2, 3]_1_3', 'bpc_89_[1, 0, 2, 4, 3]_1_3', 'bpc_89_[1, 0, 3]_1_3', 'bpc_89_[1, 0, 4, 2, 3]_1_3', 'bpc_89_[1, 0, 4, 3]_1_3']
upper  40.0
lower  20.0
1.0
False
upper bound:40.0
lower bound:20.0
['bpc_64_[1, 0, 2, 3, 7]_1_7']
upper  40.0
lower  20.0
['bpc_64_[1, 0, 2, 3, 7]_1_7', 'bpc_64_[1, 0, 2, 4, 3, 7]_1_7']
upper  40.0
lower  20.0
['bpc_64_[1, 0, 2, 3, 7]_1_7', 'bpc_64_[1, 0, 2, 4, 3, 7]_1_7', 'bpc_64_[1, 0, 3, 7]_1_7']
upper  40.0
lower  20.0
['bpc_64_[1, 0, 2, 3, 7]_1_7', 'bpc_64_[1, 0, 2, 4, 3, 7]_1_7', 'bpc_64_[1, 0, 3, 7]_1_7', 'bpc_64_[1, 0, 4, 2, 3, 7]_1_7']
upper  40.0
lower  20.0
['bpc_64_[1, 0, 2, 3, 7]_1_7', 'bpc_64_[1, 0, 2, 4, 3, 7]_1_7', 'bpc_64_[1, 0, 3, 7]_1_7', 'bpc_64_[1, 0, 4, 2, 3, 7]_1_7', 'bpc_64_[1, 0, 4, 3, 7]_1_7']
upper  40.0
lower  20.0
1.0
False
upper bound:40.0
lower bound:20.0
['bpc_169_[1, 0]_1_0']
upper  40.0
lower  20.0
['bpc_169_[1, 0]_1_0', 'bpc_169_[1, 2, 0]_1_0']
upper  40.0
lower  20.0
['bpc_169_[1, 0]_1_0', 'bpc_169_[1, 2, 0]_1_0', 'bpc_169_[1, 2, 3, 0]_1_0']
upper  40.0
lower  20.0
['bpc_169_[1, 0]_1_0', 'bpc_169_[1, 2, 0]_1_0', 'bpc_169_[1, 2, 3, 0]_1_0', 'bpc_169_[1, 2, 3, 4, 0]_1_0']
upper  40.0
lower  20.0
['bpc_169_[1, 0]_1_0', 'bpc_169_[1, 2, 0]_1_0', 'bpc_169_[1, 2, 3, 0]_1_0', 'bpc_169_[1, 2, 3, 4, 0]_1_0', 'bpc_169_[1, 2, 4, 0]_1_0']
upper  40.0
lower  20.0
1.0
False
upper bound:40.0
lower bound:20.0
['bpc_144_[1, 0, 2, 3, 4]_1_4']
upper  40.0
lower  20.0
['bpc_144_[1, 0, 2, 3, 4]_1_4', 'bpc_144_[1, 0, 2, 4]_1_4']
upper  40.0
lower  20.0
['bpc_144_[1, 0, 2, 3, 4]_1_4', 'bpc_144_[1, 0, 2, 4]_1_4', 'bpc_144_[1, 0, 3, 2, 4]_1_4']
upper  40.0
lower  20.0
['bpc_144_[1, 0, 2, 3, 4]_1_4', 'bpc_144_[1, 0, 2, 4]_1_4', 'bpc_144_[1, 0, 3, 2, 4]_1_4', 'bpc_144_[1, 0, 3, 4]_1_4']
upper  40.0
lower  20.0
['bpc_144_[1, 0, 2, 3, 4]_1_4', 'bpc_144_[1, 0, 2, 4]_1_4', 'bpc_144_[1, 0, 3, 2, 4]_1_4', 'bpc_144_[1, 0, 3, 4]_1_4', 'bpc_144_[1, 0, 4]_1_4']
upper  40.0
lower  20.0
1.0
False
upper bound:40.0
lower bound:20.0
['bpc_81_[1, 0]_1_0']
upper  40.0
lower  20.0
['bpc_81_[1, 0]_1_0', 'bpc_81_[1, 2, 0]_1_0']
upper  40.0
lower  20.0
['bpc_81_[1, 0]_1_0', 'bpc_81_[1, 2, 0]_1_0', 'bpc_81_[1, 2, 3, 0]_1_0']
upper  40.0
lower  20.0
['bpc_81_[1, 0]_1_0', 'bpc_81_[1, 2, 0]_1_0', 'bpc_81_[1, 2, 3, 0]_1_0', 'bpc_81_[1, 2, 3, 4, 0]_1_0']
upper  40.0
lower  20.0
['bpc_81_[1, 0]_1_0', 'bpc_81_[1, 2, 0]_1_0', 'bpc_81_[1, 2, 3, 0]_1_0', 'bpc_81_[1, 2, 3, 4, 0]_1_0', 'bpc_81_[1, 2, 4, 0]_1_0']
upper  40.0
lower  20.0
1.0
False
upper bound:40.0
lower bound:20.0
['bpc_135_[1, 0, 2, 6]_1_6']
upper  40.0
lower  20.0
['bpc_135_[1, 0, 2, 6]_1_6', 'bpc_135_[1, 0, 3, 2, 6]_1_6']
upper  40.0
lower  20.0
['bpc_135_[1, 0, 2, 6]_1_6', 'bpc_135_[1, 0, 3, 2, 6]_1_6', 'bpc_135_[1, 0, 3, 4, 2, 6]_1_6']
upper  40.0
lower  20.0
['bpc_135_[1, 0, 2, 6]_1_6', 'bpc_135_[1, 0, 3, 2, 6]_1_6', 'bpc_135_[1, 0, 3, 4, 2, 6]_1_6', 'bpc_135_[1, 0, 4, 2, 6]_1_6']
upper  40.0
lower  20.0
['bpc_135_[1, 0, 2, 6]_1_6', 'bpc_135_[1, 0, 3, 2, 6]_1_6', 'bpc_135_[1, 0, 3, 4, 2, 6]_1_6', 'bpc_135_[1, 0, 4, 2, 6]_1_6', 'bpc_135_[1, 0, 4, 3, 2, 6]_1_6']
upper  40.0
lower  20.0
1.0
False
upper bound:40.0
lower bound:20.0
['bpc_56_[1, 0, 2, 3, 4]_1_4']
upper  40.0
lower  20.0
['bpc_56_[1, 0, 2, 3, 4]_1_4', 'bpc_56_[1, 0, 2, 4]_1_4']
upper  40.0
lower  20.0
['bpc_56_[1, 0, 2, 3, 4]_1_4', 'bpc_56_[1, 0, 2, 4]_1_4', 'bpc_56_[1, 0, 3, 2, 4]_1_4']
upper  40.0
lower  20.0
['bpc_56_[1, 0, 2, 3, 4]_1_4', 'bpc_56_[1, 0, 2, 4]_1_4', 'bpc_56_[1, 0, 3, 2, 4]_1_4', 'bpc_56_[1, 0, 3, 4]_1_4']
upper  40.0
lower  20.0
['bpc_56_[1, 0, 2, 3, 4]_1_4', 'bpc_56_[1, 0, 2, 4]_1_4', 'bpc_56_[1, 0, 3, 2, 4]_1_4', 'bpc_56_[1, 0, 3, 4]_1_4', 'bpc_56_[1, 0, 4]_1_4']
upper  40.0
lower  20.0
1.0
False
upper bound:40.0
lower bound:20.0
['bpc_47_[1, 0, 2, 6]_1_6']
upper  40.0
lower  20.0
['bpc_47_[1, 0, 2, 6]_1_6', 'bpc_47_[1, 0, 3, 2, 6]_1_6']
upper  40.0
lower  20.0
['bpc_47_[1, 0, 2, 6]_1_6', 'bpc_47_[1, 0, 3, 2, 6]_1_6', 'bpc_47_[1, 0, 3, 4, 2, 6]_1_6']
upper  40.0
lower  20.0
['bpc_47_[1, 0, 2, 6]_1_6', 'bpc_47_[1, 0, 3, 2, 6]_1_6', 'bpc_47_[1, 0, 3, 4, 2, 6]_1_6', 'bpc_47_[1, 0, 4, 2, 6]_1_6']
upper  40.0
lower  20.0
['bpc_47_[1, 0, 2, 6]_1_6', 'bpc_47_[1, 0, 3, 2, 6]_1_6', 'bpc_47_[1, 0, 3, 4, 2, 6]_1_6', 'bpc_47_[1, 0, 4, 2, 6]_1_6', 'bpc_47_[1, 0, 4, 3, 2, 6]_1_6']
upper  40.0
lower  20.0
1.0
False
upper bound:40.0
lower bound:20.0
['bpc_186_[1, 0, 1]_1_1']
upper  40.0
lower  20.0
['bpc_186_[1, 0, 1]_1_1', 'bpc_186_[1, 0, 2, 1]_1_1']
upper  40.0
lower  20.0
['bpc_186_[1, 0, 1]_1_1', 'bpc_186_[1, 0, 2, 1]_1_1', 'bpc_186_[1, 0, 2, 3, 1]_1_1']
upper  40.0
lower  20.0
['bpc_186_[1, 0, 1]_1_1', 'bpc_186_[1, 0, 2, 1]_1_1', 'bpc_186_[1, 0, 2, 3, 1]_1_1', 'bpc_186_[1, 0, 2, 3, 4, 1]_1_1']
upper  40.0
lower  20.0
['bpc_186_[1, 0, 1]_1_1', 'bpc_186_[1, 0, 2, 1]_1_1', 'bpc_186_[1, 0, 2, 3, 1]_1_1', 'bpc_186_[1, 0, 2, 3, 4, 1]_1_1', 'bpc_186_[1, 0, 2, 4, 1]_1_1']
upper  40.0
lower  20.0
1.0
False
upper bound:40.0
lower bound:20.0
['bpc_161_[1, 0, 2, 5]_1_5']
upper  40.0
lower  20.0
['bpc_161_[1, 0, 2, 5]_1_5', 'bpc_161_[1, 0, 3, 2, 5]_1_5']
upper  40.0
lower  20.0
['bpc_161_[1, 0, 2, 5]_1_5', 'bpc_161_[1, 0, 3, 2, 5]_1_5', 'bpc_161_[1, 0, 3, 4, 2, 5]_1_5']
upper  40.0
lower  20.0
['bpc_161_[1, 0, 2, 5]_1_5', 'bpc_161_[1, 0, 3, 2, 5]_1_5', 'bpc_161_[1, 0, 3, 4, 2, 5]_1_5', 'bpc_161_[1, 0, 4, 2, 5]_1_5']
upper  40.0
lower  20.0
['bpc_161_[1, 0, 2, 5]_1_5', 'bpc_161_[1, 0, 3, 2, 5]_1_5', 'bpc_161_[1, 0, 3, 4, 2, 5]_1_5', 'bpc_161_[1, 0, 4, 2, 5]_1_5', 'bpc_161_[1, 0, 4, 3, 2, 5]_1_5']
upper  40.0
lower  20.0
1.0
False
upper bound:40.0
lower bound:20.0
['bpc_98_[1, 0, 1]_1_1']
upper  40.0
lower  20.0
['bpc_98_[1, 0, 1]_1_1', 'bpc_98_[1, 0, 2, 1]_1_1']
upper  40.0
lower  20.0
['bpc_98_[1, 0, 1]_1_1', 'bpc_98_[1, 0, 2, 1]_1_1', 'bpc_98_[1, 0, 2, 3, 1]_1_1']
upper  40.0
lower  20.0
['bpc_98_[1, 0, 1]_1_1', 'bpc_98_[1, 0, 2, 1]_1_1', 'bpc_98_[1, 0, 2, 3, 1]_1_1', 'bpc_98_[1, 0, 2, 3, 4, 1]_1_1']
upper  40.0
lower  20.0
['bpc_98_[1, 0, 1]_1_1', 'bpc_98_[1, 0, 2, 1]_1_1', 'bpc_98_[1, 0, 2, 3, 1]_1_1', 'bpc_98_[1, 0, 2, 3, 4, 1]_1_1', 'bpc_98_[1, 0, 2, 4, 1]_1_1']
upper  40.0
lower  20.0
1.0
False
upper bound:40.0
lower bound:20.0
['bpc_73_[1, 0, 2, 5]_1_5']
upper  40.0
lower  20.0
['bpc_73_[1, 0, 2, 5]_1_5', 'bpc_73_[1, 0, 3, 2, 5]_1_5']
upper  40.0
lower  20.0
['bpc_73_[1, 0, 2, 5]_1_5', 'bpc_73_[1, 0, 3, 2, 5]_1_5', 'bpc_73_[1, 0, 3, 4, 2, 5]_1_5']
upper  40.0
lower  20.0
['bpc_73_[1, 0, 2, 5]_1_5', 'bpc_73_[1, 0, 3, 2, 5]_1_5', 'bpc_73_[1, 0, 3, 4, 2, 5]_1_5', 'bpc_73_[1, 0, 4, 2, 5]_1_5']
upper  40.0
lower  20.0
['bpc_73_[1, 0, 2, 5]_1_5', 'bpc_73_[1, 0, 3, 2, 5]_1_5', 'bpc_73_[1, 0, 3, 4, 2, 5]_1_5', 'bpc_73_[1, 0, 4, 2, 5]_1_5', 'bpc_73_[1, 0, 4, 3, 2, 5]_1_5']
upper  40.0
lower  20.0
1.0
False
upper bound:40.0
lower bound:20.0
['bpc_14_[1, 0, 2, 3, 4, 9]_1_9']
upper  40.0
lower  20.0
['bpc_14_[1, 0, 2, 3, 4, 9]_1_9', 'bpc_14_[1, 0, 2, 4, 9]_1_9']
upper  40.0
lower  20.0
['bpc_14_[1, 0, 2, 3, 4, 9]_1_9', 'bpc_14_[1, 0, 2, 4, 9]_1_9', 'bpc_14_[1, 0, 3, 2, 4, 9]_1_9']
upper  40.0
lower  20.0
['bpc_14_[1, 0, 2, 3, 4, 9]_1_9', 'bpc_14_[1, 0, 2, 4, 9]_1_9', 'bpc_14_[1, 0, 3, 2, 4, 9]_1_9', 'bpc_14_[1, 0, 3, 4, 9]_1_9']
upper  40.0
lower  20.0
['bpc_14_[1, 0, 2, 3, 4, 9]_1_9', 'bpc_14_[1, 0, 2, 4, 9]_1_9', 'bpc_14_[1, 0, 3, 2, 4, 9]_1_9', 'bpc_14_[1, 0, 3, 4, 9]_1_9', 'bpc_14_[1, 0, 4, 9]_1_9']
upper  40.0
lower  20.0
1.0
False
upper bound:40.0
lower bound:20.0
['bpc_195_[1, 0, 2, 3, 8]_1_8']
upper  40.0
lower  20.0
['bpc_195_[1, 0, 2, 3, 8]_1_8', 'bpc_195_[1, 0, 2, 4, 3, 8]_1_8']
upper  40.0
lower  20.0
['bpc_195_[1, 0, 2, 3, 8]_1_8', 'bpc_195_[1, 0, 2, 4, 3, 8]_1_8', 'bpc_195_[1, 0, 3, 8]_1_8']
upper  40.0
lower  20.0
['bpc_195_[1, 0, 2, 3, 8]_1_8', 'bpc_195_[1, 0, 2, 4, 3, 8]_1_8', 'bpc_195_[1, 0, 3, 8]_1_8', 'bpc_195_[1, 0, 4, 2, 3, 8]_1_8']
upper  40.0
lower  20.0
['bpc_195_[1, 0, 2, 3, 8]_1_8', 'bpc_195_[1, 0, 2, 4, 3, 8]_1_8', 'bpc_195_[1, 0, 3, 8]_1_8', 'bpc_195_[1, 0, 4, 2, 3, 8]_1_8', 'bpc_195_[1, 0, 4, 3, 8]_1_8']
upper  40.0
lower  20.0
1.0
False
upper bound:40.0
lower bound:20.0
['bpc_31_[1, 0, 2, 3, 4, 10]_1_10']
upper  40.0
lower  20.0
['bpc_31_[1, 0, 2, 3, 4, 10]_1_10', 'bpc_31_[1, 0, 2, 4, 10]_1_10']
upper  40.0
lower  20.0
['bpc_31_[1, 0, 2, 3, 4, 10]_1_10', 'bpc_31_[1, 0, 2, 4, 10]_1_10', 'bpc_31_[1, 0, 3, 2, 4, 10]_1_10']
upper  40.0
lower  20.0
['bpc_31_[1, 0, 2, 3, 4, 10]_1_10', 'bpc_31_[1, 0, 2, 4, 10]_1_10', 'bpc_31_[1, 0, 3, 2, 4, 10]_1_10', 'bpc_31_[1, 0, 3, 4, 10]_1_10']
upper  40.0
lower  20.0
['bpc_31_[1, 0, 2, 3, 4, 10]_1_10', 'bpc_31_[1, 0, 2, 4, 10]_1_10', 'bpc_31_[1, 0, 3, 2, 4, 10]_1_10', 'bpc_31_[1, 0, 3, 4, 10]_1_10', 'bpc_31_[1, 0, 4, 10]_1_10']
upper  40.0
lower  20.0
1.0
False
upper bound:40.0
lower bound:20.0
['bpc_107_[1, 0, 2, 3, 8]_1_8']
upper  40.0
lower  20.0
['bpc_107_[1, 0, 2, 3, 8]_1_8', 'bpc_107_[1, 0, 2, 4, 3, 8]_1_8']
upper  40.0
lower  20.0
['bpc_107_[1, 0, 2, 3, 8]_1_8', 'bpc_107_[1, 0, 2, 4, 3, 8]_1_8', 'bpc_107_[1, 0, 3, 8]_1_8']
upper  40.0
lower  20.0
['bpc_107_[1, 0, 2, 3, 8]_1_8', 'bpc_107_[1, 0, 2, 4, 3, 8]_1_8', 'bpc_107_[1, 0, 3, 8]_1_8', 'bpc_107_[1, 0, 4, 2, 3, 8]_1_8']
upper  40.0
lower  20.0
['bpc_107_[1, 0, 2, 3, 8]_1_8', 'bpc_107_[1, 0, 2, 4, 3, 8]_1_8', 'bpc_107_[1, 0, 3, 8]_1_8', 'bpc_107_[1, 0, 4, 2, 3, 8]_1_8', 'bpc_107_[1, 0, 4, 3, 8]_1_8']
upper  40.0
lower  20.0
1.0
False
upper bound:40.0
lower bound:20.0
['bpc_6_[1, 0, 2]_1_2']
upper  40.0
lower  20.0
['bpc_6_[1, 0, 2]_1_2', 'bpc_6_[1, 0, 3, 2]_1_2']
upper  40.0
lower  20.0
['bpc_6_[1, 0, 2]_1_2', 'bpc_6_[1, 0, 3, 2]_1_2', 'bpc_6_[1, 0, 3, 4, 2]_1_2']
upper  40.0
lower  20.0
['bpc_6_[1, 0, 2]_1_2', 'bpc_6_[1, 0, 3, 2]_1_2', 'bpc_6_[1, 0, 3, 4, 2]_1_2', 'bpc_6_[1, 0, 4, 2]_1_2']
upper  40.0
lower  20.0
['bpc_6_[1, 0, 2]_1_2', 'bpc_6_[1, 0, 3, 2]_1_2', 'bpc_6_[1, 0, 3, 4, 2]_1_2', 'bpc_6_[1, 0, 4, 2]_1_2', 'bpc_6_[1, 0, 4, 3, 2]_1_2']
upper  40.0
lower  20.0
1.0
False
upper bound:40.0
lower bound:20.0
['bpc_212_[1, 0, 2, 3, 4, 9]_1_9']
upper  40.0
lower  20.0
['bpc_212_[1, 0, 2, 3, 4, 9]_1_9', 'bpc_212_[1, 0, 2, 4, 9]_1_9']
upper  40.0
lower  20.0
['bpc_212_[1, 0, 2, 3, 4, 9]_1_9', 'bpc_212_[1, 0, 2, 4, 9]_1_9', 'bpc_212_[1, 0, 3, 2, 4, 9]_1_9']
upper  40.0
lower  20.0
['bpc_212_[1, 0, 2, 3, 4, 9]_1_9', 'bpc_212_[1, 0, 2, 4, 9]_1_9', 'bpc_212_[1, 0, 3, 2, 4, 9]_1_9', 'bpc_212_[1, 0, 3, 4, 9]_1_9']
upper  40.0
lower  20.0
['bpc_212_[1, 0, 2, 3, 4, 9]_1_9', 'bpc_212_[1, 0, 2, 4, 9]_1_9', 'bpc_212_[1, 0, 3, 2, 4, 9]_1_9', 'bpc_212_[1, 0, 3, 4, 9]_1_9', 'bpc_212_[1, 0, 4, 9]_1_9']
upper  40.0
lower  20.0
(7, 3)
(1, 3)
(3, 0)
(2, 1)
(6, 2)
(9, 4)
(3, 7)
(2, 5)
(0, 3)
(4, 0)
(1, 2)
(4, 9)
(0, 4)
(4, 1)
(4, 10)
(3, 2)
(2, 6)
(10, 4)
(1, 4)
(2, 3)
(4, 2)
(1, 0)
(0, 1)
(8, 3)
(5, 2)
(3, 1)
(2, 4)
(3, 8)
(2, 0)
(4, 3)
(3, 4)
(0, 2)
Parallel mode: deterministic, using up to 4 threads for concurrent optimization.
Tried aggregator 1 time.
LP Presolve eliminated 5750 rows and 1100 columns.
All rows and columns eliminated.
Presolve time = 0.02 sec. (42.32 ticks)
('Solution status = ', 1)
('Obj ', 6233.333333333334)
throughput:6233.33333333
2 round
1.0
False
upper bound:80.0
lower bound:40.0
['bpc_32_[1, 0, 1]_1_1']
upper  80.0
lower  40.0
['bpc_32_[1, 0, 1]_1_1', 'bpc_32_[1, 0, 2, 1]_1_1']
upper  80.0
lower  40.0
['bpc_32_[1, 0, 1]_1_1', 'bpc_32_[1, 0, 2, 1]_1_1', 'bpc_32_[1, 0, 2, 3, 1]_1_1']
upper  80.0
lower  40.0
['bpc_32_[1, 0, 1]_1_1', 'bpc_32_[1, 0, 2, 1]_1_1', 'bpc_32_[1, 0, 2, 3, 1]_1_1', 'bpc_32_[1, 0, 2, 3, 4, 1]_1_1']
upper  80.0
lower  40.0
['bpc_32_[1, 0, 1]_1_1', 'bpc_32_[1, 0, 2, 1]_1_1', 'bpc_32_[1, 0, 2, 3, 1]_1_1', 'bpc_32_[1, 0, 2, 3, 4, 1]_1_1', 'bpc_32_[1, 0, 2, 4, 1]_1_1']
upper  80.0
lower  40.0
1.0
False
upper bound:80.0
lower bound:40.0
['bpc_124_[1, 0, 2, 3, 4, 9]_1_9']
upper  80.0
lower  40.0
['bpc_124_[1, 0, 2, 3, 4, 9]_1_9', 'bpc_124_[1, 0, 2, 4, 9]_1_9']
upper  80.0
lower  40.0
['bpc_124_[1, 0, 2, 3, 4, 9]_1_9', 'bpc_124_[1, 0, 2, 4, 9]_1_9', 'bpc_124_[1, 0, 3, 2, 4, 9]_1_9']
upper  80.0
lower  40.0
['bpc_124_[1, 0, 2, 3, 4, 9]_1_9', 'bpc_124_[1, 0, 2, 4, 9]_1_9', 'bpc_124_[1, 0, 3, 2, 4, 9]_1_9', 'bpc_124_[1, 0, 3, 4, 9]_1_9']
upper  80.0
lower  40.0
['bpc_124_[1, 0, 2, 3, 4, 9]_1_9', 'bpc_124_[1, 0, 2, 4, 9]_1_9', 'bpc_124_[1, 0, 3, 2, 4, 9]_1_9', 'bpc_124_[1, 0, 3, 4, 9]_1_9', 'bpc_124_[1, 0, 4, 9]_1_9']
upper  80.0
lower  40.0
1.0
False
upper bound:80.0
lower bound:40.0
['bpc_23_[1, 0, 2, 3]_1_3']
upper  80.0
lower  40.0
['bpc_23_[1, 0, 2, 3]_1_3', 'bpc_23_[1, 0, 2, 4, 3]_1_3']
upper  80.0
lower  40.0
['bpc_23_[1, 0, 2, 3]_1_3', 'bpc_23_[1, 0, 2, 4, 3]_1_3', 'bpc_23_[1, 0, 3]_1_3']
upper  80.0
lower  40.0
['bpc_23_[1, 0, 2, 3]_1_3', 'bpc_23_[1, 0, 2, 4, 3]_1_3', 'bpc_23_[1, 0, 3]_1_3', 'bpc_23_[1, 0, 4, 2, 3]_1_3']
upper  80.0
lower  40.0
['bpc_23_[1, 0, 2, 3]_1_3', 'bpc_23_[1, 0, 2, 4, 3]_1_3', 'bpc_23_[1, 0, 3]_1_3', 'bpc_23_[1, 0, 4, 2, 3]_1_3', 'bpc_23_[1, 0, 4, 3]_1_3']
upper  80.0
lower  40.0
1.0
False
upper bound:80.0
lower bound:40.0
['bpc_204_[1, 0, 2]_1_2']
upper  80.0
lower  40.0
['bpc_204_[1, 0, 2]_1_2', 'bpc_204_[1, 0, 3, 2]_1_2']
upper  80.0
lower  40.0
['bpc_204_[1, 0, 2]_1_2', 'bpc_204_[1, 0, 3, 2]_1_2', 'bpc_204_[1, 0, 3, 4, 2]_1_2']
upper  80.0
lower  40.0
['bpc_204_[1, 0, 2]_1_2', 'bpc_204_[1, 0, 3, 2]_1_2', 'bpc_204_[1, 0, 3, 4, 2]_1_2', 'bpc_204_[1, 0, 4, 2]_1_2']
upper  80.0
lower  40.0
['bpc_204_[1, 0, 2]_1_2', 'bpc_204_[1, 0, 3, 2]_1_2', 'bpc_204_[1, 0, 3, 4, 2]_1_2', 'bpc_204_[1, 0, 4, 2]_1_2', 'bpc_204_[1, 0, 4, 3, 2]_1_2']
upper  80.0
lower  40.0
1.0
False
upper bound:80.0
lower bound:40.0
['bpc_179_[1, 0, 2, 6]_1_6']
upper  80.0
lower  40.0
['bpc_179_[1, 0, 2, 6]_1_6', 'bpc_179_[1, 0, 3, 2, 6]_1_6']
upper  80.0
lower  40.0
['bpc_179_[1, 0, 2, 6]_1_6', 'bpc_179_[1, 0, 3, 2, 6]_1_6', 'bpc_179_[1, 0, 3, 4, 2, 6]_1_6']
upper  80.0
lower  40.0
['bpc_179_[1, 0, 2, 6]_1_6', 'bpc_179_[1, 0, 3, 2, 6]_1_6', 'bpc_179_[1, 0, 3, 4, 2, 6]_1_6', 'bpc_179_[1, 0, 4, 2, 6]_1_6']
upper  80.0
lower  40.0
['bpc_179_[1, 0, 2, 6]_1_6', 'bpc_179_[1, 0, 3, 2, 6]_1_6', 'bpc_179_[1, 0, 3, 4, 2, 6]_1_6', 'bpc_179_[1, 0, 4, 2, 6]_1_6', 'bpc_179_[1, 0, 4, 3, 2, 6]_1_6']
upper  80.0
lower  40.0
1.0
False
upper bound:80.0
lower bound:40.0
['bpc_116_[1, 0, 2]_1_2']
upper  80.0
lower  40.0
['bpc_116_[1, 0, 2]_1_2', 'bpc_116_[1, 0, 3, 2]_1_2']
upper  80.0
lower  40.0
['bpc_116_[1, 0, 2]_1_2', 'bpc_116_[1, 0, 3, 2]_1_2', 'bpc_116_[1, 0, 3, 4, 2]_1_2']
upper  80.0
lower  40.0
['bpc_116_[1, 0, 2]_1_2', 'bpc_116_[1, 0, 3, 2]_1_2', 'bpc_116_[1, 0, 3, 4, 2]_1_2', 'bpc_116_[1, 0, 4, 2]_1_2']
upper  80.0
lower  40.0
['bpc_116_[1, 0, 2]_1_2', 'bpc_116_[1, 0, 3, 2]_1_2', 'bpc_116_[1, 0, 3, 4, 2]_1_2', 'bpc_116_[1, 0, 4, 2]_1_2', 'bpc_116_[1, 0, 4, 3, 2]_1_2']
upper  80.0
lower  40.0
1.0
False
upper bound:80.0
lower bound:40.0
['bpc_15_[1, 0]_1_0']
upper  80.0
lower  40.0
['bpc_15_[1, 0]_1_0', 'bpc_15_[1, 2, 0]_1_0']
upper  80.0
lower  40.0
['bpc_15_[1, 0]_1_0', 'bpc_15_[1, 2, 0]_1_0', 'bpc_15_[1, 2, 3, 0]_1_0']
upper  80.0
lower  40.0
['bpc_15_[1, 0]_1_0', 'bpc_15_[1, 2, 0]_1_0', 'bpc_15_[1, 2, 3, 0]_1_0', 'bpc_15_[1, 2, 3, 4, 0]_1_0']
upper  80.0
lower  40.0
['bpc_15_[1, 0]_1_0', 'bpc_15_[1, 2, 0]_1_0', 'bpc_15_[1, 2, 3, 0]_1_0', 'bpc_15_[1, 2, 3, 4, 0]_1_0', 'bpc_15_[1, 2, 4, 0]_1_0']
upper  80.0
lower  40.0
1.0
False
upper bound:80.0
lower bound:40.0
['bpc_91_[1, 0, 2, 6]_1_6']
upper  80.0
lower  40.0
['bpc_91_[1, 0, 2, 6]_1_6', 'bpc_91_[1, 0, 3, 2, 6]_1_6']
upper  80.0
lower  40.0
['bpc_91_[1, 0, 2, 6]_1_6', 'bpc_91_[1, 0, 3, 2, 6]_1_6', 'bpc_91_[1, 0, 3, 4, 2, 6]_1_6']
upper  80.0
lower  40.0
['bpc_91_[1, 0, 2, 6]_1_6', 'bpc_91_[1, 0, 3, 2, 6]_1_6', 'bpc_91_[1, 0, 3, 4, 2, 6]_1_6', 'bpc_91_[1, 0, 4, 2, 6]_1_6']
upper  80.0
lower  40.0
['bpc_91_[1, 0, 2, 6]_1_6', 'bpc_91_[1, 0, 3, 2, 6]_1_6', 'bpc_91_[1, 0, 3, 4, 2, 6]_1_6', 'bpc_91_[1, 0, 4, 2, 6]_1_6', 'bpc_91_[1, 0, 4, 3, 2, 6]_1_6']
upper  80.0
lower  40.0
1.0
False
upper bound:80.0
lower bound:40.0
['bpc_129_[1, 0, 2, 3, 8]_1_8']
upper  80.0
lower  40.0
['bpc_129_[1, 0, 2, 3, 8]_1_8', 'bpc_129_[1, 0, 2, 4, 3, 8]_1_8']
upper  80.0
lower  40.0
['bpc_129_[1, 0, 2, 3, 8]_1_8', 'bpc_129_[1, 0, 2, 4, 3, 8]_1_8', 'bpc_129_[1, 0, 3, 8]_1_8']
upper  80.0
lower  40.0
['bpc_129_[1, 0, 2, 3, 8]_1_8', 'bpc_129_[1, 0, 2, 4, 3, 8]_1_8', 'bpc_129_[1, 0, 3, 8]_1_8', 'bpc_129_[1, 0, 4, 2, 3, 8]_1_8']
upper  80.0
lower  40.0
['bpc_129_[1, 0, 2, 3, 8]_1_8', 'bpc_129_[1, 0, 2, 4, 3, 8]_1_8', 'bpc_129_[1, 0, 3, 8]_1_8', 'bpc_129_[1, 0, 4, 2, 3, 8]_1_8', 'bpc_129_[1, 0, 4, 3, 8]_1_8']
upper  80.0
lower  40.0
1.0
False
upper bound:80.0
lower bound:40.0
['bpc_41_[1, 0, 2, 3, 8]_1_8']
upper  80.0
lower  40.0
['bpc_41_[1, 0, 2, 3, 8]_1_8', 'bpc_41_[1, 0, 2, 4, 3, 8]_1_8']
upper  80.0
lower  40.0
['bpc_41_[1, 0, 2, 3, 8]_1_8', 'bpc_41_[1, 0, 2, 4, 3, 8]_1_8', 'bpc_41_[1, 0, 3, 8]_1_8']
upper  80.0
lower  40.0
['bpc_41_[1, 0, 2, 3, 8]_1_8', 'bpc_41_[1, 0, 2, 4, 3, 8]_1_8', 'bpc_41_[1, 0, 3, 8]_1_8', 'bpc_41_[1, 0, 4, 2, 3, 8]_1_8']
upper  80.0
lower  40.0
['bpc_41_[1, 0, 2, 3, 8]_1_8', 'bpc_41_[1, 0, 2, 4, 3, 8]_1_8', 'bpc_41_[1, 0, 3, 8]_1_8', 'bpc_41_[1, 0, 4, 2, 3, 8]_1_8', 'bpc_41_[1, 0, 4, 3, 8]_1_8']
upper  80.0
lower  40.0
1.0
False
upper bound:80.0
lower bound:40.0
['bpc_196_[1, 0, 2, 3, 7]_1_7']
upper  80.0
lower  40.0
['bpc_196_[1, 0, 2, 3, 7]_1_7', 'bpc_196_[1, 0, 2, 4, 3, 7]_1_7']
upper  80.0
lower  40.0
['bpc_196_[1, 0, 2, 3, 7]_1_7', 'bpc_196_[1, 0, 2, 4, 3, 7]_1_7', 'bpc_196_[1, 0, 3, 7]_1_7']
upper  80.0
lower  40.0
['bpc_196_[1, 0, 2, 3, 7]_1_7', 'bpc_196_[1, 0, 2, 4, 3, 7]_1_7', 'bpc_196_[1, 0, 3, 7]_1_7', 'bpc_196_[1, 0, 4, 2, 3, 7]_1_7']
upper  80.0
lower  40.0
['bpc_196_[1, 0, 2, 3, 7]_1_7', 'bpc_196_[1, 0, 2, 4, 3, 7]_1_7', 'bpc_196_[1, 0, 3, 7]_1_7', 'bpc_196_[1, 0, 4, 2, 3, 7]_1_7', 'bpc_196_[1, 0, 4, 3, 7]_1_7']
upper  80.0
lower  40.0
1.0
False
upper bound:80.0
lower bound:40.0
['bpc_108_[1, 0, 2, 3, 7]_1_7']
upper  80.0
lower  40.0
['bpc_108_[1, 0, 2, 3, 7]_1_7', 'bpc_108_[1, 0, 2, 4, 3, 7]_1_7']
upper  80.0
lower  40.0
['bpc_108_[1, 0, 2, 3, 7]_1_7', 'bpc_108_[1, 0, 2, 4, 3, 7]_1_7', 'bpc_108_[1, 0, 3, 7]_1_7']
upper  80.0
lower  40.0
['bpc_108_[1, 0, 2, 3, 7]_1_7', 'bpc_108_[1, 0, 2, 4, 3, 7]_1_7', 'bpc_108_[1, 0, 3, 7]_1_7', 'bpc_108_[1, 0, 4, 2, 3, 7]_1_7']
upper  80.0
lower  40.0
['bpc_108_[1, 0, 2, 3, 7]_1_7', 'bpc_108_[1, 0, 2, 4, 3, 7]_1_7', 'bpc_108_[1, 0, 3, 7]_1_7', 'bpc_108_[1, 0, 4, 2, 3, 7]_1_7', 'bpc_108_[1, 0, 4, 3, 7]_1_7']
upper  80.0
lower  40.0
1.0
False
upper bound:80.0
lower bound:40.0
['bpc_7_[1, 0, 2, 5]_1_5']
upper  80.0
lower  40.0
['bpc_7_[1, 0, 2, 5]_1_5', 'bpc_7_[1, 0, 3, 2, 5]_1_5']
upper  80.0
lower  40.0
['bpc_7_[1, 0, 2, 5]_1_5', 'bpc_7_[1, 0, 3, 2, 5]_1_5', 'bpc_7_[1, 0, 3, 4, 2, 5]_1_5']
upper  80.0
lower  40.0
['bpc_7_[1, 0, 2, 5]_1_5', 'bpc_7_[1, 0, 3, 2, 5]_1_5', 'bpc_7_[1, 0, 3, 4, 2, 5]_1_5', 'bpc_7_[1, 0, 4, 2, 5]_1_5']
upper  80.0
lower  40.0
['bpc_7_[1, 0, 2, 5]_1_5', 'bpc_7_[1, 0, 3, 2, 5]_1_5', 'bpc_7_[1, 0, 3, 4, 2, 5]_1_5', 'bpc_7_[1, 0, 4, 2, 5]_1_5', 'bpc_7_[1, 0, 4, 3, 2, 5]_1_5']
upper  80.0
lower  40.0
1.0
False
upper bound:80.0
lower bound:40.0
['bpc_146_[1, 0, 2, 3, 4, 9]_1_9']
upper  80.0
lower  40.0
['bpc_146_[1, 0, 2, 3, 4, 9]_1_9', 'bpc_146_[1, 0, 2, 4, 9]_1_9']
upper  80.0
lower  40.0
['bpc_146_[1, 0, 2, 3, 4, 9]_1_9', 'bpc_146_[1, 0, 2, 4, 9]_1_9', 'bpc_146_[1, 0, 3, 2, 4, 9]_1_9']
upper  80.0
lower  40.0
['bpc_146_[1, 0, 2, 3, 4, 9]_1_9', 'bpc_146_[1, 0, 2, 4, 9]_1_9', 'bpc_146_[1, 0, 3, 2, 4, 9]_1_9', 'bpc_146_[1, 0, 3, 4, 9]_1_9']
upper  80.0
lower  40.0
['bpc_146_[1, 0, 2, 3, 4, 9]_1_9', 'bpc_146_[1, 0, 2, 4, 9]_1_9', 'bpc_146_[1, 0, 3, 2, 4, 9]_1_9', 'bpc_146_[1, 0, 3, 4, 9]_1_9', 'bpc_146_[1, 0, 4, 9]_1_9']
upper  80.0
lower  40.0
1.0
False
upper bound:80.0
lower bound:40.0
['bpc_58_[1, 0, 2, 3, 4, 9]_1_9']
upper  80.0
lower  40.0
['bpc_58_[1, 0, 2, 3, 4, 9]_1_9', 'bpc_58_[1, 0, 2, 4, 9]_1_9']
upper  80.0
lower  40.0
['bpc_58_[1, 0, 2, 3, 4, 9]_1_9', 'bpc_58_[1, 0, 2, 4, 9]_1_9', 'bpc_58_[1, 0, 3, 2, 4, 9]_1_9']
upper  80.0
lower  40.0
['bpc_58_[1, 0, 2, 3, 4, 9]_1_9', 'bpc_58_[1, 0, 2, 4, 9]_1_9', 'bpc_58_[1, 0, 3, 2, 4, 9]_1_9', 'bpc_58_[1, 0, 3, 4, 9]_1_9']
upper  80.0
lower  40.0
['bpc_58_[1, 0, 2, 3, 4, 9]_1_9', 'bpc_58_[1, 0, 2, 4, 9]_1_9', 'bpc_58_[1, 0, 3, 2, 4, 9]_1_9', 'bpc_58_[1, 0, 3, 4, 9]_1_9', 'bpc_58_[1, 0, 4, 9]_1_9']
upper  80.0
lower  40.0
1.0
False
upper bound:80.0
lower bound:40.0
['bpc_213_[1, 0]_1_0']
upper  80.0
lower  40.0
['bpc_213_[1, 0]_1_0', 'bpc_213_[1, 2, 0]_1_0']
upper  80.0
lower  40.0
['bpc_213_[1, 0]_1_0', 'bpc_213_[1, 2, 0]_1_0', 'bpc_213_[1, 2, 3, 0]_1_0']
upper  80.0
lower  40.0
['bpc_213_[1, 0]_1_0', 'bpc_213_[1, 2, 0]_1_0', 'bpc_213_[1, 2, 3, 0]_1_0', 'bpc_213_[1, 2, 3, 4, 0]_1_0']
upper  80.0
lower  40.0
['bpc_213_[1, 0]_1_0', 'bpc_213_[1, 2, 0]_1_0', 'bpc_213_[1, 2, 3, 0]_1_0', 'bpc_213_[1, 2, 3, 4, 0]_1_0', 'bpc_213_[1, 2, 4, 0]_1_0']
upper  80.0
lower  40.0
1.0
False
upper bound:80.0
lower bound:40.0
['bpc_188_[1, 0, 2, 3, 4]_1_4']
upper  80.0
lower  40.0
['bpc_188_[1, 0, 2, 3, 4]_1_4', 'bpc_188_[1, 0, 2, 4]_1_4']
upper  80.0
lower  40.0
['bpc_188_[1, 0, 2, 3, 4]_1_4', 'bpc_188_[1, 0, 2, 4]_1_4', 'bpc_188_[1, 0, 3, 2, 4]_1_4']
upper  80.0
lower  40.0
['bpc_188_[1, 0, 2, 3, 4]_1_4', 'bpc_188_[1, 0, 2, 4]_1_4', 'bpc_188_[1, 0, 3, 2, 4]_1_4', 'bpc_188_[1, 0, 3, 4]_1_4']
upper  80.0
lower  40.0
['bpc_188_[1, 0, 2, 3, 4]_1_4', 'bpc_188_[1, 0, 2, 4]_1_4', 'bpc_188_[1, 0, 3, 2, 4]_1_4', 'bpc_188_[1, 0, 3, 4]_1_4', 'bpc_188_[1, 0, 4]_1_4']
upper  80.0
lower  40.0
1.0
False
upper bound:80.0
lower bound:40.0
['bpc_125_[1, 0]_1_0']
upper  80.0
lower  40.0
['bpc_125_[1, 0]_1_0', 'bpc_125_[1, 2, 0]_1_0']
upper  80.0
lower  40.0
['bpc_125_[1, 0]_1_0', 'bpc_125_[1, 2, 0]_1_0', 'bpc_125_[1, 2, 3, 0]_1_0']
upper  80.0
lower  40.0
['bpc_125_[1, 0]_1_0', 'bpc_125_[1, 2, 0]_1_0', 'bpc_125_[1, 2, 3, 0]_1_0', 'bpc_125_[1, 2, 3, 4, 0]_1_0']
upper  80.0
lower  40.0
['bpc_125_[1, 0]_1_0', 'bpc_125_[1, 2, 0]_1_0', 'bpc_125_[1, 2, 3, 0]_1_0', 'bpc_125_[1, 2, 3, 4, 0]_1_0', 'bpc_125_[1, 2, 4, 0]_1_0']
upper  80.0
lower  40.0
1.0
False
upper bound:80.0
lower bound:40.0
['bpc_163_[1, 0, 2, 3, 4, 10]_1_10']
upper  80.0
lower  40.0
['bpc_163_[1, 0, 2, 3, 4, 10]_1_10', 'bpc_163_[1, 0, 2, 4, 10]_1_10']
upper  80.0
lower  40.0
['bpc_163_[1, 0, 2, 3, 4, 10]_1_10', 'bpc_163_[1, 0, 2, 4, 10]_1_10', 'bpc_163_[1, 0, 3, 2, 4, 10]_1_10']
upper  80.0
lower  40.0
['bpc_163_[1, 0, 2, 3, 4, 10]_1_10', 'bpc_163_[1, 0, 2, 4, 10]_1_10', 'bpc_163_[1, 0, 3, 2, 4, 10]_1_10', 'bpc_163_[1, 0, 3, 4, 10]_1_10']
upper  80.0
lower  40.0
['bpc_163_[1, 0, 2, 3, 4, 10]_1_10', 'bpc_163_[1, 0, 2, 4, 10]_1_10', 'bpc_163_[1, 0, 3, 2, 4, 10]_1_10', 'bpc_163_[1, 0, 3, 4, 10]_1_10', 'bpc_163_[1, 0, 4, 10]_1_10']
upper  80.0
lower  40.0
1.0
False
upper bound:80.0
lower bound:40.0
['bpc_100_[1, 0, 2, 3, 4]_1_4']
upper  80.0
lower  40.0
['bpc_100_[1, 0, 2, 3, 4]_1_4', 'bpc_100_[1, 0, 2, 4]_1_4']
upper  80.0
lower  40.0
['bpc_100_[1, 0, 2, 3, 4]_1_4', 'bpc_100_[1, 0, 2, 4]_1_4', 'bpc_100_[1, 0, 3, 2, 4]_1_4']
upper  80.0
lower  40.0
['bpc_100_[1, 0, 2, 3, 4]_1_4', 'bpc_100_[1, 0, 2, 4]_1_4', 'bpc_100_[1, 0, 3, 2, 4]_1_4', 'bpc_100_[1, 0, 3, 4]_1_4']
upper  80.0
lower  40.0
['bpc_100_[1, 0, 2, 3, 4]_1_4', 'bpc_100_[1, 0, 2, 4]_1_4', 'bpc_100_[1, 0, 3, 2, 4]_1_4', 'bpc_100_[1, 0, 3, 4]_1_4', 'bpc_100_[1, 0, 4]_1_4']
upper  80.0
lower  40.0
1.0
False
upper bound:80.0
lower bound:40.0
['bpc_138_[1, 0, 2]_1_2']
upper  80.0
lower  40.0
['bpc_138_[1, 0, 2]_1_2', 'bpc_138_[1, 0, 3, 2]_1_2']
upper  80.0
lower  40.0
['bpc_138_[1, 0, 2]_1_2', 'bpc_138_[1, 0, 3, 2]_1_2', 'bpc_138_[1, 0, 3, 4, 2]_1_2']
upper  80.0
lower  40.0
['bpc_138_[1, 0, 2]_1_2', 'bpc_138_[1, 0, 3, 2]_1_2', 'bpc_138_[1, 0, 3, 4, 2]_1_2', 'bpc_138_[1, 0, 4, 2]_1_2']
upper  80.0
lower  40.0
['bpc_138_[1, 0, 2]_1_2', 'bpc_138_[1, 0, 3, 2]_1_2', 'bpc_138_[1, 0, 3, 4, 2]_1_2', 'bpc_138_[1, 0, 4, 2]_1_2', 'bpc_138_[1, 0, 4, 3, 2]_1_2']
upper  80.0
lower  40.0
1.0
False
upper bound:80.0
lower bound:40.0
['bpc_75_[1, 0, 2, 3, 4, 10]_1_10']
upper  80.0
lower  40.0
['bpc_75_[1, 0, 2, 3, 4, 10]_1_10', 'bpc_75_[1, 0, 2, 4, 10]_1_10']
upper  80.0
lower  40.0
['bpc_75_[1, 0, 2, 3, 4, 10]_1_10', 'bpc_75_[1, 0, 2, 4, 10]_1_10', 'bpc_75_[1, 0, 3, 2, 4, 10]_1_10']
upper  80.0
lower  40.0
['bpc_75_[1, 0, 2, 3, 4, 10]_1_10', 'bpc_75_[1, 0, 2, 4, 10]_1_10', 'bpc_75_[1, 0, 3, 2, 4, 10]_1_10', 'bpc_75_[1, 0, 3, 4, 10]_1_10']
upper  80.0
lower  40.0
['bpc_75_[1, 0, 2, 3, 4, 10]_1_10', 'bpc_75_[1, 0, 2, 4, 10]_1_10', 'bpc_75_[1, 0, 3, 2, 4, 10]_1_10', 'bpc_75_[1, 0, 3, 4, 10]_1_10', 'bpc_75_[1, 0, 4, 10]_1_10']
upper  80.0
lower  40.0
1.0
False
upper bound:80.0
lower bound:40.0
['bpc_50_[1, 0, 2]_1_2']
upper  80.0
lower  40.0
['bpc_50_[1, 0, 2]_1_2', 'bpc_50_[1, 0, 3, 2]_1_2']
upper  80.0
lower  40.0
['bpc_50_[1, 0, 2]_1_2', 'bpc_50_[1, 0, 3, 2]_1_2', 'bpc_50_[1, 0, 3, 4, 2]_1_2']
upper  80.0
lower  40.0
['bpc_50_[1, 0, 2]_1_2', 'bpc_50_[1, 0, 3, 2]_1_2', 'bpc_50_[1, 0, 3, 4, 2]_1_2', 'bpc_50_[1, 0, 4, 2]_1_2']
upper  80.0
lower  40.0
['bpc_50_[1, 0, 2]_1_2', 'bpc_50_[1, 0, 3, 2]_1_2', 'bpc_50_[1, 0, 3, 4, 2]_1_2', 'bpc_50_[1, 0, 4, 2]_1_2', 'bpc_50_[1, 0, 4, 3, 2]_1_2']
upper  80.0
lower  40.0
1.0
False
upper bound:80.0
lower bound:40.0
['bpc_205_[1, 0, 2, 5]_1_5']
upper  80.0
lower  40.0
['bpc_205_[1, 0, 2, 5]_1_5', 'bpc_205_[1, 0, 3, 2, 5]_1_5']
upper  80.0
lower  40.0
['bpc_205_[1, 0, 2, 5]_1_5', 'bpc_205_[1, 0, 3, 2, 5]_1_5', 'bpc_205_[1, 0, 3, 4, 2, 5]_1_5']
upper  80.0
lower  40.0
['bpc_205_[1, 0, 2, 5]_1_5', 'bpc_205_[1, 0, 3, 2, 5]_1_5', 'bpc_205_[1, 0, 3, 4, 2, 5]_1_5', 'bpc_205_[1, 0, 4, 2, 5]_1_5']
upper  80.0
lower  40.0
['bpc_205_[1, 0, 2, 5]_1_5', 'bpc_205_[1, 0, 3, 2, 5]_1_5', 'bpc_205_[1, 0, 3, 4, 2, 5]_1_5', 'bpc_205_[1, 0, 4, 2, 5]_1_5', 'bpc_205_[1, 0, 4, 3, 2, 5]_1_5']
upper  80.0
lower  40.0
1.0
False
upper bound:80.0
lower bound:40.0
['bpc_25_[1, 0, 2, 6]_1_6']
upper  80.0
lower  40.0
['bpc_25_[1, 0, 2, 6]_1_6', 'bpc_25_[1, 0, 3, 2, 6]_1_6']
upper  80.0
lower  40.0
['bpc_25_[1, 0, 2, 6]_1_6', 'bpc_25_[1, 0, 3, 2, 6]_1_6', 'bpc_25_[1, 0, 3, 4, 2, 6]_1_6']
upper  80.0
lower  40.0
['bpc_25_[1, 0, 2, 6]_1_6', 'bpc_25_[1, 0, 3, 2, 6]_1_6', 'bpc_25_[1, 0, 3, 4, 2, 6]_1_6', 'bpc_25_[1, 0, 4, 2, 6]_1_6']
upper  80.0
lower  40.0
['bpc_25_[1, 0, 2, 6]_1_6', 'bpc_25_[1, 0, 3, 2, 6]_1_6', 'bpc_25_[1, 0, 3, 4, 2, 6]_1_6', 'bpc_25_[1, 0, 4, 2, 6]_1_6', 'bpc_25_[1, 0, 4, 3, 2, 6]_1_6']
upper  80.0
lower  40.0
1.0
False
upper bound:80.0
lower bound:40.0
['bpc_117_[1, 0, 2, 5]_1_5']
upper  80.0
lower  40.0
['bpc_117_[1, 0, 2, 5]_1_5', 'bpc_117_[1, 0, 3, 2, 5]_1_5']
upper  80.0
lower  40.0
['bpc_117_[1, 0, 2, 5]_1_5', 'bpc_117_[1, 0, 3, 2, 5]_1_5', 'bpc_117_[1, 0, 3, 4, 2, 5]_1_5']
upper  80.0
lower  40.0
['bpc_117_[1, 0, 2, 5]_1_5', 'bpc_117_[1, 0, 3, 2, 5]_1_5', 'bpc_117_[1, 0, 3, 4, 2, 5]_1_5', 'bpc_117_[1, 0, 4, 2, 5]_1_5']
upper  80.0
lower  40.0
['bpc_117_[1, 0, 2, 5]_1_5', 'bpc_117_[1, 0, 3, 2, 5]_1_5', 'bpc_117_[1, 0, 3, 4, 2, 5]_1_5', 'bpc_117_[1, 0, 4, 2, 5]_1_5', 'bpc_117_[1, 0, 4, 3, 2, 5]_1_5']
upper  80.0
lower  40.0
1.0
False
upper bound:80.0
lower bound:40.0
['bpc_155_[1, 0, 2, 3]_1_3']
upper  80.0
lower  40.0
['bpc_155_[1, 0, 2, 3]_1_3', 'bpc_155_[1, 0, 2, 4, 3]_1_3']
upper  80.0
lower  40.0
['bpc_155_[1, 0, 2, 3]_1_3', 'bpc_155_[1, 0, 2, 4, 3]_1_3', 'bpc_155_[1, 0, 3]_1_3']
upper  80.0
lower  40.0
['bpc_155_[1, 0, 2, 3]_1_3', 'bpc_155_[1, 0, 2, 4, 3]_1_3', 'bpc_155_[1, 0, 3]_1_3', 'bpc_155_[1, 0, 4, 2, 3]_1_3']
upper  80.0
lower  40.0
['bpc_155_[1, 0, 2, 3]_1_3', 'bpc_155_[1, 0, 2, 4, 3]_1_3', 'bpc_155_[1, 0, 3]_1_3', 'bpc_155_[1, 0, 4, 2, 3]_1_3', 'bpc_155_[1, 0, 4, 3]_1_3']
upper  80.0
lower  40.0
1.0
False
upper bound:80.0
lower bound:40.0
['bpc_130_[1, 0, 2, 3, 7]_1_7']
upper  80.0
lower  40.0
['bpc_130_[1, 0, 2, 3, 7]_1_7', 'bpc_130_[1, 0, 2, 4, 3, 7]_1_7']
upper  80.0
lower  40.0
['bpc_130_[1, 0, 2, 3, 7]_1_7', 'bpc_130_[1, 0, 2, 4, 3, 7]_1_7', 'bpc_130_[1, 0, 3, 7]_1_7']
upper  80.0
lower  40.0
['bpc_130_[1, 0, 2, 3, 7]_1_7', 'bpc_130_[1, 0, 2, 4, 3, 7]_1_7', 'bpc_130_[1, 0, 3, 7]_1_7', 'bpc_130_[1, 0, 4, 2, 3, 7]_1_7']
upper  80.0
lower  40.0
['bpc_130_[1, 0, 2, 3, 7]_1_7', 'bpc_130_[1, 0, 2, 4, 3, 7]_1_7', 'bpc_130_[1, 0, 3, 7]_1_7', 'bpc_130_[1, 0, 4, 2, 3, 7]_1_7', 'bpc_130_[1, 0, 4, 3, 7]_1_7']
upper  80.0
lower  40.0
1.0
False
upper bound:80.0
lower bound:40.0
['bpc_67_[1, 0, 2, 3]_1_3']
upper  80.0
lower  40.0
['bpc_67_[1, 0, 2, 3]_1_3', 'bpc_67_[1, 0, 2, 4, 3]_1_3']
upper  80.0
lower  40.0
['bpc_67_[1, 0, 2, 3]_1_3', 'bpc_67_[1, 0, 2, 4, 3]_1_3', 'bpc_67_[1, 0, 3]_1_3']
upper  80.0
lower  40.0
['bpc_67_[1, 0, 2, 3]_1_3', 'bpc_67_[1, 0, 2, 4, 3]_1_3', 'bpc_67_[1, 0, 3]_1_3', 'bpc_67_[1, 0, 4, 2, 3]_1_3']
upper  80.0
lower  40.0
['bpc_67_[1, 0, 2, 3]_1_3', 'bpc_67_[1, 0, 2, 4, 3]_1_3', 'bpc_67_[1, 0, 3]_1_3', 'bpc_67_[1, 0, 4, 2, 3]_1_3', 'bpc_67_[1, 0, 4, 3]_1_3']
upper  80.0
lower  40.0
1.0
False
upper bound:80.0
lower bound:40.0
['bpc_42_[1, 0, 2, 3, 7]_1_7']
upper  80.0
lower  40.0
['bpc_42_[1, 0, 2, 3, 7]_1_7', 'bpc_42_[1, 0, 2, 4, 3, 7]_1_7']
upper  80.0
lower  40.0
['bpc_42_[1, 0, 2, 3, 7]_1_7', 'bpc_42_[1, 0, 2, 4, 3, 7]_1_7', 'bpc_42_[1, 0, 3, 7]_1_7']
upper  80.0
lower  40.0
['bpc_42_[1, 0, 2, 3, 7]_1_7', 'bpc_42_[1, 0, 2, 4, 3, 7]_1_7', 'bpc_42_[1, 0, 3, 7]_1_7', 'bpc_42_[1, 0, 4, 2, 3, 7]_1_7']
upper  80.0
lower  40.0
['bpc_42_[1, 0, 2, 3, 7]_1_7', 'bpc_42_[1, 0, 2, 4, 3, 7]_1_7', 'bpc_42_[1, 0, 3, 7]_1_7', 'bpc_42_[1, 0, 4, 2, 3, 7]_1_7', 'bpc_42_[1, 0, 4, 3, 7]_1_7']
upper  80.0
lower  40.0
1.0
False
upper bound:80.0
lower bound:40.0
['bpc_147_[1, 0]_1_0']
upper  80.0
lower  40.0
['bpc_147_[1, 0]_1_0', 'bpc_147_[1, 2, 0]_1_0']
upper  80.0
lower  40.0
['bpc_147_[1, 0]_1_0', 'bpc_147_[1, 2, 0]_1_0', 'bpc_147_[1, 2, 3, 0]_1_0']
upper  80.0
lower  40.0
['bpc_147_[1, 0]_1_0', 'bpc_147_[1, 2, 0]_1_0', 'bpc_147_[1, 2, 3, 0]_1_0', 'bpc_147_[1, 2, 3, 4, 0]_1_0']
upper  80.0
lower  40.0
['bpc_147_[1, 0]_1_0', 'bpc_147_[1, 2, 0]_1_0', 'bpc_147_[1, 2, 3, 0]_1_0', 'bpc_147_[1, 2, 3, 4, 0]_1_0', 'bpc_147_[1, 2, 4, 0]_1_0']
upper  80.0
lower  40.0
1.0
False
upper bound:80.0
lower bound:40.0
['bpc_59_[1, 0]_1_0']
upper  80.0
lower  40.0
['bpc_59_[1, 0]_1_0', 'bpc_59_[1, 2, 0]_1_0']
upper  80.0
lower  40.0
['bpc_59_[1, 0]_1_0', 'bpc_59_[1, 2, 0]_1_0', 'bpc_59_[1, 2, 3, 0]_1_0']
upper  80.0
lower  40.0
['bpc_59_[1, 0]_1_0', 'bpc_59_[1, 2, 0]_1_0', 'bpc_59_[1, 2, 3, 0]_1_0', 'bpc_59_[1, 2, 3, 4, 0]_1_0']
upper  80.0
lower  40.0
['bpc_59_[1, 0]_1_0', 'bpc_59_[1, 2, 0]_1_0', 'bpc_59_[1, 2, 3, 0]_1_0', 'bpc_59_[1, 2, 3, 4, 0]_1_0', 'bpc_59_[1, 2, 4, 0]_1_0']
upper  80.0
lower  40.0
1.0
False
upper bound:80.0
lower bound:40.0
['bpc_34_[1, 0, 2, 3, 4]_1_4']
upper  80.0
lower  40.0
['bpc_34_[1, 0, 2, 3, 4]_1_4', 'bpc_34_[1, 0, 2, 4]_1_4']
upper  80.0
lower  40.0
['bpc_34_[1, 0, 2, 3, 4]_1_4', 'bpc_34_[1, 0, 2, 4]_1_4', 'bpc_34_[1, 0, 3, 2, 4]_1_4']
upper  80.0
lower  40.0
['bpc_34_[1, 0, 2, 3, 4]_1_4', 'bpc_34_[1, 0, 2, 4]_1_4', 'bpc_34_[1, 0, 3, 2, 4]_1_4', 'bpc_34_[1, 0, 3, 4]_1_4']
upper  80.0
lower  40.0
['bpc_34_[1, 0, 2, 3, 4]_1_4', 'bpc_34_[1, 0, 2, 4]_1_4', 'bpc_34_[1, 0, 3, 2, 4]_1_4', 'bpc_34_[1, 0, 3, 4]_1_4', 'bpc_34_[1, 0, 4]_1_4']
upper  80.0
lower  40.0
1.0
False
upper bound:80.0
lower bound:40.0
['bpc_9_[1, 0, 2, 3, 4, 10]_1_10']
upper  80.0
lower  40.0
['bpc_9_[1, 0, 2, 3, 4, 10]_1_10', 'bpc_9_[1, 0, 2, 4, 10]_1_10']
upper  80.0
lower  40.0
['bpc_9_[1, 0, 2, 3, 4, 10]_1_10', 'bpc_9_[1, 0, 2, 4, 10]_1_10', 'bpc_9_[1, 0, 3, 2, 4, 10]_1_10']
upper  80.0
lower  40.0
['bpc_9_[1, 0, 2, 3, 4, 10]_1_10', 'bpc_9_[1, 0, 2, 4, 10]_1_10', 'bpc_9_[1, 0, 3, 2, 4, 10]_1_10', 'bpc_9_[1, 0, 3, 4, 10]_1_10']
upper  80.0
lower  40.0
['bpc_9_[1, 0, 2, 3, 4, 10]_1_10', 'bpc_9_[1, 0, 2, 4, 10]_1_10', 'bpc_9_[1, 0, 3, 2, 4, 10]_1_10', 'bpc_9_[1, 0, 3, 4, 10]_1_10', 'bpc_9_[1, 0, 4, 10]_1_10']
upper  80.0
lower  40.0
1.0
False
upper bound:80.0
lower bound:40.0
['bpc_164_[1, 0, 1]_1_1']
upper  80.0
lower  40.0
['bpc_164_[1, 0, 1]_1_1', 'bpc_164_[1, 0, 2, 1]_1_1']
upper  80.0
lower  40.0
['bpc_164_[1, 0, 1]_1_1', 'bpc_164_[1, 0, 2, 1]_1_1', 'bpc_164_[1, 0, 2, 3, 1]_1_1']
upper  80.0
lower  40.0
['bpc_164_[1, 0, 1]_1_1', 'bpc_164_[1, 0, 2, 1]_1_1', 'bpc_164_[1, 0, 2, 3, 1]_1_1', 'bpc_164_[1, 0, 2, 3, 4, 1]_1_1']
upper  80.0
lower  40.0
['bpc_164_[1, 0, 1]_1_1', 'bpc_164_[1, 0, 2, 1]_1_1', 'bpc_164_[1, 0, 2, 3, 1]_1_1', 'bpc_164_[1, 0, 2, 3, 4, 1]_1_1', 'bpc_164_[1, 0, 2, 4, 1]_1_1']
upper  80.0
lower  40.0
1.0
False
upper bound:80.0
lower bound:40.0
['bpc_139_[1, 0, 2, 5]_1_5']
upper  80.0
lower  40.0
['bpc_139_[1, 0, 2, 5]_1_5', 'bpc_139_[1, 0, 3, 2, 5]_1_5']
upper  80.0
lower  40.0
['bpc_139_[1, 0, 2, 5]_1_5', 'bpc_139_[1, 0, 3, 2, 5]_1_5', 'bpc_139_[1, 0, 3, 4, 2, 5]_1_5']
upper  80.0
lower  40.0
['bpc_139_[1, 0, 2, 5]_1_5', 'bpc_139_[1, 0, 3, 2, 5]_1_5', 'bpc_139_[1, 0, 3, 4, 2, 5]_1_5', 'bpc_139_[1, 0, 4, 2, 5]_1_5']
upper  80.0
lower  40.0
['bpc_139_[1, 0, 2, 5]_1_5', 'bpc_139_[1, 0, 3, 2, 5]_1_5', 'bpc_139_[1, 0, 3, 4, 2, 5]_1_5', 'bpc_139_[1, 0, 4, 2, 5]_1_5', 'bpc_139_[1, 0, 4, 3, 2, 5]_1_5']
upper  80.0
lower  40.0
1.0
False
upper bound:80.0
lower bound:40.0
['bpc_76_[1, 0, 1]_1_1']
upper  80.0
lower  40.0
['bpc_76_[1, 0, 1]_1_1', 'bpc_76_[1, 0, 2, 1]_1_1']
upper  80.0
lower  40.0
['bpc_76_[1, 0, 1]_1_1', 'bpc_76_[1, 0, 2, 1]_1_1', 'bpc_76_[1, 0, 2, 3, 1]_1_1']
upper  80.0
lower  40.0
['bpc_76_[1, 0, 1]_1_1', 'bpc_76_[1, 0, 2, 1]_1_1', 'bpc_76_[1, 0, 2, 3, 1]_1_1', 'bpc_76_[1, 0, 2, 3, 4, 1]_1_1']
upper  80.0
lower  40.0
['bpc_76_[1, 0, 1]_1_1', 'bpc_76_[1, 0, 2, 1]_1_1', 'bpc_76_[1, 0, 2, 3, 1]_1_1', 'bpc_76_[1, 0, 2, 3, 4, 1]_1_1', 'bpc_76_[1, 0, 2, 4, 1]_1_1']
upper  80.0
lower  40.0
1.0
False
upper bound:80.0
lower bound:40.0
['bpc_51_[1, 0, 2, 5]_1_5']
upper  80.0
lower  40.0
['bpc_51_[1, 0, 2, 5]_1_5', 'bpc_51_[1, 0, 3, 2, 5]_1_5']
upper  80.0
lower  40.0
['bpc_51_[1, 0, 2, 5]_1_5', 'bpc_51_[1, 0, 3, 2, 5]_1_5', 'bpc_51_[1, 0, 3, 4, 2, 5]_1_5']
upper  80.0
lower  40.0
['bpc_51_[1, 0, 2, 5]_1_5', 'bpc_51_[1, 0, 3, 2, 5]_1_5', 'bpc_51_[1, 0, 3, 4, 2, 5]_1_5', 'bpc_51_[1, 0, 4, 2, 5]_1_5']
upper  80.0
lower  40.0
['bpc_51_[1, 0, 2, 5]_1_5', 'bpc_51_[1, 0, 3, 2, 5]_1_5', 'bpc_51_[1, 0, 3, 4, 2, 5]_1_5', 'bpc_51_[1, 0, 4, 2, 5]_1_5', 'bpc_51_[1, 0, 4, 3, 2, 5]_1_5']
upper  80.0
lower  40.0
1.0
False
upper bound:80.0
lower bound:40.0
['bpc_1_[1, 0, 2, 3]_1_3']
upper  80.0
lower  40.0
['bpc_1_[1, 0, 2, 3]_1_3', 'bpc_1_[1, 0, 2, 4, 3]_1_3']
upper  80.0
lower  40.0
['bpc_1_[1, 0, 2, 3]_1_3', 'bpc_1_[1, 0, 2, 4, 3]_1_3', 'bpc_1_[1, 0, 3]_1_3']
upper  80.0
lower  40.0
['bpc_1_[1, 0, 2, 3]_1_3', 'bpc_1_[1, 0, 2, 4, 3]_1_3', 'bpc_1_[1, 0, 3]_1_3', 'bpc_1_[1, 0, 4, 2, 3]_1_3']
upper  80.0
lower  40.0
['bpc_1_[1, 0, 2, 3]_1_3', 'bpc_1_[1, 0, 2, 4, 3]_1_3', 'bpc_1_[1, 0, 3]_1_3', 'bpc_1_[1, 0, 4, 2, 3]_1_3', 'bpc_1_[1, 0, 4, 3]_1_3']
upper  80.0
lower  40.0
1.0
False
upper bound:80.0
lower bound:40.0
['bpc_173_[1, 0, 2, 3, 8]_1_8']
upper  80.0
lower  40.0
['bpc_173_[1, 0, 2, 3, 8]_1_8', 'bpc_173_[1, 0, 2, 4, 3, 8]_1_8']
upper  80.0
lower  40.0
['bpc_173_[1, 0, 2, 3, 8]_1_8', 'bpc_173_[1, 0, 2, 4, 3, 8]_1_8', 'bpc_173_[1, 0, 3, 8]_1_8']
upper  80.0
lower  40.0
['bpc_173_[1, 0, 2, 3, 8]_1_8', 'bpc_173_[1, 0, 2, 4, 3, 8]_1_8', 'bpc_173_[1, 0, 3, 8]_1_8', 'bpc_173_[1, 0, 4, 2, 3, 8]_1_8']
upper  80.0
lower  40.0
['bpc_173_[1, 0, 2, 3, 8]_1_8', 'bpc_173_[1, 0, 2, 4, 3, 8]_1_8', 'bpc_173_[1, 0, 3, 8]_1_8', 'bpc_173_[1, 0, 4, 2, 3, 8]_1_8', 'bpc_173_[1, 0, 4, 3, 8]_1_8']
upper  80.0
lower  40.0
1.0
False
upper bound:80.0
lower bound:40.0
['bpc_85_[1, 0, 2, 3, 8]_1_8']
upper  80.0
lower  40.0
['bpc_85_[1, 0, 2, 3, 8]_1_8', 'bpc_85_[1, 0, 2, 4, 3, 8]_1_8']
upper  80.0
lower  40.0
['bpc_85_[1, 0, 2, 3, 8]_1_8', 'bpc_85_[1, 0, 2, 4, 3, 8]_1_8', 'bpc_85_[1, 0, 3, 8]_1_8']
upper  80.0
lower  40.0
['bpc_85_[1, 0, 2, 3, 8]_1_8', 'bpc_85_[1, 0, 2, 4, 3, 8]_1_8', 'bpc_85_[1, 0, 3, 8]_1_8', 'bpc_85_[1, 0, 4, 2, 3, 8]_1_8']
upper  80.0
lower  40.0
['bpc_85_[1, 0, 2, 3, 8]_1_8', 'bpc_85_[1, 0, 2, 4, 3, 8]_1_8', 'bpc_85_[1, 0, 3, 8]_1_8', 'bpc_85_[1, 0, 4, 2, 3, 8]_1_8', 'bpc_85_[1, 0, 4, 3, 8]_1_8']
upper  80.0
lower  40.0
1.0
False
upper bound:80.0
lower bound:40.0
['bpc_190_[1, 0, 2, 3, 4, 9]_1_9']
upper  80.0
lower  40.0
['bpc_190_[1, 0, 2, 3, 4, 9]_1_9', 'bpc_190_[1, 0, 2, 4, 9]_1_9']
upper  80.0
lower  40.0
['bpc_190_[1, 0, 2, 3, 4, 9]_1_9', 'bpc_190_[1, 0, 2, 4, 9]_1_9', 'bpc_190_[1, 0, 3, 2, 4, 9]_1_9']
upper  80.0
lower  40.0
['bpc_190_[1, 0, 2, 3, 4, 9]_1_9', 'bpc_190_[1, 0, 2, 4, 9]_1_9', 'bpc_190_[1, 0, 3, 2, 4, 9]_1_9', 'bpc_190_[1, 0, 3, 4, 9]_1_9']
upper  80.0
lower  40.0
['bpc_190_[1, 0, 2, 3, 4, 9]_1_9', 'bpc_190_[1, 0, 2, 4, 9]_1_9', 'bpc_190_[1, 0, 3, 2, 4, 9]_1_9', 'bpc_190_[1, 0, 3, 4, 9]_1_9', 'bpc_190_[1, 0, 4, 9]_1_9']
upper  80.0
lower  40.0
1.0
False
upper bound:80.0
lower bound:40.0
['bpc_10_[1, 0, 1]_1_1']
upper  80.0
lower  40.0
['bpc_10_[1, 0, 1]_1_1', 'bpc_10_[1, 0, 2, 1]_1_1']
upper  80.0
lower  40.0
['bpc_10_[1, 0, 1]_1_1', 'bpc_10_[1, 0, 2, 1]_1_1', 'bpc_10_[1, 0, 2, 3, 1]_1_1']
upper  80.0
lower  40.0
['bpc_10_[1, 0, 1]_1_1', 'bpc_10_[1, 0, 2, 1]_1_1', 'bpc_10_[1, 0, 2, 3, 1]_1_1', 'bpc_10_[1, 0, 2, 3, 4, 1]_1_1']
upper  80.0
lower  40.0
['bpc_10_[1, 0, 1]_1_1', 'bpc_10_[1, 0, 2, 1]_1_1', 'bpc_10_[1, 0, 2, 3, 1]_1_1', 'bpc_10_[1, 0, 2, 3, 4, 1]_1_1', 'bpc_10_[1, 0, 2, 4, 1]_1_1']
upper  80.0
lower  40.0
1.0
False
upper bound:80.0
lower bound:40.0
['bpc_102_[1, 0, 2, 3, 4, 9]_1_9']
upper  80.0
lower  40.0
['bpc_102_[1, 0, 2, 3, 4, 9]_1_9', 'bpc_102_[1, 0, 2, 4, 9]_1_9']
upper  80.0
lower  40.0
['bpc_102_[1, 0, 2, 3, 4, 9]_1_9', 'bpc_102_[1, 0, 2, 4, 9]_1_9', 'bpc_102_[1, 0, 3, 2, 4, 9]_1_9']
upper  80.0
lower  40.0
['bpc_102_[1, 0, 2, 3, 4, 9]_1_9', 'bpc_102_[1, 0, 2, 4, 9]_1_9', 'bpc_102_[1, 0, 3, 2, 4, 9]_1_9', 'bpc_102_[1, 0, 3, 4, 9]_1_9']
upper  80.0
lower  40.0
['bpc_102_[1, 0, 2, 3, 4, 9]_1_9', 'bpc_102_[1, 0, 2, 4, 9]_1_9', 'bpc_102_[1, 0, 3, 2, 4, 9]_1_9', 'bpc_102_[1, 0, 3, 4, 9]_1_9', 'bpc_102_[1, 0, 4, 9]_1_9']
upper  80.0
lower  40.0
1.0
False
upper bound:80.0
lower bound:40.0
['bpc_207_[1, 0, 2, 3, 4, 10]_1_10']
upper  80.0
lower  40.0
['bpc_207_[1, 0, 2, 3, 4, 10]_1_10', 'bpc_207_[1, 0, 2, 4, 10]_1_10']
upper  80.0
lower  40.0
['bpc_207_[1, 0, 2, 3, 4, 10]_1_10', 'bpc_207_[1, 0, 2, 4, 10]_1_10', 'bpc_207_[1, 0, 3, 2, 4, 10]_1_10']
upper  80.0
lower  40.0
['bpc_207_[1, 0, 2, 3, 4, 10]_1_10', 'bpc_207_[1, 0, 2, 4, 10]_1_10', 'bpc_207_[1, 0, 3, 2, 4, 10]_1_10', 'bpc_207_[1, 0, 3, 4, 10]_1_10']
upper  80.0
lower  40.0
['bpc_207_[1, 0, 2, 3, 4, 10]_1_10', 'bpc_207_[1, 0, 2, 4, 10]_1_10', 'bpc_207_[1, 0, 3, 2, 4, 10]_1_10', 'bpc_207_[1, 0, 3, 4, 10]_1_10', 'bpc_207_[1, 0, 4, 10]_1_10']
upper  80.0
lower  40.0
1.0
False
upper bound:80.0
lower bound:40.0
['bpc_182_[1, 0, 2]_1_2']
upper  80.0
lower  40.0
['bpc_182_[1, 0, 2]_1_2', 'bpc_182_[1, 0, 3, 2]_1_2']
upper  80.0
lower  40.0
['bpc_182_[1, 0, 2]_1_2', 'bpc_182_[1, 0, 3, 2]_1_2', 'bpc_182_[1, 0, 3, 4, 2]_1_2']
upper  80.0
lower  40.0
['bpc_182_[1, 0, 2]_1_2', 'bpc_182_[1, 0, 3, 2]_1_2', 'bpc_182_[1, 0, 3, 4, 2]_1_2', 'bpc_182_[1, 0, 4, 2]_1_2']
upper  80.0
lower  40.0
['bpc_182_[1, 0, 2]_1_2', 'bpc_182_[1, 0, 3, 2]_1_2', 'bpc_182_[1, 0, 3, 4, 2]_1_2', 'bpc_182_[1, 0, 4, 2]_1_2', 'bpc_182_[1, 0, 4, 3, 2]_1_2']
upper  80.0
lower  40.0
1.0
False
upper bound:80.0
lower bound:40.0
['bpc_119_[1, 0, 2, 3, 4, 10]_1_10']
upper  80.0
lower  40.0
['bpc_119_[1, 0, 2, 3, 4, 10]_1_10', 'bpc_119_[1, 0, 2, 4, 10]_1_10']
upper  80.0
lower  40.0
['bpc_119_[1, 0, 2, 3, 4, 10]_1_10', 'bpc_119_[1, 0, 2, 4, 10]_1_10', 'bpc_119_[1, 0, 3, 2, 4, 10]_1_10']
upper  80.0
lower  40.0
['bpc_119_[1, 0, 2, 3, 4, 10]_1_10', 'bpc_119_[1, 0, 2, 4, 10]_1_10', 'bpc_119_[1, 0, 3, 2, 4, 10]_1_10', 'bpc_119_[1, 0, 3, 4, 10]_1_10']
upper  80.0
lower  40.0
['bpc_119_[1, 0, 2, 3, 4, 10]_1_10', 'bpc_119_[1, 0, 2, 4, 10]_1_10', 'bpc_119_[1, 0, 3, 2, 4, 10]_1_10', 'bpc_119_[1, 0, 3, 4, 10]_1_10', 'bpc_119_[1, 0, 4, 10]_1_10']
upper  80.0
lower  40.0
1.0
False
upper bound:80.0
lower bound:40.0
['bpc_157_[1, 0, 2, 6]_1_6']
upper  80.0
lower  40.0
['bpc_157_[1, 0, 2, 6]_1_6', 'bpc_157_[1, 0, 3, 2, 6]_1_6']
upper  80.0
lower  40.0
['bpc_157_[1, 0, 2, 6]_1_6', 'bpc_157_[1, 0, 3, 2, 6]_1_6', 'bpc_157_[1, 0, 3, 4, 2, 6]_1_6']
upper  80.0
lower  40.0
['bpc_157_[1, 0, 2, 6]_1_6', 'bpc_157_[1, 0, 3, 2, 6]_1_6', 'bpc_157_[1, 0, 3, 4, 2, 6]_1_6', 'bpc_157_[1, 0, 4, 2, 6]_1_6']
upper  80.0
lower  40.0
['bpc_157_[1, 0, 2, 6]_1_6', 'bpc_157_[1, 0, 3, 2, 6]_1_6', 'bpc_157_[1, 0, 3, 4, 2, 6]_1_6', 'bpc_157_[1, 0, 4, 2, 6]_1_6', 'bpc_157_[1, 0, 4, 3, 2, 6]_1_6']
upper  80.0
lower  40.0
1.0
False
upper bound:80.0
lower bound:40.0
['bpc_94_[1, 0, 2]_1_2']
upper  80.0
lower  40.0
['bpc_94_[1, 0, 2]_1_2', 'bpc_94_[1, 0, 3, 2]_1_2']
upper  80.0
lower  40.0
['bpc_94_[1, 0, 2]_1_2', 'bpc_94_[1, 0, 3, 2]_1_2', 'bpc_94_[1, 0, 3, 4, 2]_1_2']
upper  80.0
lower  40.0
['bpc_94_[1, 0, 2]_1_2', 'bpc_94_[1, 0, 3, 2]_1_2', 'bpc_94_[1, 0, 3, 4, 2]_1_2', 'bpc_94_[1, 0, 4, 2]_1_2']
upper  80.0
lower  40.0
['bpc_94_[1, 0, 2]_1_2', 'bpc_94_[1, 0, 3, 2]_1_2', 'bpc_94_[1, 0, 3, 4, 2]_1_2', 'bpc_94_[1, 0, 4, 2]_1_2', 'bpc_94_[1, 0, 4, 3, 2]_1_2']
upper  80.0
lower  40.0
1.0
False
upper bound:80.0
lower bound:40.0
['bpc_69_[1, 0, 2, 6]_1_6']
upper  80.0
lower  40.0
['bpc_69_[1, 0, 2, 6]_1_6', 'bpc_69_[1, 0, 3, 2, 6]_1_6']
upper  80.0
lower  40.0
['bpc_69_[1, 0, 2, 6]_1_6', 'bpc_69_[1, 0, 3, 2, 6]_1_6', 'bpc_69_[1, 0, 3, 4, 2, 6]_1_6']
upper  80.0
lower  40.0
['bpc_69_[1, 0, 2, 6]_1_6', 'bpc_69_[1, 0, 3, 2, 6]_1_6', 'bpc_69_[1, 0, 3, 4, 2, 6]_1_6', 'bpc_69_[1, 0, 4, 2, 6]_1_6']
upper  80.0
lower  40.0
['bpc_69_[1, 0, 2, 6]_1_6', 'bpc_69_[1, 0, 3, 2, 6]_1_6', 'bpc_69_[1, 0, 3, 4, 2, 6]_1_6', 'bpc_69_[1, 0, 4, 2, 6]_1_6', 'bpc_69_[1, 0, 4, 3, 2, 6]_1_6']
upper  80.0
lower  40.0
1.0
False
upper bound:80.0
lower bound:40.0
['bpc_208_[1, 0, 1]_1_1']
upper  80.0
lower  40.0
['bpc_208_[1, 0, 1]_1_1', 'bpc_208_[1, 0, 2, 1]_1_1']
upper  80.0
lower  40.0
['bpc_208_[1, 0, 1]_1_1', 'bpc_208_[1, 0, 2, 1]_1_1', 'bpc_208_[1, 0, 2, 3, 1]_1_1']
upper  80.0
lower  40.0
['bpc_208_[1, 0, 1]_1_1', 'bpc_208_[1, 0, 2, 1]_1_1', 'bpc_208_[1, 0, 2, 3, 1]_1_1', 'bpc_208_[1, 0, 2, 3, 4, 1]_1_1']
upper  80.0
lower  40.0
['bpc_208_[1, 0, 1]_1_1', 'bpc_208_[1, 0, 2, 1]_1_1', 'bpc_208_[1, 0, 2, 3, 1]_1_1', 'bpc_208_[1, 0, 2, 3, 4, 1]_1_1', 'bpc_208_[1, 0, 2, 4, 1]_1_1']
upper  80.0
lower  40.0
1.0
False
upper bound:80.0
lower bound:40.0
['bpc_199_[1, 0, 2, 3]_1_3']
upper  80.0
lower  40.0
['bpc_199_[1, 0, 2, 3]_1_3', 'bpc_199_[1, 0, 2, 4, 3]_1_3']
upper  80.0
lower  40.0
['bpc_199_[1, 0, 2, 3]_1_3', 'bpc_199_[1, 0, 2, 4, 3]_1_3', 'bpc_199_[1, 0, 3]_1_3']
upper  80.0
lower  40.0
['bpc_199_[1, 0, 2, 3]_1_3', 'bpc_199_[1, 0, 2, 4, 3]_1_3', 'bpc_199_[1, 0, 3]_1_3', 'bpc_199_[1, 0, 4, 2, 3]_1_3']
upper  80.0
lower  40.0
['bpc_199_[1, 0, 2, 3]_1_3', 'bpc_199_[1, 0, 2, 4, 3]_1_3', 'bpc_199_[1, 0, 3]_1_3', 'bpc_199_[1, 0, 4, 2, 3]_1_3', 'bpc_199_[1, 0, 4, 3]_1_3']
upper  80.0
lower  40.0
1.0
False
upper bound:80.0
lower bound:40.0
['bpc_120_[1, 0, 1]_1_1']
upper  80.0
lower  40.0
['bpc_120_[1, 0, 1]_1_1', 'bpc_120_[1, 0, 2, 1]_1_1']
upper  80.0
lower  40.0
['bpc_120_[1, 0, 1]_1_1', 'bpc_120_[1, 0, 2, 1]_1_1', 'bpc_120_[1, 0, 2, 3, 1]_1_1']
upper  80.0
lower  40.0
['bpc_120_[1, 0, 1]_1_1', 'bpc_120_[1, 0, 2, 1]_1_1', 'bpc_120_[1, 0, 2, 3, 1]_1_1', 'bpc_120_[1, 0, 2, 3, 4, 1]_1_1']
upper  80.0
lower  40.0
['bpc_120_[1, 0, 1]_1_1', 'bpc_120_[1, 0, 2, 1]_1_1', 'bpc_120_[1, 0, 2, 3, 1]_1_1', 'bpc_120_[1, 0, 2, 3, 4, 1]_1_1', 'bpc_120_[1, 0, 2, 4, 1]_1_1']
upper  80.0
lower  40.0
1.0
False
upper bound:80.0
lower bound:40.0
['bpc_19_[1, 0, 2, 3, 8]_1_8']
upper  80.0
lower  40.0
['bpc_19_[1, 0, 2, 3, 8]_1_8', 'bpc_19_[1, 0, 2, 4, 3, 8]_1_8']
upper  80.0
lower  40.0
['bpc_19_[1, 0, 2, 3, 8]_1_8', 'bpc_19_[1, 0, 2, 4, 3, 8]_1_8', 'bpc_19_[1, 0, 3, 8]_1_8']
upper  80.0
lower  40.0
['bpc_19_[1, 0, 2, 3, 8]_1_8', 'bpc_19_[1, 0, 2, 4, 3, 8]_1_8', 'bpc_19_[1, 0, 3, 8]_1_8', 'bpc_19_[1, 0, 4, 2, 3, 8]_1_8']
upper  80.0
lower  40.0
['bpc_19_[1, 0, 2, 3, 8]_1_8', 'bpc_19_[1, 0, 2, 4, 3, 8]_1_8', 'bpc_19_[1, 0, 3, 8]_1_8', 'bpc_19_[1, 0, 4, 2, 3, 8]_1_8', 'bpc_19_[1, 0, 4, 3, 8]_1_8']
upper  80.0
lower  40.0
1.0
False
upper bound:80.0
lower bound:40.0
['bpc_174_[1, 0, 2, 3, 7]_1_7']
upper  80.0
lower  40.0
['bpc_174_[1, 0, 2, 3, 7]_1_7', 'bpc_174_[1, 0, 2, 4, 3, 7]_1_7']
upper  80.0
lower  40.0
['bpc_174_[1, 0, 2, 3, 7]_1_7', 'bpc_174_[1, 0, 2, 4, 3, 7]_1_7', 'bpc_174_[1, 0, 3, 7]_1_7']
upper  80.0
lower  40.0
['bpc_174_[1, 0, 2, 3, 7]_1_7', 'bpc_174_[1, 0, 2, 4, 3, 7]_1_7', 'bpc_174_[1, 0, 3, 7]_1_7', 'bpc_174_[1, 0, 4, 2, 3, 7]_1_7']
upper  80.0
lower  40.0
['bpc_174_[1, 0, 2, 3, 7]_1_7', 'bpc_174_[1, 0, 2, 4, 3, 7]_1_7', 'bpc_174_[1, 0, 3, 7]_1_7', 'bpc_174_[1, 0, 4, 2, 3, 7]_1_7', 'bpc_174_[1, 0, 4, 3, 7]_1_7']
upper  80.0
lower  40.0
1.0
False
upper bound:80.0
lower bound:40.0
['bpc_111_[1, 0, 2, 3]_1_3']
upper  80.0
lower  40.0
['bpc_111_[1, 0, 2, 3]_1_3', 'bpc_111_[1, 0, 2, 4, 3]_1_3']
upper  80.0
lower  40.0
['bpc_111_[1, 0, 2, 3]_1_3', 'bpc_111_[1, 0, 2, 4, 3]_1_3', 'bpc_111_[1, 0, 3]_1_3']
upper  80.0
lower  40.0
['bpc_111_[1, 0, 2, 3]_1_3', 'bpc_111_[1, 0, 2, 4, 3]_1_3', 'bpc_111_[1, 0, 3]_1_3', 'bpc_111_[1, 0, 4, 2, 3]_1_3']
upper  80.0
lower  40.0
['bpc_111_[1, 0, 2, 3]_1_3', 'bpc_111_[1, 0, 2, 4, 3]_1_3', 'bpc_111_[1, 0, 3]_1_3', 'bpc_111_[1, 0, 4, 2, 3]_1_3', 'bpc_111_[1, 0, 4, 3]_1_3']
upper  80.0
lower  40.0
1.0
False
upper bound:80.0
lower bound:40.0
['bpc_86_[1, 0, 2, 3, 7]_1_7']
upper  80.0
lower  40.0
['bpc_86_[1, 0, 2, 3, 7]_1_7', 'bpc_86_[1, 0, 2, 4, 3, 7]_1_7']
upper  80.0
lower  40.0
['bpc_86_[1, 0, 2, 3, 7]_1_7', 'bpc_86_[1, 0, 2, 4, 3, 7]_1_7', 'bpc_86_[1, 0, 3, 7]_1_7']
upper  80.0
lower  40.0
['bpc_86_[1, 0, 2, 3, 7]_1_7', 'bpc_86_[1, 0, 2, 4, 3, 7]_1_7', 'bpc_86_[1, 0, 3, 7]_1_7', 'bpc_86_[1, 0, 4, 2, 3, 7]_1_7']
upper  80.0
lower  40.0
['bpc_86_[1, 0, 2, 3, 7]_1_7', 'bpc_86_[1, 0, 2, 4, 3, 7]_1_7', 'bpc_86_[1, 0, 3, 7]_1_7', 'bpc_86_[1, 0, 4, 2, 3, 7]_1_7', 'bpc_86_[1, 0, 4, 3, 7]_1_7']
upper  80.0
lower  40.0
1.0
False
upper bound:80.0
lower bound:40.0
['bpc_36_[1, 0, 2, 3, 4, 9]_1_9']
upper  80.0
lower  40.0
['bpc_36_[1, 0, 2, 3, 4, 9]_1_9', 'bpc_36_[1, 0, 2, 4, 9]_1_9']
upper  80.0
lower  40.0
['bpc_36_[1, 0, 2, 3, 4, 9]_1_9', 'bpc_36_[1, 0, 2, 4, 9]_1_9', 'bpc_36_[1, 0, 3, 2, 4, 9]_1_9']
upper  80.0
lower  40.0
['bpc_36_[1, 0, 2, 3, 4, 9]_1_9', 'bpc_36_[1, 0, 2, 4, 9]_1_9', 'bpc_36_[1, 0, 3, 2, 4, 9]_1_9', 'bpc_36_[1, 0, 3, 4, 9]_1_9']
upper  80.0
lower  40.0
['bpc_36_[1, 0, 2, 3, 4, 9]_1_9', 'bpc_36_[1, 0, 2, 4, 9]_1_9', 'bpc_36_[1, 0, 3, 2, 4, 9]_1_9', 'bpc_36_[1, 0, 3, 4, 9]_1_9', 'bpc_36_[1, 0, 4, 9]_1_9']
upper  80.0
lower  40.0
1.0
False
upper bound:80.0
lower bound:40.0
['bpc_191_[1, 0]_1_0']
upper  80.0
lower  40.0
['bpc_191_[1, 0]_1_0', 'bpc_191_[1, 2, 0]_1_0']
upper  80.0
lower  40.0
['bpc_191_[1, 0]_1_0', 'bpc_191_[1, 2, 0]_1_0', 'bpc_191_[1, 2, 3, 0]_1_0']
upper  80.0
lower  40.0
['bpc_191_[1, 0]_1_0', 'bpc_191_[1, 2, 0]_1_0', 'bpc_191_[1, 2, 3, 0]_1_0', 'bpc_191_[1, 2, 3, 4, 0]_1_0']
upper  80.0
lower  40.0
['bpc_191_[1, 0]_1_0', 'bpc_191_[1, 2, 0]_1_0', 'bpc_191_[1, 2, 3, 0]_1_0', 'bpc_191_[1, 2, 3, 4, 0]_1_0', 'bpc_191_[1, 2, 4, 0]_1_0']
upper  80.0
lower  40.0
1.0
False
upper bound:80.0
lower bound:40.0
['bpc_166_[1, 0, 2, 3, 4]_1_4']
upper  80.0
lower  40.0
['bpc_166_[1, 0, 2, 3, 4]_1_4', 'bpc_166_[1, 0, 2, 4]_1_4']
upper  80.0
lower  40.0
['bpc_166_[1, 0, 2, 3, 4]_1_4', 'bpc_166_[1, 0, 2, 4]_1_4', 'bpc_166_[1, 0, 3, 2, 4]_1_4']
upper  80.0
lower  40.0
['bpc_166_[1, 0, 2, 3, 4]_1_4', 'bpc_166_[1, 0, 2, 4]_1_4', 'bpc_166_[1, 0, 3, 2, 4]_1_4', 'bpc_166_[1, 0, 3, 4]_1_4']
upper  80.0
lower  40.0
['bpc_166_[1, 0, 2, 3, 4]_1_4', 'bpc_166_[1, 0, 2, 4]_1_4', 'bpc_166_[1, 0, 3, 2, 4]_1_4', 'bpc_166_[1, 0, 3, 4]_1_4', 'bpc_166_[1, 0, 4]_1_4']
upper  80.0
lower  40.0
1.0
False
upper bound:80.0
lower bound:40.0
['bpc_103_[1, 0]_1_0']
upper  80.0
lower  40.0
['bpc_103_[1, 0]_1_0', 'bpc_103_[1, 2, 0]_1_0']
upper  80.0
lower  40.0
['bpc_103_[1, 0]_1_0', 'bpc_103_[1, 2, 0]_1_0', 'bpc_103_[1, 2, 3, 0]_1_0']
upper  80.0
lower  40.0
['bpc_103_[1, 0]_1_0', 'bpc_103_[1, 2, 0]_1_0', 'bpc_103_[1, 2, 3, 0]_1_0', 'bpc_103_[1, 2, 3, 4, 0]_1_0']
upper  80.0
lower  40.0
['bpc_103_[1, 0]_1_0', 'bpc_103_[1, 2, 0]_1_0', 'bpc_103_[1, 2, 3, 0]_1_0', 'bpc_103_[1, 2, 3, 4, 0]_1_0', 'bpc_103_[1, 2, 4, 0]_1_0']
upper  80.0
lower  40.0
1.0
False
upper bound:80.0
lower bound:40.0
['bpc_141_[1, 0, 2, 3, 4, 10]_1_10']
upper  80.0
lower  40.0
['bpc_141_[1, 0, 2, 3, 4, 10]_1_10', 'bpc_141_[1, 0, 2, 4, 10]_1_10']
upper  80.0
lower  40.0
['bpc_141_[1, 0, 2, 3, 4, 10]_1_10', 'bpc_141_[1, 0, 2, 4, 10]_1_10', 'bpc_141_[1, 0, 3, 2, 4, 10]_1_10']
upper  80.0
lower  40.0
['bpc_141_[1, 0, 2, 3, 4, 10]_1_10', 'bpc_141_[1, 0, 2, 4, 10]_1_10', 'bpc_141_[1, 0, 3, 2, 4, 10]_1_10', 'bpc_141_[1, 0, 3, 4, 10]_1_10']
upper  80.0
lower  40.0
['bpc_141_[1, 0, 2, 3, 4, 10]_1_10', 'bpc_141_[1, 0, 2, 4, 10]_1_10', 'bpc_141_[1, 0, 3, 2, 4, 10]_1_10', 'bpc_141_[1, 0, 3, 4, 10]_1_10', 'bpc_141_[1, 0, 4, 10]_1_10']
upper  80.0
lower  40.0
1.0
False
upper bound:80.0
lower bound:40.0
['bpc_78_[1, 0, 2, 3, 4]_1_4']
upper  80.0
lower  40.0
['bpc_78_[1, 0, 2, 3, 4]_1_4', 'bpc_78_[1, 0, 2, 4]_1_4']
upper  80.0
lower  40.0
['bpc_78_[1, 0, 2, 3, 4]_1_4', 'bpc_78_[1, 0, 2, 4]_1_4', 'bpc_78_[1, 0, 3, 2, 4]_1_4']
upper  80.0
lower  40.0
['bpc_78_[1, 0, 2, 3, 4]_1_4', 'bpc_78_[1, 0, 2, 4]_1_4', 'bpc_78_[1, 0, 3, 2, 4]_1_4', 'bpc_78_[1, 0, 3, 4]_1_4']
upper  80.0
lower  40.0
['bpc_78_[1, 0, 2, 3, 4]_1_4', 'bpc_78_[1, 0, 2, 4]_1_4', 'bpc_78_[1, 0, 3, 2, 4]_1_4', 'bpc_78_[1, 0, 3, 4]_1_4', 'bpc_78_[1, 0, 4]_1_4']
upper  80.0
lower  40.0
1.0
False
upper bound:80.0
lower bound:40.0
['bpc_217_[1, 0, 2, 3, 8]_1_8']
upper  80.0
lower  40.0
['bpc_217_[1, 0, 2, 3, 8]_1_8', 'bpc_217_[1, 0, 2, 4, 3, 8]_1_8']
upper  80.0
lower  40.0
['bpc_217_[1, 0, 2, 3, 8]_1_8', 'bpc_217_[1, 0, 2, 4, 3, 8]_1_8', 'bpc_217_[1, 0, 3, 8]_1_8']
upper  80.0
lower  40.0
['bpc_217_[1, 0, 2, 3, 8]_1_8', 'bpc_217_[1, 0, 2, 4, 3, 8]_1_8', 'bpc_217_[1, 0, 3, 8]_1_8', 'bpc_217_[1, 0, 4, 2, 3, 8]_1_8']
upper  80.0
lower  40.0
['bpc_217_[1, 0, 2, 3, 8]_1_8', 'bpc_217_[1, 0, 2, 4, 3, 8]_1_8', 'bpc_217_[1, 0, 3, 8]_1_8', 'bpc_217_[1, 0, 4, 2, 3, 8]_1_8', 'bpc_217_[1, 0, 4, 3, 8]_1_8']
upper  80.0
lower  40.0
1.0
False
upper bound:80.0
lower bound:40.0
['bpc_53_[1, 0, 2, 3, 4, 10]_1_10']
upper  80.0
lower  40.0
['bpc_53_[1, 0, 2, 3, 4, 10]_1_10', 'bpc_53_[1, 0, 2, 4, 10]_1_10']
upper  80.0
lower  40.0
['bpc_53_[1, 0, 2, 3, 4, 10]_1_10', 'bpc_53_[1, 0, 2, 4, 10]_1_10', 'bpc_53_[1, 0, 3, 2, 4, 10]_1_10']
upper  80.0
lower  40.0
['bpc_53_[1, 0, 2, 3, 4, 10]_1_10', 'bpc_53_[1, 0, 2, 4, 10]_1_10', 'bpc_53_[1, 0, 3, 2, 4, 10]_1_10', 'bpc_53_[1, 0, 3, 4, 10]_1_10']
upper  80.0
lower  40.0
['bpc_53_[1, 0, 2, 3, 4, 10]_1_10', 'bpc_53_[1, 0, 2, 4, 10]_1_10', 'bpc_53_[1, 0, 3, 2, 4, 10]_1_10', 'bpc_53_[1, 0, 3, 4, 10]_1_10', 'bpc_53_[1, 0, 4, 10]_1_10']
upper  80.0
lower  40.0
1.0
False
upper bound:80.0
lower bound:40.0
['bpc_28_[1, 0, 2]_1_2']
upper  80.0
lower  40.0
['bpc_28_[1, 0, 2]_1_2', 'bpc_28_[1, 0, 3, 2]_1_2']
upper  80.0
lower  40.0
['bpc_28_[1, 0, 2]_1_2', 'bpc_28_[1, 0, 3, 2]_1_2', 'bpc_28_[1, 0, 3, 4, 2]_1_2']
upper  80.0
lower  40.0
['bpc_28_[1, 0, 2]_1_2', 'bpc_28_[1, 0, 3, 2]_1_2', 'bpc_28_[1, 0, 3, 4, 2]_1_2', 'bpc_28_[1, 0, 4, 2]_1_2']
upper  80.0
lower  40.0
['bpc_28_[1, 0, 2]_1_2', 'bpc_28_[1, 0, 3, 2]_1_2', 'bpc_28_[1, 0, 3, 4, 2]_1_2', 'bpc_28_[1, 0, 4, 2]_1_2', 'bpc_28_[1, 0, 4, 3, 2]_1_2']
upper  80.0
lower  40.0
1.0
False
upper bound:80.0
lower bound:40.0
['bpc_183_[1, 0, 2, 5]_1_5']
upper  80.0
lower  40.0
['bpc_183_[1, 0, 2, 5]_1_5', 'bpc_183_[1, 0, 3, 2, 5]_1_5']
upper  80.0
lower  40.0
['bpc_183_[1, 0, 2, 5]_1_5', 'bpc_183_[1, 0, 3, 2, 5]_1_5', 'bpc_183_[1, 0, 3, 4, 2, 5]_1_5']
upper  80.0
lower  40.0
['bpc_183_[1, 0, 2, 5]_1_5', 'bpc_183_[1, 0, 3, 2, 5]_1_5', 'bpc_183_[1, 0, 3, 4, 2, 5]_1_5', 'bpc_183_[1, 0, 4, 2, 5]_1_5']
upper  80.0
lower  40.0
['bpc_183_[1, 0, 2, 5]_1_5', 'bpc_183_[1, 0, 3, 2, 5]_1_5', 'bpc_183_[1, 0, 3, 4, 2, 5]_1_5', 'bpc_183_[1, 0, 4, 2, 5]_1_5', 'bpc_183_[1, 0, 4, 3, 2, 5]_1_5']
upper  80.0
lower  40.0
1.0
False
upper bound:80.0
lower bound:40.0
['bpc_3_[1, 0, 2, 6]_1_6']
upper  80.0
lower  40.0
['bpc_3_[1, 0, 2, 6]_1_6', 'bpc_3_[1, 0, 3, 2, 6]_1_6']
upper  80.0
lower  40.0
['bpc_3_[1, 0, 2, 6]_1_6', 'bpc_3_[1, 0, 3, 2, 6]_1_6', 'bpc_3_[1, 0, 3, 4, 2, 6]_1_6']
upper  80.0
lower  40.0
['bpc_3_[1, 0, 2, 6]_1_6', 'bpc_3_[1, 0, 3, 2, 6]_1_6', 'bpc_3_[1, 0, 3, 4, 2, 6]_1_6', 'bpc_3_[1, 0, 4, 2, 6]_1_6']
upper  80.0
lower  40.0
['bpc_3_[1, 0, 2, 6]_1_6', 'bpc_3_[1, 0, 3, 2, 6]_1_6', 'bpc_3_[1, 0, 3, 4, 2, 6]_1_6', 'bpc_3_[1, 0, 4, 2, 6]_1_6', 'bpc_3_[1, 0, 4, 3, 2, 6]_1_6']
upper  80.0
lower  40.0
1.0
False
upper bound:80.0
lower bound:40.0
['bpc_95_[1, 0, 2, 5]_1_5']
upper  80.0
lower  40.0
['bpc_95_[1, 0, 2, 5]_1_5', 'bpc_95_[1, 0, 3, 2, 5]_1_5']
upper  80.0
lower  40.0
['bpc_95_[1, 0, 2, 5]_1_5', 'bpc_95_[1, 0, 3, 2, 5]_1_5', 'bpc_95_[1, 0, 3, 4, 2, 5]_1_5']
upper  80.0
lower  40.0
['bpc_95_[1, 0, 2, 5]_1_5', 'bpc_95_[1, 0, 3, 2, 5]_1_5', 'bpc_95_[1, 0, 3, 4, 2, 5]_1_5', 'bpc_95_[1, 0, 4, 2, 5]_1_5']
upper  80.0
lower  40.0
['bpc_95_[1, 0, 2, 5]_1_5', 'bpc_95_[1, 0, 3, 2, 5]_1_5', 'bpc_95_[1, 0, 3, 4, 2, 5]_1_5', 'bpc_95_[1, 0, 4, 2, 5]_1_5', 'bpc_95_[1, 0, 4, 3, 2, 5]_1_5']
upper  80.0
lower  40.0
1.0
False
upper bound:80.0
lower bound:40.0
['bpc_133_[1, 0, 2, 3]_1_3']
upper  80.0
lower  40.0
['bpc_133_[1, 0, 2, 3]_1_3', 'bpc_133_[1, 0, 2, 4, 3]_1_3']
upper  80.0
lower  40.0
['bpc_133_[1, 0, 2, 3]_1_3', 'bpc_133_[1, 0, 2, 4, 3]_1_3', 'bpc_133_[1, 0, 3]_1_3']
upper  80.0
lower  40.0
['bpc_133_[1, 0, 2, 3]_1_3', 'bpc_133_[1, 0, 2, 4, 3]_1_3', 'bpc_133_[1, 0, 3]_1_3', 'bpc_133_[1, 0, 4, 2, 3]_1_3']
upper  80.0
lower  40.0
['bpc_133_[1, 0, 2, 3]_1_3', 'bpc_133_[1, 0, 2, 4, 3]_1_3', 'bpc_133_[1, 0, 3]_1_3', 'bpc_133_[1, 0, 4, 2, 3]_1_3', 'bpc_133_[1, 0, 4, 3]_1_3']
upper  80.0
lower  40.0
1.0
False
upper bound:80.0
lower bound:40.0
['bpc_45_[1, 0, 2, 3]_1_3']
upper  80.0
lower  40.0
['bpc_45_[1, 0, 2, 3]_1_3', 'bpc_45_[1, 0, 2, 4, 3]_1_3']
upper  80.0
lower  40.0
['bpc_45_[1, 0, 2, 3]_1_3', 'bpc_45_[1, 0, 2, 4, 3]_1_3', 'bpc_45_[1, 0, 3]_1_3']
upper  80.0
lower  40.0
['bpc_45_[1, 0, 2, 3]_1_3', 'bpc_45_[1, 0, 2, 4, 3]_1_3', 'bpc_45_[1, 0, 3]_1_3', 'bpc_45_[1, 0, 4, 2, 3]_1_3']
upper  80.0
lower  40.0
['bpc_45_[1, 0, 2, 3]_1_3', 'bpc_45_[1, 0, 2, 4, 3]_1_3', 'bpc_45_[1, 0, 3]_1_3', 'bpc_45_[1, 0, 4, 2, 3]_1_3', 'bpc_45_[1, 0, 4, 3]_1_3']
upper  80.0
lower  40.0
1.0
False
upper bound:80.0
lower bound:40.0
['bpc_20_[1, 0, 2, 3, 7]_1_7']
upper  80.0
lower  40.0
['bpc_20_[1, 0, 2, 3, 7]_1_7', 'bpc_20_[1, 0, 2, 4, 3, 7]_1_7']
upper  80.0
lower  40.0
['bpc_20_[1, 0, 2, 3, 7]_1_7', 'bpc_20_[1, 0, 2, 4, 3, 7]_1_7', 'bpc_20_[1, 0, 3, 7]_1_7']
upper  80.0
lower  40.0
['bpc_20_[1, 0, 2, 3, 7]_1_7', 'bpc_20_[1, 0, 2, 4, 3, 7]_1_7', 'bpc_20_[1, 0, 3, 7]_1_7', 'bpc_20_[1, 0, 4, 2, 3, 7]_1_7']
upper  80.0
lower  40.0
['bpc_20_[1, 0, 2, 3, 7]_1_7', 'bpc_20_[1, 0, 2, 4, 3, 7]_1_7', 'bpc_20_[1, 0, 3, 7]_1_7', 'bpc_20_[1, 0, 4, 2, 3, 7]_1_7', 'bpc_20_[1, 0, 4, 3, 7]_1_7']
upper  80.0
lower  40.0
1.0
False
upper bound:80.0
lower bound:40.0
['bpc_201_[1, 0, 2, 6]_1_6']
upper  80.0
lower  40.0
['bpc_201_[1, 0, 2, 6]_1_6', 'bpc_201_[1, 0, 3, 2, 6]_1_6']
upper  80.0
lower  40.0
['bpc_201_[1, 0, 2, 6]_1_6', 'bpc_201_[1, 0, 3, 2, 6]_1_6', 'bpc_201_[1, 0, 3, 4, 2, 6]_1_6']
upper  80.0
lower  40.0
['bpc_201_[1, 0, 2, 6]_1_6', 'bpc_201_[1, 0, 3, 2, 6]_1_6', 'bpc_201_[1, 0, 3, 4, 2, 6]_1_6', 'bpc_201_[1, 0, 4, 2, 6]_1_6']
upper  80.0
lower  40.0
['bpc_201_[1, 0, 2, 6]_1_6', 'bpc_201_[1, 0, 3, 2, 6]_1_6', 'bpc_201_[1, 0, 3, 4, 2, 6]_1_6', 'bpc_201_[1, 0, 4, 2, 6]_1_6', 'bpc_201_[1, 0, 4, 3, 2, 6]_1_6']
upper  80.0
lower  40.0
1.0
False
upper bound:80.0
lower bound:40.0
['bpc_37_[1, 0]_1_0']
upper  80.0
lower  40.0
['bpc_37_[1, 0]_1_0', 'bpc_37_[1, 2, 0]_1_0']
upper  80.0
lower  40.0
['bpc_37_[1, 0]_1_0', 'bpc_37_[1, 2, 0]_1_0', 'bpc_37_[1, 2, 3, 0]_1_0']
upper  80.0
lower  40.0
['bpc_37_[1, 0]_1_0', 'bpc_37_[1, 2, 0]_1_0', 'bpc_37_[1, 2, 3, 0]_1_0', 'bpc_37_[1, 2, 3, 4, 0]_1_0']
upper  80.0
lower  40.0
['bpc_37_[1, 0]_1_0', 'bpc_37_[1, 2, 0]_1_0', 'bpc_37_[1, 2, 3, 0]_1_0', 'bpc_37_[1, 2, 3, 4, 0]_1_0', 'bpc_37_[1, 2, 4, 0]_1_0']
upper  80.0
lower  40.0
1.0
False
upper bound:80.0
lower bound:40.0
['bpc_113_[1, 0, 2, 6]_1_6']
upper  80.0
lower  40.0
['bpc_113_[1, 0, 2, 6]_1_6', 'bpc_113_[1, 0, 3, 2, 6]_1_6']
upper  80.0
lower  40.0
['bpc_113_[1, 0, 2, 6]_1_6', 'bpc_113_[1, 0, 3, 2, 6]_1_6', 'bpc_113_[1, 0, 3, 4, 2, 6]_1_6']
upper  80.0
lower  40.0
['bpc_113_[1, 0, 2, 6]_1_6', 'bpc_113_[1, 0, 3, 2, 6]_1_6', 'bpc_113_[1, 0, 3, 4, 2, 6]_1_6', 'bpc_113_[1, 0, 4, 2, 6]_1_6']
upper  80.0
lower  40.0
['bpc_113_[1, 0, 2, 6]_1_6', 'bpc_113_[1, 0, 3, 2, 6]_1_6', 'bpc_113_[1, 0, 3, 4, 2, 6]_1_6', 'bpc_113_[1, 0, 4, 2, 6]_1_6', 'bpc_113_[1, 0, 4, 3, 2, 6]_1_6']
upper  80.0
lower  40.0
1.0
False
upper bound:80.0
lower bound:40.0
['bpc_12_[1, 0, 2, 3, 4]_1_4']
upper  80.0
lower  40.0
['bpc_12_[1, 0, 2, 3, 4]_1_4', 'bpc_12_[1, 0, 2, 4]_1_4']
upper  80.0
lower  40.0
['bpc_12_[1, 0, 2, 3, 4]_1_4', 'bpc_12_[1, 0, 2, 4]_1_4', 'bpc_12_[1, 0, 3, 2, 4]_1_4']
upper  80.0
lower  40.0
['bpc_12_[1, 0, 2, 3, 4]_1_4', 'bpc_12_[1, 0, 2, 4]_1_4', 'bpc_12_[1, 0, 3, 2, 4]_1_4', 'bpc_12_[1, 0, 3, 4]_1_4']
upper  80.0
lower  40.0
['bpc_12_[1, 0, 2, 3, 4]_1_4', 'bpc_12_[1, 0, 2, 4]_1_4', 'bpc_12_[1, 0, 3, 2, 4]_1_4', 'bpc_12_[1, 0, 3, 4]_1_4', 'bpc_12_[1, 0, 4]_1_4']
upper  80.0
lower  40.0
1.0
False
upper bound:80.0
lower bound:40.0
['bpc_142_[1, 0, 1]_1_1']
upper  80.0
lower  40.0
['bpc_142_[1, 0, 1]_1_1', 'bpc_142_[1, 0, 2, 1]_1_1']
upper  80.0
lower  40.0
['bpc_142_[1, 0, 1]_1_1', 'bpc_142_[1, 0, 2, 1]_1_1', 'bpc_142_[1, 0, 2, 3, 1]_1_1']
upper  80.0
lower  40.0
['bpc_142_[1, 0, 1]_1_1', 'bpc_142_[1, 0, 2, 1]_1_1', 'bpc_142_[1, 0, 2, 3, 1]_1_1', 'bpc_142_[1, 0, 2, 3, 4, 1]_1_1']
upper  80.0
lower  40.0
['bpc_142_[1, 0, 1]_1_1', 'bpc_142_[1, 0, 2, 1]_1_1', 'bpc_142_[1, 0, 2, 3, 1]_1_1', 'bpc_142_[1, 0, 2, 3, 4, 1]_1_1', 'bpc_142_[1, 0, 2, 4, 1]_1_1']
upper  80.0
lower  40.0
1.0
False
upper bound:80.0
lower bound:40.0
['bpc_218_[1, 0, 2, 3, 7]_1_7']
upper  80.0
lower  40.0
['bpc_218_[1, 0, 2, 3, 7]_1_7', 'bpc_218_[1, 0, 2, 4, 3, 7]_1_7']
upper  80.0
lower  40.0
['bpc_218_[1, 0, 2, 3, 7]_1_7', 'bpc_218_[1, 0, 2, 4, 3, 7]_1_7', 'bpc_218_[1, 0, 3, 7]_1_7']
upper  80.0
lower  40.0
['bpc_218_[1, 0, 2, 3, 7]_1_7', 'bpc_218_[1, 0, 2, 4, 3, 7]_1_7', 'bpc_218_[1, 0, 3, 7]_1_7', 'bpc_218_[1, 0, 4, 2, 3, 7]_1_7']
upper  80.0
lower  40.0
['bpc_218_[1, 0, 2, 3, 7]_1_7', 'bpc_218_[1, 0, 2, 4, 3, 7]_1_7', 'bpc_218_[1, 0, 3, 7]_1_7', 'bpc_218_[1, 0, 4, 2, 3, 7]_1_7', 'bpc_218_[1, 0, 4, 3, 7]_1_7']
upper  80.0
lower  40.0
1.0
False
upper bound:80.0
lower bound:40.0
['bpc_54_[1, 0, 1]_1_1']
upper  80.0
lower  40.0
['bpc_54_[1, 0, 1]_1_1', 'bpc_54_[1, 0, 2, 1]_1_1']
upper  80.0
lower  40.0
['bpc_54_[1, 0, 1]_1_1', 'bpc_54_[1, 0, 2, 1]_1_1', 'bpc_54_[1, 0, 2, 3, 1]_1_1']
upper  80.0
lower  40.0
['bpc_54_[1, 0, 1]_1_1', 'bpc_54_[1, 0, 2, 1]_1_1', 'bpc_54_[1, 0, 2, 3, 1]_1_1', 'bpc_54_[1, 0, 2, 3, 4, 1]_1_1']
upper  80.0
lower  40.0
['bpc_54_[1, 0, 1]_1_1', 'bpc_54_[1, 0, 2, 1]_1_1', 'bpc_54_[1, 0, 2, 3, 1]_1_1', 'bpc_54_[1, 0, 2, 3, 4, 1]_1_1', 'bpc_54_[1, 0, 2, 4, 1]_1_1']
upper  80.0
lower  40.0
1.0
False
upper bound:80.0
lower bound:40.0
['bpc_29_[1, 0, 2, 5]_1_5']
upper  80.0
lower  40.0
['bpc_29_[1, 0, 2, 5]_1_5', 'bpc_29_[1, 0, 3, 2, 5]_1_5']
upper  80.0
lower  40.0
['bpc_29_[1, 0, 2, 5]_1_5', 'bpc_29_[1, 0, 3, 2, 5]_1_5', 'bpc_29_[1, 0, 3, 4, 2, 5]_1_5']
upper  80.0
lower  40.0
['bpc_29_[1, 0, 2, 5]_1_5', 'bpc_29_[1, 0, 3, 2, 5]_1_5', 'bpc_29_[1, 0, 3, 4, 2, 5]_1_5', 'bpc_29_[1, 0, 4, 2, 5]_1_5']
upper  80.0
lower  40.0
['bpc_29_[1, 0, 2, 5]_1_5', 'bpc_29_[1, 0, 3, 2, 5]_1_5', 'bpc_29_[1, 0, 3, 4, 2, 5]_1_5', 'bpc_29_[1, 0, 4, 2, 5]_1_5', 'bpc_29_[1, 0, 4, 3, 2, 5]_1_5']
upper  80.0
lower  40.0
1.0
False
upper bound:80.0
lower bound:40.0
['bpc_168_[1, 0, 2, 3, 4, 9]_1_9']
upper  80.0
lower  40.0
['bpc_168_[1, 0, 2, 3, 4, 9]_1_9', 'bpc_168_[1, 0, 2, 4, 9]_1_9']
upper  80.0
lower  40.0
['bpc_168_[1, 0, 2, 3, 4, 9]_1_9', 'bpc_168_[1, 0, 2, 4, 9]_1_9', 'bpc_168_[1, 0, 3, 2, 4, 9]_1_9']
upper  80.0
lower  40.0
['bpc_168_[1, 0, 2, 3, 4, 9]_1_9', 'bpc_168_[1, 0, 2, 4, 9]_1_9', 'bpc_168_[1, 0, 3, 2, 4, 9]_1_9', 'bpc_168_[1, 0, 3, 4, 9]_1_9']
upper  80.0
lower  40.0
['bpc_168_[1, 0, 2, 3, 4, 9]_1_9', 'bpc_168_[1, 0, 2, 4, 9]_1_9', 'bpc_168_[1, 0, 3, 2, 4, 9]_1_9', 'bpc_168_[1, 0, 3, 4, 9]_1_9', 'bpc_168_[1, 0, 4, 9]_1_9']
upper  80.0
lower  40.0
1.0
False
upper bound:80.0
lower bound:40.0
['bpc_80_[1, 0, 2, 3, 4, 9]_1_9']
upper  80.0
lower  40.0
['bpc_80_[1, 0, 2, 3, 4, 9]_1_9', 'bpc_80_[1, 0, 2, 4, 9]_1_9']
upper  80.0
lower  40.0
['bpc_80_[1, 0, 2, 3, 4, 9]_1_9', 'bpc_80_[1, 0, 2, 4, 9]_1_9', 'bpc_80_[1, 0, 3, 2, 4, 9]_1_9']
upper  80.0
lower  40.0
['bpc_80_[1, 0, 2, 3, 4, 9]_1_9', 'bpc_80_[1, 0, 2, 4, 9]_1_9', 'bpc_80_[1, 0, 3, 2, 4, 9]_1_9', 'bpc_80_[1, 0, 3, 4, 9]_1_9']
upper  80.0
lower  40.0
['bpc_80_[1, 0, 2, 3, 4, 9]_1_9', 'bpc_80_[1, 0, 2, 4, 9]_1_9', 'bpc_80_[1, 0, 3, 2, 4, 9]_1_9', 'bpc_80_[1, 0, 3, 4, 9]_1_9', 'bpc_80_[1, 0, 4, 9]_1_9']
upper  80.0
lower  40.0
1.0
False
upper bound:80.0
lower bound:40.0
['bpc_210_[1, 0, 2, 3, 4]_1_4']
upper  80.0
lower  40.0
['bpc_210_[1, 0, 2, 3, 4]_1_4', 'bpc_210_[1, 0, 2, 4]_1_4']
upper  80.0
lower  40.0
['bpc_210_[1, 0, 2, 3, 4]_1_4', 'bpc_210_[1, 0, 2, 4]_1_4', 'bpc_210_[1, 0, 3, 2, 4]_1_4']
upper  80.0
lower  40.0
['bpc_210_[1, 0, 2, 3, 4]_1_4', 'bpc_210_[1, 0, 2, 4]_1_4', 'bpc_210_[1, 0, 3, 2, 4]_1_4', 'bpc_210_[1, 0, 3, 4]_1_4']
upper  80.0
lower  40.0
['bpc_210_[1, 0, 2, 3, 4]_1_4', 'bpc_210_[1, 0, 2, 4]_1_4', 'bpc_210_[1, 0, 3, 2, 4]_1_4', 'bpc_210_[1, 0, 3, 4]_1_4', 'bpc_210_[1, 0, 4]_1_4']
upper  80.0
lower  40.0
1.0
False
upper bound:80.0
lower bound:40.0
['bpc_185_[1, 0, 2, 3, 4, 10]_1_10']
upper  80.0
lower  40.0
['bpc_185_[1, 0, 2, 3, 4, 10]_1_10', 'bpc_185_[1, 0, 2, 4, 10]_1_10']
upper  80.0
lower  40.0
['bpc_185_[1, 0, 2, 3, 4, 10]_1_10', 'bpc_185_[1, 0, 2, 4, 10]_1_10', 'bpc_185_[1, 0, 3, 2, 4, 10]_1_10']
upper  80.0
lower  40.0
['bpc_185_[1, 0, 2, 3, 4, 10]_1_10', 'bpc_185_[1, 0, 2, 4, 10]_1_10', 'bpc_185_[1, 0, 3, 2, 4, 10]_1_10', 'bpc_185_[1, 0, 3, 4, 10]_1_10']
upper  80.0
lower  40.0
['bpc_185_[1, 0, 2, 3, 4, 10]_1_10', 'bpc_185_[1, 0, 2, 4, 10]_1_10', 'bpc_185_[1, 0, 3, 2, 4, 10]_1_10', 'bpc_185_[1, 0, 3, 4, 10]_1_10', 'bpc_185_[1, 0, 4, 10]_1_10']
upper  80.0
lower  40.0
1.0
False
upper bound:80.0
lower bound:40.0
['bpc_122_[1, 0, 2, 3, 4]_1_4']
upper  80.0
lower  40.0
['bpc_122_[1, 0, 2, 3, 4]_1_4', 'bpc_122_[1, 0, 2, 4]_1_4']
upper  80.0
lower  40.0
['bpc_122_[1, 0, 2, 3, 4]_1_4', 'bpc_122_[1, 0, 2, 4]_1_4', 'bpc_122_[1, 0, 3, 2, 4]_1_4']
upper  80.0
lower  40.0
['bpc_122_[1, 0, 2, 3, 4]_1_4', 'bpc_122_[1, 0, 2, 4]_1_4', 'bpc_122_[1, 0, 3, 2, 4]_1_4', 'bpc_122_[1, 0, 3, 4]_1_4']
upper  80.0
lower  40.0
['bpc_122_[1, 0, 2, 3, 4]_1_4', 'bpc_122_[1, 0, 2, 4]_1_4', 'bpc_122_[1, 0, 3, 2, 4]_1_4', 'bpc_122_[1, 0, 3, 4]_1_4', 'bpc_122_[1, 0, 4]_1_4']
upper  80.0
lower  40.0
1.0
False
upper bound:80.0
lower bound:40.0
['bpc_160_[1, 0, 2]_1_2']
upper  80.0
lower  40.0
['bpc_160_[1, 0, 2]_1_2', 'bpc_160_[1, 0, 3, 2]_1_2']
upper  80.0
lower  40.0
['bpc_160_[1, 0, 2]_1_2', 'bpc_160_[1, 0, 3, 2]_1_2', 'bpc_160_[1, 0, 3, 4, 2]_1_2']
upper  80.0
lower  40.0
['bpc_160_[1, 0, 2]_1_2', 'bpc_160_[1, 0, 3, 2]_1_2', 'bpc_160_[1, 0, 3, 4, 2]_1_2', 'bpc_160_[1, 0, 4, 2]_1_2']
upper  80.0
lower  40.0
['bpc_160_[1, 0, 2]_1_2', 'bpc_160_[1, 0, 3, 2]_1_2', 'bpc_160_[1, 0, 3, 4, 2]_1_2', 'bpc_160_[1, 0, 4, 2]_1_2', 'bpc_160_[1, 0, 4, 3, 2]_1_2']
upper  80.0
lower  40.0
1.0
False
upper bound:80.0
lower bound:40.0
['bpc_97_[1, 0, 2, 3, 4, 10]_1_10']
upper  80.0
lower  40.0
['bpc_97_[1, 0, 2, 3, 4, 10]_1_10', 'bpc_97_[1, 0, 2, 4, 10]_1_10']
upper  80.0
lower  40.0
['bpc_97_[1, 0, 2, 3, 4, 10]_1_10', 'bpc_97_[1, 0, 2, 4, 10]_1_10', 'bpc_97_[1, 0, 3, 2, 4, 10]_1_10']
upper  80.0
lower  40.0
['bpc_97_[1, 0, 2, 3, 4, 10]_1_10', 'bpc_97_[1, 0, 2, 4, 10]_1_10', 'bpc_97_[1, 0, 3, 2, 4, 10]_1_10', 'bpc_97_[1, 0, 3, 4, 10]_1_10']
upper  80.0
lower  40.0
['bpc_97_[1, 0, 2, 3, 4, 10]_1_10', 'bpc_97_[1, 0, 2, 4, 10]_1_10', 'bpc_97_[1, 0, 3, 2, 4, 10]_1_10', 'bpc_97_[1, 0, 3, 4, 10]_1_10', 'bpc_97_[1, 0, 4, 10]_1_10']
upper  80.0
lower  40.0
1.0
False
upper bound:80.0
lower bound:40.0
['bpc_151_[1, 0, 2, 3, 8]_1_8']
upper  80.0
lower  40.0
['bpc_151_[1, 0, 2, 3, 8]_1_8', 'bpc_151_[1, 0, 2, 4, 3, 8]_1_8']
upper  80.0
lower  40.0
['bpc_151_[1, 0, 2, 3, 8]_1_8', 'bpc_151_[1, 0, 2, 4, 3, 8]_1_8', 'bpc_151_[1, 0, 3, 8]_1_8']
upper  80.0
lower  40.0
['bpc_151_[1, 0, 2, 3, 8]_1_8', 'bpc_151_[1, 0, 2, 4, 3, 8]_1_8', 'bpc_151_[1, 0, 3, 8]_1_8', 'bpc_151_[1, 0, 4, 2, 3, 8]_1_8']
upper  80.0
lower  40.0
['bpc_151_[1, 0, 2, 3, 8]_1_8', 'bpc_151_[1, 0, 2, 4, 3, 8]_1_8', 'bpc_151_[1, 0, 3, 8]_1_8', 'bpc_151_[1, 0, 4, 2, 3, 8]_1_8', 'bpc_151_[1, 0, 4, 3, 8]_1_8']
upper  80.0
lower  40.0
1.0
False
upper bound:80.0
lower bound:40.0
['bpc_72_[1, 0, 2]_1_2']
upper  80.0
lower  40.0
['bpc_72_[1, 0, 2]_1_2', 'bpc_72_[1, 0, 3, 2]_1_2']
upper  80.0
lower  40.0
['bpc_72_[1, 0, 2]_1_2', 'bpc_72_[1, 0, 3, 2]_1_2', 'bpc_72_[1, 0, 3, 4, 2]_1_2']
upper  80.0
lower  40.0
['bpc_72_[1, 0, 2]_1_2', 'bpc_72_[1, 0, 3, 2]_1_2', 'bpc_72_[1, 0, 3, 4, 2]_1_2', 'bpc_72_[1, 0, 4, 2]_1_2']
upper  80.0
lower  40.0
['bpc_72_[1, 0, 2]_1_2', 'bpc_72_[1, 0, 3, 2]_1_2', 'bpc_72_[1, 0, 3, 4, 2]_1_2', 'bpc_72_[1, 0, 4, 2]_1_2', 'bpc_72_[1, 0, 4, 3, 2]_1_2']
upper  80.0
lower  40.0
1.0
False
upper bound:80.0
lower bound:40.0
['bpc_63_[1, 0, 2, 3, 8]_1_8']
upper  80.0
lower  40.0
['bpc_63_[1, 0, 2, 3, 8]_1_8', 'bpc_63_[1, 0, 2, 4, 3, 8]_1_8']
upper  80.0
lower  40.0
['bpc_63_[1, 0, 2, 3, 8]_1_8', 'bpc_63_[1, 0, 2, 4, 3, 8]_1_8', 'bpc_63_[1, 0, 3, 8]_1_8']
upper  80.0
lower  40.0
['bpc_63_[1, 0, 2, 3, 8]_1_8', 'bpc_63_[1, 0, 2, 4, 3, 8]_1_8', 'bpc_63_[1, 0, 3, 8]_1_8', 'bpc_63_[1, 0, 4, 2, 3, 8]_1_8']
upper  80.0
lower  40.0
['bpc_63_[1, 0, 2, 3, 8]_1_8', 'bpc_63_[1, 0, 2, 4, 3, 8]_1_8', 'bpc_63_[1, 0, 3, 8]_1_8', 'bpc_63_[1, 0, 4, 2, 3, 8]_1_8', 'bpc_63_[1, 0, 4, 3, 8]_1_8']
upper  80.0
lower  40.0
1.0
False
upper bound:80.0
lower bound:40.0
['bpc_177_[1, 0, 2, 3]_1_3']
upper  80.0
lower  40.0
['bpc_177_[1, 0, 2, 3]_1_3', 'bpc_177_[1, 0, 2, 4, 3]_1_3']
upper  80.0
lower  40.0
['bpc_177_[1, 0, 2, 3]_1_3', 'bpc_177_[1, 0, 2, 4, 3]_1_3', 'bpc_177_[1, 0, 3]_1_3']
upper  80.0
lower  40.0
['bpc_177_[1, 0, 2, 3]_1_3', 'bpc_177_[1, 0, 2, 4, 3]_1_3', 'bpc_177_[1, 0, 3]_1_3', 'bpc_177_[1, 0, 4, 2, 3]_1_3']
upper  80.0
lower  40.0
['bpc_177_[1, 0, 2, 3]_1_3', 'bpc_177_[1, 0, 2, 4, 3]_1_3', 'bpc_177_[1, 0, 3]_1_3', 'bpc_177_[1, 0, 4, 2, 3]_1_3', 'bpc_177_[1, 0, 4, 3]_1_3']
upper  80.0
lower  40.0
1.0
False
upper bound:80.0
lower bound:40.0
['bpc_152_[1, 0, 2, 3, 7]_1_7']
upper  80.0
lower  40.0
['bpc_152_[1, 0, 2, 3, 7]_1_7', 'bpc_152_[1, 0, 2, 4, 3, 7]_1_7']
upper  80.0
lower  40.0
['bpc_152_[1, 0, 2, 3, 7]_1_7', 'bpc_152_[1, 0, 2, 4, 3, 7]_1_7', 'bpc_152_[1, 0, 3, 7]_1_7']
upper  80.0
lower  40.0
['bpc_152_[1, 0, 2, 3, 7]_1_7', 'bpc_152_[1, 0, 2, 4, 3, 7]_1_7', 'bpc_152_[1, 0, 3, 7]_1_7', 'bpc_152_[1, 0, 4, 2, 3, 7]_1_7']
upper  80.0
lower  40.0
['bpc_152_[1, 0, 2, 3, 7]_1_7', 'bpc_152_[1, 0, 2, 4, 3, 7]_1_7', 'bpc_152_[1, 0, 3, 7]_1_7', 'bpc_152_[1, 0, 4, 2, 3, 7]_1_7', 'bpc_152_[1, 0, 4, 3, 7]_1_7']
upper  80.0
lower  40.0
1.0
False
upper bound:80.0
lower bound:40.0
['bpc_89_[1, 0, 2, 3]_1_3']
upper  80.0
lower  40.0
['bpc_89_[1, 0, 2, 3]_1_3', 'bpc_89_[1, 0, 2, 4, 3]_1_3']
upper  80.0
lower  40.0
['bpc_89_[1, 0, 2, 3]_1_3', 'bpc_89_[1, 0, 2, 4, 3]_1_3', 'bpc_89_[1, 0, 3]_1_3']
upper  80.0
lower  40.0
['bpc_89_[1, 0, 2, 3]_1_3', 'bpc_89_[1, 0, 2, 4, 3]_1_3', 'bpc_89_[1, 0, 3]_1_3', 'bpc_89_[1, 0, 4, 2, 3]_1_3']
upper  80.0
lower  40.0
['bpc_89_[1, 0, 2, 3]_1_3', 'bpc_89_[1, 0, 2, 4, 3]_1_3', 'bpc_89_[1, 0, 3]_1_3', 'bpc_89_[1, 0, 4, 2, 3]_1_3', 'bpc_89_[1, 0, 4, 3]_1_3']
upper  80.0
lower  40.0
1.0
False
upper bound:80.0
lower bound:40.0
['bpc_64_[1, 0, 2, 3, 7]_1_7']
upper  80.0
lower  40.0
['bpc_64_[1, 0, 2, 3, 7]_1_7', 'bpc_64_[1, 0, 2, 4, 3, 7]_1_7']
upper  80.0
lower  40.0
['bpc_64_[1, 0, 2, 3, 7]_1_7', 'bpc_64_[1, 0, 2, 4, 3, 7]_1_7', 'bpc_64_[1, 0, 3, 7]_1_7']
upper  80.0
lower  40.0
['bpc_64_[1, 0, 2, 3, 7]_1_7', 'bpc_64_[1, 0, 2, 4, 3, 7]_1_7', 'bpc_64_[1, 0, 3, 7]_1_7', 'bpc_64_[1, 0, 4, 2, 3, 7]_1_7']
upper  80.0
lower  40.0
['bpc_64_[1, 0, 2, 3, 7]_1_7', 'bpc_64_[1, 0, 2, 4, 3, 7]_1_7', 'bpc_64_[1, 0, 3, 7]_1_7', 'bpc_64_[1, 0, 4, 2, 3, 7]_1_7', 'bpc_64_[1, 0, 4, 3, 7]_1_7']
upper  80.0
lower  40.0
1.0
False
upper bound:80.0
lower bound:40.0
['bpc_169_[1, 0]_1_0']
upper  80.0
lower  40.0
['bpc_169_[1, 0]_1_0', 'bpc_169_[1, 2, 0]_1_0']
upper  80.0
lower  40.0
['bpc_169_[1, 0]_1_0', 'bpc_169_[1, 2, 0]_1_0', 'bpc_169_[1, 2, 3, 0]_1_0']
upper  80.0
lower  40.0
['bpc_169_[1, 0]_1_0', 'bpc_169_[1, 2, 0]_1_0', 'bpc_169_[1, 2, 3, 0]_1_0', 'bpc_169_[1, 2, 3, 4, 0]_1_0']
upper  80.0
lower  40.0
['bpc_169_[1, 0]_1_0', 'bpc_169_[1, 2, 0]_1_0', 'bpc_169_[1, 2, 3, 0]_1_0', 'bpc_169_[1, 2, 3, 4, 0]_1_0', 'bpc_169_[1, 2, 4, 0]_1_0']
upper  80.0
lower  40.0
1.0
False
upper bound:80.0
lower bound:40.0
['bpc_144_[1, 0, 2, 3, 4]_1_4']
upper  80.0
lower  40.0
['bpc_144_[1, 0, 2, 3, 4]_1_4', 'bpc_144_[1, 0, 2, 4]_1_4']
upper  80.0
lower  40.0
['bpc_144_[1, 0, 2, 3, 4]_1_4', 'bpc_144_[1, 0, 2, 4]_1_4', 'bpc_144_[1, 0, 3, 2, 4]_1_4']
upper  80.0
lower  40.0
['bpc_144_[1, 0, 2, 3, 4]_1_4', 'bpc_144_[1, 0, 2, 4]_1_4', 'bpc_144_[1, 0, 3, 2, 4]_1_4', 'bpc_144_[1, 0, 3, 4]_1_4']
upper  80.0
lower  40.0
['bpc_144_[1, 0, 2, 3, 4]_1_4', 'bpc_144_[1, 0, 2, 4]_1_4', 'bpc_144_[1, 0, 3, 2, 4]_1_4', 'bpc_144_[1, 0, 3, 4]_1_4', 'bpc_144_[1, 0, 4]_1_4']
upper  80.0
lower  40.0
1.0
False
upper bound:80.0
lower bound:40.0
['bpc_81_[1, 0]_1_0']
upper  80.0
lower  40.0
['bpc_81_[1, 0]_1_0', 'bpc_81_[1, 2, 0]_1_0']
upper  80.0
lower  40.0
['bpc_81_[1, 0]_1_0', 'bpc_81_[1, 2, 0]_1_0', 'bpc_81_[1, 2, 3, 0]_1_0']
upper  80.0
lower  40.0
['bpc_81_[1, 0]_1_0', 'bpc_81_[1, 2, 0]_1_0', 'bpc_81_[1, 2, 3, 0]_1_0', 'bpc_81_[1, 2, 3, 4, 0]_1_0']
upper  80.0
lower  40.0
['bpc_81_[1, 0]_1_0', 'bpc_81_[1, 2, 0]_1_0', 'bpc_81_[1, 2, 3, 0]_1_0', 'bpc_81_[1, 2, 3, 4, 0]_1_0', 'bpc_81_[1, 2, 4, 0]_1_0']
upper  80.0
lower  40.0
1.0
False
upper bound:80.0
lower bound:40.0
['bpc_135_[1, 0, 2, 6]_1_6']
upper  80.0
lower  40.0
['bpc_135_[1, 0, 2, 6]_1_6', 'bpc_135_[1, 0, 3, 2, 6]_1_6']
upper  80.0
lower  40.0
['bpc_135_[1, 0, 2, 6]_1_6', 'bpc_135_[1, 0, 3, 2, 6]_1_6', 'bpc_135_[1, 0, 3, 4, 2, 6]_1_6']
upper  80.0
lower  40.0
['bpc_135_[1, 0, 2, 6]_1_6', 'bpc_135_[1, 0, 3, 2, 6]_1_6', 'bpc_135_[1, 0, 3, 4, 2, 6]_1_6', 'bpc_135_[1, 0, 4, 2, 6]_1_6']
upper  80.0
lower  40.0
['bpc_135_[1, 0, 2, 6]_1_6', 'bpc_135_[1, 0, 3, 2, 6]_1_6', 'bpc_135_[1, 0, 3, 4, 2, 6]_1_6', 'bpc_135_[1, 0, 4, 2, 6]_1_6', 'bpc_135_[1, 0, 4, 3, 2, 6]_1_6']
upper  80.0
lower  40.0
1.0
False
upper bound:80.0
lower bound:40.0
['bpc_56_[1, 0, 2, 3, 4]_1_4']
upper  80.0
lower  40.0
['bpc_56_[1, 0, 2, 3, 4]_1_4', 'bpc_56_[1, 0, 2, 4]_1_4']
upper  80.0
lower  40.0
['bpc_56_[1, 0, 2, 3, 4]_1_4', 'bpc_56_[1, 0, 2, 4]_1_4', 'bpc_56_[1, 0, 3, 2, 4]_1_4']
upper  80.0
lower  40.0
['bpc_56_[1, 0, 2, 3, 4]_1_4', 'bpc_56_[1, 0, 2, 4]_1_4', 'bpc_56_[1, 0, 3, 2, 4]_1_4', 'bpc_56_[1, 0, 3, 4]_1_4']
upper  80.0
lower  40.0
['bpc_56_[1, 0, 2, 3, 4]_1_4', 'bpc_56_[1, 0, 2, 4]_1_4', 'bpc_56_[1, 0, 3, 2, 4]_1_4', 'bpc_56_[1, 0, 3, 4]_1_4', 'bpc_56_[1, 0, 4]_1_4']
upper  80.0
lower  40.0
1.0
False
upper bound:80.0
lower bound:40.0
['bpc_47_[1, 0, 2, 6]_1_6']
upper  80.0
lower  40.0
['bpc_47_[1, 0, 2, 6]_1_6', 'bpc_47_[1, 0, 3, 2, 6]_1_6']
upper  80.0
lower  40.0
['bpc_47_[1, 0, 2, 6]_1_6', 'bpc_47_[1, 0, 3, 2, 6]_1_6', 'bpc_47_[1, 0, 3, 4, 2, 6]_1_6']
upper  80.0
lower  40.0
['bpc_47_[1, 0, 2, 6]_1_6', 'bpc_47_[1, 0, 3, 2, 6]_1_6', 'bpc_47_[1, 0, 3, 4, 2, 6]_1_6', 'bpc_47_[1, 0, 4, 2, 6]_1_6']
upper  80.0
lower  40.0
['bpc_47_[1, 0, 2, 6]_1_6', 'bpc_47_[1, 0, 3, 2, 6]_1_6', 'bpc_47_[1, 0, 3, 4, 2, 6]_1_6', 'bpc_47_[1, 0, 4, 2, 6]_1_6', 'bpc_47_[1, 0, 4, 3, 2, 6]_1_6']
upper  80.0
lower  40.0
1.0
False
upper bound:80.0
lower bound:40.0
['bpc_186_[1, 0, 1]_1_1']
upper  80.0
lower  40.0
['bpc_186_[1, 0, 1]_1_1', 'bpc_186_[1, 0, 2, 1]_1_1']
upper  80.0
lower  40.0
['bpc_186_[1, 0, 1]_1_1', 'bpc_186_[1, 0, 2, 1]_1_1', 'bpc_186_[1, 0, 2, 3, 1]_1_1']
upper  80.0
lower  40.0
['bpc_186_[1, 0, 1]_1_1', 'bpc_186_[1, 0, 2, 1]_1_1', 'bpc_186_[1, 0, 2, 3, 1]_1_1', 'bpc_186_[1, 0, 2, 3, 4, 1]_1_1']
upper  80.0
lower  40.0
['bpc_186_[1, 0, 1]_1_1', 'bpc_186_[1, 0, 2, 1]_1_1', 'bpc_186_[1, 0, 2, 3, 1]_1_1', 'bpc_186_[1, 0, 2, 3, 4, 1]_1_1', 'bpc_186_[1, 0, 2, 4, 1]_1_1']
upper  80.0
lower  40.0
1.0
False
upper bound:80.0
lower bound:40.0
['bpc_161_[1, 0, 2, 5]_1_5']
upper  80.0
lower  40.0
['bpc_161_[1, 0, 2, 5]_1_5', 'bpc_161_[1, 0, 3, 2, 5]_1_5']
upper  80.0
lower  40.0
['bpc_161_[1, 0, 2, 5]_1_5', 'bpc_161_[1, 0, 3, 2, 5]_1_5', 'bpc_161_[1, 0, 3, 4, 2, 5]_1_5']
upper  80.0
lower  40.0
['bpc_161_[1, 0, 2, 5]_1_5', 'bpc_161_[1, 0, 3, 2, 5]_1_5', 'bpc_161_[1, 0, 3, 4, 2, 5]_1_5', 'bpc_161_[1, 0, 4, 2, 5]_1_5']
upper  80.0
lower  40.0
['bpc_161_[1, 0, 2, 5]_1_5', 'bpc_161_[1, 0, 3, 2, 5]_1_5', 'bpc_161_[1, 0, 3, 4, 2, 5]_1_5', 'bpc_161_[1, 0, 4, 2, 5]_1_5', 'bpc_161_[1, 0, 4, 3, 2, 5]_1_5']
upper  80.0
lower  40.0
1.0
False
upper bound:80.0
lower bound:40.0
['bpc_98_[1, 0, 1]_1_1']
upper  80.0
lower  40.0
['bpc_98_[1, 0, 1]_1_1', 'bpc_98_[1, 0, 2, 1]_1_1']
upper  80.0
lower  40.0
['bpc_98_[1, 0, 1]_1_1', 'bpc_98_[1, 0, 2, 1]_1_1', 'bpc_98_[1, 0, 2, 3, 1]_1_1']
upper  80.0
lower  40.0
['bpc_98_[1, 0, 1]_1_1', 'bpc_98_[1, 0, 2, 1]_1_1', 'bpc_98_[1, 0, 2, 3, 1]_1_1', 'bpc_98_[1, 0, 2, 3, 4, 1]_1_1']
upper  80.0
lower  40.0
['bpc_98_[1, 0, 1]_1_1', 'bpc_98_[1, 0, 2, 1]_1_1', 'bpc_98_[1, 0, 2, 3, 1]_1_1', 'bpc_98_[1, 0, 2, 3, 4, 1]_1_1', 'bpc_98_[1, 0, 2, 4, 1]_1_1']
upper  80.0
lower  40.0
1.0
False
upper bound:80.0
lower bound:40.0
['bpc_73_[1, 0, 2, 5]_1_5']
upper  80.0
lower  40.0
['bpc_73_[1, 0, 2, 5]_1_5', 'bpc_73_[1, 0, 3, 2, 5]_1_5']
upper  80.0
lower  40.0
['bpc_73_[1, 0, 2, 5]_1_5', 'bpc_73_[1, 0, 3, 2, 5]_1_5', 'bpc_73_[1, 0, 3, 4, 2, 5]_1_5']
upper  80.0
lower  40.0
['bpc_73_[1, 0, 2, 5]_1_5', 'bpc_73_[1, 0, 3, 2, 5]_1_5', 'bpc_73_[1, 0, 3, 4, 2, 5]_1_5', 'bpc_73_[1, 0, 4, 2, 5]_1_5']
upper  80.0
lower  40.0
['bpc_73_[1, 0, 2, 5]_1_5', 'bpc_73_[1, 0, 3, 2, 5]_1_5', 'bpc_73_[1, 0, 3, 4, 2, 5]_1_5', 'bpc_73_[1, 0, 4, 2, 5]_1_5', 'bpc_73_[1, 0, 4, 3, 2, 5]_1_5']
upper  80.0
lower  40.0
1.0
False
upper bound:80.0
lower bound:40.0
['bpc_14_[1, 0, 2, 3, 4, 9]_1_9']
upper  80.0
lower  40.0
['bpc_14_[1, 0, 2, 3, 4, 9]_1_9', 'bpc_14_[1, 0, 2, 4, 9]_1_9']
upper  80.0
lower  40.0
['bpc_14_[1, 0, 2, 3, 4, 9]_1_9', 'bpc_14_[1, 0, 2, 4, 9]_1_9', 'bpc_14_[1, 0, 3, 2, 4, 9]_1_9']
upper  80.0
lower  40.0
['bpc_14_[1, 0, 2, 3, 4, 9]_1_9', 'bpc_14_[1, 0, 2, 4, 9]_1_9', 'bpc_14_[1, 0, 3, 2, 4, 9]_1_9', 'bpc_14_[1, 0, 3, 4, 9]_1_9']
upper  80.0
lower  40.0
['bpc_14_[1, 0, 2, 3, 4, 9]_1_9', 'bpc_14_[1, 0, 2, 4, 9]_1_9', 'bpc_14_[1, 0, 3, 2, 4, 9]_1_9', 'bpc_14_[1, 0, 3, 4, 9]_1_9', 'bpc_14_[1, 0, 4, 9]_1_9']
upper  80.0
lower  40.0
1.0
False
upper bound:80.0
lower bound:40.0
['bpc_195_[1, 0, 2, 3, 8]_1_8']
upper  80.0
lower  40.0
['bpc_195_[1, 0, 2, 3, 8]_1_8', 'bpc_195_[1, 0, 2, 4, 3, 8]_1_8']
upper  80.0
lower  40.0
['bpc_195_[1, 0, 2, 3, 8]_1_8', 'bpc_195_[1, 0, 2, 4, 3, 8]_1_8', 'bpc_195_[1, 0, 3, 8]_1_8']
upper  80.0
lower  40.0
['bpc_195_[1, 0, 2, 3, 8]_1_8', 'bpc_195_[1, 0, 2, 4, 3, 8]_1_8', 'bpc_195_[1, 0, 3, 8]_1_8', 'bpc_195_[1, 0, 4, 2, 3, 8]_1_8']
upper  80.0
lower  40.0
['bpc_195_[1, 0, 2, 3, 8]_1_8', 'bpc_195_[1, 0, 2, 4, 3, 8]_1_8', 'bpc_195_[1, 0, 3, 8]_1_8', 'bpc_195_[1, 0, 4, 2, 3, 8]_1_8', 'bpc_195_[1, 0, 4, 3, 8]_1_8']
upper  80.0
lower  40.0
1.0
False
upper bound:80.0
lower bound:40.0
['bpc_31_[1, 0, 2, 3, 4, 10]_1_10']
upper  80.0
lower  40.0
['bpc_31_[1, 0, 2, 3, 4, 10]_1_10', 'bpc_31_[1, 0, 2, 4, 10]_1_10']
upper  80.0
lower  40.0
['bpc_31_[1, 0, 2, 3, 4, 10]_1_10', 'bpc_31_[1, 0, 2, 4, 10]_1_10', 'bpc_31_[1, 0, 3, 2, 4, 10]_1_10']
upper  80.0
lower  40.0
['bpc_31_[1, 0, 2, 3, 4, 10]_1_10', 'bpc_31_[1, 0, 2, 4, 10]_1_10', 'bpc_31_[1, 0, 3, 2, 4, 10]_1_10', 'bpc_31_[1, 0, 3, 4, 10]_1_10']
upper  80.0
lower  40.0
['bpc_31_[1, 0, 2, 3, 4, 10]_1_10', 'bpc_31_[1, 0, 2, 4, 10]_1_10', 'bpc_31_[1, 0, 3, 2, 4, 10]_1_10', 'bpc_31_[1, 0, 3, 4, 10]_1_10', 'bpc_31_[1, 0, 4, 10]_1_10']
upper  80.0
lower  40.0
1.0
False
upper bound:80.0
lower bound:40.0
['bpc_107_[1, 0, 2, 3, 8]_1_8']
upper  80.0
lower  40.0
['bpc_107_[1, 0, 2, 3, 8]_1_8', 'bpc_107_[1, 0, 2, 4, 3, 8]_1_8']
upper  80.0
lower  40.0
['bpc_107_[1, 0, 2, 3, 8]_1_8', 'bpc_107_[1, 0, 2, 4, 3, 8]_1_8', 'bpc_107_[1, 0, 3, 8]_1_8']
upper  80.0
lower  40.0
['bpc_107_[1, 0, 2, 3, 8]_1_8', 'bpc_107_[1, 0, 2, 4, 3, 8]_1_8', 'bpc_107_[1, 0, 3, 8]_1_8', 'bpc_107_[1, 0, 4, 2, 3, 8]_1_8']
upper  80.0
lower  40.0
['bpc_107_[1, 0, 2, 3, 8]_1_8', 'bpc_107_[1, 0, 2, 4, 3, 8]_1_8', 'bpc_107_[1, 0, 3, 8]_1_8', 'bpc_107_[1, 0, 4, 2, 3, 8]_1_8', 'bpc_107_[1, 0, 4, 3, 8]_1_8']
upper  80.0
lower  40.0
1.0
False
upper bound:80.0
lower bound:40.0
['bpc_6_[1, 0, 2]_1_2']
upper  80.0
lower  40.0
['bpc_6_[1, 0, 2]_1_2', 'bpc_6_[1, 0, 3, 2]_1_2']
upper  80.0
lower  40.0
['bpc_6_[1, 0, 2]_1_2', 'bpc_6_[1, 0, 3, 2]_1_2', 'bpc_6_[1, 0, 3, 4, 2]_1_2']
upper  80.0
lower  40.0
['bpc_6_[1, 0, 2]_1_2', 'bpc_6_[1, 0, 3, 2]_1_2', 'bpc_6_[1, 0, 3, 4, 2]_1_2', 'bpc_6_[1, 0, 4, 2]_1_2']
upper  80.0
lower  40.0
['bpc_6_[1, 0, 2]_1_2', 'bpc_6_[1, 0, 3, 2]_1_2', 'bpc_6_[1, 0, 3, 4, 2]_1_2', 'bpc_6_[1, 0, 4, 2]_1_2', 'bpc_6_[1, 0, 4, 3, 2]_1_2']
upper  80.0
lower  40.0
1.0
False
upper bound:80.0
lower bound:40.0
['bpc_212_[1, 0, 2, 3, 4, 9]_1_9']
upper  80.0
lower  40.0
['bpc_212_[1, 0, 2, 3, 4, 9]_1_9', 'bpc_212_[1, 0, 2, 4, 9]_1_9']
upper  80.0
lower  40.0
['bpc_212_[1, 0, 2, 3, 4, 9]_1_9', 'bpc_212_[1, 0, 2, 4, 9]_1_9', 'bpc_212_[1, 0, 3, 2, 4, 9]_1_9']
upper  80.0
lower  40.0
['bpc_212_[1, 0, 2, 3, 4, 9]_1_9', 'bpc_212_[1, 0, 2, 4, 9]_1_9', 'bpc_212_[1, 0, 3, 2, 4, 9]_1_9', 'bpc_212_[1, 0, 3, 4, 9]_1_9']
upper  80.0
lower  40.0
['bpc_212_[1, 0, 2, 3, 4, 9]_1_9', 'bpc_212_[1, 0, 2, 4, 9]_1_9', 'bpc_212_[1, 0, 3, 2, 4, 9]_1_9', 'bpc_212_[1, 0, 3, 4, 9]_1_9', 'bpc_212_[1, 0, 4, 9]_1_9']
upper  80.0
lower  40.0
(7, 3)
(1, 3)
(3, 0)
(2, 1)
(6, 2)
(9, 4)
(3, 7)
(2, 5)
(0, 3)
(4, 0)
(1, 2)
(4, 9)
(0, 4)
(4, 1)
(4, 10)
(3, 2)
(2, 6)
(10, 4)
(1, 4)
(2, 3)
(4, 2)
(1, 0)
(0, 1)
(8, 3)
(5, 2)
(3, 1)
(2, 4)
(3, 8)
(2, 0)
(4, 3)
(3, 4)
(0, 2)
Parallel mode: deterministic, using up to 4 threads for concurrent optimization.
Tried aggregator 1 time.
LP Presolve eliminated 5750 rows and 1100 columns.
All rows and columns eliminated.
Presolve time = 0.03 sec. (46.42 ticks)
('Solution status = ', 1)
('Obj ', 10633.333333333336)
throughput:10633.3333333
3 round
1.0
False
upper bound:160.0
lower bound:80.0
['bpc_32_[1, 0, 1]_1_1']
upper  160.0
lower  80.0
['bpc_32_[1, 0, 1]_1_1', 'bpc_32_[1, 0, 2, 1]_1_1']
upper  160.0
lower  80.0
['bpc_32_[1, 0, 1]_1_1', 'bpc_32_[1, 0, 2, 1]_1_1', 'bpc_32_[1, 0, 2, 3, 1]_1_1']
upper  160.0
lower  80.0
['bpc_32_[1, 0, 1]_1_1', 'bpc_32_[1, 0, 2, 1]_1_1', 'bpc_32_[1, 0, 2, 3, 1]_1_1', 'bpc_32_[1, 0, 2, 3, 4, 1]_1_1']
upper  160.0
lower  80.0
['bpc_32_[1, 0, 1]_1_1', 'bpc_32_[1, 0, 2, 1]_1_1', 'bpc_32_[1, 0, 2, 3, 1]_1_1', 'bpc_32_[1, 0, 2, 3, 4, 1]_1_1', 'bpc_32_[1, 0, 2, 4, 1]_1_1']
upper  160.0
lower  80.0
1.0
False
upper bound:160.0
lower bound:80.0
['bpc_124_[1, 0, 2, 3, 4, 9]_1_9']
upper  160.0
lower  80.0
['bpc_124_[1, 0, 2, 3, 4, 9]_1_9', 'bpc_124_[1, 0, 2, 4, 9]_1_9']
upper  160.0
lower  80.0
['bpc_124_[1, 0, 2, 3, 4, 9]_1_9', 'bpc_124_[1, 0, 2, 4, 9]_1_9', 'bpc_124_[1, 0, 3, 2, 4, 9]_1_9']
upper  160.0
lower  80.0
['bpc_124_[1, 0, 2, 3, 4, 9]_1_9', 'bpc_124_[1, 0, 2, 4, 9]_1_9', 'bpc_124_[1, 0, 3, 2, 4, 9]_1_9', 'bpc_124_[1, 0, 3, 4, 9]_1_9']
upper  160.0
lower  80.0
['bpc_124_[1, 0, 2, 3, 4, 9]_1_9', 'bpc_124_[1, 0, 2, 4, 9]_1_9', 'bpc_124_[1, 0, 3, 2, 4, 9]_1_9', 'bpc_124_[1, 0, 3, 4, 9]_1_9', 'bpc_124_[1, 0, 4, 9]_1_9']
upper  160.0
lower  80.0
1.0
False
upper bound:160.0
lower bound:80.0
['bpc_23_[1, 0, 2, 3]_1_3']
upper  160.0
lower  80.0
['bpc_23_[1, 0, 2, 3]_1_3', 'bpc_23_[1, 0, 2, 4, 3]_1_3']
upper  160.0
lower  80.0
['bpc_23_[1, 0, 2, 3]_1_3', 'bpc_23_[1, 0, 2, 4, 3]_1_3', 'bpc_23_[1, 0, 3]_1_3']
upper  160.0
lower  80.0
['bpc_23_[1, 0, 2, 3]_1_3', 'bpc_23_[1, 0, 2, 4, 3]_1_3', 'bpc_23_[1, 0, 3]_1_3', 'bpc_23_[1, 0, 4, 2, 3]_1_3']
upper  160.0
lower  80.0
['bpc_23_[1, 0, 2, 3]_1_3', 'bpc_23_[1, 0, 2, 4, 3]_1_3', 'bpc_23_[1, 0, 3]_1_3', 'bpc_23_[1, 0, 4, 2, 3]_1_3', 'bpc_23_[1, 0, 4, 3]_1_3']
upper  160.0
lower  80.0
1.0
False
upper bound:160.0
lower bound:80.0
['bpc_204_[1, 0, 2]_1_2']
upper  160.0
lower  80.0
['bpc_204_[1, 0, 2]_1_2', 'bpc_204_[1, 0, 3, 2]_1_2']
upper  160.0
lower  80.0
['bpc_204_[1, 0, 2]_1_2', 'bpc_204_[1, 0, 3, 2]_1_2', 'bpc_204_[1, 0, 3, 4, 2]_1_2']
upper  160.0
lower  80.0
['bpc_204_[1, 0, 2]_1_2', 'bpc_204_[1, 0, 3, 2]_1_2', 'bpc_204_[1, 0, 3, 4, 2]_1_2', 'bpc_204_[1, 0, 4, 2]_1_2']
upper  160.0
lower  80.0
['bpc_204_[1, 0, 2]_1_2', 'bpc_204_[1, 0, 3, 2]_1_2', 'bpc_204_[1, 0, 3, 4, 2]_1_2', 'bpc_204_[1, 0, 4, 2]_1_2', 'bpc_204_[1, 0, 4, 3, 2]_1_2']
upper  160.0
lower  80.0
1.0
False
upper bound:160.0
lower bound:80.0
['bpc_179_[1, 0, 2, 6]_1_6']
upper  160.0
lower  80.0
['bpc_179_[1, 0, 2, 6]_1_6', 'bpc_179_[1, 0, 3, 2, 6]_1_6']
upper  160.0
lower  80.0
['bpc_179_[1, 0, 2, 6]_1_6', 'bpc_179_[1, 0, 3, 2, 6]_1_6', 'bpc_179_[1, 0, 3, 4, 2, 6]_1_6']
upper  160.0
lower  80.0
['bpc_179_[1, 0, 2, 6]_1_6', 'bpc_179_[1, 0, 3, 2, 6]_1_6', 'bpc_179_[1, 0, 3, 4, 2, 6]_1_6', 'bpc_179_[1, 0, 4, 2, 6]_1_6']
upper  160.0
lower  80.0
['bpc_179_[1, 0, 2, 6]_1_6', 'bpc_179_[1, 0, 3, 2, 6]_1_6', 'bpc_179_[1, 0, 3, 4, 2, 6]_1_6', 'bpc_179_[1, 0, 4, 2, 6]_1_6', 'bpc_179_[1, 0, 4, 3, 2, 6]_1_6']
upper  160.0
lower  80.0
1.0
False
upper bound:160.0
lower bound:80.0
['bpc_116_[1, 0, 2]_1_2']
upper  160.0
lower  80.0
['bpc_116_[1, 0, 2]_1_2', 'bpc_116_[1, 0, 3, 2]_1_2']
upper  160.0
lower  80.0
['bpc_116_[1, 0, 2]_1_2', 'bpc_116_[1, 0, 3, 2]_1_2', 'bpc_116_[1, 0, 3, 4, 2]_1_2']
upper  160.0
lower  80.0
['bpc_116_[1, 0, 2]_1_2', 'bpc_116_[1, 0, 3, 2]_1_2', 'bpc_116_[1, 0, 3, 4, 2]_1_2', 'bpc_116_[1, 0, 4, 2]_1_2']
upper  160.0
lower  80.0
['bpc_116_[1, 0, 2]_1_2', 'bpc_116_[1, 0, 3, 2]_1_2', 'bpc_116_[1, 0, 3, 4, 2]_1_2', 'bpc_116_[1, 0, 4, 2]_1_2', 'bpc_116_[1, 0, 4, 3, 2]_1_2']
upper  160.0
lower  80.0
1.0
False
upper bound:160.0
lower bound:80.0
['bpc_15_[1, 0]_1_0']
upper  160.0
lower  80.0
['bpc_15_[1, 0]_1_0', 'bpc_15_[1, 2, 0]_1_0']
upper  160.0
lower  80.0
['bpc_15_[1, 0]_1_0', 'bpc_15_[1, 2, 0]_1_0', 'bpc_15_[1, 2, 3, 0]_1_0']
upper  160.0
lower  80.0
['bpc_15_[1, 0]_1_0', 'bpc_15_[1, 2, 0]_1_0', 'bpc_15_[1, 2, 3, 0]_1_0', 'bpc_15_[1, 2, 3, 4, 0]_1_0']
upper  160.0
lower  80.0
['bpc_15_[1, 0]_1_0', 'bpc_15_[1, 2, 0]_1_0', 'bpc_15_[1, 2, 3, 0]_1_0', 'bpc_15_[1, 2, 3, 4, 0]_1_0', 'bpc_15_[1, 2, 4, 0]_1_0']
upper  160.0
lower  80.0
1.0
False
upper bound:160.0
lower bound:80.0
['bpc_91_[1, 0, 2, 6]_1_6']
upper  160.0
lower  80.0
['bpc_91_[1, 0, 2, 6]_1_6', 'bpc_91_[1, 0, 3, 2, 6]_1_6']
upper  160.0
lower  80.0
['bpc_91_[1, 0, 2, 6]_1_6', 'bpc_91_[1, 0, 3, 2, 6]_1_6', 'bpc_91_[1, 0, 3, 4, 2, 6]_1_6']
upper  160.0
lower  80.0
['bpc_91_[1, 0, 2, 6]_1_6', 'bpc_91_[1, 0, 3, 2, 6]_1_6', 'bpc_91_[1, 0, 3, 4, 2, 6]_1_6', 'bpc_91_[1, 0, 4, 2, 6]_1_6']
upper  160.0
lower  80.0
['bpc_91_[1, 0, 2, 6]_1_6', 'bpc_91_[1, 0, 3, 2, 6]_1_6', 'bpc_91_[1, 0, 3, 4, 2, 6]_1_6', 'bpc_91_[1, 0, 4, 2, 6]_1_6', 'bpc_91_[1, 0, 4, 3, 2, 6]_1_6']
upper  160.0
lower  80.0
1.0
False
upper bound:160.0
lower bound:80.0
['bpc_129_[1, 0, 2, 3, 8]_1_8']
upper  160.0
lower  80.0
['bpc_129_[1, 0, 2, 3, 8]_1_8', 'bpc_129_[1, 0, 2, 4, 3, 8]_1_8']
upper  160.0
lower  80.0
['bpc_129_[1, 0, 2, 3, 8]_1_8', 'bpc_129_[1, 0, 2, 4, 3, 8]_1_8', 'bpc_129_[1, 0, 3, 8]_1_8']
upper  160.0
lower  80.0
['bpc_129_[1, 0, 2, 3, 8]_1_8', 'bpc_129_[1, 0, 2, 4, 3, 8]_1_8', 'bpc_129_[1, 0, 3, 8]_1_8', 'bpc_129_[1, 0, 4, 2, 3, 8]_1_8']
upper  160.0
lower  80.0
['bpc_129_[1, 0, 2, 3, 8]_1_8', 'bpc_129_[1, 0, 2, 4, 3, 8]_1_8', 'bpc_129_[1, 0, 3, 8]_1_8', 'bpc_129_[1, 0, 4, 2, 3, 8]_1_8', 'bpc_129_[1, 0, 4, 3, 8]_1_8']
upper  160.0
lower  80.0
1.0
False
upper bound:160.0
lower bound:80.0
['bpc_41_[1, 0, 2, 3, 8]_1_8']
upper  160.0
lower  80.0
['bpc_41_[1, 0, 2, 3, 8]_1_8', 'bpc_41_[1, 0, 2, 4, 3, 8]_1_8']
upper  160.0
lower  80.0
['bpc_41_[1, 0, 2, 3, 8]_1_8', 'bpc_41_[1, 0, 2, 4, 3, 8]_1_8', 'bpc_41_[1, 0, 3, 8]_1_8']
upper  160.0
lower  80.0
['bpc_41_[1, 0, 2, 3, 8]_1_8', 'bpc_41_[1, 0, 2, 4, 3, 8]_1_8', 'bpc_41_[1, 0, 3, 8]_1_8', 'bpc_41_[1, 0, 4, 2, 3, 8]_1_8']
upper  160.0
lower  80.0
['bpc_41_[1, 0, 2, 3, 8]_1_8', 'bpc_41_[1, 0, 2, 4, 3, 8]_1_8', 'bpc_41_[1, 0, 3, 8]_1_8', 'bpc_41_[1, 0, 4, 2, 3, 8]_1_8', 'bpc_41_[1, 0, 4, 3, 8]_1_8']
upper  160.0
lower  80.0
1.0
False
upper bound:160.0
lower bound:80.0
['bpc_196_[1, 0, 2, 3, 7]_1_7']
upper  160.0
lower  80.0
['bpc_196_[1, 0, 2, 3, 7]_1_7', 'bpc_196_[1, 0, 2, 4, 3, 7]_1_7']
upper  160.0
lower  80.0
['bpc_196_[1, 0, 2, 3, 7]_1_7', 'bpc_196_[1, 0, 2, 4, 3, 7]_1_7', 'bpc_196_[1, 0, 3, 7]_1_7']
upper  160.0
lower  80.0
['bpc_196_[1, 0, 2, 3, 7]_1_7', 'bpc_196_[1, 0, 2, 4, 3, 7]_1_7', 'bpc_196_[1, 0, 3, 7]_1_7', 'bpc_196_[1, 0, 4, 2, 3, 7]_1_7']
upper  160.0
lower  80.0
['bpc_196_[1, 0, 2, 3, 7]_1_7', 'bpc_196_[1, 0, 2, 4, 3, 7]_1_7', 'bpc_196_[1, 0, 3, 7]_1_7', 'bpc_196_[1, 0, 4, 2, 3, 7]_1_7', 'bpc_196_[1, 0, 4, 3, 7]_1_7']
upper  160.0
lower  80.0
1.0
False
upper bound:160.0
lower bound:80.0
['bpc_108_[1, 0, 2, 3, 7]_1_7']
upper  160.0
lower  80.0
['bpc_108_[1, 0, 2, 3, 7]_1_7', 'bpc_108_[1, 0, 2, 4, 3, 7]_1_7']
upper  160.0
lower  80.0
['bpc_108_[1, 0, 2, 3, 7]_1_7', 'bpc_108_[1, 0, 2, 4, 3, 7]_1_7', 'bpc_108_[1, 0, 3, 7]_1_7']
upper  160.0
lower  80.0
['bpc_108_[1, 0, 2, 3, 7]_1_7', 'bpc_108_[1, 0, 2, 4, 3, 7]_1_7', 'bpc_108_[1, 0, 3, 7]_1_7', 'bpc_108_[1, 0, 4, 2, 3, 7]_1_7']
upper  160.0
lower  80.0
['bpc_108_[1, 0, 2, 3, 7]_1_7', 'bpc_108_[1, 0, 2, 4, 3, 7]_1_7', 'bpc_108_[1, 0, 3, 7]_1_7', 'bpc_108_[1, 0, 4, 2, 3, 7]_1_7', 'bpc_108_[1, 0, 4, 3, 7]_1_7']
upper  160.0
lower  80.0
1.0
False
upper bound:160.0
lower bound:80.0
['bpc_7_[1, 0, 2, 5]_1_5']
upper  160.0
lower  80.0
['bpc_7_[1, 0, 2, 5]_1_5', 'bpc_7_[1, 0, 3, 2, 5]_1_5']
upper  160.0
lower  80.0
['bpc_7_[1, 0, 2, 5]_1_5', 'bpc_7_[1, 0, 3, 2, 5]_1_5', 'bpc_7_[1, 0, 3, 4, 2, 5]_1_5']
upper  160.0
lower  80.0
['bpc_7_[1, 0, 2, 5]_1_5', 'bpc_7_[1, 0, 3, 2, 5]_1_5', 'bpc_7_[1, 0, 3, 4, 2, 5]_1_5', 'bpc_7_[1, 0, 4, 2, 5]_1_5']
upper  160.0
lower  80.0
['bpc_7_[1, 0, 2, 5]_1_5', 'bpc_7_[1, 0, 3, 2, 5]_1_5', 'bpc_7_[1, 0, 3, 4, 2, 5]_1_5', 'bpc_7_[1, 0, 4, 2, 5]_1_5', 'bpc_7_[1, 0, 4, 3, 2, 5]_1_5']
upper  160.0
lower  80.0
1.0
False
upper bound:160.0
lower bound:80.0
['bpc_146_[1, 0, 2, 3, 4, 9]_1_9']
upper  160.0
lower  80.0
['bpc_146_[1, 0, 2, 3, 4, 9]_1_9', 'bpc_146_[1, 0, 2, 4, 9]_1_9']
upper  160.0
lower  80.0
['bpc_146_[1, 0, 2, 3, 4, 9]_1_9', 'bpc_146_[1, 0, 2, 4, 9]_1_9', 'bpc_146_[1, 0, 3, 2, 4, 9]_1_9']
upper  160.0
lower  80.0
['bpc_146_[1, 0, 2, 3, 4, 9]_1_9', 'bpc_146_[1, 0, 2, 4, 9]_1_9', 'bpc_146_[1, 0, 3, 2, 4, 9]_1_9', 'bpc_146_[1, 0, 3, 4, 9]_1_9']
upper  160.0
lower  80.0
['bpc_146_[1, 0, 2, 3, 4, 9]_1_9', 'bpc_146_[1, 0, 2, 4, 9]_1_9', 'bpc_146_[1, 0, 3, 2, 4, 9]_1_9', 'bpc_146_[1, 0, 3, 4, 9]_1_9', 'bpc_146_[1, 0, 4, 9]_1_9']
upper  160.0
lower  80.0
1.0
False
upper bound:160.0
lower bound:80.0
['bpc_58_[1, 0, 2, 3, 4, 9]_1_9']
upper  160.0
lower  80.0
['bpc_58_[1, 0, 2, 3, 4, 9]_1_9', 'bpc_58_[1, 0, 2, 4, 9]_1_9']
upper  160.0
lower  80.0
['bpc_58_[1, 0, 2, 3, 4, 9]_1_9', 'bpc_58_[1, 0, 2, 4, 9]_1_9', 'bpc_58_[1, 0, 3, 2, 4, 9]_1_9']
upper  160.0
lower  80.0
['bpc_58_[1, 0, 2, 3, 4, 9]_1_9', 'bpc_58_[1, 0, 2, 4, 9]_1_9', 'bpc_58_[1, 0, 3, 2, 4, 9]_1_9', 'bpc_58_[1, 0, 3, 4, 9]_1_9']
upper  160.0
lower  80.0
['bpc_58_[1, 0, 2, 3, 4, 9]_1_9', 'bpc_58_[1, 0, 2, 4, 9]_1_9', 'bpc_58_[1, 0, 3, 2, 4, 9]_1_9', 'bpc_58_[1, 0, 3, 4, 9]_1_9', 'bpc_58_[1, 0, 4, 9]_1_9']
upper  160.0
lower  80.0
1.0
False
upper bound:160.0
lower bound:80.0
['bpc_213_[1, 0]_1_0']
upper  160.0
lower  80.0
['bpc_213_[1, 0]_1_0', 'bpc_213_[1, 2, 0]_1_0']
upper  160.0
lower  80.0
['bpc_213_[1, 0]_1_0', 'bpc_213_[1, 2, 0]_1_0', 'bpc_213_[1, 2, 3, 0]_1_0']
upper  160.0
lower  80.0
['bpc_213_[1, 0]_1_0', 'bpc_213_[1, 2, 0]_1_0', 'bpc_213_[1, 2, 3, 0]_1_0', 'bpc_213_[1, 2, 3, 4, 0]_1_0']
upper  160.0
lower  80.0
['bpc_213_[1, 0]_1_0', 'bpc_213_[1, 2, 0]_1_0', 'bpc_213_[1, 2, 3, 0]_1_0', 'bpc_213_[1, 2, 3, 4, 0]_1_0', 'bpc_213_[1, 2, 4, 0]_1_0']
upper  160.0
lower  80.0
1.0
False
upper bound:160.0
lower bound:80.0
['bpc_188_[1, 0, 2, 3, 4]_1_4']
upper  160.0
lower  80.0
['bpc_188_[1, 0, 2, 3, 4]_1_4', 'bpc_188_[1, 0, 2, 4]_1_4']
upper  160.0
lower  80.0
['bpc_188_[1, 0, 2, 3, 4]_1_4', 'bpc_188_[1, 0, 2, 4]_1_4', 'bpc_188_[1, 0, 3, 2, 4]_1_4']
upper  160.0
lower  80.0
['bpc_188_[1, 0, 2, 3, 4]_1_4', 'bpc_188_[1, 0, 2, 4]_1_4', 'bpc_188_[1, 0, 3, 2, 4]_1_4', 'bpc_188_[1, 0, 3, 4]_1_4']
upper  160.0
lower  80.0
['bpc_188_[1, 0, 2, 3, 4]_1_4', 'bpc_188_[1, 0, 2, 4]_1_4', 'bpc_188_[1, 0, 3, 2, 4]_1_4', 'bpc_188_[1, 0, 3, 4]_1_4', 'bpc_188_[1, 0, 4]_1_4']
upper  160.0
lower  80.0
1.0
False
upper bound:160.0
lower bound:80.0
['bpc_125_[1, 0]_1_0']
upper  160.0
lower  80.0
['bpc_125_[1, 0]_1_0', 'bpc_125_[1, 2, 0]_1_0']
upper  160.0
lower  80.0
['bpc_125_[1, 0]_1_0', 'bpc_125_[1, 2, 0]_1_0', 'bpc_125_[1, 2, 3, 0]_1_0']
upper  160.0
lower  80.0
['bpc_125_[1, 0]_1_0', 'bpc_125_[1, 2, 0]_1_0', 'bpc_125_[1, 2, 3, 0]_1_0', 'bpc_125_[1, 2, 3, 4, 0]_1_0']
upper  160.0
lower  80.0
['bpc_125_[1, 0]_1_0', 'bpc_125_[1, 2, 0]_1_0', 'bpc_125_[1, 2, 3, 0]_1_0', 'bpc_125_[1, 2, 3, 4, 0]_1_0', 'bpc_125_[1, 2, 4, 0]_1_0']
upper  160.0
lower  80.0
1.0
False
upper bound:160.0
lower bound:80.0
['bpc_163_[1, 0, 2, 3, 4, 10]_1_10']
upper  160.0
lower  80.0
['bpc_163_[1, 0, 2, 3, 4, 10]_1_10', 'bpc_163_[1, 0, 2, 4, 10]_1_10']
upper  160.0
lower  80.0
['bpc_163_[1, 0, 2, 3, 4, 10]_1_10', 'bpc_163_[1, 0, 2, 4, 10]_1_10', 'bpc_163_[1, 0, 3, 2, 4, 10]_1_10']
upper  160.0
lower  80.0
['bpc_163_[1, 0, 2, 3, 4, 10]_1_10', 'bpc_163_[1, 0, 2, 4, 10]_1_10', 'bpc_163_[1, 0, 3, 2, 4, 10]_1_10', 'bpc_163_[1, 0, 3, 4, 10]_1_10']
upper  160.0
lower  80.0
['bpc_163_[1, 0, 2, 3, 4, 10]_1_10', 'bpc_163_[1, 0, 2, 4, 10]_1_10', 'bpc_163_[1, 0, 3, 2, 4, 10]_1_10', 'bpc_163_[1, 0, 3, 4, 10]_1_10', 'bpc_163_[1, 0, 4, 10]_1_10']
upper  160.0
lower  80.0
1.0
False
upper bound:160.0
lower bound:80.0
['bpc_100_[1, 0, 2, 3, 4]_1_4']
upper  160.0
lower  80.0
['bpc_100_[1, 0, 2, 3, 4]_1_4', 'bpc_100_[1, 0, 2, 4]_1_4']
upper  160.0
lower  80.0
['bpc_100_[1, 0, 2, 3, 4]_1_4', 'bpc_100_[1, 0, 2, 4]_1_4', 'bpc_100_[1, 0, 3, 2, 4]_1_4']
upper  160.0
lower  80.0
['bpc_100_[1, 0, 2, 3, 4]_1_4', 'bpc_100_[1, 0, 2, 4]_1_4', 'bpc_100_[1, 0, 3, 2, 4]_1_4', 'bpc_100_[1, 0, 3, 4]_1_4']
upper  160.0
lower  80.0
['bpc_100_[1, 0, 2, 3, 4]_1_4', 'bpc_100_[1, 0, 2, 4]_1_4', 'bpc_100_[1, 0, 3, 2, 4]_1_4', 'bpc_100_[1, 0, 3, 4]_1_4', 'bpc_100_[1, 0, 4]_1_4']
upper  160.0
lower  80.0
1.0
False
upper bound:160.0
lower bound:80.0
['bpc_138_[1, 0, 2]_1_2']
upper  160.0
lower  80.0
['bpc_138_[1, 0, 2]_1_2', 'bpc_138_[1, 0, 3, 2]_1_2']
upper  160.0
lower  80.0
['bpc_138_[1, 0, 2]_1_2', 'bpc_138_[1, 0, 3, 2]_1_2', 'bpc_138_[1, 0, 3, 4, 2]_1_2']
upper  160.0
lower  80.0
['bpc_138_[1, 0, 2]_1_2', 'bpc_138_[1, 0, 3, 2]_1_2', 'bpc_138_[1, 0, 3, 4, 2]_1_2', 'bpc_138_[1, 0, 4, 2]_1_2']
upper  160.0
lower  80.0
['bpc_138_[1, 0, 2]_1_2', 'bpc_138_[1, 0, 3, 2]_1_2', 'bpc_138_[1, 0, 3, 4, 2]_1_2', 'bpc_138_[1, 0, 4, 2]_1_2', 'bpc_138_[1, 0, 4, 3, 2]_1_2']
upper  160.0
lower  80.0
1.0
False
upper bound:160.0
lower bound:80.0
['bpc_75_[1, 0, 2, 3, 4, 10]_1_10']
upper  160.0
lower  80.0
['bpc_75_[1, 0, 2, 3, 4, 10]_1_10', 'bpc_75_[1, 0, 2, 4, 10]_1_10']
upper  160.0
lower  80.0
['bpc_75_[1, 0, 2, 3, 4, 10]_1_10', 'bpc_75_[1, 0, 2, 4, 10]_1_10', 'bpc_75_[1, 0, 3, 2, 4, 10]_1_10']
upper  160.0
lower  80.0
['bpc_75_[1, 0, 2, 3, 4, 10]_1_10', 'bpc_75_[1, 0, 2, 4, 10]_1_10', 'bpc_75_[1, 0, 3, 2, 4, 10]_1_10', 'bpc_75_[1, 0, 3, 4, 10]_1_10']
upper  160.0
lower  80.0
['bpc_75_[1, 0, 2, 3, 4, 10]_1_10', 'bpc_75_[1, 0, 2, 4, 10]_1_10', 'bpc_75_[1, 0, 3, 2, 4, 10]_1_10', 'bpc_75_[1, 0, 3, 4, 10]_1_10', 'bpc_75_[1, 0, 4, 10]_1_10']
upper  160.0
lower  80.0
1.0
False
upper bound:160.0
lower bound:80.0
['bpc_50_[1, 0, 2]_1_2']
upper  160.0
lower  80.0
['bpc_50_[1, 0, 2]_1_2', 'bpc_50_[1, 0, 3, 2]_1_2']
upper  160.0
lower  80.0
['bpc_50_[1, 0, 2]_1_2', 'bpc_50_[1, 0, 3, 2]_1_2', 'bpc_50_[1, 0, 3, 4, 2]_1_2']
upper  160.0
lower  80.0
['bpc_50_[1, 0, 2]_1_2', 'bpc_50_[1, 0, 3, 2]_1_2', 'bpc_50_[1, 0, 3, 4, 2]_1_2', 'bpc_50_[1, 0, 4, 2]_1_2']
upper  160.0
lower  80.0
['bpc_50_[1, 0, 2]_1_2', 'bpc_50_[1, 0, 3, 2]_1_2', 'bpc_50_[1, 0, 3, 4, 2]_1_2', 'bpc_50_[1, 0, 4, 2]_1_2', 'bpc_50_[1, 0, 4, 3, 2]_1_2']
upper  160.0
lower  80.0
1.0
False
upper bound:160.0
lower bound:80.0
['bpc_205_[1, 0, 2, 5]_1_5']
upper  160.0
lower  80.0
['bpc_205_[1, 0, 2, 5]_1_5', 'bpc_205_[1, 0, 3, 2, 5]_1_5']
upper  160.0
lower  80.0
['bpc_205_[1, 0, 2, 5]_1_5', 'bpc_205_[1, 0, 3, 2, 5]_1_5', 'bpc_205_[1, 0, 3, 4, 2, 5]_1_5']
upper  160.0
lower  80.0
['bpc_205_[1, 0, 2, 5]_1_5', 'bpc_205_[1, 0, 3, 2, 5]_1_5', 'bpc_205_[1, 0, 3, 4, 2, 5]_1_5', 'bpc_205_[1, 0, 4, 2, 5]_1_5']
upper  160.0
lower  80.0
['bpc_205_[1, 0, 2, 5]_1_5', 'bpc_205_[1, 0, 3, 2, 5]_1_5', 'bpc_205_[1, 0, 3, 4, 2, 5]_1_5', 'bpc_205_[1, 0, 4, 2, 5]_1_5', 'bpc_205_[1, 0, 4, 3, 2, 5]_1_5']
upper  160.0
lower  80.0
1.0
False
upper bound:160.0
lower bound:80.0
['bpc_25_[1, 0, 2, 6]_1_6']
upper  160.0
lower  80.0
['bpc_25_[1, 0, 2, 6]_1_6', 'bpc_25_[1, 0, 3, 2, 6]_1_6']
upper  160.0
lower  80.0
['bpc_25_[1, 0, 2, 6]_1_6', 'bpc_25_[1, 0, 3, 2, 6]_1_6', 'bpc_25_[1, 0, 3, 4, 2, 6]_1_6']
upper  160.0
lower  80.0
['bpc_25_[1, 0, 2, 6]_1_6', 'bpc_25_[1, 0, 3, 2, 6]_1_6', 'bpc_25_[1, 0, 3, 4, 2, 6]_1_6', 'bpc_25_[1, 0, 4, 2, 6]_1_6']
upper  160.0
lower  80.0
['bpc_25_[1, 0, 2, 6]_1_6', 'bpc_25_[1, 0, 3, 2, 6]_1_6', 'bpc_25_[1, 0, 3, 4, 2, 6]_1_6', 'bpc_25_[1, 0, 4, 2, 6]_1_6', 'bpc_25_[1, 0, 4, 3, 2, 6]_1_6']
upper  160.0
lower  80.0
1.0
False
upper bound:160.0
lower bound:80.0
['bpc_117_[1, 0, 2, 5]_1_5']
upper  160.0
lower  80.0
['bpc_117_[1, 0, 2, 5]_1_5', 'bpc_117_[1, 0, 3, 2, 5]_1_5']
upper  160.0
lower  80.0
['bpc_117_[1, 0, 2, 5]_1_5', 'bpc_117_[1, 0, 3, 2, 5]_1_5', 'bpc_117_[1, 0, 3, 4, 2, 5]_1_5']
upper  160.0
lower  80.0
['bpc_117_[1, 0, 2, 5]_1_5', 'bpc_117_[1, 0, 3, 2, 5]_1_5', 'bpc_117_[1, 0, 3, 4, 2, 5]_1_5', 'bpc_117_[1, 0, 4, 2, 5]_1_5']
upper  160.0
lower  80.0
['bpc_117_[1, 0, 2, 5]_1_5', 'bpc_117_[1, 0, 3, 2, 5]_1_5', 'bpc_117_[1, 0, 3, 4, 2, 5]_1_5', 'bpc_117_[1, 0, 4, 2, 5]_1_5', 'bpc_117_[1, 0, 4, 3, 2, 5]_1_5']
upper  160.0
lower  80.0
1.0
False
upper bound:160.0
lower bound:80.0
['bpc_155_[1, 0, 2, 3]_1_3']
upper  160.0
lower  80.0
['bpc_155_[1, 0, 2, 3]_1_3', 'bpc_155_[1, 0, 2, 4, 3]_1_3']
upper  160.0
lower  80.0
['bpc_155_[1, 0, 2, 3]_1_3', 'bpc_155_[1, 0, 2, 4, 3]_1_3', 'bpc_155_[1, 0, 3]_1_3']
upper  160.0
lower  80.0
['bpc_155_[1, 0, 2, 3]_1_3', 'bpc_155_[1, 0, 2, 4, 3]_1_3', 'bpc_155_[1, 0, 3]_1_3', 'bpc_155_[1, 0, 4, 2, 3]_1_3']
upper  160.0
lower  80.0
['bpc_155_[1, 0, 2, 3]_1_3', 'bpc_155_[1, 0, 2, 4, 3]_1_3', 'bpc_155_[1, 0, 3]_1_3', 'bpc_155_[1, 0, 4, 2, 3]_1_3', 'bpc_155_[1, 0, 4, 3]_1_3']
upper  160.0
lower  80.0
1.0
False
upper bound:160.0
lower bound:80.0
['bpc_130_[1, 0, 2, 3, 7]_1_7']
upper  160.0
lower  80.0
['bpc_130_[1, 0, 2, 3, 7]_1_7', 'bpc_130_[1, 0, 2, 4, 3, 7]_1_7']
upper  160.0
lower  80.0
['bpc_130_[1, 0, 2, 3, 7]_1_7', 'bpc_130_[1, 0, 2, 4, 3, 7]_1_7', 'bpc_130_[1, 0, 3, 7]_1_7']
upper  160.0
lower  80.0
['bpc_130_[1, 0, 2, 3, 7]_1_7', 'bpc_130_[1, 0, 2, 4, 3, 7]_1_7', 'bpc_130_[1, 0, 3, 7]_1_7', 'bpc_130_[1, 0, 4, 2, 3, 7]_1_7']
upper  160.0
lower  80.0
['bpc_130_[1, 0, 2, 3, 7]_1_7', 'bpc_130_[1, 0, 2, 4, 3, 7]_1_7', 'bpc_130_[1, 0, 3, 7]_1_7', 'bpc_130_[1, 0, 4, 2, 3, 7]_1_7', 'bpc_130_[1, 0, 4, 3, 7]_1_7']
upper  160.0
lower  80.0
1.0
False
upper bound:160.0
lower bound:80.0
['bpc_67_[1, 0, 2, 3]_1_3']
upper  160.0
lower  80.0
['bpc_67_[1, 0, 2, 3]_1_3', 'bpc_67_[1, 0, 2, 4, 3]_1_3']
upper  160.0
lower  80.0
['bpc_67_[1, 0, 2, 3]_1_3', 'bpc_67_[1, 0, 2, 4, 3]_1_3', 'bpc_67_[1, 0, 3]_1_3']
upper  160.0
lower  80.0
['bpc_67_[1, 0, 2, 3]_1_3', 'bpc_67_[1, 0, 2, 4, 3]_1_3', 'bpc_67_[1, 0, 3]_1_3', 'bpc_67_[1, 0, 4, 2, 3]_1_3']
upper  160.0
lower  80.0
['bpc_67_[1, 0, 2, 3]_1_3', 'bpc_67_[1, 0, 2, 4, 3]_1_3', 'bpc_67_[1, 0, 3]_1_3', 'bpc_67_[1, 0, 4, 2, 3]_1_3', 'bpc_67_[1, 0, 4, 3]_1_3']
upper  160.0
lower  80.0
1.0
False
upper bound:160.0
lower bound:80.0
['bpc_42_[1, 0, 2, 3, 7]_1_7']
upper  160.0
lower  80.0
['bpc_42_[1, 0, 2, 3, 7]_1_7', 'bpc_42_[1, 0, 2, 4, 3, 7]_1_7']
upper  160.0
lower  80.0
['bpc_42_[1, 0, 2, 3, 7]_1_7', 'bpc_42_[1, 0, 2, 4, 3, 7]_1_7', 'bpc_42_[1, 0, 3, 7]_1_7']
upper  160.0
lower  80.0
['bpc_42_[1, 0, 2, 3, 7]_1_7', 'bpc_42_[1, 0, 2, 4, 3, 7]_1_7', 'bpc_42_[1, 0, 3, 7]_1_7', 'bpc_42_[1, 0, 4, 2, 3, 7]_1_7']
upper  160.0
lower  80.0
['bpc_42_[1, 0, 2, 3, 7]_1_7', 'bpc_42_[1, 0, 2, 4, 3, 7]_1_7', 'bpc_42_[1, 0, 3, 7]_1_7', 'bpc_42_[1, 0, 4, 2, 3, 7]_1_7', 'bpc_42_[1, 0, 4, 3, 7]_1_7']
upper  160.0
lower  80.0
1.0
False
upper bound:160.0
lower bound:80.0
['bpc_147_[1, 0]_1_0']
upper  160.0
lower  80.0
['bpc_147_[1, 0]_1_0', 'bpc_147_[1, 2, 0]_1_0']
upper  160.0
lower  80.0
['bpc_147_[1, 0]_1_0', 'bpc_147_[1, 2, 0]_1_0', 'bpc_147_[1, 2, 3, 0]_1_0']
upper  160.0
lower  80.0
['bpc_147_[1, 0]_1_0', 'bpc_147_[1, 2, 0]_1_0', 'bpc_147_[1, 2, 3, 0]_1_0', 'bpc_147_[1, 2, 3, 4, 0]_1_0']
upper  160.0
lower  80.0
['bpc_147_[1, 0]_1_0', 'bpc_147_[1, 2, 0]_1_0', 'bpc_147_[1, 2, 3, 0]_1_0', 'bpc_147_[1, 2, 3, 4, 0]_1_0', 'bpc_147_[1, 2, 4, 0]_1_0']
upper  160.0
lower  80.0
1.0
False
upper bound:160.0
lower bound:80.0
['bpc_59_[1, 0]_1_0']
upper  160.0
lower  80.0
['bpc_59_[1, 0]_1_0', 'bpc_59_[1, 2, 0]_1_0']
upper  160.0
lower  80.0
['bpc_59_[1, 0]_1_0', 'bpc_59_[1, 2, 0]_1_0', 'bpc_59_[1, 2, 3, 0]_1_0']
upper  160.0
lower  80.0
['bpc_59_[1, 0]_1_0', 'bpc_59_[1, 2, 0]_1_0', 'bpc_59_[1, 2, 3, 0]_1_0', 'bpc_59_[1, 2, 3, 4, 0]_1_0']
upper  160.0
lower  80.0
['bpc_59_[1, 0]_1_0', 'bpc_59_[1, 2, 0]_1_0', 'bpc_59_[1, 2, 3, 0]_1_0', 'bpc_59_[1, 2, 3, 4, 0]_1_0', 'bpc_59_[1, 2, 4, 0]_1_0']
upper  160.0
lower  80.0
1.0
False
upper bound:160.0
lower bound:80.0
['bpc_34_[1, 0, 2, 3, 4]_1_4']
upper  160.0
lower  80.0
['bpc_34_[1, 0, 2, 3, 4]_1_4', 'bpc_34_[1, 0, 2, 4]_1_4']
upper  160.0
lower  80.0
['bpc_34_[1, 0, 2, 3, 4]_1_4', 'bpc_34_[1, 0, 2, 4]_1_4', 'bpc_34_[1, 0, 3, 2, 4]_1_4']
upper  160.0
lower  80.0
['bpc_34_[1, 0, 2, 3, 4]_1_4', 'bpc_34_[1, 0, 2, 4]_1_4', 'bpc_34_[1, 0, 3, 2, 4]_1_4', 'bpc_34_[1, 0, 3, 4]_1_4']
upper  160.0
lower  80.0
['bpc_34_[1, 0, 2, 3, 4]_1_4', 'bpc_34_[1, 0, 2, 4]_1_4', 'bpc_34_[1, 0, 3, 2, 4]_1_4', 'bpc_34_[1, 0, 3, 4]_1_4', 'bpc_34_[1, 0, 4]_1_4']
upper  160.0
lower  80.0
1.0
False
upper bound:160.0
lower bound:80.0
['bpc_9_[1, 0, 2, 3, 4, 10]_1_10']
upper  160.0
lower  80.0
['bpc_9_[1, 0, 2, 3, 4, 10]_1_10', 'bpc_9_[1, 0, 2, 4, 10]_1_10']
upper  160.0
lower  80.0
['bpc_9_[1, 0, 2, 3, 4, 10]_1_10', 'bpc_9_[1, 0, 2, 4, 10]_1_10', 'bpc_9_[1, 0, 3, 2, 4, 10]_1_10']
upper  160.0
lower  80.0
['bpc_9_[1, 0, 2, 3, 4, 10]_1_10', 'bpc_9_[1, 0, 2, 4, 10]_1_10', 'bpc_9_[1, 0, 3, 2, 4, 10]_1_10', 'bpc_9_[1, 0, 3, 4, 10]_1_10']
upper  160.0
lower  80.0
['bpc_9_[1, 0, 2, 3, 4, 10]_1_10', 'bpc_9_[1, 0, 2, 4, 10]_1_10', 'bpc_9_[1, 0, 3, 2, 4, 10]_1_10', 'bpc_9_[1, 0, 3, 4, 10]_1_10', 'bpc_9_[1, 0, 4, 10]_1_10']
upper  160.0
lower  80.0
1.0
False
upper bound:160.0
lower bound:80.0
['bpc_164_[1, 0, 1]_1_1']
upper  160.0
lower  80.0
['bpc_164_[1, 0, 1]_1_1', 'bpc_164_[1, 0, 2, 1]_1_1']
upper  160.0
lower  80.0
['bpc_164_[1, 0, 1]_1_1', 'bpc_164_[1, 0, 2, 1]_1_1', 'bpc_164_[1, 0, 2, 3, 1]_1_1']
upper  160.0
lower  80.0
['bpc_164_[1, 0, 1]_1_1', 'bpc_164_[1, 0, 2, 1]_1_1', 'bpc_164_[1, 0, 2, 3, 1]_1_1', 'bpc_164_[1, 0, 2, 3, 4, 1]_1_1']
upper  160.0
lower  80.0
['bpc_164_[1, 0, 1]_1_1', 'bpc_164_[1, 0, 2, 1]_1_1', 'bpc_164_[1, 0, 2, 3, 1]_1_1', 'bpc_164_[1, 0, 2, 3, 4, 1]_1_1', 'bpc_164_[1, 0, 2, 4, 1]_1_1']
upper  160.0
lower  80.0
1.0
False
upper bound:160.0
lower bound:80.0
['bpc_139_[1, 0, 2, 5]_1_5']
upper  160.0
lower  80.0
['bpc_139_[1, 0, 2, 5]_1_5', 'bpc_139_[1, 0, 3, 2, 5]_1_5']
upper  160.0
lower  80.0
['bpc_139_[1, 0, 2, 5]_1_5', 'bpc_139_[1, 0, 3, 2, 5]_1_5', 'bpc_139_[1, 0, 3, 4, 2, 5]_1_5']
upper  160.0
lower  80.0
['bpc_139_[1, 0, 2, 5]_1_5', 'bpc_139_[1, 0, 3, 2, 5]_1_5', 'bpc_139_[1, 0, 3, 4, 2, 5]_1_5', 'bpc_139_[1, 0, 4, 2, 5]_1_5']
upper  160.0
lower  80.0
['bpc_139_[1, 0, 2, 5]_1_5', 'bpc_139_[1, 0, 3, 2, 5]_1_5', 'bpc_139_[1, 0, 3, 4, 2, 5]_1_5', 'bpc_139_[1, 0, 4, 2, 5]_1_5', 'bpc_139_[1, 0, 4, 3, 2, 5]_1_5']
upper  160.0
lower  80.0
1.0
False
upper bound:160.0
lower bound:80.0
['bpc_76_[1, 0, 1]_1_1']
upper  160.0
lower  80.0
['bpc_76_[1, 0, 1]_1_1', 'bpc_76_[1, 0, 2, 1]_1_1']
upper  160.0
lower  80.0
['bpc_76_[1, 0, 1]_1_1', 'bpc_76_[1, 0, 2, 1]_1_1', 'bpc_76_[1, 0, 2, 3, 1]_1_1']
upper  160.0
lower  80.0
['bpc_76_[1, 0, 1]_1_1', 'bpc_76_[1, 0, 2, 1]_1_1', 'bpc_76_[1, 0, 2, 3, 1]_1_1', 'bpc_76_[1, 0, 2, 3, 4, 1]_1_1']
upper  160.0
lower  80.0
['bpc_76_[1, 0, 1]_1_1', 'bpc_76_[1, 0, 2, 1]_1_1', 'bpc_76_[1, 0, 2, 3, 1]_1_1', 'bpc_76_[1, 0, 2, 3, 4, 1]_1_1', 'bpc_76_[1, 0, 2, 4, 1]_1_1']
upper  160.0
lower  80.0
1.0
False
upper bound:160.0
lower bound:80.0
['bpc_51_[1, 0, 2, 5]_1_5']
upper  160.0
lower  80.0
['bpc_51_[1, 0, 2, 5]_1_5', 'bpc_51_[1, 0, 3, 2, 5]_1_5']
upper  160.0
lower  80.0
['bpc_51_[1, 0, 2, 5]_1_5', 'bpc_51_[1, 0, 3, 2, 5]_1_5', 'bpc_51_[1, 0, 3, 4, 2, 5]_1_5']
upper  160.0
lower  80.0
['bpc_51_[1, 0, 2, 5]_1_5', 'bpc_51_[1, 0, 3, 2, 5]_1_5', 'bpc_51_[1, 0, 3, 4, 2, 5]_1_5', 'bpc_51_[1, 0, 4, 2, 5]_1_5']
upper  160.0
lower  80.0
['bpc_51_[1, 0, 2, 5]_1_5', 'bpc_51_[1, 0, 3, 2, 5]_1_5', 'bpc_51_[1, 0, 3, 4, 2, 5]_1_5', 'bpc_51_[1, 0, 4, 2, 5]_1_5', 'bpc_51_[1, 0, 4, 3, 2, 5]_1_5']
upper  160.0
lower  80.0
1.0
False
upper bound:160.0
lower bound:80.0
['bpc_1_[1, 0, 2, 3]_1_3']
upper  160.0
lower  80.0
['bpc_1_[1, 0, 2, 3]_1_3', 'bpc_1_[1, 0, 2, 4, 3]_1_3']
upper  160.0
lower  80.0
['bpc_1_[1, 0, 2, 3]_1_3', 'bpc_1_[1, 0, 2, 4, 3]_1_3', 'bpc_1_[1, 0, 3]_1_3']
upper  160.0
lower  80.0
['bpc_1_[1, 0, 2, 3]_1_3', 'bpc_1_[1, 0, 2, 4, 3]_1_3', 'bpc_1_[1, 0, 3]_1_3', 'bpc_1_[1, 0, 4, 2, 3]_1_3']
upper  160.0
lower  80.0
['bpc_1_[1, 0, 2, 3]_1_3', 'bpc_1_[1, 0, 2, 4, 3]_1_3', 'bpc_1_[1, 0, 3]_1_3', 'bpc_1_[1, 0, 4, 2, 3]_1_3', 'bpc_1_[1, 0, 4, 3]_1_3']
upper  160.0
lower  80.0
1.0
False
upper bound:160.0
lower bound:80.0
['bpc_173_[1, 0, 2, 3, 8]_1_8']
upper  160.0
lower  80.0
['bpc_173_[1, 0, 2, 3, 8]_1_8', 'bpc_173_[1, 0, 2, 4, 3, 8]_1_8']
upper  160.0
lower  80.0
['bpc_173_[1, 0, 2, 3, 8]_1_8', 'bpc_173_[1, 0, 2, 4, 3, 8]_1_8', 'bpc_173_[1, 0, 3, 8]_1_8']
upper  160.0
lower  80.0
['bpc_173_[1, 0, 2, 3, 8]_1_8', 'bpc_173_[1, 0, 2, 4, 3, 8]_1_8', 'bpc_173_[1, 0, 3, 8]_1_8', 'bpc_173_[1, 0, 4, 2, 3, 8]_1_8']
upper  160.0
lower  80.0
['bpc_173_[1, 0, 2, 3, 8]_1_8', 'bpc_173_[1, 0, 2, 4, 3, 8]_1_8', 'bpc_173_[1, 0, 3, 8]_1_8', 'bpc_173_[1, 0, 4, 2, 3, 8]_1_8', 'bpc_173_[1, 0, 4, 3, 8]_1_8']
upper  160.0
lower  80.0
1.0
False
upper bound:160.0
lower bound:80.0
['bpc_85_[1, 0, 2, 3, 8]_1_8']
upper  160.0
lower  80.0
['bpc_85_[1, 0, 2, 3, 8]_1_8', 'bpc_85_[1, 0, 2, 4, 3, 8]_1_8']
upper  160.0
lower  80.0
['bpc_85_[1, 0, 2, 3, 8]_1_8', 'bpc_85_[1, 0, 2, 4, 3, 8]_1_8', 'bpc_85_[1, 0, 3, 8]_1_8']
upper  160.0
lower  80.0
['bpc_85_[1, 0, 2, 3, 8]_1_8', 'bpc_85_[1, 0, 2, 4, 3, 8]_1_8', 'bpc_85_[1, 0, 3, 8]_1_8', 'bpc_85_[1, 0, 4, 2, 3, 8]_1_8']
upper  160.0
lower  80.0
['bpc_85_[1, 0, 2, 3, 8]_1_8', 'bpc_85_[1, 0, 2, 4, 3, 8]_1_8', 'bpc_85_[1, 0, 3, 8]_1_8', 'bpc_85_[1, 0, 4, 2, 3, 8]_1_8', 'bpc_85_[1, 0, 4, 3, 8]_1_8']
upper  160.0
lower  80.0
1.0
False
upper bound:160.0
lower bound:80.0
['bpc_190_[1, 0, 2, 3, 4, 9]_1_9']
upper  160.0
lower  80.0
['bpc_190_[1, 0, 2, 3, 4, 9]_1_9', 'bpc_190_[1, 0, 2, 4, 9]_1_9']
upper  160.0
lower  80.0
['bpc_190_[1, 0, 2, 3, 4, 9]_1_9', 'bpc_190_[1, 0, 2, 4, 9]_1_9', 'bpc_190_[1, 0, 3, 2, 4, 9]_1_9']
upper  160.0
lower  80.0
['bpc_190_[1, 0, 2, 3, 4, 9]_1_9', 'bpc_190_[1, 0, 2, 4, 9]_1_9', 'bpc_190_[1, 0, 3, 2, 4, 9]_1_9', 'bpc_190_[1, 0, 3, 4, 9]_1_9']
upper  160.0
lower  80.0
['bpc_190_[1, 0, 2, 3, 4, 9]_1_9', 'bpc_190_[1, 0, 2, 4, 9]_1_9', 'bpc_190_[1, 0, 3, 2, 4, 9]_1_9', 'bpc_190_[1, 0, 3, 4, 9]_1_9', 'bpc_190_[1, 0, 4, 9]_1_9']
upper  160.0
lower  80.0
1.0
False
upper bound:160.0
lower bound:80.0
['bpc_10_[1, 0, 1]_1_1']
upper  160.0
lower  80.0
['bpc_10_[1, 0, 1]_1_1', 'bpc_10_[1, 0, 2, 1]_1_1']
upper  160.0
lower  80.0
['bpc_10_[1, 0, 1]_1_1', 'bpc_10_[1, 0, 2, 1]_1_1', 'bpc_10_[1, 0, 2, 3, 1]_1_1']
upper  160.0
lower  80.0
['bpc_10_[1, 0, 1]_1_1', 'bpc_10_[1, 0, 2, 1]_1_1', 'bpc_10_[1, 0, 2, 3, 1]_1_1', 'bpc_10_[1, 0, 2, 3, 4, 1]_1_1']
upper  160.0
lower  80.0
['bpc_10_[1, 0, 1]_1_1', 'bpc_10_[1, 0, 2, 1]_1_1', 'bpc_10_[1, 0, 2, 3, 1]_1_1', 'bpc_10_[1, 0, 2, 3, 4, 1]_1_1', 'bpc_10_[1, 0, 2, 4, 1]_1_1']
upper  160.0
lower  80.0
1.0
False
upper bound:160.0
lower bound:80.0
['bpc_102_[1, 0, 2, 3, 4, 9]_1_9']
upper  160.0
lower  80.0
['bpc_102_[1, 0, 2, 3, 4, 9]_1_9', 'bpc_102_[1, 0, 2, 4, 9]_1_9']
upper  160.0
lower  80.0
['bpc_102_[1, 0, 2, 3, 4, 9]_1_9', 'bpc_102_[1, 0, 2, 4, 9]_1_9', 'bpc_102_[1, 0, 3, 2, 4, 9]_1_9']
upper  160.0
lower  80.0
['bpc_102_[1, 0, 2, 3, 4, 9]_1_9', 'bpc_102_[1, 0, 2, 4, 9]_1_9', 'bpc_102_[1, 0, 3, 2, 4, 9]_1_9', 'bpc_102_[1, 0, 3, 4, 9]_1_9']
upper  160.0
lower  80.0
['bpc_102_[1, 0, 2, 3, 4, 9]_1_9', 'bpc_102_[1, 0, 2, 4, 9]_1_9', 'bpc_102_[1, 0, 3, 2, 4, 9]_1_9', 'bpc_102_[1, 0, 3, 4, 9]_1_9', 'bpc_102_[1, 0, 4, 9]_1_9']
upper  160.0
lower  80.0
1.0
False
upper bound:160.0
lower bound:80.0
['bpc_207_[1, 0, 2, 3, 4, 10]_1_10']
upper  160.0
lower  80.0
['bpc_207_[1, 0, 2, 3, 4, 10]_1_10', 'bpc_207_[1, 0, 2, 4, 10]_1_10']
upper  160.0
lower  80.0
['bpc_207_[1, 0, 2, 3, 4, 10]_1_10', 'bpc_207_[1, 0, 2, 4, 10]_1_10', 'bpc_207_[1, 0, 3, 2, 4, 10]_1_10']
upper  160.0
lower  80.0
['bpc_207_[1, 0, 2, 3, 4, 10]_1_10', 'bpc_207_[1, 0, 2, 4, 10]_1_10', 'bpc_207_[1, 0, 3, 2, 4, 10]_1_10', 'bpc_207_[1, 0, 3, 4, 10]_1_10']
upper  160.0
lower  80.0
['bpc_207_[1, 0, 2, 3, 4, 10]_1_10', 'bpc_207_[1, 0, 2, 4, 10]_1_10', 'bpc_207_[1, 0, 3, 2, 4, 10]_1_10', 'bpc_207_[1, 0, 3, 4, 10]_1_10', 'bpc_207_[1, 0, 4, 10]_1_10']
upper  160.0
lower  80.0
1.0
False
upper bound:160.0
lower bound:80.0
['bpc_182_[1, 0, 2]_1_2']
upper  160.0
lower  80.0
['bpc_182_[1, 0, 2]_1_2', 'bpc_182_[1, 0, 3, 2]_1_2']
upper  160.0
lower  80.0
['bpc_182_[1, 0, 2]_1_2', 'bpc_182_[1, 0, 3, 2]_1_2', 'bpc_182_[1, 0, 3, 4, 2]_1_2']
upper  160.0
lower  80.0
['bpc_182_[1, 0, 2]_1_2', 'bpc_182_[1, 0, 3, 2]_1_2', 'bpc_182_[1, 0, 3, 4, 2]_1_2', 'bpc_182_[1, 0, 4, 2]_1_2']
upper  160.0
lower  80.0
['bpc_182_[1, 0, 2]_1_2', 'bpc_182_[1, 0, 3, 2]_1_2', 'bpc_182_[1, 0, 3, 4, 2]_1_2', 'bpc_182_[1, 0, 4, 2]_1_2', 'bpc_182_[1, 0, 4, 3, 2]_1_2']
upper  160.0
lower  80.0
1.0
False
upper bound:160.0
lower bound:80.0
['bpc_119_[1, 0, 2, 3, 4, 10]_1_10']
upper  160.0
lower  80.0
['bpc_119_[1, 0, 2, 3, 4, 10]_1_10', 'bpc_119_[1, 0, 2, 4, 10]_1_10']
upper  160.0
lower  80.0
['bpc_119_[1, 0, 2, 3, 4, 10]_1_10', 'bpc_119_[1, 0, 2, 4, 10]_1_10', 'bpc_119_[1, 0, 3, 2, 4, 10]_1_10']
upper  160.0
lower  80.0
['bpc_119_[1, 0, 2, 3, 4, 10]_1_10', 'bpc_119_[1, 0, 2, 4, 10]_1_10', 'bpc_119_[1, 0, 3, 2, 4, 10]_1_10', 'bpc_119_[1, 0, 3, 4, 10]_1_10']
upper  160.0
lower  80.0
['bpc_119_[1, 0, 2, 3, 4, 10]_1_10', 'bpc_119_[1, 0, 2, 4, 10]_1_10', 'bpc_119_[1, 0, 3, 2, 4, 10]_1_10', 'bpc_119_[1, 0, 3, 4, 10]_1_10', 'bpc_119_[1, 0, 4, 10]_1_10']
upper  160.0
lower  80.0
1.0
False
upper bound:160.0
lower bound:80.0
['bpc_157_[1, 0, 2, 6]_1_6']
upper  160.0
lower  80.0
['bpc_157_[1, 0, 2, 6]_1_6', 'bpc_157_[1, 0, 3, 2, 6]_1_6']
upper  160.0
lower  80.0
['bpc_157_[1, 0, 2, 6]_1_6', 'bpc_157_[1, 0, 3, 2, 6]_1_6', 'bpc_157_[1, 0, 3, 4, 2, 6]_1_6']
upper  160.0
lower  80.0
['bpc_157_[1, 0, 2, 6]_1_6', 'bpc_157_[1, 0, 3, 2, 6]_1_6', 'bpc_157_[1, 0, 3, 4, 2, 6]_1_6', 'bpc_157_[1, 0, 4, 2, 6]_1_6']
upper  160.0
lower  80.0
['bpc_157_[1, 0, 2, 6]_1_6', 'bpc_157_[1, 0, 3, 2, 6]_1_6', 'bpc_157_[1, 0, 3, 4, 2, 6]_1_6', 'bpc_157_[1, 0, 4, 2, 6]_1_6', 'bpc_157_[1, 0, 4, 3, 2, 6]_1_6']
upper  160.0
lower  80.0
1.0
False
upper bound:160.0
lower bound:80.0
['bpc_94_[1, 0, 2]_1_2']
upper  160.0
lower  80.0
['bpc_94_[1, 0, 2]_1_2', 'bpc_94_[1, 0, 3, 2]_1_2']
upper  160.0
lower  80.0
['bpc_94_[1, 0, 2]_1_2', 'bpc_94_[1, 0, 3, 2]_1_2', 'bpc_94_[1, 0, 3, 4, 2]_1_2']
upper  160.0
lower  80.0
['bpc_94_[1, 0, 2]_1_2', 'bpc_94_[1, 0, 3, 2]_1_2', 'bpc_94_[1, 0, 3, 4, 2]_1_2', 'bpc_94_[1, 0, 4, 2]_1_2']
upper  160.0
lower  80.0
['bpc_94_[1, 0, 2]_1_2', 'bpc_94_[1, 0, 3, 2]_1_2', 'bpc_94_[1, 0, 3, 4, 2]_1_2', 'bpc_94_[1, 0, 4, 2]_1_2', 'bpc_94_[1, 0, 4, 3, 2]_1_2']
upper  160.0
lower  80.0
1.0
False
upper bound:160.0
lower bound:80.0
['bpc_69_[1, 0, 2, 6]_1_6']
upper  160.0
lower  80.0
['bpc_69_[1, 0, 2, 6]_1_6', 'bpc_69_[1, 0, 3, 2, 6]_1_6']
upper  160.0
lower  80.0
['bpc_69_[1, 0, 2, 6]_1_6', 'bpc_69_[1, 0, 3, 2, 6]_1_6', 'bpc_69_[1, 0, 3, 4, 2, 6]_1_6']
upper  160.0
lower  80.0
['bpc_69_[1, 0, 2, 6]_1_6', 'bpc_69_[1, 0, 3, 2, 6]_1_6', 'bpc_69_[1, 0, 3, 4, 2, 6]_1_6', 'bpc_69_[1, 0, 4, 2, 6]_1_6']
upper  160.0
lower  80.0
['bpc_69_[1, 0, 2, 6]_1_6', 'bpc_69_[1, 0, 3, 2, 6]_1_6', 'bpc_69_[1, 0, 3, 4, 2, 6]_1_6', 'bpc_69_[1, 0, 4, 2, 6]_1_6', 'bpc_69_[1, 0, 4, 3, 2, 6]_1_6']
upper  160.0
lower  80.0
1.0
False
upper bound:160.0
lower bound:80.0
['bpc_208_[1, 0, 1]_1_1']
upper  160.0
lower  80.0
['bpc_208_[1, 0, 1]_1_1', 'bpc_208_[1, 0, 2, 1]_1_1']
upper  160.0
lower  80.0
['bpc_208_[1, 0, 1]_1_1', 'bpc_208_[1, 0, 2, 1]_1_1', 'bpc_208_[1, 0, 2, 3, 1]_1_1']
upper  160.0
lower  80.0
['bpc_208_[1, 0, 1]_1_1', 'bpc_208_[1, 0, 2, 1]_1_1', 'bpc_208_[1, 0, 2, 3, 1]_1_1', 'bpc_208_[1, 0, 2, 3, 4, 1]_1_1']
upper  160.0
lower  80.0
['bpc_208_[1, 0, 1]_1_1', 'bpc_208_[1, 0, 2, 1]_1_1', 'bpc_208_[1, 0, 2, 3, 1]_1_1', 'bpc_208_[1, 0, 2, 3, 4, 1]_1_1', 'bpc_208_[1, 0, 2, 4, 1]_1_1']
upper  160.0
lower  80.0
1.0
False
upper bound:160.0
lower bound:80.0
['bpc_199_[1, 0, 2, 3]_1_3']
upper  160.0
lower  80.0
['bpc_199_[1, 0, 2, 3]_1_3', 'bpc_199_[1, 0, 2, 4, 3]_1_3']
upper  160.0
lower  80.0
['bpc_199_[1, 0, 2, 3]_1_3', 'bpc_199_[1, 0, 2, 4, 3]_1_3', 'bpc_199_[1, 0, 3]_1_3']
upper  160.0
lower  80.0
['bpc_199_[1, 0, 2, 3]_1_3', 'bpc_199_[1, 0, 2, 4, 3]_1_3', 'bpc_199_[1, 0, 3]_1_3', 'bpc_199_[1, 0, 4, 2, 3]_1_3']
upper  160.0
lower  80.0
['bpc_199_[1, 0, 2, 3]_1_3', 'bpc_199_[1, 0, 2, 4, 3]_1_3', 'bpc_199_[1, 0, 3]_1_3', 'bpc_199_[1, 0, 4, 2, 3]_1_3', 'bpc_199_[1, 0, 4, 3]_1_3']
upper  160.0
lower  80.0
1.0
False
upper bound:160.0
lower bound:80.0
['bpc_120_[1, 0, 1]_1_1']
upper  160.0
lower  80.0
['bpc_120_[1, 0, 1]_1_1', 'bpc_120_[1, 0, 2, 1]_1_1']
upper  160.0
lower  80.0
['bpc_120_[1, 0, 1]_1_1', 'bpc_120_[1, 0, 2, 1]_1_1', 'bpc_120_[1, 0, 2, 3, 1]_1_1']
upper  160.0
lower  80.0
['bpc_120_[1, 0, 1]_1_1', 'bpc_120_[1, 0, 2, 1]_1_1', 'bpc_120_[1, 0, 2, 3, 1]_1_1', 'bpc_120_[1, 0, 2, 3, 4, 1]_1_1']
upper  160.0
lower  80.0
['bpc_120_[1, 0, 1]_1_1', 'bpc_120_[1, 0, 2, 1]_1_1', 'bpc_120_[1, 0, 2, 3, 1]_1_1', 'bpc_120_[1, 0, 2, 3, 4, 1]_1_1', 'bpc_120_[1, 0, 2, 4, 1]_1_1']
upper  160.0
lower  80.0
1.0
False
upper bound:160.0
lower bound:80.0
['bpc_19_[1, 0, 2, 3, 8]_1_8']
upper  160.0
lower  80.0
['bpc_19_[1, 0, 2, 3, 8]_1_8', 'bpc_19_[1, 0, 2, 4, 3, 8]_1_8']
upper  160.0
lower  80.0
['bpc_19_[1, 0, 2, 3, 8]_1_8', 'bpc_19_[1, 0, 2, 4, 3, 8]_1_8', 'bpc_19_[1, 0, 3, 8]_1_8']
upper  160.0
lower  80.0
['bpc_19_[1, 0, 2, 3, 8]_1_8', 'bpc_19_[1, 0, 2, 4, 3, 8]_1_8', 'bpc_19_[1, 0, 3, 8]_1_8', 'bpc_19_[1, 0, 4, 2, 3, 8]_1_8']
upper  160.0
lower  80.0
['bpc_19_[1, 0, 2, 3, 8]_1_8', 'bpc_19_[1, 0, 2, 4, 3, 8]_1_8', 'bpc_19_[1, 0, 3, 8]_1_8', 'bpc_19_[1, 0, 4, 2, 3, 8]_1_8', 'bpc_19_[1, 0, 4, 3, 8]_1_8']
upper  160.0
lower  80.0
1.0
False
upper bound:160.0
lower bound:80.0
['bpc_174_[1, 0, 2, 3, 7]_1_7']
upper  160.0
lower  80.0
['bpc_174_[1, 0, 2, 3, 7]_1_7', 'bpc_174_[1, 0, 2, 4, 3, 7]_1_7']
upper  160.0
lower  80.0
['bpc_174_[1, 0, 2, 3, 7]_1_7', 'bpc_174_[1, 0, 2, 4, 3, 7]_1_7', 'bpc_174_[1, 0, 3, 7]_1_7']
upper  160.0
lower  80.0
['bpc_174_[1, 0, 2, 3, 7]_1_7', 'bpc_174_[1, 0, 2, 4, 3, 7]_1_7', 'bpc_174_[1, 0, 3, 7]_1_7', 'bpc_174_[1, 0, 4, 2, 3, 7]_1_7']
upper  160.0
lower  80.0
['bpc_174_[1, 0, 2, 3, 7]_1_7', 'bpc_174_[1, 0, 2, 4, 3, 7]_1_7', 'bpc_174_[1, 0, 3, 7]_1_7', 'bpc_174_[1, 0, 4, 2, 3, 7]_1_7', 'bpc_174_[1, 0, 4, 3, 7]_1_7']
upper  160.0
lower  80.0
1.0
False
upper bound:160.0
lower bound:80.0
['bpc_111_[1, 0, 2, 3]_1_3']
upper  160.0
lower  80.0
['bpc_111_[1, 0, 2, 3]_1_3', 'bpc_111_[1, 0, 2, 4, 3]_1_3']
upper  160.0
lower  80.0
['bpc_111_[1, 0, 2, 3]_1_3', 'bpc_111_[1, 0, 2, 4, 3]_1_3', 'bpc_111_[1, 0, 3]_1_3']
upper  160.0
lower  80.0
['bpc_111_[1, 0, 2, 3]_1_3', 'bpc_111_[1, 0, 2, 4, 3]_1_3', 'bpc_111_[1, 0, 3]_1_3', 'bpc_111_[1, 0, 4, 2, 3]_1_3']
upper  160.0
lower  80.0
['bpc_111_[1, 0, 2, 3]_1_3', 'bpc_111_[1, 0, 2, 4, 3]_1_3', 'bpc_111_[1, 0, 3]_1_3', 'bpc_111_[1, 0, 4, 2, 3]_1_3', 'bpc_111_[1, 0, 4, 3]_1_3']
upper  160.0
lower  80.0
1.0
False
upper bound:160.0
lower bound:80.0
['bpc_86_[1, 0, 2, 3, 7]_1_7']
upper  160.0
lower  80.0
['bpc_86_[1, 0, 2, 3, 7]_1_7', 'bpc_86_[1, 0, 2, 4, 3, 7]_1_7']
upper  160.0
lower  80.0
['bpc_86_[1, 0, 2, 3, 7]_1_7', 'bpc_86_[1, 0, 2, 4, 3, 7]_1_7', 'bpc_86_[1, 0, 3, 7]_1_7']
upper  160.0
lower  80.0
['bpc_86_[1, 0, 2, 3, 7]_1_7', 'bpc_86_[1, 0, 2, 4, 3, 7]_1_7', 'bpc_86_[1, 0, 3, 7]_1_7', 'bpc_86_[1, 0, 4, 2, 3, 7]_1_7']
upper  160.0
lower  80.0
['bpc_86_[1, 0, 2, 3, 7]_1_7', 'bpc_86_[1, 0, 2, 4, 3, 7]_1_7', 'bpc_86_[1, 0, 3, 7]_1_7', 'bpc_86_[1, 0, 4, 2, 3, 7]_1_7', 'bpc_86_[1, 0, 4, 3, 7]_1_7']
upper  160.0
lower  80.0
1.0
False
upper bound:160.0
lower bound:80.0
['bpc_36_[1, 0, 2, 3, 4, 9]_1_9']
upper  160.0
lower  80.0
['bpc_36_[1, 0, 2, 3, 4, 9]_1_9', 'bpc_36_[1, 0, 2, 4, 9]_1_9']
upper  160.0
lower  80.0
['bpc_36_[1, 0, 2, 3, 4, 9]_1_9', 'bpc_36_[1, 0, 2, 4, 9]_1_9', 'bpc_36_[1, 0, 3, 2, 4, 9]_1_9']
upper  160.0
lower  80.0
['bpc_36_[1, 0, 2, 3, 4, 9]_1_9', 'bpc_36_[1, 0, 2, 4, 9]_1_9', 'bpc_36_[1, 0, 3, 2, 4, 9]_1_9', 'bpc_36_[1, 0, 3, 4, 9]_1_9']
upper  160.0
lower  80.0
['bpc_36_[1, 0, 2, 3, 4, 9]_1_9', 'bpc_36_[1, 0, 2, 4, 9]_1_9', 'bpc_36_[1, 0, 3, 2, 4, 9]_1_9', 'bpc_36_[1, 0, 3, 4, 9]_1_9', 'bpc_36_[1, 0, 4, 9]_1_9']
upper  160.0
lower  80.0
1.0
False
upper bound:160.0
lower bound:80.0
['bpc_191_[1, 0]_1_0']
upper  160.0
lower  80.0
['bpc_191_[1, 0]_1_0', 'bpc_191_[1, 2, 0]_1_0']
upper  160.0
lower  80.0
['bpc_191_[1, 0]_1_0', 'bpc_191_[1, 2, 0]_1_0', 'bpc_191_[1, 2, 3, 0]_1_0']
upper  160.0
lower  80.0
['bpc_191_[1, 0]_1_0', 'bpc_191_[1, 2, 0]_1_0', 'bpc_191_[1, 2, 3, 0]_1_0', 'bpc_191_[1, 2, 3, 4, 0]_1_0']
upper  160.0
lower  80.0
['bpc_191_[1, 0]_1_0', 'bpc_191_[1, 2, 0]_1_0', 'bpc_191_[1, 2, 3, 0]_1_0', 'bpc_191_[1, 2, 3, 4, 0]_1_0', 'bpc_191_[1, 2, 4, 0]_1_0']
upper  160.0
lower  80.0
1.0
False
upper bound:160.0
lower bound:80.0
['bpc_166_[1, 0, 2, 3, 4]_1_4']
upper  160.0
lower  80.0
['bpc_166_[1, 0, 2, 3, 4]_1_4', 'bpc_166_[1, 0, 2, 4]_1_4']
upper  160.0
lower  80.0
['bpc_166_[1, 0, 2, 3, 4]_1_4', 'bpc_166_[1, 0, 2, 4]_1_4', 'bpc_166_[1, 0, 3, 2, 4]_1_4']
upper  160.0
lower  80.0
['bpc_166_[1, 0, 2, 3, 4]_1_4', 'bpc_166_[1, 0, 2, 4]_1_4', 'bpc_166_[1, 0, 3, 2, 4]_1_4', 'bpc_166_[1, 0, 3, 4]_1_4']
upper  160.0
lower  80.0
['bpc_166_[1, 0, 2, 3, 4]_1_4', 'bpc_166_[1, 0, 2, 4]_1_4', 'bpc_166_[1, 0, 3, 2, 4]_1_4', 'bpc_166_[1, 0, 3, 4]_1_4', 'bpc_166_[1, 0, 4]_1_4']
upper  160.0
lower  80.0
1.0
False
upper bound:160.0
lower bound:80.0
['bpc_103_[1, 0]_1_0']
upper  160.0
lower  80.0
['bpc_103_[1, 0]_1_0', 'bpc_103_[1, 2, 0]_1_0']
upper  160.0
lower  80.0
['bpc_103_[1, 0]_1_0', 'bpc_103_[1, 2, 0]_1_0', 'bpc_103_[1, 2, 3, 0]_1_0']
upper  160.0
lower  80.0
['bpc_103_[1, 0]_1_0', 'bpc_103_[1, 2, 0]_1_0', 'bpc_103_[1, 2, 3, 0]_1_0', 'bpc_103_[1, 2, 3, 4, 0]_1_0']
upper  160.0
lower  80.0
['bpc_103_[1, 0]_1_0', 'bpc_103_[1, 2, 0]_1_0', 'bpc_103_[1, 2, 3, 0]_1_0', 'bpc_103_[1, 2, 3, 4, 0]_1_0', 'bpc_103_[1, 2, 4, 0]_1_0']
upper  160.0
lower  80.0
1.0
False
upper bound:160.0
lower bound:80.0
['bpc_141_[1, 0, 2, 3, 4, 10]_1_10']
upper  160.0
lower  80.0
['bpc_141_[1, 0, 2, 3, 4, 10]_1_10', 'bpc_141_[1, 0, 2, 4, 10]_1_10']
upper  160.0
lower  80.0
['bpc_141_[1, 0, 2, 3, 4, 10]_1_10', 'bpc_141_[1, 0, 2, 4, 10]_1_10', 'bpc_141_[1, 0, 3, 2, 4, 10]_1_10']
upper  160.0
lower  80.0
['bpc_141_[1, 0, 2, 3, 4, 10]_1_10', 'bpc_141_[1, 0, 2, 4, 10]_1_10', 'bpc_141_[1, 0, 3, 2, 4, 10]_1_10', 'bpc_141_[1, 0, 3, 4, 10]_1_10']
upper  160.0
lower  80.0
['bpc_141_[1, 0, 2, 3, 4, 10]_1_10', 'bpc_141_[1, 0, 2, 4, 10]_1_10', 'bpc_141_[1, 0, 3, 2, 4, 10]_1_10', 'bpc_141_[1, 0, 3, 4, 10]_1_10', 'bpc_141_[1, 0, 4, 10]_1_10']
upper  160.0
lower  80.0
1.0
False
upper bound:160.0
lower bound:80.0
['bpc_78_[1, 0, 2, 3, 4]_1_4']
upper  160.0
lower  80.0
['bpc_78_[1, 0, 2, 3, 4]_1_4', 'bpc_78_[1, 0, 2, 4]_1_4']
upper  160.0
lower  80.0
['bpc_78_[1, 0, 2, 3, 4]_1_4', 'bpc_78_[1, 0, 2, 4]_1_4', 'bpc_78_[1, 0, 3, 2, 4]_1_4']
upper  160.0
lower  80.0
['bpc_78_[1, 0, 2, 3, 4]_1_4', 'bpc_78_[1, 0, 2, 4]_1_4', 'bpc_78_[1, 0, 3, 2, 4]_1_4', 'bpc_78_[1, 0, 3, 4]_1_4']
upper  160.0
lower  80.0
['bpc_78_[1, 0, 2, 3, 4]_1_4', 'bpc_78_[1, 0, 2, 4]_1_4', 'bpc_78_[1, 0, 3, 2, 4]_1_4', 'bpc_78_[1, 0, 3, 4]_1_4', 'bpc_78_[1, 0, 4]_1_4']
upper  160.0
lower  80.0
1.0
False
upper bound:160.0
lower bound:80.0
['bpc_217_[1, 0, 2, 3, 8]_1_8']
upper  160.0
lower  80.0
['bpc_217_[1, 0, 2, 3, 8]_1_8', 'bpc_217_[1, 0, 2, 4, 3, 8]_1_8']
upper  160.0
lower  80.0
['bpc_217_[1, 0, 2, 3, 8]_1_8', 'bpc_217_[1, 0, 2, 4, 3, 8]_1_8', 'bpc_217_[1, 0, 3, 8]_1_8']
upper  160.0
lower  80.0
['bpc_217_[1, 0, 2, 3, 8]_1_8', 'bpc_217_[1, 0, 2, 4, 3, 8]_1_8', 'bpc_217_[1, 0, 3, 8]_1_8', 'bpc_217_[1, 0, 4, 2, 3, 8]_1_8']
upper  160.0
lower  80.0
['bpc_217_[1, 0, 2, 3, 8]_1_8', 'bpc_217_[1, 0, 2, 4, 3, 8]_1_8', 'bpc_217_[1, 0, 3, 8]_1_8', 'bpc_217_[1, 0, 4, 2, 3, 8]_1_8', 'bpc_217_[1, 0, 4, 3, 8]_1_8']
upper  160.0
lower  80.0
1.0
False
upper bound:160.0
lower bound:80.0
['bpc_53_[1, 0, 2, 3, 4, 10]_1_10']
upper  160.0
lower  80.0
['bpc_53_[1, 0, 2, 3, 4, 10]_1_10', 'bpc_53_[1, 0, 2, 4, 10]_1_10']
upper  160.0
lower  80.0
['bpc_53_[1, 0, 2, 3, 4, 10]_1_10', 'bpc_53_[1, 0, 2, 4, 10]_1_10', 'bpc_53_[1, 0, 3, 2, 4, 10]_1_10']
upper  160.0
lower  80.0
['bpc_53_[1, 0, 2, 3, 4, 10]_1_10', 'bpc_53_[1, 0, 2, 4, 10]_1_10', 'bpc_53_[1, 0, 3, 2, 4, 10]_1_10', 'bpc_53_[1, 0, 3, 4, 10]_1_10']
upper  160.0
lower  80.0
['bpc_53_[1, 0, 2, 3, 4, 10]_1_10', 'bpc_53_[1, 0, 2, 4, 10]_1_10', 'bpc_53_[1, 0, 3, 2, 4, 10]_1_10', 'bpc_53_[1, 0, 3, 4, 10]_1_10', 'bpc_53_[1, 0, 4, 10]_1_10']
upper  160.0
lower  80.0
1.0
False
upper bound:160.0
lower bound:80.0
['bpc_28_[1, 0, 2]_1_2']
upper  160.0
lower  80.0
['bpc_28_[1, 0, 2]_1_2', 'bpc_28_[1, 0, 3, 2]_1_2']
upper  160.0
lower  80.0
['bpc_28_[1, 0, 2]_1_2', 'bpc_28_[1, 0, 3, 2]_1_2', 'bpc_28_[1, 0, 3, 4, 2]_1_2']
upper  160.0
lower  80.0
['bpc_28_[1, 0, 2]_1_2', 'bpc_28_[1, 0, 3, 2]_1_2', 'bpc_28_[1, 0, 3, 4, 2]_1_2', 'bpc_28_[1, 0, 4, 2]_1_2']
upper  160.0
lower  80.0
['bpc_28_[1, 0, 2]_1_2', 'bpc_28_[1, 0, 3, 2]_1_2', 'bpc_28_[1, 0, 3, 4, 2]_1_2', 'bpc_28_[1, 0, 4, 2]_1_2', 'bpc_28_[1, 0, 4, 3, 2]_1_2']
upper  160.0
lower  80.0
1.0
False
upper bound:160.0
lower bound:80.0
['bpc_183_[1, 0, 2, 5]_1_5']
upper  160.0
lower  80.0
['bpc_183_[1, 0, 2, 5]_1_5', 'bpc_183_[1, 0, 3, 2, 5]_1_5']
upper  160.0
lower  80.0
['bpc_183_[1, 0, 2, 5]_1_5', 'bpc_183_[1, 0, 3, 2, 5]_1_5', 'bpc_183_[1, 0, 3, 4, 2, 5]_1_5']
upper  160.0
lower  80.0
['bpc_183_[1, 0, 2, 5]_1_5', 'bpc_183_[1, 0, 3, 2, 5]_1_5', 'bpc_183_[1, 0, 3, 4, 2, 5]_1_5', 'bpc_183_[1, 0, 4, 2, 5]_1_5']
upper  160.0
lower  80.0
['bpc_183_[1, 0, 2, 5]_1_5', 'bpc_183_[1, 0, 3, 2, 5]_1_5', 'bpc_183_[1, 0, 3, 4, 2, 5]_1_5', 'bpc_183_[1, 0, 4, 2, 5]_1_5', 'bpc_183_[1, 0, 4, 3, 2, 5]_1_5']
upper  160.0
lower  80.0
1.0
False
upper bound:160.0
lower bound:80.0
['bpc_3_[1, 0, 2, 6]_1_6']
upper  160.0
lower  80.0
['bpc_3_[1, 0, 2, 6]_1_6', 'bpc_3_[1, 0, 3, 2, 6]_1_6']
upper  160.0
lower  80.0
['bpc_3_[1, 0, 2, 6]_1_6', 'bpc_3_[1, 0, 3, 2, 6]_1_6', 'bpc_3_[1, 0, 3, 4, 2, 6]_1_6']
upper  160.0
lower  80.0
['bpc_3_[1, 0, 2, 6]_1_6', 'bpc_3_[1, 0, 3, 2, 6]_1_6', 'bpc_3_[1, 0, 3, 4, 2, 6]_1_6', 'bpc_3_[1, 0, 4, 2, 6]_1_6']
upper  160.0
lower  80.0
['bpc_3_[1, 0, 2, 6]_1_6', 'bpc_3_[1, 0, 3, 2, 6]_1_6', 'bpc_3_[1, 0, 3, 4, 2, 6]_1_6', 'bpc_3_[1, 0, 4, 2, 6]_1_6', 'bpc_3_[1, 0, 4, 3, 2, 6]_1_6']
upper  160.0
lower  80.0
1.0
False
upper bound:160.0
lower bound:80.0
['bpc_95_[1, 0, 2, 5]_1_5']
upper  160.0
lower  80.0
['bpc_95_[1, 0, 2, 5]_1_5', 'bpc_95_[1, 0, 3, 2, 5]_1_5']
upper  160.0
lower  80.0
['bpc_95_[1, 0, 2, 5]_1_5', 'bpc_95_[1, 0, 3, 2, 5]_1_5', 'bpc_95_[1, 0, 3, 4, 2, 5]_1_5']
upper  160.0
lower  80.0
['bpc_95_[1, 0, 2, 5]_1_5', 'bpc_95_[1, 0, 3, 2, 5]_1_5', 'bpc_95_[1, 0, 3, 4, 2, 5]_1_5', 'bpc_95_[1, 0, 4, 2, 5]_1_5']
upper  160.0
lower  80.0
['bpc_95_[1, 0, 2, 5]_1_5', 'bpc_95_[1, 0, 3, 2, 5]_1_5', 'bpc_95_[1, 0, 3, 4, 2, 5]_1_5', 'bpc_95_[1, 0, 4, 2, 5]_1_5', 'bpc_95_[1, 0, 4, 3, 2, 5]_1_5']
upper  160.0
lower  80.0
1.0
False
upper bound:160.0
lower bound:80.0
['bpc_133_[1, 0, 2, 3]_1_3']
upper  160.0
lower  80.0
['bpc_133_[1, 0, 2, 3]_1_3', 'bpc_133_[1, 0, 2, 4, 3]_1_3']
upper  160.0
lower  80.0
['bpc_133_[1, 0, 2, 3]_1_3', 'bpc_133_[1, 0, 2, 4, 3]_1_3', 'bpc_133_[1, 0, 3]_1_3']
upper  160.0
lower  80.0
['bpc_133_[1, 0, 2, 3]_1_3', 'bpc_133_[1, 0, 2, 4, 3]_1_3', 'bpc_133_[1, 0, 3]_1_3', 'bpc_133_[1, 0, 4, 2, 3]_1_3']
upper  160.0
lower  80.0
['bpc_133_[1, 0, 2, 3]_1_3', 'bpc_133_[1, 0, 2, 4, 3]_1_3', 'bpc_133_[1, 0, 3]_1_3', 'bpc_133_[1, 0, 4, 2, 3]_1_3', 'bpc_133_[1, 0, 4, 3]_1_3']
upper  160.0
lower  80.0
1.0
False
upper bound:160.0
lower bound:80.0
['bpc_45_[1, 0, 2, 3]_1_3']
upper  160.0
lower  80.0
['bpc_45_[1, 0, 2, 3]_1_3', 'bpc_45_[1, 0, 2, 4, 3]_1_3']
upper  160.0
lower  80.0
['bpc_45_[1, 0, 2, 3]_1_3', 'bpc_45_[1, 0, 2, 4, 3]_1_3', 'bpc_45_[1, 0, 3]_1_3']
upper  160.0
lower  80.0
['bpc_45_[1, 0, 2, 3]_1_3', 'bpc_45_[1, 0, 2, 4, 3]_1_3', 'bpc_45_[1, 0, 3]_1_3', 'bpc_45_[1, 0, 4, 2, 3]_1_3']
upper  160.0
lower  80.0
['bpc_45_[1, 0, 2, 3]_1_3', 'bpc_45_[1, 0, 2, 4, 3]_1_3', 'bpc_45_[1, 0, 3]_1_3', 'bpc_45_[1, 0, 4, 2, 3]_1_3', 'bpc_45_[1, 0, 4, 3]_1_3']
upper  160.0
lower  80.0
1.0
False
upper bound:160.0
lower bound:80.0
['bpc_20_[1, 0, 2, 3, 7]_1_7']
upper  160.0
lower  80.0
['bpc_20_[1, 0, 2, 3, 7]_1_7', 'bpc_20_[1, 0, 2, 4, 3, 7]_1_7']
upper  160.0
lower  80.0
['bpc_20_[1, 0, 2, 3, 7]_1_7', 'bpc_20_[1, 0, 2, 4, 3, 7]_1_7', 'bpc_20_[1, 0, 3, 7]_1_7']
upper  160.0
lower  80.0
['bpc_20_[1, 0, 2, 3, 7]_1_7', 'bpc_20_[1, 0, 2, 4, 3, 7]_1_7', 'bpc_20_[1, 0, 3, 7]_1_7', 'bpc_20_[1, 0, 4, 2, 3, 7]_1_7']
upper  160.0
lower  80.0
['bpc_20_[1, 0, 2, 3, 7]_1_7', 'bpc_20_[1, 0, 2, 4, 3, 7]_1_7', 'bpc_20_[1, 0, 3, 7]_1_7', 'bpc_20_[1, 0, 4, 2, 3, 7]_1_7', 'bpc_20_[1, 0, 4, 3, 7]_1_7']
upper  160.0
lower  80.0
1.0
False
upper bound:160.0
lower bound:80.0
['bpc_201_[1, 0, 2, 6]_1_6']
upper  160.0
lower  80.0
['bpc_201_[1, 0, 2, 6]_1_6', 'bpc_201_[1, 0, 3, 2, 6]_1_6']
upper  160.0
lower  80.0
['bpc_201_[1, 0, 2, 6]_1_6', 'bpc_201_[1, 0, 3, 2, 6]_1_6', 'bpc_201_[1, 0, 3, 4, 2, 6]_1_6']
upper  160.0
lower  80.0
['bpc_201_[1, 0, 2, 6]_1_6', 'bpc_201_[1, 0, 3, 2, 6]_1_6', 'bpc_201_[1, 0, 3, 4, 2, 6]_1_6', 'bpc_201_[1, 0, 4, 2, 6]_1_6']
upper  160.0
lower  80.0
['bpc_201_[1, 0, 2, 6]_1_6', 'bpc_201_[1, 0, 3, 2, 6]_1_6', 'bpc_201_[1, 0, 3, 4, 2, 6]_1_6', 'bpc_201_[1, 0, 4, 2, 6]_1_6', 'bpc_201_[1, 0, 4, 3, 2, 6]_1_6']
upper  160.0
lower  80.0
1.0
False
upper bound:160.0
lower bound:80.0
['bpc_37_[1, 0]_1_0']
upper  160.0
lower  80.0
['bpc_37_[1, 0]_1_0', 'bpc_37_[1, 2, 0]_1_0']
upper  160.0
lower  80.0
['bpc_37_[1, 0]_1_0', 'bpc_37_[1, 2, 0]_1_0', 'bpc_37_[1, 2, 3, 0]_1_0']
upper  160.0
lower  80.0
['bpc_37_[1, 0]_1_0', 'bpc_37_[1, 2, 0]_1_0', 'bpc_37_[1, 2, 3, 0]_1_0', 'bpc_37_[1, 2, 3, 4, 0]_1_0']
upper  160.0
lower  80.0
['bpc_37_[1, 0]_1_0', 'bpc_37_[1, 2, 0]_1_0', 'bpc_37_[1, 2, 3, 0]_1_0', 'bpc_37_[1, 2, 3, 4, 0]_1_0', 'bpc_37_[1, 2, 4, 0]_1_0']
upper  160.0
lower  80.0
1.0
False
upper bound:160.0
lower bound:80.0
['bpc_113_[1, 0, 2, 6]_1_6']
upper  160.0
lower  80.0
['bpc_113_[1, 0, 2, 6]_1_6', 'bpc_113_[1, 0, 3, 2, 6]_1_6']
upper  160.0
lower  80.0
['bpc_113_[1, 0, 2, 6]_1_6', 'bpc_113_[1, 0, 3, 2, 6]_1_6', 'bpc_113_[1, 0, 3, 4, 2, 6]_1_6']
upper  160.0
lower  80.0
['bpc_113_[1, 0, 2, 6]_1_6', 'bpc_113_[1, 0, 3, 2, 6]_1_6', 'bpc_113_[1, 0, 3, 4, 2, 6]_1_6', 'bpc_113_[1, 0, 4, 2, 6]_1_6']
upper  160.0
lower  80.0
['bpc_113_[1, 0, 2, 6]_1_6', 'bpc_113_[1, 0, 3, 2, 6]_1_6', 'bpc_113_[1, 0, 3, 4, 2, 6]_1_6', 'bpc_113_[1, 0, 4, 2, 6]_1_6', 'bpc_113_[1, 0, 4, 3, 2, 6]_1_6']
upper  160.0
lower  80.0
1.0
False
upper bound:160.0
lower bound:80.0
['bpc_12_[1, 0, 2, 3, 4]_1_4']
upper  160.0
lower  80.0
['bpc_12_[1, 0, 2, 3, 4]_1_4', 'bpc_12_[1, 0, 2, 4]_1_4']
upper  160.0
lower  80.0
['bpc_12_[1, 0, 2, 3, 4]_1_4', 'bpc_12_[1, 0, 2, 4]_1_4', 'bpc_12_[1, 0, 3, 2, 4]_1_4']
upper  160.0
lower  80.0
['bpc_12_[1, 0, 2, 3, 4]_1_4', 'bpc_12_[1, 0, 2, 4]_1_4', 'bpc_12_[1, 0, 3, 2, 4]_1_4', 'bpc_12_[1, 0, 3, 4]_1_4']
upper  160.0
lower  80.0
['bpc_12_[1, 0, 2, 3, 4]_1_4', 'bpc_12_[1, 0, 2, 4]_1_4', 'bpc_12_[1, 0, 3, 2, 4]_1_4', 'bpc_12_[1, 0, 3, 4]_1_4', 'bpc_12_[1, 0, 4]_1_4']
upper  160.0
lower  80.0
1.0
False
upper bound:160.0
lower bound:80.0
['bpc_142_[1, 0, 1]_1_1']
upper  160.0
lower  80.0
['bpc_142_[1, 0, 1]_1_1', 'bpc_142_[1, 0, 2, 1]_1_1']
upper  160.0
lower  80.0
['bpc_142_[1, 0, 1]_1_1', 'bpc_142_[1, 0, 2, 1]_1_1', 'bpc_142_[1, 0, 2, 3, 1]_1_1']
upper  160.0
lower  80.0
['bpc_142_[1, 0, 1]_1_1', 'bpc_142_[1, 0, 2, 1]_1_1', 'bpc_142_[1, 0, 2, 3, 1]_1_1', 'bpc_142_[1, 0, 2, 3, 4, 1]_1_1']
upper  160.0
lower  80.0
['bpc_142_[1, 0, 1]_1_1', 'bpc_142_[1, 0, 2, 1]_1_1', 'bpc_142_[1, 0, 2, 3, 1]_1_1', 'bpc_142_[1, 0, 2, 3, 4, 1]_1_1', 'bpc_142_[1, 0, 2, 4, 1]_1_1']
upper  160.0
lower  80.0
1.0
False
upper bound:160.0
lower bound:80.0
['bpc_218_[1, 0, 2, 3, 7]_1_7']
upper  160.0
lower  80.0
['bpc_218_[1, 0, 2, 3, 7]_1_7', 'bpc_218_[1, 0, 2, 4, 3, 7]_1_7']
upper  160.0
lower  80.0
['bpc_218_[1, 0, 2, 3, 7]_1_7', 'bpc_218_[1, 0, 2, 4, 3, 7]_1_7', 'bpc_218_[1, 0, 3, 7]_1_7']
upper  160.0
lower  80.0
['bpc_218_[1, 0, 2, 3, 7]_1_7', 'bpc_218_[1, 0, 2, 4, 3, 7]_1_7', 'bpc_218_[1, 0, 3, 7]_1_7', 'bpc_218_[1, 0, 4, 2, 3, 7]_1_7']
upper  160.0
lower  80.0
['bpc_218_[1, 0, 2, 3, 7]_1_7', 'bpc_218_[1, 0, 2, 4, 3, 7]_1_7', 'bpc_218_[1, 0, 3, 7]_1_7', 'bpc_218_[1, 0, 4, 2, 3, 7]_1_7', 'bpc_218_[1, 0, 4, 3, 7]_1_7']
upper  160.0
lower  80.0
1.0
False
upper bound:160.0
lower bound:80.0
['bpc_54_[1, 0, 1]_1_1']
upper  160.0
lower  80.0
['bpc_54_[1, 0, 1]_1_1', 'bpc_54_[1, 0, 2, 1]_1_1']
upper  160.0
lower  80.0
['bpc_54_[1, 0, 1]_1_1', 'bpc_54_[1, 0, 2, 1]_1_1', 'bpc_54_[1, 0, 2, 3, 1]_1_1']
upper  160.0
lower  80.0
['bpc_54_[1, 0, 1]_1_1', 'bpc_54_[1, 0, 2, 1]_1_1', 'bpc_54_[1, 0, 2, 3, 1]_1_1', 'bpc_54_[1, 0, 2, 3, 4, 1]_1_1']
upper  160.0
lower  80.0
['bpc_54_[1, 0, 1]_1_1', 'bpc_54_[1, 0, 2, 1]_1_1', 'bpc_54_[1, 0, 2, 3, 1]_1_1', 'bpc_54_[1, 0, 2, 3, 4, 1]_1_1', 'bpc_54_[1, 0, 2, 4, 1]_1_1']
upper  160.0
lower  80.0
1.0
False
upper bound:160.0
lower bound:80.0
['bpc_29_[1, 0, 2, 5]_1_5']
upper  160.0
lower  80.0
['bpc_29_[1, 0, 2, 5]_1_5', 'bpc_29_[1, 0, 3, 2, 5]_1_5']
upper  160.0
lower  80.0
['bpc_29_[1, 0, 2, 5]_1_5', 'bpc_29_[1, 0, 3, 2, 5]_1_5', 'bpc_29_[1, 0, 3, 4, 2, 5]_1_5']
upper  160.0
lower  80.0
['bpc_29_[1, 0, 2, 5]_1_5', 'bpc_29_[1, 0, 3, 2, 5]_1_5', 'bpc_29_[1, 0, 3, 4, 2, 5]_1_5', 'bpc_29_[1, 0, 4, 2, 5]_1_5']
upper  160.0
lower  80.0
['bpc_29_[1, 0, 2, 5]_1_5', 'bpc_29_[1, 0, 3, 2, 5]_1_5', 'bpc_29_[1, 0, 3, 4, 2, 5]_1_5', 'bpc_29_[1, 0, 4, 2, 5]_1_5', 'bpc_29_[1, 0, 4, 3, 2, 5]_1_5']
upper  160.0
lower  80.0
1.0
False
upper bound:160.0
lower bound:80.0
['bpc_168_[1, 0, 2, 3, 4, 9]_1_9']
upper  160.0
lower  80.0
['bpc_168_[1, 0, 2, 3, 4, 9]_1_9', 'bpc_168_[1, 0, 2, 4, 9]_1_9']
upper  160.0
lower  80.0
['bpc_168_[1, 0, 2, 3, 4, 9]_1_9', 'bpc_168_[1, 0, 2, 4, 9]_1_9', 'bpc_168_[1, 0, 3, 2, 4, 9]_1_9']
upper  160.0
lower  80.0
['bpc_168_[1, 0, 2, 3, 4, 9]_1_9', 'bpc_168_[1, 0, 2, 4, 9]_1_9', 'bpc_168_[1, 0, 3, 2, 4, 9]_1_9', 'bpc_168_[1, 0, 3, 4, 9]_1_9']
upper  160.0
lower  80.0
['bpc_168_[1, 0, 2, 3, 4, 9]_1_9', 'bpc_168_[1, 0, 2, 4, 9]_1_9', 'bpc_168_[1, 0, 3, 2, 4, 9]_1_9', 'bpc_168_[1, 0, 3, 4, 9]_1_9', 'bpc_168_[1, 0, 4, 9]_1_9']
upper  160.0
lower  80.0
1.0
False
upper bound:160.0
lower bound:80.0
['bpc_80_[1, 0, 2, 3, 4, 9]_1_9']
upper  160.0
lower  80.0
['bpc_80_[1, 0, 2, 3, 4, 9]_1_9', 'bpc_80_[1, 0, 2, 4, 9]_1_9']
upper  160.0
lower  80.0
['bpc_80_[1, 0, 2, 3, 4, 9]_1_9', 'bpc_80_[1, 0, 2, 4, 9]_1_9', 'bpc_80_[1, 0, 3, 2, 4, 9]_1_9']
upper  160.0
lower  80.0
['bpc_80_[1, 0, 2, 3, 4, 9]_1_9', 'bpc_80_[1, 0, 2, 4, 9]_1_9', 'bpc_80_[1, 0, 3, 2, 4, 9]_1_9', 'bpc_80_[1, 0, 3, 4, 9]_1_9']
upper  160.0
lower  80.0
['bpc_80_[1, 0, 2, 3, 4, 9]_1_9', 'bpc_80_[1, 0, 2, 4, 9]_1_9', 'bpc_80_[1, 0, 3, 2, 4, 9]_1_9', 'bpc_80_[1, 0, 3, 4, 9]_1_9', 'bpc_80_[1, 0, 4, 9]_1_9']
upper  160.0
lower  80.0
1.0
False
upper bound:160.0
lower bound:80.0
['bpc_210_[1, 0, 2, 3, 4]_1_4']
upper  160.0
lower  80.0
['bpc_210_[1, 0, 2, 3, 4]_1_4', 'bpc_210_[1, 0, 2, 4]_1_4']
upper  160.0
lower  80.0
['bpc_210_[1, 0, 2, 3, 4]_1_4', 'bpc_210_[1, 0, 2, 4]_1_4', 'bpc_210_[1, 0, 3, 2, 4]_1_4']
upper  160.0
lower  80.0
['bpc_210_[1, 0, 2, 3, 4]_1_4', 'bpc_210_[1, 0, 2, 4]_1_4', 'bpc_210_[1, 0, 3, 2, 4]_1_4', 'bpc_210_[1, 0, 3, 4]_1_4']
upper  160.0
lower  80.0
['bpc_210_[1, 0, 2, 3, 4]_1_4', 'bpc_210_[1, 0, 2, 4]_1_4', 'bpc_210_[1, 0, 3, 2, 4]_1_4', 'bpc_210_[1, 0, 3, 4]_1_4', 'bpc_210_[1, 0, 4]_1_4']
upper  160.0
lower  80.0
1.0
False
upper bound:160.0
lower bound:80.0
['bpc_185_[1, 0, 2, 3, 4, 10]_1_10']
upper  160.0
lower  80.0
['bpc_185_[1, 0, 2, 3, 4, 10]_1_10', 'bpc_185_[1, 0, 2, 4, 10]_1_10']
upper  160.0
lower  80.0
['bpc_185_[1, 0, 2, 3, 4, 10]_1_10', 'bpc_185_[1, 0, 2, 4, 10]_1_10', 'bpc_185_[1, 0, 3, 2, 4, 10]_1_10']
upper  160.0
lower  80.0
['bpc_185_[1, 0, 2, 3, 4, 10]_1_10', 'bpc_185_[1, 0, 2, 4, 10]_1_10', 'bpc_185_[1, 0, 3, 2, 4, 10]_1_10', 'bpc_185_[1, 0, 3, 4, 10]_1_10']
upper  160.0
lower  80.0
['bpc_185_[1, 0, 2, 3, 4, 10]_1_10', 'bpc_185_[1, 0, 2, 4, 10]_1_10', 'bpc_185_[1, 0, 3, 2, 4, 10]_1_10', 'bpc_185_[1, 0, 3, 4, 10]_1_10', 'bpc_185_[1, 0, 4, 10]_1_10']
upper  160.0
lower  80.0
1.0
False
upper bound:160.0
lower bound:80.0
['bpc_122_[1, 0, 2, 3, 4]_1_4']
upper  160.0
lower  80.0
['bpc_122_[1, 0, 2, 3, 4]_1_4', 'bpc_122_[1, 0, 2, 4]_1_4']
upper  160.0
lower  80.0
['bpc_122_[1, 0, 2, 3, 4]_1_4', 'bpc_122_[1, 0, 2, 4]_1_4', 'bpc_122_[1, 0, 3, 2, 4]_1_4']
upper  160.0
lower  80.0
['bpc_122_[1, 0, 2, 3, 4]_1_4', 'bpc_122_[1, 0, 2, 4]_1_4', 'bpc_122_[1, 0, 3, 2, 4]_1_4', 'bpc_122_[1, 0, 3, 4]_1_4']
upper  160.0
lower  80.0
['bpc_122_[1, 0, 2, 3, 4]_1_4', 'bpc_122_[1, 0, 2, 4]_1_4', 'bpc_122_[1, 0, 3, 2, 4]_1_4', 'bpc_122_[1, 0, 3, 4]_1_4', 'bpc_122_[1, 0, 4]_1_4']
upper  160.0
lower  80.0
1.0
False
upper bound:160.0
lower bound:80.0
['bpc_160_[1, 0, 2]_1_2']
upper  160.0
lower  80.0
['bpc_160_[1, 0, 2]_1_2', 'bpc_160_[1, 0, 3, 2]_1_2']
upper  160.0
lower  80.0
['bpc_160_[1, 0, 2]_1_2', 'bpc_160_[1, 0, 3, 2]_1_2', 'bpc_160_[1, 0, 3, 4, 2]_1_2']
upper  160.0
lower  80.0
['bpc_160_[1, 0, 2]_1_2', 'bpc_160_[1, 0, 3, 2]_1_2', 'bpc_160_[1, 0, 3, 4, 2]_1_2', 'bpc_160_[1, 0, 4, 2]_1_2']
upper  160.0
lower  80.0
['bpc_160_[1, 0, 2]_1_2', 'bpc_160_[1, 0, 3, 2]_1_2', 'bpc_160_[1, 0, 3, 4, 2]_1_2', 'bpc_160_[1, 0, 4, 2]_1_2', 'bpc_160_[1, 0, 4, 3, 2]_1_2']
upper  160.0
lower  80.0
1.0
False
upper bound:160.0
lower bound:80.0
['bpc_97_[1, 0, 2, 3, 4, 10]_1_10']
upper  160.0
lower  80.0
['bpc_97_[1, 0, 2, 3, 4, 10]_1_10', 'bpc_97_[1, 0, 2, 4, 10]_1_10']
upper  160.0
lower  80.0
['bpc_97_[1, 0, 2, 3, 4, 10]_1_10', 'bpc_97_[1, 0, 2, 4, 10]_1_10', 'bpc_97_[1, 0, 3, 2, 4, 10]_1_10']
upper  160.0
lower  80.0
['bpc_97_[1, 0, 2, 3, 4, 10]_1_10', 'bpc_97_[1, 0, 2, 4, 10]_1_10', 'bpc_97_[1, 0, 3, 2, 4, 10]_1_10', 'bpc_97_[1, 0, 3, 4, 10]_1_10']
upper  160.0
lower  80.0
['bpc_97_[1, 0, 2, 3, 4, 10]_1_10', 'bpc_97_[1, 0, 2, 4, 10]_1_10', 'bpc_97_[1, 0, 3, 2, 4, 10]_1_10', 'bpc_97_[1, 0, 3, 4, 10]_1_10', 'bpc_97_[1, 0, 4, 10]_1_10']
upper  160.0
lower  80.0
1.0
False
upper bound:160.0
lower bound:80.0
['bpc_151_[1, 0, 2, 3, 8]_1_8']
upper  160.0
lower  80.0
['bpc_151_[1, 0, 2, 3, 8]_1_8', 'bpc_151_[1, 0, 2, 4, 3, 8]_1_8']
upper  160.0
lower  80.0
['bpc_151_[1, 0, 2, 3, 8]_1_8', 'bpc_151_[1, 0, 2, 4, 3, 8]_1_8', 'bpc_151_[1, 0, 3, 8]_1_8']
upper  160.0
lower  80.0
['bpc_151_[1, 0, 2, 3, 8]_1_8', 'bpc_151_[1, 0, 2, 4, 3, 8]_1_8', 'bpc_151_[1, 0, 3, 8]_1_8', 'bpc_151_[1, 0, 4, 2, 3, 8]_1_8']
upper  160.0
lower  80.0
['bpc_151_[1, 0, 2, 3, 8]_1_8', 'bpc_151_[1, 0, 2, 4, 3, 8]_1_8', 'bpc_151_[1, 0, 3, 8]_1_8', 'bpc_151_[1, 0, 4, 2, 3, 8]_1_8', 'bpc_151_[1, 0, 4, 3, 8]_1_8']
upper  160.0
lower  80.0
1.0
False
upper bound:160.0
lower bound:80.0
['bpc_72_[1, 0, 2]_1_2']
upper  160.0
lower  80.0
['bpc_72_[1, 0, 2]_1_2', 'bpc_72_[1, 0, 3, 2]_1_2']
upper  160.0
lower  80.0
['bpc_72_[1, 0, 2]_1_2', 'bpc_72_[1, 0, 3, 2]_1_2', 'bpc_72_[1, 0, 3, 4, 2]_1_2']
upper  160.0
lower  80.0
['bpc_72_[1, 0, 2]_1_2', 'bpc_72_[1, 0, 3, 2]_1_2', 'bpc_72_[1, 0, 3, 4, 2]_1_2', 'bpc_72_[1, 0, 4, 2]_1_2']
upper  160.0
lower  80.0
['bpc_72_[1, 0, 2]_1_2', 'bpc_72_[1, 0, 3, 2]_1_2', 'bpc_72_[1, 0, 3, 4, 2]_1_2', 'bpc_72_[1, 0, 4, 2]_1_2', 'bpc_72_[1, 0, 4, 3, 2]_1_2']
upper  160.0
lower  80.0
1.0
False
upper bound:160.0
lower bound:80.0
['bpc_63_[1, 0, 2, 3, 8]_1_8']
upper  160.0
lower  80.0
['bpc_63_[1, 0, 2, 3, 8]_1_8', 'bpc_63_[1, 0, 2, 4, 3, 8]_1_8']
upper  160.0
lower  80.0
['bpc_63_[1, 0, 2, 3, 8]_1_8', 'bpc_63_[1, 0, 2, 4, 3, 8]_1_8', 'bpc_63_[1, 0, 3, 8]_1_8']
upper  160.0
lower  80.0
['bpc_63_[1, 0, 2, 3, 8]_1_8', 'bpc_63_[1, 0, 2, 4, 3, 8]_1_8', 'bpc_63_[1, 0, 3, 8]_1_8', 'bpc_63_[1, 0, 4, 2, 3, 8]_1_8']
upper  160.0
lower  80.0
['bpc_63_[1, 0, 2, 3, 8]_1_8', 'bpc_63_[1, 0, 2, 4, 3, 8]_1_8', 'bpc_63_[1, 0, 3, 8]_1_8', 'bpc_63_[1, 0, 4, 2, 3, 8]_1_8', 'bpc_63_[1, 0, 4, 3, 8]_1_8']
upper  160.0
lower  80.0
1.0
False
upper bound:160.0
lower bound:80.0
['bpc_177_[1, 0, 2, 3]_1_3']
upper  160.0
lower  80.0
['bpc_177_[1, 0, 2, 3]_1_3', 'bpc_177_[1, 0, 2, 4, 3]_1_3']
upper  160.0
lower  80.0
['bpc_177_[1, 0, 2, 3]_1_3', 'bpc_177_[1, 0, 2, 4, 3]_1_3', 'bpc_177_[1, 0, 3]_1_3']
upper  160.0
lower  80.0
['bpc_177_[1, 0, 2, 3]_1_3', 'bpc_177_[1, 0, 2, 4, 3]_1_3', 'bpc_177_[1, 0, 3]_1_3', 'bpc_177_[1, 0, 4, 2, 3]_1_3']
upper  160.0
lower  80.0
['bpc_177_[1, 0, 2, 3]_1_3', 'bpc_177_[1, 0, 2, 4, 3]_1_3', 'bpc_177_[1, 0, 3]_1_3', 'bpc_177_[1, 0, 4, 2, 3]_1_3', 'bpc_177_[1, 0, 4, 3]_1_3']
upper  160.0
lower  80.0
1.0
False
upper bound:160.0
lower bound:80.0
['bpc_152_[1, 0, 2, 3, 7]_1_7']
upper  160.0
lower  80.0
['bpc_152_[1, 0, 2, 3, 7]_1_7', 'bpc_152_[1, 0, 2, 4, 3, 7]_1_7']
upper  160.0
lower  80.0
['bpc_152_[1, 0, 2, 3, 7]_1_7', 'bpc_152_[1, 0, 2, 4, 3, 7]_1_7', 'bpc_152_[1, 0, 3, 7]_1_7']
upper  160.0
lower  80.0
['bpc_152_[1, 0, 2, 3, 7]_1_7', 'bpc_152_[1, 0, 2, 4, 3, 7]_1_7', 'bpc_152_[1, 0, 3, 7]_1_7', 'bpc_152_[1, 0, 4, 2, 3, 7]_1_7']
upper  160.0
lower  80.0
['bpc_152_[1, 0, 2, 3, 7]_1_7', 'bpc_152_[1, 0, 2, 4, 3, 7]_1_7', 'bpc_152_[1, 0, 3, 7]_1_7', 'bpc_152_[1, 0, 4, 2, 3, 7]_1_7', 'bpc_152_[1, 0, 4, 3, 7]_1_7']
upper  160.0
lower  80.0
1.0
False
upper bound:160.0
lower bound:80.0
['bpc_89_[1, 0, 2, 3]_1_3']
upper  160.0
lower  80.0
['bpc_89_[1, 0, 2, 3]_1_3', 'bpc_89_[1, 0, 2, 4, 3]_1_3']
upper  160.0
lower  80.0
['bpc_89_[1, 0, 2, 3]_1_3', 'bpc_89_[1, 0, 2, 4, 3]_1_3', 'bpc_89_[1, 0, 3]_1_3']
upper  160.0
lower  80.0
['bpc_89_[1, 0, 2, 3]_1_3', 'bpc_89_[1, 0, 2, 4, 3]_1_3', 'bpc_89_[1, 0, 3]_1_3', 'bpc_89_[1, 0, 4, 2, 3]_1_3']
upper  160.0
lower  80.0
['bpc_89_[1, 0, 2, 3]_1_3', 'bpc_89_[1, 0, 2, 4, 3]_1_3', 'bpc_89_[1, 0, 3]_1_3', 'bpc_89_[1, 0, 4, 2, 3]_1_3', 'bpc_89_[1, 0, 4, 3]_1_3']
upper  160.0
lower  80.0
1.0
False
upper bound:160.0
lower bound:80.0
['bpc_64_[1, 0, 2, 3, 7]_1_7']
upper  160.0
lower  80.0
['bpc_64_[1, 0, 2, 3, 7]_1_7', 'bpc_64_[1, 0, 2, 4, 3, 7]_1_7']
upper  160.0
lower  80.0
['bpc_64_[1, 0, 2, 3, 7]_1_7', 'bpc_64_[1, 0, 2, 4, 3, 7]_1_7', 'bpc_64_[1, 0, 3, 7]_1_7']
upper  160.0
lower  80.0
['bpc_64_[1, 0, 2, 3, 7]_1_7', 'bpc_64_[1, 0, 2, 4, 3, 7]_1_7', 'bpc_64_[1, 0, 3, 7]_1_7', 'bpc_64_[1, 0, 4, 2, 3, 7]_1_7']
upper  160.0
lower  80.0
['bpc_64_[1, 0, 2, 3, 7]_1_7', 'bpc_64_[1, 0, 2, 4, 3, 7]_1_7', 'bpc_64_[1, 0, 3, 7]_1_7', 'bpc_64_[1, 0, 4, 2, 3, 7]_1_7', 'bpc_64_[1, 0, 4, 3, 7]_1_7']
upper  160.0
lower  80.0
1.0
False
upper bound:160.0
lower bound:80.0
['bpc_169_[1, 0]_1_0']
upper  160.0
lower  80.0
['bpc_169_[1, 0]_1_0', 'bpc_169_[1, 2, 0]_1_0']
upper  160.0
lower  80.0
['bpc_169_[1, 0]_1_0', 'bpc_169_[1, 2, 0]_1_0', 'bpc_169_[1, 2, 3, 0]_1_0']
upper  160.0
lower  80.0
['bpc_169_[1, 0]_1_0', 'bpc_169_[1, 2, 0]_1_0', 'bpc_169_[1, 2, 3, 0]_1_0', 'bpc_169_[1, 2, 3, 4, 0]_1_0']
upper  160.0
lower  80.0
['bpc_169_[1, 0]_1_0', 'bpc_169_[1, 2, 0]_1_0', 'bpc_169_[1, 2, 3, 0]_1_0', 'bpc_169_[1, 2, 3, 4, 0]_1_0', 'bpc_169_[1, 2, 4, 0]_1_0']
upper  160.0
lower  80.0
1.0
False
upper bound:160.0
lower bound:80.0
['bpc_144_[1, 0, 2, 3, 4]_1_4']
upper  160.0
lower  80.0
['bpc_144_[1, 0, 2, 3, 4]_1_4', 'bpc_144_[1, 0, 2, 4]_1_4']
upper  160.0
lower  80.0
['bpc_144_[1, 0, 2, 3, 4]_1_4', 'bpc_144_[1, 0, 2, 4]_1_4', 'bpc_144_[1, 0, 3, 2, 4]_1_4']
upper  160.0
lower  80.0
['bpc_144_[1, 0, 2, 3, 4]_1_4', 'bpc_144_[1, 0, 2, 4]_1_4', 'bpc_144_[1, 0, 3, 2, 4]_1_4', 'bpc_144_[1, 0, 3, 4]_1_4']
upper  160.0
lower  80.0
['bpc_144_[1, 0, 2, 3, 4]_1_4', 'bpc_144_[1, 0, 2, 4]_1_4', 'bpc_144_[1, 0, 3, 2, 4]_1_4', 'bpc_144_[1, 0, 3, 4]_1_4', 'bpc_144_[1, 0, 4]_1_4']
upper  160.0
lower  80.0
1.0
False
upper bound:160.0
lower bound:80.0
['bpc_81_[1, 0]_1_0']
upper  160.0
lower  80.0
['bpc_81_[1, 0]_1_0', 'bpc_81_[1, 2, 0]_1_0']
upper  160.0
lower  80.0
['bpc_81_[1, 0]_1_0', 'bpc_81_[1, 2, 0]_1_0', 'bpc_81_[1, 2, 3, 0]_1_0']
upper  160.0
lower  80.0
['bpc_81_[1, 0]_1_0', 'bpc_81_[1, 2, 0]_1_0', 'bpc_81_[1, 2, 3, 0]_1_0', 'bpc_81_[1, 2, 3, 4, 0]_1_0']
upper  160.0
lower  80.0
['bpc_81_[1, 0]_1_0', 'bpc_81_[1, 2, 0]_1_0', 'bpc_81_[1, 2, 3, 0]_1_0', 'bpc_81_[1, 2, 3, 4, 0]_1_0', 'bpc_81_[1, 2, 4, 0]_1_0']
upper  160.0
lower  80.0
1.0
False
upper bound:160.0
lower bound:80.0
['bpc_135_[1, 0, 2, 6]_1_6']
upper  160.0
lower  80.0
['bpc_135_[1, 0, 2, 6]_1_6', 'bpc_135_[1, 0, 3, 2, 6]_1_6']
upper  160.0
lower  80.0
['bpc_135_[1, 0, 2, 6]_1_6', 'bpc_135_[1, 0, 3, 2, 6]_1_6', 'bpc_135_[1, 0, 3, 4, 2, 6]_1_6']
upper  160.0
lower  80.0
['bpc_135_[1, 0, 2, 6]_1_6', 'bpc_135_[1, 0, 3, 2, 6]_1_6', 'bpc_135_[1, 0, 3, 4, 2, 6]_1_6', 'bpc_135_[1, 0, 4, 2, 6]_1_6']
upper  160.0
lower  80.0
['bpc_135_[1, 0, 2, 6]_1_6', 'bpc_135_[1, 0, 3, 2, 6]_1_6', 'bpc_135_[1, 0, 3, 4, 2, 6]_1_6', 'bpc_135_[1, 0, 4, 2, 6]_1_6', 'bpc_135_[1, 0, 4, 3, 2, 6]_1_6']
upper  160.0
lower  80.0
1.0
False
upper bound:160.0
lower bound:80.0
['bpc_56_[1, 0, 2, 3, 4]_1_4']
upper  160.0
lower  80.0
['bpc_56_[1, 0, 2, 3, 4]_1_4', 'bpc_56_[1, 0, 2, 4]_1_4']
upper  160.0
lower  80.0
['bpc_56_[1, 0, 2, 3, 4]_1_4', 'bpc_56_[1, 0, 2, 4]_1_4', 'bpc_56_[1, 0, 3, 2, 4]_1_4']
upper  160.0
lower  80.0
['bpc_56_[1, 0, 2, 3, 4]_1_4', 'bpc_56_[1, 0, 2, 4]_1_4', 'bpc_56_[1, 0, 3, 2, 4]_1_4', 'bpc_56_[1, 0, 3, 4]_1_4']
upper  160.0
lower  80.0
['bpc_56_[1, 0, 2, 3, 4]_1_4', 'bpc_56_[1, 0, 2, 4]_1_4', 'bpc_56_[1, 0, 3, 2, 4]_1_4', 'bpc_56_[1, 0, 3, 4]_1_4', 'bpc_56_[1, 0, 4]_1_4']
upper  160.0
lower  80.0
1.0
False
upper bound:160.0
lower bound:80.0
['bpc_47_[1, 0, 2, 6]_1_6']
upper  160.0
lower  80.0
['bpc_47_[1, 0, 2, 6]_1_6', 'bpc_47_[1, 0, 3, 2, 6]_1_6']
upper  160.0
lower  80.0
['bpc_47_[1, 0, 2, 6]_1_6', 'bpc_47_[1, 0, 3, 2, 6]_1_6', 'bpc_47_[1, 0, 3, 4, 2, 6]_1_6']
upper  160.0
lower  80.0
['bpc_47_[1, 0, 2, 6]_1_6', 'bpc_47_[1, 0, 3, 2, 6]_1_6', 'bpc_47_[1, 0, 3, 4, 2, 6]_1_6', 'bpc_47_[1, 0, 4, 2, 6]_1_6']
upper  160.0
lower  80.0
['bpc_47_[1, 0, 2, 6]_1_6', 'bpc_47_[1, 0, 3, 2, 6]_1_6', 'bpc_47_[1, 0, 3, 4, 2, 6]_1_6', 'bpc_47_[1, 0, 4, 2, 6]_1_6', 'bpc_47_[1, 0, 4, 3, 2, 6]_1_6']
upper  160.0
lower  80.0
1.0
False
upper bound:160.0
lower bound:80.0
['bpc_186_[1, 0, 1]_1_1']
upper  160.0
lower  80.0
['bpc_186_[1, 0, 1]_1_1', 'bpc_186_[1, 0, 2, 1]_1_1']
upper  160.0
lower  80.0
['bpc_186_[1, 0, 1]_1_1', 'bpc_186_[1, 0, 2, 1]_1_1', 'bpc_186_[1, 0, 2, 3, 1]_1_1']
upper  160.0
lower  80.0
['bpc_186_[1, 0, 1]_1_1', 'bpc_186_[1, 0, 2, 1]_1_1', 'bpc_186_[1, 0, 2, 3, 1]_1_1', 'bpc_186_[1, 0, 2, 3, 4, 1]_1_1']
upper  160.0
lower  80.0
['bpc_186_[1, 0, 1]_1_1', 'bpc_186_[1, 0, 2, 1]_1_1', 'bpc_186_[1, 0, 2, 3, 1]_1_1', 'bpc_186_[1, 0, 2, 3, 4, 1]_1_1', 'bpc_186_[1, 0, 2, 4, 1]_1_1']
upper  160.0
lower  80.0
1.0
False
upper bound:160.0
lower bound:80.0
['bpc_161_[1, 0, 2, 5]_1_5']
upper  160.0
lower  80.0
['bpc_161_[1, 0, 2, 5]_1_5', 'bpc_161_[1, 0, 3, 2, 5]_1_5']
upper  160.0
lower  80.0
['bpc_161_[1, 0, 2, 5]_1_5', 'bpc_161_[1, 0, 3, 2, 5]_1_5', 'bpc_161_[1, 0, 3, 4, 2, 5]_1_5']
upper  160.0
lower  80.0
['bpc_161_[1, 0, 2, 5]_1_5', 'bpc_161_[1, 0, 3, 2, 5]_1_5', 'bpc_161_[1, 0, 3, 4, 2, 5]_1_5', 'bpc_161_[1, 0, 4, 2, 5]_1_5']
upper  160.0
lower  80.0
['bpc_161_[1, 0, 2, 5]_1_5', 'bpc_161_[1, 0, 3, 2, 5]_1_5', 'bpc_161_[1, 0, 3, 4, 2, 5]_1_5', 'bpc_161_[1, 0, 4, 2, 5]_1_5', 'bpc_161_[1, 0, 4, 3, 2, 5]_1_5']
upper  160.0
lower  80.0
1.0
False
upper bound:160.0
lower bound:80.0
['bpc_98_[1, 0, 1]_1_1']
upper  160.0
lower  80.0
['bpc_98_[1, 0, 1]_1_1', 'bpc_98_[1, 0, 2, 1]_1_1']
upper  160.0
lower  80.0
['bpc_98_[1, 0, 1]_1_1', 'bpc_98_[1, 0, 2, 1]_1_1', 'bpc_98_[1, 0, 2, 3, 1]_1_1']
upper  160.0
lower  80.0
['bpc_98_[1, 0, 1]_1_1', 'bpc_98_[1, 0, 2, 1]_1_1', 'bpc_98_[1, 0, 2, 3, 1]_1_1', 'bpc_98_[1, 0, 2, 3, 4, 1]_1_1']
upper  160.0
lower  80.0
['bpc_98_[1, 0, 1]_1_1', 'bpc_98_[1, 0, 2, 1]_1_1', 'bpc_98_[1, 0, 2, 3, 1]_1_1', 'bpc_98_[1, 0, 2, 3, 4, 1]_1_1', 'bpc_98_[1, 0, 2, 4, 1]_1_1']
upper  160.0
lower  80.0
1.0
False
upper bound:160.0
lower bound:80.0
['bpc_73_[1, 0, 2, 5]_1_5']
upper  160.0
lower  80.0
['bpc_73_[1, 0, 2, 5]_1_5', 'bpc_73_[1, 0, 3, 2, 5]_1_5']
upper  160.0
lower  80.0
['bpc_73_[1, 0, 2, 5]_1_5', 'bpc_73_[1, 0, 3, 2, 5]_1_5', 'bpc_73_[1, 0, 3, 4, 2, 5]_1_5']
upper  160.0
lower  80.0
['bpc_73_[1, 0, 2, 5]_1_5', 'bpc_73_[1, 0, 3, 2, 5]_1_5', 'bpc_73_[1, 0, 3, 4, 2, 5]_1_5', 'bpc_73_[1, 0, 4, 2, 5]_1_5']
upper  160.0
lower  80.0
['bpc_73_[1, 0, 2, 5]_1_5', 'bpc_73_[1, 0, 3, 2, 5]_1_5', 'bpc_73_[1, 0, 3, 4, 2, 5]_1_5', 'bpc_73_[1, 0, 4, 2, 5]_1_5', 'bpc_73_[1, 0, 4, 3, 2, 5]_1_5']
upper  160.0
lower  80.0
1.0
False
upper bound:160.0
lower bound:80.0
['bpc_14_[1, 0, 2, 3, 4, 9]_1_9']
upper  160.0
lower  80.0
['bpc_14_[1, 0, 2, 3, 4, 9]_1_9', 'bpc_14_[1, 0, 2, 4, 9]_1_9']
upper  160.0
lower  80.0
['bpc_14_[1, 0, 2, 3, 4, 9]_1_9', 'bpc_14_[1, 0, 2, 4, 9]_1_9', 'bpc_14_[1, 0, 3, 2, 4, 9]_1_9']
upper  160.0
lower  80.0
['bpc_14_[1, 0, 2, 3, 4, 9]_1_9', 'bpc_14_[1, 0, 2, 4, 9]_1_9', 'bpc_14_[1, 0, 3, 2, 4, 9]_1_9', 'bpc_14_[1, 0, 3, 4, 9]_1_9']
upper  160.0
lower  80.0
['bpc_14_[1, 0, 2, 3, 4, 9]_1_9', 'bpc_14_[1, 0, 2, 4, 9]_1_9', 'bpc_14_[1, 0, 3, 2, 4, 9]_1_9', 'bpc_14_[1, 0, 3, 4, 9]_1_9', 'bpc_14_[1, 0, 4, 9]_1_9']
upper  160.0
lower  80.0
1.0
False
upper bound:160.0
lower bound:80.0
['bpc_195_[1, 0, 2, 3, 8]_1_8']
upper  160.0
lower  80.0
['bpc_195_[1, 0, 2, 3, 8]_1_8', 'bpc_195_[1, 0, 2, 4, 3, 8]_1_8']
upper  160.0
lower  80.0
['bpc_195_[1, 0, 2, 3, 8]_1_8', 'bpc_195_[1, 0, 2, 4, 3, 8]_1_8', 'bpc_195_[1, 0, 3, 8]_1_8']
upper  160.0
lower  80.0
['bpc_195_[1, 0, 2, 3, 8]_1_8', 'bpc_195_[1, 0, 2, 4, 3, 8]_1_8', 'bpc_195_[1, 0, 3, 8]_1_8', 'bpc_195_[1, 0, 4, 2, 3, 8]_1_8']
upper  160.0
lower  80.0
['bpc_195_[1, 0, 2, 3, 8]_1_8', 'bpc_195_[1, 0, 2, 4, 3, 8]_1_8', 'bpc_195_[1, 0, 3, 8]_1_8', 'bpc_195_[1, 0, 4, 2, 3, 8]_1_8', 'bpc_195_[1, 0, 4, 3, 8]_1_8']
upper  160.0
lower  80.0
1.0
False
upper bound:160.0
lower bound:80.0
['bpc_31_[1, 0, 2, 3, 4, 10]_1_10']
upper  160.0
lower  80.0
['bpc_31_[1, 0, 2, 3, 4, 10]_1_10', 'bpc_31_[1, 0, 2, 4, 10]_1_10']
upper  160.0
lower  80.0
['bpc_31_[1, 0, 2, 3, 4, 10]_1_10', 'bpc_31_[1, 0, 2, 4, 10]_1_10', 'bpc_31_[1, 0, 3, 2, 4, 10]_1_10']
upper  160.0
lower  80.0
['bpc_31_[1, 0, 2, 3, 4, 10]_1_10', 'bpc_31_[1, 0, 2, 4, 10]_1_10', 'bpc_31_[1, 0, 3, 2, 4, 10]_1_10', 'bpc_31_[1, 0, 3, 4, 10]_1_10']
upper  160.0
lower  80.0
['bpc_31_[1, 0, 2, 3, 4, 10]_1_10', 'bpc_31_[1, 0, 2, 4, 10]_1_10', 'bpc_31_[1, 0, 3, 2, 4, 10]_1_10', 'bpc_31_[1, 0, 3, 4, 10]_1_10', 'bpc_31_[1, 0, 4, 10]_1_10']
upper  160.0
lower  80.0
1.0
False
upper bound:160.0
lower bound:80.0
['bpc_107_[1, 0, 2, 3, 8]_1_8']
upper  160.0
lower  80.0
['bpc_107_[1, 0, 2, 3, 8]_1_8', 'bpc_107_[1, 0, 2, 4, 3, 8]_1_8']
upper  160.0
lower  80.0
['bpc_107_[1, 0, 2, 3, 8]_1_8', 'bpc_107_[1, 0, 2, 4, 3, 8]_1_8', 'bpc_107_[1, 0, 3, 8]_1_8']
upper  160.0
lower  80.0
['bpc_107_[1, 0, 2, 3, 8]_1_8', 'bpc_107_[1, 0, 2, 4, 3, 8]_1_8', 'bpc_107_[1, 0, 3, 8]_1_8', 'bpc_107_[1, 0, 4, 2, 3, 8]_1_8']
upper  160.0
lower  80.0
['bpc_107_[1, 0, 2, 3, 8]_1_8', 'bpc_107_[1, 0, 2, 4, 3, 8]_1_8', 'bpc_107_[1, 0, 3, 8]_1_8', 'bpc_107_[1, 0, 4, 2, 3, 8]_1_8', 'bpc_107_[1, 0, 4, 3, 8]_1_8']
upper  160.0
lower  80.0
1.0
False
upper bound:160.0
lower bound:80.0
['bpc_6_[1, 0, 2]_1_2']
upper  160.0
lower  80.0
['bpc_6_[1, 0, 2]_1_2', 'bpc_6_[1, 0, 3, 2]_1_2']
upper  160.0
lower  80.0
['bpc_6_[1, 0, 2]_1_2', 'bpc_6_[1, 0, 3, 2]_1_2', 'bpc_6_[1, 0, 3, 4, 2]_1_2']
upper  160.0
lower  80.0
['bpc_6_[1, 0, 2]_1_2', 'bpc_6_[1, 0, 3, 2]_1_2', 'bpc_6_[1, 0, 3, 4, 2]_1_2', 'bpc_6_[1, 0, 4, 2]_1_2']
upper  160.0
lower  80.0
['bpc_6_[1, 0, 2]_1_2', 'bpc_6_[1, 0, 3, 2]_1_2', 'bpc_6_[1, 0, 3, 4, 2]_1_2', 'bpc_6_[1, 0, 4, 2]_1_2', 'bpc_6_[1, 0, 4, 3, 2]_1_2']
upper  160.0
lower  80.0
1.0
False
upper bound:160.0
lower bound:80.0
['bpc_212_[1, 0, 2, 3, 4, 9]_1_9']
upper  160.0
lower  80.0
['bpc_212_[1, 0, 2, 3, 4, 9]_1_9', 'bpc_212_[1, 0, 2, 4, 9]_1_9']
upper  160.0
lower  80.0
['bpc_212_[1, 0, 2, 3, 4, 9]_1_9', 'bpc_212_[1, 0, 2, 4, 9]_1_9', 'bpc_212_[1, 0, 3, 2, 4, 9]_1_9']
upper  160.0
lower  80.0
['bpc_212_[1, 0, 2, 3, 4, 9]_1_9', 'bpc_212_[1, 0, 2, 4, 9]_1_9', 'bpc_212_[1, 0, 3, 2, 4, 9]_1_9', 'bpc_212_[1, 0, 3, 4, 9]_1_9']
upper  160.0
lower  80.0
['bpc_212_[1, 0, 2, 3, 4, 9]_1_9', 'bpc_212_[1, 0, 2, 4, 9]_1_9', 'bpc_212_[1, 0, 3, 2, 4, 9]_1_9', 'bpc_212_[1, 0, 3, 4, 9]_1_9', 'bpc_212_[1, 0, 4, 9]_1_9']
upper  160.0
lower  80.0
(7, 3)
(1, 3)
(3, 0)
(2, 1)
(6, 2)
(9, 4)
(3, 7)
(2, 5)
(0, 3)
(4, 0)
(1, 2)
(4, 9)
(0, 4)
(4, 1)
(4, 10)
(3, 2)
(2, 6)
(10, 4)
(1, 4)
(2, 3)
(4, 2)
(1, 0)
(0, 1)
(8, 3)
(5, 2)
(3, 1)
(2, 4)
(3, 8)
(2, 0)
(4, 3)
(3, 4)
(0, 2)
Parallel mode: deterministic, using up to 4 threads for concurrent optimization.
Tried aggregator 1 time.
LP Presolve eliminated 5045 rows and 575 columns.
Reduced LP has 705 rows, 525 columns, and 100024 nonzeros.
Presolve time = 0.03 sec. (55.53 ticks)
Initializing dual steep norms . . .

Iteration log . . .
Iteration:     1   Dual infeasibility =            39.999960
Iteration:    62   Dual infeasibility =            39.999960
Perturbation started.
Iteration:   102   Dual infeasibility =            39.999977
Iteration:   115   Dual objective     =         22466.623444
Iteration:   242   Dual objective     =         22466.553109
Removing perturbation.
Reinitializing dual norms . . .

Dual simplex solved model.

('Solution status = ', 1)
('Obj ', 19433.333333333336)
throughput:19433.3333333
4 round
1.0
False
upper bound:320.0
lower bound:160.0
['bpc_32_[1, 0, 1]_1_1']
upper  320.0
lower  160.0
['bpc_32_[1, 0, 1]_1_1', 'bpc_32_[1, 0, 2, 1]_1_1']
upper  320.0
lower  160.0
['bpc_32_[1, 0, 1]_1_1', 'bpc_32_[1, 0, 2, 1]_1_1', 'bpc_32_[1, 0, 2, 3, 1]_1_1']
upper  320.0
lower  160.0
['bpc_32_[1, 0, 1]_1_1', 'bpc_32_[1, 0, 2, 1]_1_1', 'bpc_32_[1, 0, 2, 3, 1]_1_1', 'bpc_32_[1, 0, 2, 3, 4, 1]_1_1']
upper  320.0
lower  160.0
['bpc_32_[1, 0, 1]_1_1', 'bpc_32_[1, 0, 2, 1]_1_1', 'bpc_32_[1, 0, 2, 3, 1]_1_1', 'bpc_32_[1, 0, 2, 3, 4, 1]_1_1', 'bpc_32_[1, 0, 2, 4, 1]_1_1']
upper  320.0
lower  160.0
1.0
False
upper bound:320.0
lower bound:160.0
['bpc_124_[1, 0, 2, 3, 4, 9]_1_9']
upper  320.0
lower  160.0
['bpc_124_[1, 0, 2, 3, 4, 9]_1_9', 'bpc_124_[1, 0, 2, 4, 9]_1_9']
upper  320.0
lower  160.0
['bpc_124_[1, 0, 2, 3, 4, 9]_1_9', 'bpc_124_[1, 0, 2, 4, 9]_1_9', 'bpc_124_[1, 0, 3, 2, 4, 9]_1_9']
upper  320.0
lower  160.0
['bpc_124_[1, 0, 2, 3, 4, 9]_1_9', 'bpc_124_[1, 0, 2, 4, 9]_1_9', 'bpc_124_[1, 0, 3, 2, 4, 9]_1_9', 'bpc_124_[1, 0, 3, 4, 9]_1_9']
upper  320.0
lower  160.0
['bpc_124_[1, 0, 2, 3, 4, 9]_1_9', 'bpc_124_[1, 0, 2, 4, 9]_1_9', 'bpc_124_[1, 0, 3, 2, 4, 9]_1_9', 'bpc_124_[1, 0, 3, 4, 9]_1_9', 'bpc_124_[1, 0, 4, 9]_1_9']
upper  320.0
lower  160.0
1.0
False
upper bound:320.0
lower bound:160.0
['bpc_23_[1, 0, 2, 3]_1_3']
upper  320.0
lower  160.0
['bpc_23_[1, 0, 2, 3]_1_3', 'bpc_23_[1, 0, 2, 4, 3]_1_3']
upper  320.0
lower  160.0
['bpc_23_[1, 0, 2, 3]_1_3', 'bpc_23_[1, 0, 2, 4, 3]_1_3', 'bpc_23_[1, 0, 3]_1_3']
upper  320.0
lower  160.0
['bpc_23_[1, 0, 2, 3]_1_3', 'bpc_23_[1, 0, 2, 4, 3]_1_3', 'bpc_23_[1, 0, 3]_1_3', 'bpc_23_[1, 0, 4, 2, 3]_1_3']
upper  320.0
lower  160.0
['bpc_23_[1, 0, 2, 3]_1_3', 'bpc_23_[1, 0, 2, 4, 3]_1_3', 'bpc_23_[1, 0, 3]_1_3', 'bpc_23_[1, 0, 4, 2, 3]_1_3', 'bpc_23_[1, 0, 4, 3]_1_3']
upper  320.0
lower  160.0
1.0
False
upper bound:320.0
lower bound:160.0
['bpc_204_[1, 0, 2]_1_2']
upper  320.0
lower  160.0
['bpc_204_[1, 0, 2]_1_2', 'bpc_204_[1, 0, 3, 2]_1_2']
upper  320.0
lower  160.0
['bpc_204_[1, 0, 2]_1_2', 'bpc_204_[1, 0, 3, 2]_1_2', 'bpc_204_[1, 0, 3, 4, 2]_1_2']
upper  320.0
lower  160.0
['bpc_204_[1, 0, 2]_1_2', 'bpc_204_[1, 0, 3, 2]_1_2', 'bpc_204_[1, 0, 3, 4, 2]_1_2', 'bpc_204_[1, 0, 4, 2]_1_2']
upper  320.0
lower  160.0
['bpc_204_[1, 0, 2]_1_2', 'bpc_204_[1, 0, 3, 2]_1_2', 'bpc_204_[1, 0, 3, 4, 2]_1_2', 'bpc_204_[1, 0, 4, 2]_1_2', 'bpc_204_[1, 0, 4, 3, 2]_1_2']
upper  320.0
lower  160.0
1.0
False
upper bound:320.0
lower bound:160.0
['bpc_179_[1, 0, 2, 6]_1_6']
upper  320.0
lower  160.0
['bpc_179_[1, 0, 2, 6]_1_6', 'bpc_179_[1, 0, 3, 2, 6]_1_6']
upper  320.0
lower  160.0
['bpc_179_[1, 0, 2, 6]_1_6', 'bpc_179_[1, 0, 3, 2, 6]_1_6', 'bpc_179_[1, 0, 3, 4, 2, 6]_1_6']
upper  320.0
lower  160.0
['bpc_179_[1, 0, 2, 6]_1_6', 'bpc_179_[1, 0, 3, 2, 6]_1_6', 'bpc_179_[1, 0, 3, 4, 2, 6]_1_6', 'bpc_179_[1, 0, 4, 2, 6]_1_6']
upper  320.0
lower  160.0
['bpc_179_[1, 0, 2, 6]_1_6', 'bpc_179_[1, 0, 3, 2, 6]_1_6', 'bpc_179_[1, 0, 3, 4, 2, 6]_1_6', 'bpc_179_[1, 0, 4, 2, 6]_1_6', 'bpc_179_[1, 0, 4, 3, 2, 6]_1_6']
upper  320.0
lower  160.0
1.0
False
upper bound:320.0
lower bound:160.0
['bpc_116_[1, 0, 2]_1_2']
upper  320.0
lower  160.0
['bpc_116_[1, 0, 2]_1_2', 'bpc_116_[1, 0, 3, 2]_1_2']
upper  320.0
lower  160.0
['bpc_116_[1, 0, 2]_1_2', 'bpc_116_[1, 0, 3, 2]_1_2', 'bpc_116_[1, 0, 3, 4, 2]_1_2']
upper  320.0
lower  160.0
['bpc_116_[1, 0, 2]_1_2', 'bpc_116_[1, 0, 3, 2]_1_2', 'bpc_116_[1, 0, 3, 4, 2]_1_2', 'bpc_116_[1, 0, 4, 2]_1_2']
upper  320.0
lower  160.0
['bpc_116_[1, 0, 2]_1_2', 'bpc_116_[1, 0, 3, 2]_1_2', 'bpc_116_[1, 0, 3, 4, 2]_1_2', 'bpc_116_[1, 0, 4, 2]_1_2', 'bpc_116_[1, 0, 4, 3, 2]_1_2']
upper  320.0
lower  160.0
1.0
False
upper bound:320.0
lower bound:160.0
['bpc_15_[1, 0]_1_0']
upper  320.0
lower  160.0
['bpc_15_[1, 0]_1_0', 'bpc_15_[1, 2, 0]_1_0']
upper  320.0
lower  160.0
['bpc_15_[1, 0]_1_0', 'bpc_15_[1, 2, 0]_1_0', 'bpc_15_[1, 2, 3, 0]_1_0']
upper  320.0
lower  160.0
['bpc_15_[1, 0]_1_0', 'bpc_15_[1, 2, 0]_1_0', 'bpc_15_[1, 2, 3, 0]_1_0', 'bpc_15_[1, 2, 3, 4, 0]_1_0']
upper  320.0
lower  160.0
['bpc_15_[1, 0]_1_0', 'bpc_15_[1, 2, 0]_1_0', 'bpc_15_[1, 2, 3, 0]_1_0', 'bpc_15_[1, 2, 3, 4, 0]_1_0', 'bpc_15_[1, 2, 4, 0]_1_0']
upper  320.0
lower  160.0
1.0
False
upper bound:320.0
lower bound:160.0
['bpc_91_[1, 0, 2, 6]_1_6']
upper  320.0
lower  160.0
['bpc_91_[1, 0, 2, 6]_1_6', 'bpc_91_[1, 0, 3, 2, 6]_1_6']
upper  320.0
lower  160.0
['bpc_91_[1, 0, 2, 6]_1_6', 'bpc_91_[1, 0, 3, 2, 6]_1_6', 'bpc_91_[1, 0, 3, 4, 2, 6]_1_6']
upper  320.0
lower  160.0
['bpc_91_[1, 0, 2, 6]_1_6', 'bpc_91_[1, 0, 3, 2, 6]_1_6', 'bpc_91_[1, 0, 3, 4, 2, 6]_1_6', 'bpc_91_[1, 0, 4, 2, 6]_1_6']
upper  320.0
lower  160.0
['bpc_91_[1, 0, 2, 6]_1_6', 'bpc_91_[1, 0, 3, 2, 6]_1_6', 'bpc_91_[1, 0, 3, 4, 2, 6]_1_6', 'bpc_91_[1, 0, 4, 2, 6]_1_6', 'bpc_91_[1, 0, 4, 3, 2, 6]_1_6']
upper  320.0
lower  160.0
1.0
False
upper bound:320.0
lower bound:160.0
['bpc_129_[1, 0, 2, 3, 8]_1_8']
upper  320.0
lower  160.0
['bpc_129_[1, 0, 2, 3, 8]_1_8', 'bpc_129_[1, 0, 2, 4, 3, 8]_1_8']
upper  320.0
lower  160.0
['bpc_129_[1, 0, 2, 3, 8]_1_8', 'bpc_129_[1, 0, 2, 4, 3, 8]_1_8', 'bpc_129_[1, 0, 3, 8]_1_8']
upper  320.0
lower  160.0
['bpc_129_[1, 0, 2, 3, 8]_1_8', 'bpc_129_[1, 0, 2, 4, 3, 8]_1_8', 'bpc_129_[1, 0, 3, 8]_1_8', 'bpc_129_[1, 0, 4, 2, 3, 8]_1_8']
upper  320.0
lower  160.0
['bpc_129_[1, 0, 2, 3, 8]_1_8', 'bpc_129_[1, 0, 2, 4, 3, 8]_1_8', 'bpc_129_[1, 0, 3, 8]_1_8', 'bpc_129_[1, 0, 4, 2, 3, 8]_1_8', 'bpc_129_[1, 0, 4, 3, 8]_1_8']
upper  320.0
lower  160.0
1.0
False
upper bound:320.0
lower bound:160.0
['bpc_41_[1, 0, 2, 3, 8]_1_8']
upper  320.0
lower  160.0
['bpc_41_[1, 0, 2, 3, 8]_1_8', 'bpc_41_[1, 0, 2, 4, 3, 8]_1_8']
upper  320.0
lower  160.0
['bpc_41_[1, 0, 2, 3, 8]_1_8', 'bpc_41_[1, 0, 2, 4, 3, 8]_1_8', 'bpc_41_[1, 0, 3, 8]_1_8']
upper  320.0
lower  160.0
['bpc_41_[1, 0, 2, 3, 8]_1_8', 'bpc_41_[1, 0, 2, 4, 3, 8]_1_8', 'bpc_41_[1, 0, 3, 8]_1_8', 'bpc_41_[1, 0, 4, 2, 3, 8]_1_8']
upper  320.0
lower  160.0
['bpc_41_[1, 0, 2, 3, 8]_1_8', 'bpc_41_[1, 0, 2, 4, 3, 8]_1_8', 'bpc_41_[1, 0, 3, 8]_1_8', 'bpc_41_[1, 0, 4, 2, 3, 8]_1_8', 'bpc_41_[1, 0, 4, 3, 8]_1_8']
upper  320.0
lower  160.0
1.0
False
upper bound:320.0
lower bound:160.0
['bpc_196_[1, 0, 2, 3, 7]_1_7']
upper  320.0
lower  160.0
['bpc_196_[1, 0, 2, 3, 7]_1_7', 'bpc_196_[1, 0, 2, 4, 3, 7]_1_7']
upper  320.0
lower  160.0
['bpc_196_[1, 0, 2, 3, 7]_1_7', 'bpc_196_[1, 0, 2, 4, 3, 7]_1_7', 'bpc_196_[1, 0, 3, 7]_1_7']
upper  320.0
lower  160.0
['bpc_196_[1, 0, 2, 3, 7]_1_7', 'bpc_196_[1, 0, 2, 4, 3, 7]_1_7', 'bpc_196_[1, 0, 3, 7]_1_7', 'bpc_196_[1, 0, 4, 2, 3, 7]_1_7']
upper  320.0
lower  160.0
['bpc_196_[1, 0, 2, 3, 7]_1_7', 'bpc_196_[1, 0, 2, 4, 3, 7]_1_7', 'bpc_196_[1, 0, 3, 7]_1_7', 'bpc_196_[1, 0, 4, 2, 3, 7]_1_7', 'bpc_196_[1, 0, 4, 3, 7]_1_7']
upper  320.0
lower  160.0
1.0
False
upper bound:320.0
lower bound:160.0
['bpc_108_[1, 0, 2, 3, 7]_1_7']
upper  320.0
lower  160.0
['bpc_108_[1, 0, 2, 3, 7]_1_7', 'bpc_108_[1, 0, 2, 4, 3, 7]_1_7']
upper  320.0
lower  160.0
['bpc_108_[1, 0, 2, 3, 7]_1_7', 'bpc_108_[1, 0, 2, 4, 3, 7]_1_7', 'bpc_108_[1, 0, 3, 7]_1_7']
upper  320.0
lower  160.0
['bpc_108_[1, 0, 2, 3, 7]_1_7', 'bpc_108_[1, 0, 2, 4, 3, 7]_1_7', 'bpc_108_[1, 0, 3, 7]_1_7', 'bpc_108_[1, 0, 4, 2, 3, 7]_1_7']
upper  320.0
lower  160.0
['bpc_108_[1, 0, 2, 3, 7]_1_7', 'bpc_108_[1, 0, 2, 4, 3, 7]_1_7', 'bpc_108_[1, 0, 3, 7]_1_7', 'bpc_108_[1, 0, 4, 2, 3, 7]_1_7', 'bpc_108_[1, 0, 4, 3, 7]_1_7']
upper  320.0
lower  160.0
1.0
False
upper bound:320.0
lower bound:160.0
['bpc_7_[1, 0, 2, 5]_1_5']
upper  320.0
lower  160.0
['bpc_7_[1, 0, 2, 5]_1_5', 'bpc_7_[1, 0, 3, 2, 5]_1_5']
upper  320.0
lower  160.0
['bpc_7_[1, 0, 2, 5]_1_5', 'bpc_7_[1, 0, 3, 2, 5]_1_5', 'bpc_7_[1, 0, 3, 4, 2, 5]_1_5']
upper  320.0
lower  160.0
['bpc_7_[1, 0, 2, 5]_1_5', 'bpc_7_[1, 0, 3, 2, 5]_1_5', 'bpc_7_[1, 0, 3, 4, 2, 5]_1_5', 'bpc_7_[1, 0, 4, 2, 5]_1_5']
upper  320.0
lower  160.0
['bpc_7_[1, 0, 2, 5]_1_5', 'bpc_7_[1, 0, 3, 2, 5]_1_5', 'bpc_7_[1, 0, 3, 4, 2, 5]_1_5', 'bpc_7_[1, 0, 4, 2, 5]_1_5', 'bpc_7_[1, 0, 4, 3, 2, 5]_1_5']
upper  320.0
lower  160.0
1.0
False
upper bound:320.0
lower bound:160.0
['bpc_146_[1, 0, 2, 3, 4, 9]_1_9']
upper  320.0
lower  160.0
['bpc_146_[1, 0, 2, 3, 4, 9]_1_9', 'bpc_146_[1, 0, 2, 4, 9]_1_9']
upper  320.0
lower  160.0
['bpc_146_[1, 0, 2, 3, 4, 9]_1_9', 'bpc_146_[1, 0, 2, 4, 9]_1_9', 'bpc_146_[1, 0, 3, 2, 4, 9]_1_9']
upper  320.0
lower  160.0
['bpc_146_[1, 0, 2, 3, 4, 9]_1_9', 'bpc_146_[1, 0, 2, 4, 9]_1_9', 'bpc_146_[1, 0, 3, 2, 4, 9]_1_9', 'bpc_146_[1, 0, 3, 4, 9]_1_9']
upper  320.0
lower  160.0
['bpc_146_[1, 0, 2, 3, 4, 9]_1_9', 'bpc_146_[1, 0, 2, 4, 9]_1_9', 'bpc_146_[1, 0, 3, 2, 4, 9]_1_9', 'bpc_146_[1, 0, 3, 4, 9]_1_9', 'bpc_146_[1, 0, 4, 9]_1_9']
upper  320.0
lower  160.0
1.0
False
upper bound:320.0
lower bound:160.0
['bpc_58_[1, 0, 2, 3, 4, 9]_1_9']
upper  320.0
lower  160.0
['bpc_58_[1, 0, 2, 3, 4, 9]_1_9', 'bpc_58_[1, 0, 2, 4, 9]_1_9']
upper  320.0
lower  160.0
['bpc_58_[1, 0, 2, 3, 4, 9]_1_9', 'bpc_58_[1, 0, 2, 4, 9]_1_9', 'bpc_58_[1, 0, 3, 2, 4, 9]_1_9']
upper  320.0
lower  160.0
['bpc_58_[1, 0, 2, 3, 4, 9]_1_9', 'bpc_58_[1, 0, 2, 4, 9]_1_9', 'bpc_58_[1, 0, 3, 2, 4, 9]_1_9', 'bpc_58_[1, 0, 3, 4, 9]_1_9']
upper  320.0
lower  160.0
['bpc_58_[1, 0, 2, 3, 4, 9]_1_9', 'bpc_58_[1, 0, 2, 4, 9]_1_9', 'bpc_58_[1, 0, 3, 2, 4, 9]_1_9', 'bpc_58_[1, 0, 3, 4, 9]_1_9', 'bpc_58_[1, 0, 4, 9]_1_9']
upper  320.0
lower  160.0
1.0
False
upper bound:320.0
lower bound:160.0
['bpc_213_[1, 0]_1_0']
upper  320.0
lower  160.0
['bpc_213_[1, 0]_1_0', 'bpc_213_[1, 2, 0]_1_0']
upper  320.0
lower  160.0
['bpc_213_[1, 0]_1_0', 'bpc_213_[1, 2, 0]_1_0', 'bpc_213_[1, 2, 3, 0]_1_0']
upper  320.0
lower  160.0
['bpc_213_[1, 0]_1_0', 'bpc_213_[1, 2, 0]_1_0', 'bpc_213_[1, 2, 3, 0]_1_0', 'bpc_213_[1, 2, 3, 4, 0]_1_0']
upper  320.0
lower  160.0
['bpc_213_[1, 0]_1_0', 'bpc_213_[1, 2, 0]_1_0', 'bpc_213_[1, 2, 3, 0]_1_0', 'bpc_213_[1, 2, 3, 4, 0]_1_0', 'bpc_213_[1, 2, 4, 0]_1_0']
upper  320.0
lower  160.0
1.0
False
upper bound:320.0
lower bound:160.0
['bpc_188_[1, 0, 2, 3, 4]_1_4']
upper  320.0
lower  160.0
['bpc_188_[1, 0, 2, 3, 4]_1_4', 'bpc_188_[1, 0, 2, 4]_1_4']
upper  320.0
lower  160.0
['bpc_188_[1, 0, 2, 3, 4]_1_4', 'bpc_188_[1, 0, 2, 4]_1_4', 'bpc_188_[1, 0, 3, 2, 4]_1_4']
upper  320.0
lower  160.0
['bpc_188_[1, 0, 2, 3, 4]_1_4', 'bpc_188_[1, 0, 2, 4]_1_4', 'bpc_188_[1, 0, 3, 2, 4]_1_4', 'bpc_188_[1, 0, 3, 4]_1_4']
upper  320.0
lower  160.0
['bpc_188_[1, 0, 2, 3, 4]_1_4', 'bpc_188_[1, 0, 2, 4]_1_4', 'bpc_188_[1, 0, 3, 2, 4]_1_4', 'bpc_188_[1, 0, 3, 4]_1_4', 'bpc_188_[1, 0, 4]_1_4']
upper  320.0
lower  160.0
1.0
False
upper bound:320.0
lower bound:160.0
['bpc_125_[1, 0]_1_0']
upper  320.0
lower  160.0
['bpc_125_[1, 0]_1_0', 'bpc_125_[1, 2, 0]_1_0']
upper  320.0
lower  160.0
['bpc_125_[1, 0]_1_0', 'bpc_125_[1, 2, 0]_1_0', 'bpc_125_[1, 2, 3, 0]_1_0']
upper  320.0
lower  160.0
['bpc_125_[1, 0]_1_0', 'bpc_125_[1, 2, 0]_1_0', 'bpc_125_[1, 2, 3, 0]_1_0', 'bpc_125_[1, 2, 3, 4, 0]_1_0']
upper  320.0
lower  160.0
['bpc_125_[1, 0]_1_0', 'bpc_125_[1, 2, 0]_1_0', 'bpc_125_[1, 2, 3, 0]_1_0', 'bpc_125_[1, 2, 3, 4, 0]_1_0', 'bpc_125_[1, 2, 4, 0]_1_0']
upper  320.0
lower  160.0
1.0
False
upper bound:320.0
lower bound:160.0
['bpc_163_[1, 0, 2, 3, 4, 10]_1_10']
upper  320.0
lower  160.0
['bpc_163_[1, 0, 2, 3, 4, 10]_1_10', 'bpc_163_[1, 0, 2, 4, 10]_1_10']
upper  320.0
lower  160.0
['bpc_163_[1, 0, 2, 3, 4, 10]_1_10', 'bpc_163_[1, 0, 2, 4, 10]_1_10', 'bpc_163_[1, 0, 3, 2, 4, 10]_1_10']
upper  320.0
lower  160.0
['bpc_163_[1, 0, 2, 3, 4, 10]_1_10', 'bpc_163_[1, 0, 2, 4, 10]_1_10', 'bpc_163_[1, 0, 3, 2, 4, 10]_1_10', 'bpc_163_[1, 0, 3, 4, 10]_1_10']
upper  320.0
lower  160.0
['bpc_163_[1, 0, 2, 3, 4, 10]_1_10', 'bpc_163_[1, 0, 2, 4, 10]_1_10', 'bpc_163_[1, 0, 3, 2, 4, 10]_1_10', 'bpc_163_[1, 0, 3, 4, 10]_1_10', 'bpc_163_[1, 0, 4, 10]_1_10']
upper  320.0
lower  160.0
1.0
False
upper bound:320.0
lower bound:160.0
['bpc_100_[1, 0, 2, 3, 4]_1_4']
upper  320.0
lower  160.0
['bpc_100_[1, 0, 2, 3, 4]_1_4', 'bpc_100_[1, 0, 2, 4]_1_4']
upper  320.0
lower  160.0
['bpc_100_[1, 0, 2, 3, 4]_1_4', 'bpc_100_[1, 0, 2, 4]_1_4', 'bpc_100_[1, 0, 3, 2, 4]_1_4']
upper  320.0
lower  160.0
['bpc_100_[1, 0, 2, 3, 4]_1_4', 'bpc_100_[1, 0, 2, 4]_1_4', 'bpc_100_[1, 0, 3, 2, 4]_1_4', 'bpc_100_[1, 0, 3, 4]_1_4']
upper  320.0
lower  160.0
['bpc_100_[1, 0, 2, 3, 4]_1_4', 'bpc_100_[1, 0, 2, 4]_1_4', 'bpc_100_[1, 0, 3, 2, 4]_1_4', 'bpc_100_[1, 0, 3, 4]_1_4', 'bpc_100_[1, 0, 4]_1_4']
upper  320.0
lower  160.0
1.0
False
upper bound:320.0
lower bound:160.0
['bpc_138_[1, 0, 2]_1_2']
upper  320.0
lower  160.0
['bpc_138_[1, 0, 2]_1_2', 'bpc_138_[1, 0, 3, 2]_1_2']
upper  320.0
lower  160.0
['bpc_138_[1, 0, 2]_1_2', 'bpc_138_[1, 0, 3, 2]_1_2', 'bpc_138_[1, 0, 3, 4, 2]_1_2']
upper  320.0
lower  160.0
['bpc_138_[1, 0, 2]_1_2', 'bpc_138_[1, 0, 3, 2]_1_2', 'bpc_138_[1, 0, 3, 4, 2]_1_2', 'bpc_138_[1, 0, 4, 2]_1_2']
upper  320.0
lower  160.0
['bpc_138_[1, 0, 2]_1_2', 'bpc_138_[1, 0, 3, 2]_1_2', 'bpc_138_[1, 0, 3, 4, 2]_1_2', 'bpc_138_[1, 0, 4, 2]_1_2', 'bpc_138_[1, 0, 4, 3, 2]_1_2']
upper  320.0
lower  160.0
1.0
False
upper bound:320.0
lower bound:160.0
['bpc_75_[1, 0, 2, 3, 4, 10]_1_10']
upper  320.0
lower  160.0
['bpc_75_[1, 0, 2, 3, 4, 10]_1_10', 'bpc_75_[1, 0, 2, 4, 10]_1_10']
upper  320.0
lower  160.0
['bpc_75_[1, 0, 2, 3, 4, 10]_1_10', 'bpc_75_[1, 0, 2, 4, 10]_1_10', 'bpc_75_[1, 0, 3, 2, 4, 10]_1_10']
upper  320.0
lower  160.0
['bpc_75_[1, 0, 2, 3, 4, 10]_1_10', 'bpc_75_[1, 0, 2, 4, 10]_1_10', 'bpc_75_[1, 0, 3, 2, 4, 10]_1_10', 'bpc_75_[1, 0, 3, 4, 10]_1_10']
upper  320.0
lower  160.0
['bpc_75_[1, 0, 2, 3, 4, 10]_1_10', 'bpc_75_[1, 0, 2, 4, 10]_1_10', 'bpc_75_[1, 0, 3, 2, 4, 10]_1_10', 'bpc_75_[1, 0, 3, 4, 10]_1_10', 'bpc_75_[1, 0, 4, 10]_1_10']
upper  320.0
lower  160.0
1.0
False
upper bound:320.0
lower bound:160.0
['bpc_50_[1, 0, 2]_1_2']
upper  320.0
lower  160.0
['bpc_50_[1, 0, 2]_1_2', 'bpc_50_[1, 0, 3, 2]_1_2']
upper  320.0
lower  160.0
['bpc_50_[1, 0, 2]_1_2', 'bpc_50_[1, 0, 3, 2]_1_2', 'bpc_50_[1, 0, 3, 4, 2]_1_2']
upper  320.0
lower  160.0
['bpc_50_[1, 0, 2]_1_2', 'bpc_50_[1, 0, 3, 2]_1_2', 'bpc_50_[1, 0, 3, 4, 2]_1_2', 'bpc_50_[1, 0, 4, 2]_1_2']
upper  320.0
lower  160.0
['bpc_50_[1, 0, 2]_1_2', 'bpc_50_[1, 0, 3, 2]_1_2', 'bpc_50_[1, 0, 3, 4, 2]_1_2', 'bpc_50_[1, 0, 4, 2]_1_2', 'bpc_50_[1, 0, 4, 3, 2]_1_2']
upper  320.0
lower  160.0
1.0
False
upper bound:320.0
lower bound:160.0
['bpc_205_[1, 0, 2, 5]_1_5']
upper  320.0
lower  160.0
['bpc_205_[1, 0, 2, 5]_1_5', 'bpc_205_[1, 0, 3, 2, 5]_1_5']
upper  320.0
lower  160.0
['bpc_205_[1, 0, 2, 5]_1_5', 'bpc_205_[1, 0, 3, 2, 5]_1_5', 'bpc_205_[1, 0, 3, 4, 2, 5]_1_5']
upper  320.0
lower  160.0
['bpc_205_[1, 0, 2, 5]_1_5', 'bpc_205_[1, 0, 3, 2, 5]_1_5', 'bpc_205_[1, 0, 3, 4, 2, 5]_1_5', 'bpc_205_[1, 0, 4, 2, 5]_1_5']
upper  320.0
lower  160.0
['bpc_205_[1, 0, 2, 5]_1_5', 'bpc_205_[1, 0, 3, 2, 5]_1_5', 'bpc_205_[1, 0, 3, 4, 2, 5]_1_5', 'bpc_205_[1, 0, 4, 2, 5]_1_5', 'bpc_205_[1, 0, 4, 3, 2, 5]_1_5']
upper  320.0
lower  160.0
1.0
False
upper bound:320.0
lower bound:160.0
['bpc_25_[1, 0, 2, 6]_1_6']
upper  320.0
lower  160.0
['bpc_25_[1, 0, 2, 6]_1_6', 'bpc_25_[1, 0, 3, 2, 6]_1_6']
upper  320.0
lower  160.0
['bpc_25_[1, 0, 2, 6]_1_6', 'bpc_25_[1, 0, 3, 2, 6]_1_6', 'bpc_25_[1, 0, 3, 4, 2, 6]_1_6']
upper  320.0
lower  160.0
['bpc_25_[1, 0, 2, 6]_1_6', 'bpc_25_[1, 0, 3, 2, 6]_1_6', 'bpc_25_[1, 0, 3, 4, 2, 6]_1_6', 'bpc_25_[1, 0, 4, 2, 6]_1_6']
upper  320.0
lower  160.0
['bpc_25_[1, 0, 2, 6]_1_6', 'bpc_25_[1, 0, 3, 2, 6]_1_6', 'bpc_25_[1, 0, 3, 4, 2, 6]_1_6', 'bpc_25_[1, 0, 4, 2, 6]_1_6', 'bpc_25_[1, 0, 4, 3, 2, 6]_1_6']
upper  320.0
lower  160.0
1.0
False
upper bound:320.0
lower bound:160.0
['bpc_117_[1, 0, 2, 5]_1_5']
upper  320.0
lower  160.0
['bpc_117_[1, 0, 2, 5]_1_5', 'bpc_117_[1, 0, 3, 2, 5]_1_5']
upper  320.0
lower  160.0
['bpc_117_[1, 0, 2, 5]_1_5', 'bpc_117_[1, 0, 3, 2, 5]_1_5', 'bpc_117_[1, 0, 3, 4, 2, 5]_1_5']
upper  320.0
lower  160.0
['bpc_117_[1, 0, 2, 5]_1_5', 'bpc_117_[1, 0, 3, 2, 5]_1_5', 'bpc_117_[1, 0, 3, 4, 2, 5]_1_5', 'bpc_117_[1, 0, 4, 2, 5]_1_5']
upper  320.0
lower  160.0
['bpc_117_[1, 0, 2, 5]_1_5', 'bpc_117_[1, 0, 3, 2, 5]_1_5', 'bpc_117_[1, 0, 3, 4, 2, 5]_1_5', 'bpc_117_[1, 0, 4, 2, 5]_1_5', 'bpc_117_[1, 0, 4, 3, 2, 5]_1_5']
upper  320.0
lower  160.0
1.0
False
upper bound:320.0
lower bound:160.0
['bpc_155_[1, 0, 2, 3]_1_3']
upper  320.0
lower  160.0
['bpc_155_[1, 0, 2, 3]_1_3', 'bpc_155_[1, 0, 2, 4, 3]_1_3']
upper  320.0
lower  160.0
['bpc_155_[1, 0, 2, 3]_1_3', 'bpc_155_[1, 0, 2, 4, 3]_1_3', 'bpc_155_[1, 0, 3]_1_3']
upper  320.0
lower  160.0
['bpc_155_[1, 0, 2, 3]_1_3', 'bpc_155_[1, 0, 2, 4, 3]_1_3', 'bpc_155_[1, 0, 3]_1_3', 'bpc_155_[1, 0, 4, 2, 3]_1_3']
upper  320.0
lower  160.0
['bpc_155_[1, 0, 2, 3]_1_3', 'bpc_155_[1, 0, 2, 4, 3]_1_3', 'bpc_155_[1, 0, 3]_1_3', 'bpc_155_[1, 0, 4, 2, 3]_1_3', 'bpc_155_[1, 0, 4, 3]_1_3']
upper  320.0
lower  160.0
1.0
False
upper bound:320.0
lower bound:160.0
['bpc_130_[1, 0, 2, 3, 7]_1_7']
upper  320.0
lower  160.0
['bpc_130_[1, 0, 2, 3, 7]_1_7', 'bpc_130_[1, 0, 2, 4, 3, 7]_1_7']
upper  320.0
lower  160.0
['bpc_130_[1, 0, 2, 3, 7]_1_7', 'bpc_130_[1, 0, 2, 4, 3, 7]_1_7', 'bpc_130_[1, 0, 3, 7]_1_7']
upper  320.0
lower  160.0
['bpc_130_[1, 0, 2, 3, 7]_1_7', 'bpc_130_[1, 0, 2, 4, 3, 7]_1_7', 'bpc_130_[1, 0, 3, 7]_1_7', 'bpc_130_[1, 0, 4, 2, 3, 7]_1_7']
upper  320.0
lower  160.0
['bpc_130_[1, 0, 2, 3, 7]_1_7', 'bpc_130_[1, 0, 2, 4, 3, 7]_1_7', 'bpc_130_[1, 0, 3, 7]_1_7', 'bpc_130_[1, 0, 4, 2, 3, 7]_1_7', 'bpc_130_[1, 0, 4, 3, 7]_1_7']
upper  320.0
lower  160.0
1.0
False
upper bound:320.0
lower bound:160.0
['bpc_67_[1, 0, 2, 3]_1_3']
upper  320.0
lower  160.0
['bpc_67_[1, 0, 2, 3]_1_3', 'bpc_67_[1, 0, 2, 4, 3]_1_3']
upper  320.0
lower  160.0
['bpc_67_[1, 0, 2, 3]_1_3', 'bpc_67_[1, 0, 2, 4, 3]_1_3', 'bpc_67_[1, 0, 3]_1_3']
upper  320.0
lower  160.0
['bpc_67_[1, 0, 2, 3]_1_3', 'bpc_67_[1, 0, 2, 4, 3]_1_3', 'bpc_67_[1, 0, 3]_1_3', 'bpc_67_[1, 0, 4, 2, 3]_1_3']
upper  320.0
lower  160.0
['bpc_67_[1, 0, 2, 3]_1_3', 'bpc_67_[1, 0, 2, 4, 3]_1_3', 'bpc_67_[1, 0, 3]_1_3', 'bpc_67_[1, 0, 4, 2, 3]_1_3', 'bpc_67_[1, 0, 4, 3]_1_3']
upper  320.0
lower  160.0
1.0
False
upper bound:320.0
lower bound:160.0
['bpc_42_[1, 0, 2, 3, 7]_1_7']
upper  320.0
lower  160.0
['bpc_42_[1, 0, 2, 3, 7]_1_7', 'bpc_42_[1, 0, 2, 4, 3, 7]_1_7']
upper  320.0
lower  160.0
['bpc_42_[1, 0, 2, 3, 7]_1_7', 'bpc_42_[1, 0, 2, 4, 3, 7]_1_7', 'bpc_42_[1, 0, 3, 7]_1_7']
upper  320.0
lower  160.0
['bpc_42_[1, 0, 2, 3, 7]_1_7', 'bpc_42_[1, 0, 2, 4, 3, 7]_1_7', 'bpc_42_[1, 0, 3, 7]_1_7', 'bpc_42_[1, 0, 4, 2, 3, 7]_1_7']
upper  320.0
lower  160.0
['bpc_42_[1, 0, 2, 3, 7]_1_7', 'bpc_42_[1, 0, 2, 4, 3, 7]_1_7', 'bpc_42_[1, 0, 3, 7]_1_7', 'bpc_42_[1, 0, 4, 2, 3, 7]_1_7', 'bpc_42_[1, 0, 4, 3, 7]_1_7']
upper  320.0
lower  160.0
1.0
False
upper bound:320.0
lower bound:160.0
['bpc_147_[1, 0]_1_0']
upper  320.0
lower  160.0
['bpc_147_[1, 0]_1_0', 'bpc_147_[1, 2, 0]_1_0']
upper  320.0
lower  160.0
['bpc_147_[1, 0]_1_0', 'bpc_147_[1, 2, 0]_1_0', 'bpc_147_[1, 2, 3, 0]_1_0']
upper  320.0
lower  160.0
['bpc_147_[1, 0]_1_0', 'bpc_147_[1, 2, 0]_1_0', 'bpc_147_[1, 2, 3, 0]_1_0', 'bpc_147_[1, 2, 3, 4, 0]_1_0']
upper  320.0
lower  160.0
['bpc_147_[1, 0]_1_0', 'bpc_147_[1, 2, 0]_1_0', 'bpc_147_[1, 2, 3, 0]_1_0', 'bpc_147_[1, 2, 3, 4, 0]_1_0', 'bpc_147_[1, 2, 4, 0]_1_0']
upper  320.0
lower  160.0
1.0
False
upper bound:320.0
lower bound:160.0
['bpc_59_[1, 0]_1_0']
upper  320.0
lower  160.0
['bpc_59_[1, 0]_1_0', 'bpc_59_[1, 2, 0]_1_0']
upper  320.0
lower  160.0
['bpc_59_[1, 0]_1_0', 'bpc_59_[1, 2, 0]_1_0', 'bpc_59_[1, 2, 3, 0]_1_0']
upper  320.0
lower  160.0
['bpc_59_[1, 0]_1_0', 'bpc_59_[1, 2, 0]_1_0', 'bpc_59_[1, 2, 3, 0]_1_0', 'bpc_59_[1, 2, 3, 4, 0]_1_0']
upper  320.0
lower  160.0
['bpc_59_[1, 0]_1_0', 'bpc_59_[1, 2, 0]_1_0', 'bpc_59_[1, 2, 3, 0]_1_0', 'bpc_59_[1, 2, 3, 4, 0]_1_0', 'bpc_59_[1, 2, 4, 0]_1_0']
upper  320.0
lower  160.0
1.0
False
upper bound:320.0
lower bound:160.0
['bpc_34_[1, 0, 2, 3, 4]_1_4']
upper  320.0
lower  160.0
['bpc_34_[1, 0, 2, 3, 4]_1_4', 'bpc_34_[1, 0, 2, 4]_1_4']
upper  320.0
lower  160.0
['bpc_34_[1, 0, 2, 3, 4]_1_4', 'bpc_34_[1, 0, 2, 4]_1_4', 'bpc_34_[1, 0, 3, 2, 4]_1_4']
upper  320.0
lower  160.0
['bpc_34_[1, 0, 2, 3, 4]_1_4', 'bpc_34_[1, 0, 2, 4]_1_4', 'bpc_34_[1, 0, 3, 2, 4]_1_4', 'bpc_34_[1, 0, 3, 4]_1_4']
upper  320.0
lower  160.0
['bpc_34_[1, 0, 2, 3, 4]_1_4', 'bpc_34_[1, 0, 2, 4]_1_4', 'bpc_34_[1, 0, 3, 2, 4]_1_4', 'bpc_34_[1, 0, 3, 4]_1_4', 'bpc_34_[1, 0, 4]_1_4']
upper  320.0
lower  160.0
1.0
False
upper bound:320.0
lower bound:160.0
['bpc_9_[1, 0, 2, 3, 4, 10]_1_10']
upper  320.0
lower  160.0
['bpc_9_[1, 0, 2, 3, 4, 10]_1_10', 'bpc_9_[1, 0, 2, 4, 10]_1_10']
upper  320.0
lower  160.0
['bpc_9_[1, 0, 2, 3, 4, 10]_1_10', 'bpc_9_[1, 0, 2, 4, 10]_1_10', 'bpc_9_[1, 0, 3, 2, 4, 10]_1_10']
upper  320.0
lower  160.0
['bpc_9_[1, 0, 2, 3, 4, 10]_1_10', 'bpc_9_[1, 0, 2, 4, 10]_1_10', 'bpc_9_[1, 0, 3, 2, 4, 10]_1_10', 'bpc_9_[1, 0, 3, 4, 10]_1_10']
upper  320.0
lower  160.0
['bpc_9_[1, 0, 2, 3, 4, 10]_1_10', 'bpc_9_[1, 0, 2, 4, 10]_1_10', 'bpc_9_[1, 0, 3, 2, 4, 10]_1_10', 'bpc_9_[1, 0, 3, 4, 10]_1_10', 'bpc_9_[1, 0, 4, 10]_1_10']
upper  320.0
lower  160.0
1.0
False
upper bound:320.0
lower bound:160.0
['bpc_164_[1, 0, 1]_1_1']
upper  320.0
lower  160.0
['bpc_164_[1, 0, 1]_1_1', 'bpc_164_[1, 0, 2, 1]_1_1']
upper  320.0
lower  160.0
['bpc_164_[1, 0, 1]_1_1', 'bpc_164_[1, 0, 2, 1]_1_1', 'bpc_164_[1, 0, 2, 3, 1]_1_1']
upper  320.0
lower  160.0
['bpc_164_[1, 0, 1]_1_1', 'bpc_164_[1, 0, 2, 1]_1_1', 'bpc_164_[1, 0, 2, 3, 1]_1_1', 'bpc_164_[1, 0, 2, 3, 4, 1]_1_1']
upper  320.0
lower  160.0
['bpc_164_[1, 0, 1]_1_1', 'bpc_164_[1, 0, 2, 1]_1_1', 'bpc_164_[1, 0, 2, 3, 1]_1_1', 'bpc_164_[1, 0, 2, 3, 4, 1]_1_1', 'bpc_164_[1, 0, 2, 4, 1]_1_1']
upper  320.0
lower  160.0
1.0
False
upper bound:320.0
lower bound:160.0
['bpc_139_[1, 0, 2, 5]_1_5']
upper  320.0
lower  160.0
['bpc_139_[1, 0, 2, 5]_1_5', 'bpc_139_[1, 0, 3, 2, 5]_1_5']
upper  320.0
lower  160.0
['bpc_139_[1, 0, 2, 5]_1_5', 'bpc_139_[1, 0, 3, 2, 5]_1_5', 'bpc_139_[1, 0, 3, 4, 2, 5]_1_5']
upper  320.0
lower  160.0
['bpc_139_[1, 0, 2, 5]_1_5', 'bpc_139_[1, 0, 3, 2, 5]_1_5', 'bpc_139_[1, 0, 3, 4, 2, 5]_1_5', 'bpc_139_[1, 0, 4, 2, 5]_1_5']
upper  320.0
lower  160.0
['bpc_139_[1, 0, 2, 5]_1_5', 'bpc_139_[1, 0, 3, 2, 5]_1_5', 'bpc_139_[1, 0, 3, 4, 2, 5]_1_5', 'bpc_139_[1, 0, 4, 2, 5]_1_5', 'bpc_139_[1, 0, 4, 3, 2, 5]_1_5']
upper  320.0
lower  160.0
1.0
False
upper bound:320.0
lower bound:160.0
['bpc_76_[1, 0, 1]_1_1']
upper  320.0
lower  160.0
['bpc_76_[1, 0, 1]_1_1', 'bpc_76_[1, 0, 2, 1]_1_1']
upper  320.0
lower  160.0
['bpc_76_[1, 0, 1]_1_1', 'bpc_76_[1, 0, 2, 1]_1_1', 'bpc_76_[1, 0, 2, 3, 1]_1_1']
upper  320.0
lower  160.0
['bpc_76_[1, 0, 1]_1_1', 'bpc_76_[1, 0, 2, 1]_1_1', 'bpc_76_[1, 0, 2, 3, 1]_1_1', 'bpc_76_[1, 0, 2, 3, 4, 1]_1_1']
upper  320.0
lower  160.0
['bpc_76_[1, 0, 1]_1_1', 'bpc_76_[1, 0, 2, 1]_1_1', 'bpc_76_[1, 0, 2, 3, 1]_1_1', 'bpc_76_[1, 0, 2, 3, 4, 1]_1_1', 'bpc_76_[1, 0, 2, 4, 1]_1_1']
upper  320.0
lower  160.0
1.0
False
upper bound:320.0
lower bound:160.0
['bpc_51_[1, 0, 2, 5]_1_5']
upper  320.0
lower  160.0
['bpc_51_[1, 0, 2, 5]_1_5', 'bpc_51_[1, 0, 3, 2, 5]_1_5']
upper  320.0
lower  160.0
['bpc_51_[1, 0, 2, 5]_1_5', 'bpc_51_[1, 0, 3, 2, 5]_1_5', 'bpc_51_[1, 0, 3, 4, 2, 5]_1_5']
upper  320.0
lower  160.0
['bpc_51_[1, 0, 2, 5]_1_5', 'bpc_51_[1, 0, 3, 2, 5]_1_5', 'bpc_51_[1, 0, 3, 4, 2, 5]_1_5', 'bpc_51_[1, 0, 4, 2, 5]_1_5']
upper  320.0
lower  160.0
['bpc_51_[1, 0, 2, 5]_1_5', 'bpc_51_[1, 0, 3, 2, 5]_1_5', 'bpc_51_[1, 0, 3, 4, 2, 5]_1_5', 'bpc_51_[1, 0, 4, 2, 5]_1_5', 'bpc_51_[1, 0, 4, 3, 2, 5]_1_5']
upper  320.0
lower  160.0
1.0
False
upper bound:320.0
lower bound:160.0
['bpc_1_[1, 0, 2, 3]_1_3']
upper  320.0
lower  160.0
['bpc_1_[1, 0, 2, 3]_1_3', 'bpc_1_[1, 0, 2, 4, 3]_1_3']
upper  320.0
lower  160.0
['bpc_1_[1, 0, 2, 3]_1_3', 'bpc_1_[1, 0, 2, 4, 3]_1_3', 'bpc_1_[1, 0, 3]_1_3']
upper  320.0
lower  160.0
['bpc_1_[1, 0, 2, 3]_1_3', 'bpc_1_[1, 0, 2, 4, 3]_1_3', 'bpc_1_[1, 0, 3]_1_3', 'bpc_1_[1, 0, 4, 2, 3]_1_3']
upper  320.0
lower  160.0
['bpc_1_[1, 0, 2, 3]_1_3', 'bpc_1_[1, 0, 2, 4, 3]_1_3', 'bpc_1_[1, 0, 3]_1_3', 'bpc_1_[1, 0, 4, 2, 3]_1_3', 'bpc_1_[1, 0, 4, 3]_1_3']
upper  320.0
lower  160.0
1.0
False
upper bound:320.0
lower bound:160.0
['bpc_173_[1, 0, 2, 3, 8]_1_8']
upper  320.0
lower  160.0
['bpc_173_[1, 0, 2, 3, 8]_1_8', 'bpc_173_[1, 0, 2, 4, 3, 8]_1_8']
upper  320.0
lower  160.0
['bpc_173_[1, 0, 2, 3, 8]_1_8', 'bpc_173_[1, 0, 2, 4, 3, 8]_1_8', 'bpc_173_[1, 0, 3, 8]_1_8']
upper  320.0
lower  160.0
['bpc_173_[1, 0, 2, 3, 8]_1_8', 'bpc_173_[1, 0, 2, 4, 3, 8]_1_8', 'bpc_173_[1, 0, 3, 8]_1_8', 'bpc_173_[1, 0, 4, 2, 3, 8]_1_8']
upper  320.0
lower  160.0
['bpc_173_[1, 0, 2, 3, 8]_1_8', 'bpc_173_[1, 0, 2, 4, 3, 8]_1_8', 'bpc_173_[1, 0, 3, 8]_1_8', 'bpc_173_[1, 0, 4, 2, 3, 8]_1_8', 'bpc_173_[1, 0, 4, 3, 8]_1_8']
upper  320.0
lower  160.0
1.0
False
upper bound:320.0
lower bound:160.0
['bpc_85_[1, 0, 2, 3, 8]_1_8']
upper  320.0
lower  160.0
['bpc_85_[1, 0, 2, 3, 8]_1_8', 'bpc_85_[1, 0, 2, 4, 3, 8]_1_8']
upper  320.0
lower  160.0
['bpc_85_[1, 0, 2, 3, 8]_1_8', 'bpc_85_[1, 0, 2, 4, 3, 8]_1_8', 'bpc_85_[1, 0, 3, 8]_1_8']
upper  320.0
lower  160.0
['bpc_85_[1, 0, 2, 3, 8]_1_8', 'bpc_85_[1, 0, 2, 4, 3, 8]_1_8', 'bpc_85_[1, 0, 3, 8]_1_8', 'bpc_85_[1, 0, 4, 2, 3, 8]_1_8']
upper  320.0
lower  160.0
['bpc_85_[1, 0, 2, 3, 8]_1_8', 'bpc_85_[1, 0, 2, 4, 3, 8]_1_8', 'bpc_85_[1, 0, 3, 8]_1_8', 'bpc_85_[1, 0, 4, 2, 3, 8]_1_8', 'bpc_85_[1, 0, 4, 3, 8]_1_8']
upper  320.0
lower  160.0
1.0
False
upper bound:320.0
lower bound:160.0
['bpc_190_[1, 0, 2, 3, 4, 9]_1_9']
upper  320.0
lower  160.0
['bpc_190_[1, 0, 2, 3, 4, 9]_1_9', 'bpc_190_[1, 0, 2, 4, 9]_1_9']
upper  320.0
lower  160.0
['bpc_190_[1, 0, 2, 3, 4, 9]_1_9', 'bpc_190_[1, 0, 2, 4, 9]_1_9', 'bpc_190_[1, 0, 3, 2, 4, 9]_1_9']
upper  320.0
lower  160.0
['bpc_190_[1, 0, 2, 3, 4, 9]_1_9', 'bpc_190_[1, 0, 2, 4, 9]_1_9', 'bpc_190_[1, 0, 3, 2, 4, 9]_1_9', 'bpc_190_[1, 0, 3, 4, 9]_1_9']
upper  320.0
lower  160.0
['bpc_190_[1, 0, 2, 3, 4, 9]_1_9', 'bpc_190_[1, 0, 2, 4, 9]_1_9', 'bpc_190_[1, 0, 3, 2, 4, 9]_1_9', 'bpc_190_[1, 0, 3, 4, 9]_1_9', 'bpc_190_[1, 0, 4, 9]_1_9']
upper  320.0
lower  160.0
1.0
False
upper bound:320.0
lower bound:160.0
['bpc_10_[1, 0, 1]_1_1']
upper  320.0
lower  160.0
['bpc_10_[1, 0, 1]_1_1', 'bpc_10_[1, 0, 2, 1]_1_1']
upper  320.0
lower  160.0
['bpc_10_[1, 0, 1]_1_1', 'bpc_10_[1, 0, 2, 1]_1_1', 'bpc_10_[1, 0, 2, 3, 1]_1_1']
upper  320.0
lower  160.0
['bpc_10_[1, 0, 1]_1_1', 'bpc_10_[1, 0, 2, 1]_1_1', 'bpc_10_[1, 0, 2, 3, 1]_1_1', 'bpc_10_[1, 0, 2, 3, 4, 1]_1_1']
upper  320.0
lower  160.0
['bpc_10_[1, 0, 1]_1_1', 'bpc_10_[1, 0, 2, 1]_1_1', 'bpc_10_[1, 0, 2, 3, 1]_1_1', 'bpc_10_[1, 0, 2, 3, 4, 1]_1_1', 'bpc_10_[1, 0, 2, 4, 1]_1_1']
upper  320.0
lower  160.0
1.0
False
upper bound:320.0
lower bound:160.0
['bpc_102_[1, 0, 2, 3, 4, 9]_1_9']
upper  320.0
lower  160.0
['bpc_102_[1, 0, 2, 3, 4, 9]_1_9', 'bpc_102_[1, 0, 2, 4, 9]_1_9']
upper  320.0
lower  160.0
['bpc_102_[1, 0, 2, 3, 4, 9]_1_9', 'bpc_102_[1, 0, 2, 4, 9]_1_9', 'bpc_102_[1, 0, 3, 2, 4, 9]_1_9']
upper  320.0
lower  160.0
['bpc_102_[1, 0, 2, 3, 4, 9]_1_9', 'bpc_102_[1, 0, 2, 4, 9]_1_9', 'bpc_102_[1, 0, 3, 2, 4, 9]_1_9', 'bpc_102_[1, 0, 3, 4, 9]_1_9']
upper  320.0
lower  160.0
['bpc_102_[1, 0, 2, 3, 4, 9]_1_9', 'bpc_102_[1, 0, 2, 4, 9]_1_9', 'bpc_102_[1, 0, 3, 2, 4, 9]_1_9', 'bpc_102_[1, 0, 3, 4, 9]_1_9', 'bpc_102_[1, 0, 4, 9]_1_9']
upper  320.0
lower  160.0
1.0
False
upper bound:320.0
lower bound:160.0
['bpc_207_[1, 0, 2, 3, 4, 10]_1_10']
upper  320.0
lower  160.0
['bpc_207_[1, 0, 2, 3, 4, 10]_1_10', 'bpc_207_[1, 0, 2, 4, 10]_1_10']
upper  320.0
lower  160.0
['bpc_207_[1, 0, 2, 3, 4, 10]_1_10', 'bpc_207_[1, 0, 2, 4, 10]_1_10', 'bpc_207_[1, 0, 3, 2, 4, 10]_1_10']
upper  320.0
lower  160.0
['bpc_207_[1, 0, 2, 3, 4, 10]_1_10', 'bpc_207_[1, 0, 2, 4, 10]_1_10', 'bpc_207_[1, 0, 3, 2, 4, 10]_1_10', 'bpc_207_[1, 0, 3, 4, 10]_1_10']
upper  320.0
lower  160.0
['bpc_207_[1, 0, 2, 3, 4, 10]_1_10', 'bpc_207_[1, 0, 2, 4, 10]_1_10', 'bpc_207_[1, 0, 3, 2, 4, 10]_1_10', 'bpc_207_[1, 0, 3, 4, 10]_1_10', 'bpc_207_[1, 0, 4, 10]_1_10']
upper  320.0
lower  160.0
1.0
False
upper bound:320.0
lower bound:160.0
['bpc_182_[1, 0, 2]_1_2']
upper  320.0
lower  160.0
['bpc_182_[1, 0, 2]_1_2', 'bpc_182_[1, 0, 3, 2]_1_2']
upper  320.0
lower  160.0
['bpc_182_[1, 0, 2]_1_2', 'bpc_182_[1, 0, 3, 2]_1_2', 'bpc_182_[1, 0, 3, 4, 2]_1_2']
upper  320.0
lower  160.0
['bpc_182_[1, 0, 2]_1_2', 'bpc_182_[1, 0, 3, 2]_1_2', 'bpc_182_[1, 0, 3, 4, 2]_1_2', 'bpc_182_[1, 0, 4, 2]_1_2']
upper  320.0
lower  160.0
['bpc_182_[1, 0, 2]_1_2', 'bpc_182_[1, 0, 3, 2]_1_2', 'bpc_182_[1, 0, 3, 4, 2]_1_2', 'bpc_182_[1, 0, 4, 2]_1_2', 'bpc_182_[1, 0, 4, 3, 2]_1_2']
upper  320.0
lower  160.0
1.0
False
upper bound:320.0
lower bound:160.0
['bpc_119_[1, 0, 2, 3, 4, 10]_1_10']
upper  320.0
lower  160.0
['bpc_119_[1, 0, 2, 3, 4, 10]_1_10', 'bpc_119_[1, 0, 2, 4, 10]_1_10']
upper  320.0
lower  160.0
['bpc_119_[1, 0, 2, 3, 4, 10]_1_10', 'bpc_119_[1, 0, 2, 4, 10]_1_10', 'bpc_119_[1, 0, 3, 2, 4, 10]_1_10']
upper  320.0
lower  160.0
['bpc_119_[1, 0, 2, 3, 4, 10]_1_10', 'bpc_119_[1, 0, 2, 4, 10]_1_10', 'bpc_119_[1, 0, 3, 2, 4, 10]_1_10', 'bpc_119_[1, 0, 3, 4, 10]_1_10']
upper  320.0
lower  160.0
['bpc_119_[1, 0, 2, 3, 4, 10]_1_10', 'bpc_119_[1, 0, 2, 4, 10]_1_10', 'bpc_119_[1, 0, 3, 2, 4, 10]_1_10', 'bpc_119_[1, 0, 3, 4, 10]_1_10', 'bpc_119_[1, 0, 4, 10]_1_10']
upper  320.0
lower  160.0
1.0
False
upper bound:320.0
lower bound:160.0
['bpc_157_[1, 0, 2, 6]_1_6']
upper  320.0
lower  160.0
['bpc_157_[1, 0, 2, 6]_1_6', 'bpc_157_[1, 0, 3, 2, 6]_1_6']
upper  320.0
lower  160.0
['bpc_157_[1, 0, 2, 6]_1_6', 'bpc_157_[1, 0, 3, 2, 6]_1_6', 'bpc_157_[1, 0, 3, 4, 2, 6]_1_6']
upper  320.0
lower  160.0
['bpc_157_[1, 0, 2, 6]_1_6', 'bpc_157_[1, 0, 3, 2, 6]_1_6', 'bpc_157_[1, 0, 3, 4, 2, 6]_1_6', 'bpc_157_[1, 0, 4, 2, 6]_1_6']
upper  320.0
lower  160.0
['bpc_157_[1, 0, 2, 6]_1_6', 'bpc_157_[1, 0, 3, 2, 6]_1_6', 'bpc_157_[1, 0, 3, 4, 2, 6]_1_6', 'bpc_157_[1, 0, 4, 2, 6]_1_6', 'bpc_157_[1, 0, 4, 3, 2, 6]_1_6']
upper  320.0
lower  160.0
1.0
False
upper bound:320.0
lower bound:160.0
['bpc_94_[1, 0, 2]_1_2']
upper  320.0
lower  160.0
['bpc_94_[1, 0, 2]_1_2', 'bpc_94_[1, 0, 3, 2]_1_2']
upper  320.0
lower  160.0
['bpc_94_[1, 0, 2]_1_2', 'bpc_94_[1, 0, 3, 2]_1_2', 'bpc_94_[1, 0, 3, 4, 2]_1_2']
upper  320.0
lower  160.0
['bpc_94_[1, 0, 2]_1_2', 'bpc_94_[1, 0, 3, 2]_1_2', 'bpc_94_[1, 0, 3, 4, 2]_1_2', 'bpc_94_[1, 0, 4, 2]_1_2']
upper  320.0
lower  160.0
['bpc_94_[1, 0, 2]_1_2', 'bpc_94_[1, 0, 3, 2]_1_2', 'bpc_94_[1, 0, 3, 4, 2]_1_2', 'bpc_94_[1, 0, 4, 2]_1_2', 'bpc_94_[1, 0, 4, 3, 2]_1_2']
upper  320.0
lower  160.0
1.0
False
upper bound:320.0
lower bound:160.0
['bpc_69_[1, 0, 2, 6]_1_6']
upper  320.0
lower  160.0
['bpc_69_[1, 0, 2, 6]_1_6', 'bpc_69_[1, 0, 3, 2, 6]_1_6']
upper  320.0
lower  160.0
['bpc_69_[1, 0, 2, 6]_1_6', 'bpc_69_[1, 0, 3, 2, 6]_1_6', 'bpc_69_[1, 0, 3, 4, 2, 6]_1_6']
upper  320.0
lower  160.0
['bpc_69_[1, 0, 2, 6]_1_6', 'bpc_69_[1, 0, 3, 2, 6]_1_6', 'bpc_69_[1, 0, 3, 4, 2, 6]_1_6', 'bpc_69_[1, 0, 4, 2, 6]_1_6']
upper  320.0
lower  160.0
['bpc_69_[1, 0, 2, 6]_1_6', 'bpc_69_[1, 0, 3, 2, 6]_1_6', 'bpc_69_[1, 0, 3, 4, 2, 6]_1_6', 'bpc_69_[1, 0, 4, 2, 6]_1_6', 'bpc_69_[1, 0, 4, 3, 2, 6]_1_6']
upper  320.0
lower  160.0
1.0
False
upper bound:320.0
lower bound:160.0
['bpc_208_[1, 0, 1]_1_1']
upper  320.0
lower  160.0
['bpc_208_[1, 0, 1]_1_1', 'bpc_208_[1, 0, 2, 1]_1_1']
upper  320.0
lower  160.0
['bpc_208_[1, 0, 1]_1_1', 'bpc_208_[1, 0, 2, 1]_1_1', 'bpc_208_[1, 0, 2, 3, 1]_1_1']
upper  320.0
lower  160.0
['bpc_208_[1, 0, 1]_1_1', 'bpc_208_[1, 0, 2, 1]_1_1', 'bpc_208_[1, 0, 2, 3, 1]_1_1', 'bpc_208_[1, 0, 2, 3, 4, 1]_1_1']
upper  320.0
lower  160.0
['bpc_208_[1, 0, 1]_1_1', 'bpc_208_[1, 0, 2, 1]_1_1', 'bpc_208_[1, 0, 2, 3, 1]_1_1', 'bpc_208_[1, 0, 2, 3, 4, 1]_1_1', 'bpc_208_[1, 0, 2, 4, 1]_1_1']
upper  320.0
lower  160.0
1.0
False
upper bound:320.0
lower bound:160.0
['bpc_199_[1, 0, 2, 3]_1_3']
upper  320.0
lower  160.0
['bpc_199_[1, 0, 2, 3]_1_3', 'bpc_199_[1, 0, 2, 4, 3]_1_3']
upper  320.0
lower  160.0
['bpc_199_[1, 0, 2, 3]_1_3', 'bpc_199_[1, 0, 2, 4, 3]_1_3', 'bpc_199_[1, 0, 3]_1_3']
upper  320.0
lower  160.0
['bpc_199_[1, 0, 2, 3]_1_3', 'bpc_199_[1, 0, 2, 4, 3]_1_3', 'bpc_199_[1, 0, 3]_1_3', 'bpc_199_[1, 0, 4, 2, 3]_1_3']
upper  320.0
lower  160.0
['bpc_199_[1, 0, 2, 3]_1_3', 'bpc_199_[1, 0, 2, 4, 3]_1_3', 'bpc_199_[1, 0, 3]_1_3', 'bpc_199_[1, 0, 4, 2, 3]_1_3', 'bpc_199_[1, 0, 4, 3]_1_3']
upper  320.0
lower  160.0
1.0
False
upper bound:320.0
lower bound:160.0
['bpc_120_[1, 0, 1]_1_1']
upper  320.0
lower  160.0
['bpc_120_[1, 0, 1]_1_1', 'bpc_120_[1, 0, 2, 1]_1_1']
upper  320.0
lower  160.0
['bpc_120_[1, 0, 1]_1_1', 'bpc_120_[1, 0, 2, 1]_1_1', 'bpc_120_[1, 0, 2, 3, 1]_1_1']
upper  320.0
lower  160.0
['bpc_120_[1, 0, 1]_1_1', 'bpc_120_[1, 0, 2, 1]_1_1', 'bpc_120_[1, 0, 2, 3, 1]_1_1', 'bpc_120_[1, 0, 2, 3, 4, 1]_1_1']
upper  320.0
lower  160.0
['bpc_120_[1, 0, 1]_1_1', 'bpc_120_[1, 0, 2, 1]_1_1', 'bpc_120_[1, 0, 2, 3, 1]_1_1', 'bpc_120_[1, 0, 2, 3, 4, 1]_1_1', 'bpc_120_[1, 0, 2, 4, 1]_1_1']
upper  320.0
lower  160.0
1.0
False
upper bound:320.0
lower bound:160.0
['bpc_19_[1, 0, 2, 3, 8]_1_8']
upper  320.0
lower  160.0
['bpc_19_[1, 0, 2, 3, 8]_1_8', 'bpc_19_[1, 0, 2, 4, 3, 8]_1_8']
upper  320.0
lower  160.0
['bpc_19_[1, 0, 2, 3, 8]_1_8', 'bpc_19_[1, 0, 2, 4, 3, 8]_1_8', 'bpc_19_[1, 0, 3, 8]_1_8']
upper  320.0
lower  160.0
['bpc_19_[1, 0, 2, 3, 8]_1_8', 'bpc_19_[1, 0, 2, 4, 3, 8]_1_8', 'bpc_19_[1, 0, 3, 8]_1_8', 'bpc_19_[1, 0, 4, 2, 3, 8]_1_8']
upper  320.0
lower  160.0
['bpc_19_[1, 0, 2, 3, 8]_1_8', 'bpc_19_[1, 0, 2, 4, 3, 8]_1_8', 'bpc_19_[1, 0, 3, 8]_1_8', 'bpc_19_[1, 0, 4, 2, 3, 8]_1_8', 'bpc_19_[1, 0, 4, 3, 8]_1_8']
upper  320.0
lower  160.0
1.0
False
upper bound:320.0
lower bound:160.0
['bpc_174_[1, 0, 2, 3, 7]_1_7']
upper  320.0
lower  160.0
['bpc_174_[1, 0, 2, 3, 7]_1_7', 'bpc_174_[1, 0, 2, 4, 3, 7]_1_7']
upper  320.0
lower  160.0
['bpc_174_[1, 0, 2, 3, 7]_1_7', 'bpc_174_[1, 0, 2, 4, 3, 7]_1_7', 'bpc_174_[1, 0, 3, 7]_1_7']
upper  320.0
lower  160.0
['bpc_174_[1, 0, 2, 3, 7]_1_7', 'bpc_174_[1, 0, 2, 4, 3, 7]_1_7', 'bpc_174_[1, 0, 3, 7]_1_7', 'bpc_174_[1, 0, 4, 2, 3, 7]_1_7']
upper  320.0
lower  160.0
['bpc_174_[1, 0, 2, 3, 7]_1_7', 'bpc_174_[1, 0, 2, 4, 3, 7]_1_7', 'bpc_174_[1, 0, 3, 7]_1_7', 'bpc_174_[1, 0, 4, 2, 3, 7]_1_7', 'bpc_174_[1, 0, 4, 3, 7]_1_7']
upper  320.0
lower  160.0
1.0
False
upper bound:320.0
lower bound:160.0
['bpc_111_[1, 0, 2, 3]_1_3']
upper  320.0
lower  160.0
['bpc_111_[1, 0, 2, 3]_1_3', 'bpc_111_[1, 0, 2, 4, 3]_1_3']
upper  320.0
lower  160.0
['bpc_111_[1, 0, 2, 3]_1_3', 'bpc_111_[1, 0, 2, 4, 3]_1_3', 'bpc_111_[1, 0, 3]_1_3']
upper  320.0
lower  160.0
['bpc_111_[1, 0, 2, 3]_1_3', 'bpc_111_[1, 0, 2, 4, 3]_1_3', 'bpc_111_[1, 0, 3]_1_3', 'bpc_111_[1, 0, 4, 2, 3]_1_3']
upper  320.0
lower  160.0
['bpc_111_[1, 0, 2, 3]_1_3', 'bpc_111_[1, 0, 2, 4, 3]_1_3', 'bpc_111_[1, 0, 3]_1_3', 'bpc_111_[1, 0, 4, 2, 3]_1_3', 'bpc_111_[1, 0, 4, 3]_1_3']
upper  320.0
lower  160.0
1.0
False
upper bound:320.0
lower bound:160.0
['bpc_86_[1, 0, 2, 3, 7]_1_7']
upper  320.0
lower  160.0
['bpc_86_[1, 0, 2, 3, 7]_1_7', 'bpc_86_[1, 0, 2, 4, 3, 7]_1_7']
upper  320.0
lower  160.0
['bpc_86_[1, 0, 2, 3, 7]_1_7', 'bpc_86_[1, 0, 2, 4, 3, 7]_1_7', 'bpc_86_[1, 0, 3, 7]_1_7']
upper  320.0
lower  160.0
['bpc_86_[1, 0, 2, 3, 7]_1_7', 'bpc_86_[1, 0, 2, 4, 3, 7]_1_7', 'bpc_86_[1, 0, 3, 7]_1_7', 'bpc_86_[1, 0, 4, 2, 3, 7]_1_7']
upper  320.0
lower  160.0
['bpc_86_[1, 0, 2, 3, 7]_1_7', 'bpc_86_[1, 0, 2, 4, 3, 7]_1_7', 'bpc_86_[1, 0, 3, 7]_1_7', 'bpc_86_[1, 0, 4, 2, 3, 7]_1_7', 'bpc_86_[1, 0, 4, 3, 7]_1_7']
upper  320.0
lower  160.0
1.0
False
upper bound:320.0
lower bound:160.0
['bpc_36_[1, 0, 2, 3, 4, 9]_1_9']
upper  320.0
lower  160.0
['bpc_36_[1, 0, 2, 3, 4, 9]_1_9', 'bpc_36_[1, 0, 2, 4, 9]_1_9']
upper  320.0
lower  160.0
['bpc_36_[1, 0, 2, 3, 4, 9]_1_9', 'bpc_36_[1, 0, 2, 4, 9]_1_9', 'bpc_36_[1, 0, 3, 2, 4, 9]_1_9']
upper  320.0
lower  160.0
['bpc_36_[1, 0, 2, 3, 4, 9]_1_9', 'bpc_36_[1, 0, 2, 4, 9]_1_9', 'bpc_36_[1, 0, 3, 2, 4, 9]_1_9', 'bpc_36_[1, 0, 3, 4, 9]_1_9']
upper  320.0
lower  160.0
['bpc_36_[1, 0, 2, 3, 4, 9]_1_9', 'bpc_36_[1, 0, 2, 4, 9]_1_9', 'bpc_36_[1, 0, 3, 2, 4, 9]_1_9', 'bpc_36_[1, 0, 3, 4, 9]_1_9', 'bpc_36_[1, 0, 4, 9]_1_9']
upper  320.0
lower  160.0
1.0
False
upper bound:320.0
lower bound:160.0
['bpc_191_[1, 0]_1_0']
upper  320.0
lower  160.0
['bpc_191_[1, 0]_1_0', 'bpc_191_[1, 2, 0]_1_0']
upper  320.0
lower  160.0
['bpc_191_[1, 0]_1_0', 'bpc_191_[1, 2, 0]_1_0', 'bpc_191_[1, 2, 3, 0]_1_0']
upper  320.0
lower  160.0
['bpc_191_[1, 0]_1_0', 'bpc_191_[1, 2, 0]_1_0', 'bpc_191_[1, 2, 3, 0]_1_0', 'bpc_191_[1, 2, 3, 4, 0]_1_0']
upper  320.0
lower  160.0
['bpc_191_[1, 0]_1_0', 'bpc_191_[1, 2, 0]_1_0', 'bpc_191_[1, 2, 3, 0]_1_0', 'bpc_191_[1, 2, 3, 4, 0]_1_0', 'bpc_191_[1, 2, 4, 0]_1_0']
upper  320.0
lower  160.0
1.0
False
upper bound:320.0
lower bound:160.0
['bpc_166_[1, 0, 2, 3, 4]_1_4']
upper  320.0
lower  160.0
['bpc_166_[1, 0, 2, 3, 4]_1_4', 'bpc_166_[1, 0, 2, 4]_1_4']
upper  320.0
lower  160.0
['bpc_166_[1, 0, 2, 3, 4]_1_4', 'bpc_166_[1, 0, 2, 4]_1_4', 'bpc_166_[1, 0, 3, 2, 4]_1_4']
upper  320.0
lower  160.0
['bpc_166_[1, 0, 2, 3, 4]_1_4', 'bpc_166_[1, 0, 2, 4]_1_4', 'bpc_166_[1, 0, 3, 2, 4]_1_4', 'bpc_166_[1, 0, 3, 4]_1_4']
upper  320.0
lower  160.0
['bpc_166_[1, 0, 2, 3, 4]_1_4', 'bpc_166_[1, 0, 2, 4]_1_4', 'bpc_166_[1, 0, 3, 2, 4]_1_4', 'bpc_166_[1, 0, 3, 4]_1_4', 'bpc_166_[1, 0, 4]_1_4']
upper  320.0
lower  160.0
1.0
False
upper bound:320.0
lower bound:160.0
['bpc_103_[1, 0]_1_0']
upper  320.0
lower  160.0
['bpc_103_[1, 0]_1_0', 'bpc_103_[1, 2, 0]_1_0']
upper  320.0
lower  160.0
['bpc_103_[1, 0]_1_0', 'bpc_103_[1, 2, 0]_1_0', 'bpc_103_[1, 2, 3, 0]_1_0']
upper  320.0
lower  160.0
['bpc_103_[1, 0]_1_0', 'bpc_103_[1, 2, 0]_1_0', 'bpc_103_[1, 2, 3, 0]_1_0', 'bpc_103_[1, 2, 3, 4, 0]_1_0']
upper  320.0
lower  160.0
['bpc_103_[1, 0]_1_0', 'bpc_103_[1, 2, 0]_1_0', 'bpc_103_[1, 2, 3, 0]_1_0', 'bpc_103_[1, 2, 3, 4, 0]_1_0', 'bpc_103_[1, 2, 4, 0]_1_0']
upper  320.0
lower  160.0
1.0
False
upper bound:320.0
lower bound:160.0
['bpc_141_[1, 0, 2, 3, 4, 10]_1_10']
upper  320.0
lower  160.0
['bpc_141_[1, 0, 2, 3, 4, 10]_1_10', 'bpc_141_[1, 0, 2, 4, 10]_1_10']
upper  320.0
lower  160.0
['bpc_141_[1, 0, 2, 3, 4, 10]_1_10', 'bpc_141_[1, 0, 2, 4, 10]_1_10', 'bpc_141_[1, 0, 3, 2, 4, 10]_1_10']
upper  320.0
lower  160.0
['bpc_141_[1, 0, 2, 3, 4, 10]_1_10', 'bpc_141_[1, 0, 2, 4, 10]_1_10', 'bpc_141_[1, 0, 3, 2, 4, 10]_1_10', 'bpc_141_[1, 0, 3, 4, 10]_1_10']
upper  320.0
lower  160.0
['bpc_141_[1, 0, 2, 3, 4, 10]_1_10', 'bpc_141_[1, 0, 2, 4, 10]_1_10', 'bpc_141_[1, 0, 3, 2, 4, 10]_1_10', 'bpc_141_[1, 0, 3, 4, 10]_1_10', 'bpc_141_[1, 0, 4, 10]_1_10']
upper  320.0
lower  160.0
1.0
False
upper bound:320.0
lower bound:160.0
['bpc_78_[1, 0, 2, 3, 4]_1_4']
upper  320.0
lower  160.0
['bpc_78_[1, 0, 2, 3, 4]_1_4', 'bpc_78_[1, 0, 2, 4]_1_4']
upper  320.0
lower  160.0
['bpc_78_[1, 0, 2, 3, 4]_1_4', 'bpc_78_[1, 0, 2, 4]_1_4', 'bpc_78_[1, 0, 3, 2, 4]_1_4']
upper  320.0
lower  160.0
['bpc_78_[1, 0, 2, 3, 4]_1_4', 'bpc_78_[1, 0, 2, 4]_1_4', 'bpc_78_[1, 0, 3, 2, 4]_1_4', 'bpc_78_[1, 0, 3, 4]_1_4']
upper  320.0
lower  160.0
['bpc_78_[1, 0, 2, 3, 4]_1_4', 'bpc_78_[1, 0, 2, 4]_1_4', 'bpc_78_[1, 0, 3, 2, 4]_1_4', 'bpc_78_[1, 0, 3, 4]_1_4', 'bpc_78_[1, 0, 4]_1_4']
upper  320.0
lower  160.0
1.0
False
upper bound:320.0
lower bound:160.0
['bpc_217_[1, 0, 2, 3, 8]_1_8']
upper  320.0
lower  160.0
['bpc_217_[1, 0, 2, 3, 8]_1_8', 'bpc_217_[1, 0, 2, 4, 3, 8]_1_8']
upper  320.0
lower  160.0
['bpc_217_[1, 0, 2, 3, 8]_1_8', 'bpc_217_[1, 0, 2, 4, 3, 8]_1_8', 'bpc_217_[1, 0, 3, 8]_1_8']
upper  320.0
lower  160.0
['bpc_217_[1, 0, 2, 3, 8]_1_8', 'bpc_217_[1, 0, 2, 4, 3, 8]_1_8', 'bpc_217_[1, 0, 3, 8]_1_8', 'bpc_217_[1, 0, 4, 2, 3, 8]_1_8']
upper  320.0
lower  160.0
['bpc_217_[1, 0, 2, 3, 8]_1_8', 'bpc_217_[1, 0, 2, 4, 3, 8]_1_8', 'bpc_217_[1, 0, 3, 8]_1_8', 'bpc_217_[1, 0, 4, 2, 3, 8]_1_8', 'bpc_217_[1, 0, 4, 3, 8]_1_8']
upper  320.0
lower  160.0
1.0
False
upper bound:320.0
lower bound:160.0
['bpc_53_[1, 0, 2, 3, 4, 10]_1_10']
upper  320.0
lower  160.0
['bpc_53_[1, 0, 2, 3, 4, 10]_1_10', 'bpc_53_[1, 0, 2, 4, 10]_1_10']
upper  320.0
lower  160.0
['bpc_53_[1, 0, 2, 3, 4, 10]_1_10', 'bpc_53_[1, 0, 2, 4, 10]_1_10', 'bpc_53_[1, 0, 3, 2, 4, 10]_1_10']
upper  320.0
lower  160.0
['bpc_53_[1, 0, 2, 3, 4, 10]_1_10', 'bpc_53_[1, 0, 2, 4, 10]_1_10', 'bpc_53_[1, 0, 3, 2, 4, 10]_1_10', 'bpc_53_[1, 0, 3, 4, 10]_1_10']
upper  320.0
lower  160.0
['bpc_53_[1, 0, 2, 3, 4, 10]_1_10', 'bpc_53_[1, 0, 2, 4, 10]_1_10', 'bpc_53_[1, 0, 3, 2, 4, 10]_1_10', 'bpc_53_[1, 0, 3, 4, 10]_1_10', 'bpc_53_[1, 0, 4, 10]_1_10']
upper  320.0
lower  160.0
1.0
False
upper bound:320.0
lower bound:160.0
['bpc_28_[1, 0, 2]_1_2']
upper  320.0
lower  160.0
['bpc_28_[1, 0, 2]_1_2', 'bpc_28_[1, 0, 3, 2]_1_2']
upper  320.0
lower  160.0
['bpc_28_[1, 0, 2]_1_2', 'bpc_28_[1, 0, 3, 2]_1_2', 'bpc_28_[1, 0, 3, 4, 2]_1_2']
upper  320.0
lower  160.0
['bpc_28_[1, 0, 2]_1_2', 'bpc_28_[1, 0, 3, 2]_1_2', 'bpc_28_[1, 0, 3, 4, 2]_1_2', 'bpc_28_[1, 0, 4, 2]_1_2']
upper  320.0
lower  160.0
['bpc_28_[1, 0, 2]_1_2', 'bpc_28_[1, 0, 3, 2]_1_2', 'bpc_28_[1, 0, 3, 4, 2]_1_2', 'bpc_28_[1, 0, 4, 2]_1_2', 'bpc_28_[1, 0, 4, 3, 2]_1_2']
upper  320.0
lower  160.0
1.0
False
upper bound:320.0
lower bound:160.0
['bpc_183_[1, 0, 2, 5]_1_5']
upper  320.0
lower  160.0
['bpc_183_[1, 0, 2, 5]_1_5', 'bpc_183_[1, 0, 3, 2, 5]_1_5']
upper  320.0
lower  160.0
['bpc_183_[1, 0, 2, 5]_1_5', 'bpc_183_[1, 0, 3, 2, 5]_1_5', 'bpc_183_[1, 0, 3, 4, 2, 5]_1_5']
upper  320.0
lower  160.0
['bpc_183_[1, 0, 2, 5]_1_5', 'bpc_183_[1, 0, 3, 2, 5]_1_5', 'bpc_183_[1, 0, 3, 4, 2, 5]_1_5', 'bpc_183_[1, 0, 4, 2, 5]_1_5']
upper  320.0
lower  160.0
['bpc_183_[1, 0, 2, 5]_1_5', 'bpc_183_[1, 0, 3, 2, 5]_1_5', 'bpc_183_[1, 0, 3, 4, 2, 5]_1_5', 'bpc_183_[1, 0, 4, 2, 5]_1_5', 'bpc_183_[1, 0, 4, 3, 2, 5]_1_5']
upper  320.0
lower  160.0
1.0
False
upper bound:320.0
lower bound:160.0
['bpc_3_[1, 0, 2, 6]_1_6']
upper  320.0
lower  160.0
['bpc_3_[1, 0, 2, 6]_1_6', 'bpc_3_[1, 0, 3, 2, 6]_1_6']
upper  320.0
lower  160.0
['bpc_3_[1, 0, 2, 6]_1_6', 'bpc_3_[1, 0, 3, 2, 6]_1_6', 'bpc_3_[1, 0, 3, 4, 2, 6]_1_6']
upper  320.0
lower  160.0
['bpc_3_[1, 0, 2, 6]_1_6', 'bpc_3_[1, 0, 3, 2, 6]_1_6', 'bpc_3_[1, 0, 3, 4, 2, 6]_1_6', 'bpc_3_[1, 0, 4, 2, 6]_1_6']
upper  320.0
lower  160.0
['bpc_3_[1, 0, 2, 6]_1_6', 'bpc_3_[1, 0, 3, 2, 6]_1_6', 'bpc_3_[1, 0, 3, 4, 2, 6]_1_6', 'bpc_3_[1, 0, 4, 2, 6]_1_6', 'bpc_3_[1, 0, 4, 3, 2, 6]_1_6']
upper  320.0
lower  160.0
1.0
False
upper bound:320.0
lower bound:160.0
['bpc_95_[1, 0, 2, 5]_1_5']
upper  320.0
lower  160.0
['bpc_95_[1, 0, 2, 5]_1_5', 'bpc_95_[1, 0, 3, 2, 5]_1_5']
upper  320.0
lower  160.0
['bpc_95_[1, 0, 2, 5]_1_5', 'bpc_95_[1, 0, 3, 2, 5]_1_5', 'bpc_95_[1, 0, 3, 4, 2, 5]_1_5']
upper  320.0
lower  160.0
['bpc_95_[1, 0, 2, 5]_1_5', 'bpc_95_[1, 0, 3, 2, 5]_1_5', 'bpc_95_[1, 0, 3, 4, 2, 5]_1_5', 'bpc_95_[1, 0, 4, 2, 5]_1_5']
upper  320.0
lower  160.0
['bpc_95_[1, 0, 2, 5]_1_5', 'bpc_95_[1, 0, 3, 2, 5]_1_5', 'bpc_95_[1, 0, 3, 4, 2, 5]_1_5', 'bpc_95_[1, 0, 4, 2, 5]_1_5', 'bpc_95_[1, 0, 4, 3, 2, 5]_1_5']
upper  320.0
lower  160.0
1.0
False
upper bound:320.0
lower bound:160.0
['bpc_133_[1, 0, 2, 3]_1_3']
upper  320.0
lower  160.0
['bpc_133_[1, 0, 2, 3]_1_3', 'bpc_133_[1, 0, 2, 4, 3]_1_3']
upper  320.0
lower  160.0
['bpc_133_[1, 0, 2, 3]_1_3', 'bpc_133_[1, 0, 2, 4, 3]_1_3', 'bpc_133_[1, 0, 3]_1_3']
upper  320.0
lower  160.0
['bpc_133_[1, 0, 2, 3]_1_3', 'bpc_133_[1, 0, 2, 4, 3]_1_3', 'bpc_133_[1, 0, 3]_1_3', 'bpc_133_[1, 0, 4, 2, 3]_1_3']
upper  320.0
lower  160.0
['bpc_133_[1, 0, 2, 3]_1_3', 'bpc_133_[1, 0, 2, 4, 3]_1_3', 'bpc_133_[1, 0, 3]_1_3', 'bpc_133_[1, 0, 4, 2, 3]_1_3', 'bpc_133_[1, 0, 4, 3]_1_3']
upper  320.0
lower  160.0
1.0
False
upper bound:320.0
lower bound:160.0
['bpc_45_[1, 0, 2, 3]_1_3']
upper  320.0
lower  160.0
['bpc_45_[1, 0, 2, 3]_1_3', 'bpc_45_[1, 0, 2, 4, 3]_1_3']
upper  320.0
lower  160.0
['bpc_45_[1, 0, 2, 3]_1_3', 'bpc_45_[1, 0, 2, 4, 3]_1_3', 'bpc_45_[1, 0, 3]_1_3']
upper  320.0
lower  160.0
['bpc_45_[1, 0, 2, 3]_1_3', 'bpc_45_[1, 0, 2, 4, 3]_1_3', 'bpc_45_[1, 0, 3]_1_3', 'bpc_45_[1, 0, 4, 2, 3]_1_3']
upper  320.0
lower  160.0
['bpc_45_[1, 0, 2, 3]_1_3', 'bpc_45_[1, 0, 2, 4, 3]_1_3', 'bpc_45_[1, 0, 3]_1_3', 'bpc_45_[1, 0, 4, 2, 3]_1_3', 'bpc_45_[1, 0, 4, 3]_1_3']
upper  320.0
lower  160.0
1.0
False
upper bound:320.0
lower bound:160.0
['bpc_20_[1, 0, 2, 3, 7]_1_7']
upper  320.0
lower  160.0
['bpc_20_[1, 0, 2, 3, 7]_1_7', 'bpc_20_[1, 0, 2, 4, 3, 7]_1_7']
upper  320.0
lower  160.0
['bpc_20_[1, 0, 2, 3, 7]_1_7', 'bpc_20_[1, 0, 2, 4, 3, 7]_1_7', 'bpc_20_[1, 0, 3, 7]_1_7']
upper  320.0
lower  160.0
['bpc_20_[1, 0, 2, 3, 7]_1_7', 'bpc_20_[1, 0, 2, 4, 3, 7]_1_7', 'bpc_20_[1, 0, 3, 7]_1_7', 'bpc_20_[1, 0, 4, 2, 3, 7]_1_7']
upper  320.0
lower  160.0
['bpc_20_[1, 0, 2, 3, 7]_1_7', 'bpc_20_[1, 0, 2, 4, 3, 7]_1_7', 'bpc_20_[1, 0, 3, 7]_1_7', 'bpc_20_[1, 0, 4, 2, 3, 7]_1_7', 'bpc_20_[1, 0, 4, 3, 7]_1_7']
upper  320.0
lower  160.0
1.0
False
upper bound:320.0
lower bound:160.0
['bpc_201_[1, 0, 2, 6]_1_6']
upper  320.0
lower  160.0
['bpc_201_[1, 0, 2, 6]_1_6', 'bpc_201_[1, 0, 3, 2, 6]_1_6']
upper  320.0
lower  160.0
['bpc_201_[1, 0, 2, 6]_1_6', 'bpc_201_[1, 0, 3, 2, 6]_1_6', 'bpc_201_[1, 0, 3, 4, 2, 6]_1_6']
upper  320.0
lower  160.0
['bpc_201_[1, 0, 2, 6]_1_6', 'bpc_201_[1, 0, 3, 2, 6]_1_6', 'bpc_201_[1, 0, 3, 4, 2, 6]_1_6', 'bpc_201_[1, 0, 4, 2, 6]_1_6']
upper  320.0
lower  160.0
['bpc_201_[1, 0, 2, 6]_1_6', 'bpc_201_[1, 0, 3, 2, 6]_1_6', 'bpc_201_[1, 0, 3, 4, 2, 6]_1_6', 'bpc_201_[1, 0, 4, 2, 6]_1_6', 'bpc_201_[1, 0, 4, 3, 2, 6]_1_6']
upper  320.0
lower  160.0
1.0
False
upper bound:320.0
lower bound:160.0
['bpc_37_[1, 0]_1_0']
upper  320.0
lower  160.0
['bpc_37_[1, 0]_1_0', 'bpc_37_[1, 2, 0]_1_0']
upper  320.0
lower  160.0
['bpc_37_[1, 0]_1_0', 'bpc_37_[1, 2, 0]_1_0', 'bpc_37_[1, 2, 3, 0]_1_0']
upper  320.0
lower  160.0
['bpc_37_[1, 0]_1_0', 'bpc_37_[1, 2, 0]_1_0', 'bpc_37_[1, 2, 3, 0]_1_0', 'bpc_37_[1, 2, 3, 4, 0]_1_0']
upper  320.0
lower  160.0
['bpc_37_[1, 0]_1_0', 'bpc_37_[1, 2, 0]_1_0', 'bpc_37_[1, 2, 3, 0]_1_0', 'bpc_37_[1, 2, 3, 4, 0]_1_0', 'bpc_37_[1, 2, 4, 0]_1_0']
upper  320.0
lower  160.0
1.0
False
upper bound:320.0
lower bound:160.0
['bpc_113_[1, 0, 2, 6]_1_6']
upper  320.0
lower  160.0
['bpc_113_[1, 0, 2, 6]_1_6', 'bpc_113_[1, 0, 3, 2, 6]_1_6']
upper  320.0
lower  160.0
['bpc_113_[1, 0, 2, 6]_1_6', 'bpc_113_[1, 0, 3, 2, 6]_1_6', 'bpc_113_[1, 0, 3, 4, 2, 6]_1_6']
upper  320.0
lower  160.0
['bpc_113_[1, 0, 2, 6]_1_6', 'bpc_113_[1, 0, 3, 2, 6]_1_6', 'bpc_113_[1, 0, 3, 4, 2, 6]_1_6', 'bpc_113_[1, 0, 4, 2, 6]_1_6']
upper  320.0
lower  160.0
['bpc_113_[1, 0, 2, 6]_1_6', 'bpc_113_[1, 0, 3, 2, 6]_1_6', 'bpc_113_[1, 0, 3, 4, 2, 6]_1_6', 'bpc_113_[1, 0, 4, 2, 6]_1_6', 'bpc_113_[1, 0, 4, 3, 2, 6]_1_6']
upper  320.0
lower  160.0
1.0
False
upper bound:320.0
lower bound:160.0
['bpc_12_[1, 0, 2, 3, 4]_1_4']
upper  320.0
lower  160.0
['bpc_12_[1, 0, 2, 3, 4]_1_4', 'bpc_12_[1, 0, 2, 4]_1_4']
upper  320.0
lower  160.0
['bpc_12_[1, 0, 2, 3, 4]_1_4', 'bpc_12_[1, 0, 2, 4]_1_4', 'bpc_12_[1, 0, 3, 2, 4]_1_4']
upper  320.0
lower  160.0
['bpc_12_[1, 0, 2, 3, 4]_1_4', 'bpc_12_[1, 0, 2, 4]_1_4', 'bpc_12_[1, 0, 3, 2, 4]_1_4', 'bpc_12_[1, 0, 3, 4]_1_4']
upper  320.0
lower  160.0
['bpc_12_[1, 0, 2, 3, 4]_1_4', 'bpc_12_[1, 0, 2, 4]_1_4', 'bpc_12_[1, 0, 3, 2, 4]_1_4', 'bpc_12_[1, 0, 3, 4]_1_4', 'bpc_12_[1, 0, 4]_1_4']
upper  320.0
lower  160.0
1.0
False
upper bound:320.0
lower bound:160.0
['bpc_142_[1, 0, 1]_1_1']
upper  320.0
lower  160.0
['bpc_142_[1, 0, 1]_1_1', 'bpc_142_[1, 0, 2, 1]_1_1']
upper  320.0
lower  160.0
['bpc_142_[1, 0, 1]_1_1', 'bpc_142_[1, 0, 2, 1]_1_1', 'bpc_142_[1, 0, 2, 3, 1]_1_1']
upper  320.0
lower  160.0
['bpc_142_[1, 0, 1]_1_1', 'bpc_142_[1, 0, 2, 1]_1_1', 'bpc_142_[1, 0, 2, 3, 1]_1_1', 'bpc_142_[1, 0, 2, 3, 4, 1]_1_1']
upper  320.0
lower  160.0
['bpc_142_[1, 0, 1]_1_1', 'bpc_142_[1, 0, 2, 1]_1_1', 'bpc_142_[1, 0, 2, 3, 1]_1_1', 'bpc_142_[1, 0, 2, 3, 4, 1]_1_1', 'bpc_142_[1, 0, 2, 4, 1]_1_1']
upper  320.0
lower  160.0
1.0
False
upper bound:320.0
lower bound:160.0
['bpc_218_[1, 0, 2, 3, 7]_1_7']
upper  320.0
lower  160.0
['bpc_218_[1, 0, 2, 3, 7]_1_7', 'bpc_218_[1, 0, 2, 4, 3, 7]_1_7']
upper  320.0
lower  160.0
['bpc_218_[1, 0, 2, 3, 7]_1_7', 'bpc_218_[1, 0, 2, 4, 3, 7]_1_7', 'bpc_218_[1, 0, 3, 7]_1_7']
upper  320.0
lower  160.0
['bpc_218_[1, 0, 2, 3, 7]_1_7', 'bpc_218_[1, 0, 2, 4, 3, 7]_1_7', 'bpc_218_[1, 0, 3, 7]_1_7', 'bpc_218_[1, 0, 4, 2, 3, 7]_1_7']
upper  320.0
lower  160.0
['bpc_218_[1, 0, 2, 3, 7]_1_7', 'bpc_218_[1, 0, 2, 4, 3, 7]_1_7', 'bpc_218_[1, 0, 3, 7]_1_7', 'bpc_218_[1, 0, 4, 2, 3, 7]_1_7', 'bpc_218_[1, 0, 4, 3, 7]_1_7']
upper  320.0
lower  160.0
1.0
False
upper bound:320.0
lower bound:160.0
['bpc_54_[1, 0, 1]_1_1']
upper  320.0
lower  160.0
['bpc_54_[1, 0, 1]_1_1', 'bpc_54_[1, 0, 2, 1]_1_1']
upper  320.0
lower  160.0
['bpc_54_[1, 0, 1]_1_1', 'bpc_54_[1, 0, 2, 1]_1_1', 'bpc_54_[1, 0, 2, 3, 1]_1_1']
upper  320.0
lower  160.0
['bpc_54_[1, 0, 1]_1_1', 'bpc_54_[1, 0, 2, 1]_1_1', 'bpc_54_[1, 0, 2, 3, 1]_1_1', 'bpc_54_[1, 0, 2, 3, 4, 1]_1_1']
upper  320.0
lower  160.0
['bpc_54_[1, 0, 1]_1_1', 'bpc_54_[1, 0, 2, 1]_1_1', 'bpc_54_[1, 0, 2, 3, 1]_1_1', 'bpc_54_[1, 0, 2, 3, 4, 1]_1_1', 'bpc_54_[1, 0, 2, 4, 1]_1_1']
upper  320.0
lower  160.0
1.0
False
upper bound:320.0
lower bound:160.0
['bpc_29_[1, 0, 2, 5]_1_5']
upper  320.0
lower  160.0
['bpc_29_[1, 0, 2, 5]_1_5', 'bpc_29_[1, 0, 3, 2, 5]_1_5']
upper  320.0
lower  160.0
['bpc_29_[1, 0, 2, 5]_1_5', 'bpc_29_[1, 0, 3, 2, 5]_1_5', 'bpc_29_[1, 0, 3, 4, 2, 5]_1_5']
upper  320.0
lower  160.0
['bpc_29_[1, 0, 2, 5]_1_5', 'bpc_29_[1, 0, 3, 2, 5]_1_5', 'bpc_29_[1, 0, 3, 4, 2, 5]_1_5', 'bpc_29_[1, 0, 4, 2, 5]_1_5']
upper  320.0
lower  160.0
['bpc_29_[1, 0, 2, 5]_1_5', 'bpc_29_[1, 0, 3, 2, 5]_1_5', 'bpc_29_[1, 0, 3, 4, 2, 5]_1_5', 'bpc_29_[1, 0, 4, 2, 5]_1_5', 'bpc_29_[1, 0, 4, 3, 2, 5]_1_5']
upper  320.0
lower  160.0
1.0
False
upper bound:320.0
lower bound:160.0
['bpc_168_[1, 0, 2, 3, 4, 9]_1_9']
upper  320.0
lower  160.0
['bpc_168_[1, 0, 2, 3, 4, 9]_1_9', 'bpc_168_[1, 0, 2, 4, 9]_1_9']
upper  320.0
lower  160.0
['bpc_168_[1, 0, 2, 3, 4, 9]_1_9', 'bpc_168_[1, 0, 2, 4, 9]_1_9', 'bpc_168_[1, 0, 3, 2, 4, 9]_1_9']
upper  320.0
lower  160.0
['bpc_168_[1, 0, 2, 3, 4, 9]_1_9', 'bpc_168_[1, 0, 2, 4, 9]_1_9', 'bpc_168_[1, 0, 3, 2, 4, 9]_1_9', 'bpc_168_[1, 0, 3, 4, 9]_1_9']
upper  320.0
lower  160.0
['bpc_168_[1, 0, 2, 3, 4, 9]_1_9', 'bpc_168_[1, 0, 2, 4, 9]_1_9', 'bpc_168_[1, 0, 3, 2, 4, 9]_1_9', 'bpc_168_[1, 0, 3, 4, 9]_1_9', 'bpc_168_[1, 0, 4, 9]_1_9']
upper  320.0
lower  160.0
1.0
False
upper bound:320.0
lower bound:160.0
['bpc_80_[1, 0, 2, 3, 4, 9]_1_9']
upper  320.0
lower  160.0
['bpc_80_[1, 0, 2, 3, 4, 9]_1_9', 'bpc_80_[1, 0, 2, 4, 9]_1_9']
upper  320.0
lower  160.0
['bpc_80_[1, 0, 2, 3, 4, 9]_1_9', 'bpc_80_[1, 0, 2, 4, 9]_1_9', 'bpc_80_[1, 0, 3, 2, 4, 9]_1_9']
upper  320.0
lower  160.0
['bpc_80_[1, 0, 2, 3, 4, 9]_1_9', 'bpc_80_[1, 0, 2, 4, 9]_1_9', 'bpc_80_[1, 0, 3, 2, 4, 9]_1_9', 'bpc_80_[1, 0, 3, 4, 9]_1_9']
upper  320.0
lower  160.0
['bpc_80_[1, 0, 2, 3, 4, 9]_1_9', 'bpc_80_[1, 0, 2, 4, 9]_1_9', 'bpc_80_[1, 0, 3, 2, 4, 9]_1_9', 'bpc_80_[1, 0, 3, 4, 9]_1_9', 'bpc_80_[1, 0, 4, 9]_1_9']
upper  320.0
lower  160.0
1.0
False
upper bound:320.0
lower bound:160.0
['bpc_210_[1, 0, 2, 3, 4]_1_4']
upper  320.0
lower  160.0
['bpc_210_[1, 0, 2, 3, 4]_1_4', 'bpc_210_[1, 0, 2, 4]_1_4']
upper  320.0
lower  160.0
['bpc_210_[1, 0, 2, 3, 4]_1_4', 'bpc_210_[1, 0, 2, 4]_1_4', 'bpc_210_[1, 0, 3, 2, 4]_1_4']
upper  320.0
lower  160.0
['bpc_210_[1, 0, 2, 3, 4]_1_4', 'bpc_210_[1, 0, 2, 4]_1_4', 'bpc_210_[1, 0, 3, 2, 4]_1_4', 'bpc_210_[1, 0, 3, 4]_1_4']
upper  320.0
lower  160.0
['bpc_210_[1, 0, 2, 3, 4]_1_4', 'bpc_210_[1, 0, 2, 4]_1_4', 'bpc_210_[1, 0, 3, 2, 4]_1_4', 'bpc_210_[1, 0, 3, 4]_1_4', 'bpc_210_[1, 0, 4]_1_4']
upper  320.0
lower  160.0
1.0
False
upper bound:320.0
lower bound:160.0
['bpc_185_[1, 0, 2, 3, 4, 10]_1_10']
upper  320.0
lower  160.0
['bpc_185_[1, 0, 2, 3, 4, 10]_1_10', 'bpc_185_[1, 0, 2, 4, 10]_1_10']
upper  320.0
lower  160.0
['bpc_185_[1, 0, 2, 3, 4, 10]_1_10', 'bpc_185_[1, 0, 2, 4, 10]_1_10', 'bpc_185_[1, 0, 3, 2, 4, 10]_1_10']
upper  320.0
lower  160.0
['bpc_185_[1, 0, 2, 3, 4, 10]_1_10', 'bpc_185_[1, 0, 2, 4, 10]_1_10', 'bpc_185_[1, 0, 3, 2, 4, 10]_1_10', 'bpc_185_[1, 0, 3, 4, 10]_1_10']
upper  320.0
lower  160.0
['bpc_185_[1, 0, 2, 3, 4, 10]_1_10', 'bpc_185_[1, 0, 2, 4, 10]_1_10', 'bpc_185_[1, 0, 3, 2, 4, 10]_1_10', 'bpc_185_[1, 0, 3, 4, 10]_1_10', 'bpc_185_[1, 0, 4, 10]_1_10']
upper  320.0
lower  160.0
1.0
False
upper bound:320.0
lower bound:160.0
['bpc_122_[1, 0, 2, 3, 4]_1_4']
upper  320.0
lower  160.0
['bpc_122_[1, 0, 2, 3, 4]_1_4', 'bpc_122_[1, 0, 2, 4]_1_4']
upper  320.0
lower  160.0
['bpc_122_[1, 0, 2, 3, 4]_1_4', 'bpc_122_[1, 0, 2, 4]_1_4', 'bpc_122_[1, 0, 3, 2, 4]_1_4']
upper  320.0
lower  160.0
['bpc_122_[1, 0, 2, 3, 4]_1_4', 'bpc_122_[1, 0, 2, 4]_1_4', 'bpc_122_[1, 0, 3, 2, 4]_1_4', 'bpc_122_[1, 0, 3, 4]_1_4']
upper  320.0
lower  160.0
['bpc_122_[1, 0, 2, 3, 4]_1_4', 'bpc_122_[1, 0, 2, 4]_1_4', 'bpc_122_[1, 0, 3, 2, 4]_1_4', 'bpc_122_[1, 0, 3, 4]_1_4', 'bpc_122_[1, 0, 4]_1_4']
upper  320.0
lower  160.0
1.0
False
upper bound:320.0
lower bound:160.0
['bpc_160_[1, 0, 2]_1_2']
upper  320.0
lower  160.0
['bpc_160_[1, 0, 2]_1_2', 'bpc_160_[1, 0, 3, 2]_1_2']
upper  320.0
lower  160.0
['bpc_160_[1, 0, 2]_1_2', 'bpc_160_[1, 0, 3, 2]_1_2', 'bpc_160_[1, 0, 3, 4, 2]_1_2']
upper  320.0
lower  160.0
['bpc_160_[1, 0, 2]_1_2', 'bpc_160_[1, 0, 3, 2]_1_2', 'bpc_160_[1, 0, 3, 4, 2]_1_2', 'bpc_160_[1, 0, 4, 2]_1_2']
upper  320.0
lower  160.0
['bpc_160_[1, 0, 2]_1_2', 'bpc_160_[1, 0, 3, 2]_1_2', 'bpc_160_[1, 0, 3, 4, 2]_1_2', 'bpc_160_[1, 0, 4, 2]_1_2', 'bpc_160_[1, 0, 4, 3, 2]_1_2']
upper  320.0
lower  160.0
1.0
False
upper bound:320.0
lower bound:160.0
['bpc_97_[1, 0, 2, 3, 4, 10]_1_10']
upper  320.0
lower  160.0
['bpc_97_[1, 0, 2, 3, 4, 10]_1_10', 'bpc_97_[1, 0, 2, 4, 10]_1_10']
upper  320.0
lower  160.0
['bpc_97_[1, 0, 2, 3, 4, 10]_1_10', 'bpc_97_[1, 0, 2, 4, 10]_1_10', 'bpc_97_[1, 0, 3, 2, 4, 10]_1_10']
upper  320.0
lower  160.0
['bpc_97_[1, 0, 2, 3, 4, 10]_1_10', 'bpc_97_[1, 0, 2, 4, 10]_1_10', 'bpc_97_[1, 0, 3, 2, 4, 10]_1_10', 'bpc_97_[1, 0, 3, 4, 10]_1_10']
upper  320.0
lower  160.0
['bpc_97_[1, 0, 2, 3, 4, 10]_1_10', 'bpc_97_[1, 0, 2, 4, 10]_1_10', 'bpc_97_[1, 0, 3, 2, 4, 10]_1_10', 'bpc_97_[1, 0, 3, 4, 10]_1_10', 'bpc_97_[1, 0, 4, 10]_1_10']
upper  320.0
lower  160.0
1.0
False
upper bound:320.0
lower bound:160.0
['bpc_151_[1, 0, 2, 3, 8]_1_8']
upper  320.0
lower  160.0
['bpc_151_[1, 0, 2, 3, 8]_1_8', 'bpc_151_[1, 0, 2, 4, 3, 8]_1_8']
upper  320.0
lower  160.0
['bpc_151_[1, 0, 2, 3, 8]_1_8', 'bpc_151_[1, 0, 2, 4, 3, 8]_1_8', 'bpc_151_[1, 0, 3, 8]_1_8']
upper  320.0
lower  160.0
['bpc_151_[1, 0, 2, 3, 8]_1_8', 'bpc_151_[1, 0, 2, 4, 3, 8]_1_8', 'bpc_151_[1, 0, 3, 8]_1_8', 'bpc_151_[1, 0, 4, 2, 3, 8]_1_8']
upper  320.0
lower  160.0
['bpc_151_[1, 0, 2, 3, 8]_1_8', 'bpc_151_[1, 0, 2, 4, 3, 8]_1_8', 'bpc_151_[1, 0, 3, 8]_1_8', 'bpc_151_[1, 0, 4, 2, 3, 8]_1_8', 'bpc_151_[1, 0, 4, 3, 8]_1_8']
upper  320.0
lower  160.0
1.0
False
upper bound:320.0
lower bound:160.0
['bpc_72_[1, 0, 2]_1_2']
upper  320.0
lower  160.0
['bpc_72_[1, 0, 2]_1_2', 'bpc_72_[1, 0, 3, 2]_1_2']
upper  320.0
lower  160.0
['bpc_72_[1, 0, 2]_1_2', 'bpc_72_[1, 0, 3, 2]_1_2', 'bpc_72_[1, 0, 3, 4, 2]_1_2']
upper  320.0
lower  160.0
['bpc_72_[1, 0, 2]_1_2', 'bpc_72_[1, 0, 3, 2]_1_2', 'bpc_72_[1, 0, 3, 4, 2]_1_2', 'bpc_72_[1, 0, 4, 2]_1_2']
upper  320.0
lower  160.0
['bpc_72_[1, 0, 2]_1_2', 'bpc_72_[1, 0, 3, 2]_1_2', 'bpc_72_[1, 0, 3, 4, 2]_1_2', 'bpc_72_[1, 0, 4, 2]_1_2', 'bpc_72_[1, 0, 4, 3, 2]_1_2']
upper  320.0
lower  160.0
1.0
False
upper bound:320.0
lower bound:160.0
['bpc_63_[1, 0, 2, 3, 8]_1_8']
upper  320.0
lower  160.0
['bpc_63_[1, 0, 2, 3, 8]_1_8', 'bpc_63_[1, 0, 2, 4, 3, 8]_1_8']
upper  320.0
lower  160.0
['bpc_63_[1, 0, 2, 3, 8]_1_8', 'bpc_63_[1, 0, 2, 4, 3, 8]_1_8', 'bpc_63_[1, 0, 3, 8]_1_8']
upper  320.0
lower  160.0
['bpc_63_[1, 0, 2, 3, 8]_1_8', 'bpc_63_[1, 0, 2, 4, 3, 8]_1_8', 'bpc_63_[1, 0, 3, 8]_1_8', 'bpc_63_[1, 0, 4, 2, 3, 8]_1_8']
upper  320.0
lower  160.0
['bpc_63_[1, 0, 2, 3, 8]_1_8', 'bpc_63_[1, 0, 2, 4, 3, 8]_1_8', 'bpc_63_[1, 0, 3, 8]_1_8', 'bpc_63_[1, 0, 4, 2, 3, 8]_1_8', 'bpc_63_[1, 0, 4, 3, 8]_1_8']
upper  320.0
lower  160.0
1.0
False
upper bound:320.0
lower bound:160.0
['bpc_177_[1, 0, 2, 3]_1_3']
upper  320.0
lower  160.0
['bpc_177_[1, 0, 2, 3]_1_3', 'bpc_177_[1, 0, 2, 4, 3]_1_3']
upper  320.0
lower  160.0
['bpc_177_[1, 0, 2, 3]_1_3', 'bpc_177_[1, 0, 2, 4, 3]_1_3', 'bpc_177_[1, 0, 3]_1_3']
upper  320.0
lower  160.0
['bpc_177_[1, 0, 2, 3]_1_3', 'bpc_177_[1, 0, 2, 4, 3]_1_3', 'bpc_177_[1, 0, 3]_1_3', 'bpc_177_[1, 0, 4, 2, 3]_1_3']
upper  320.0
lower  160.0
['bpc_177_[1, 0, 2, 3]_1_3', 'bpc_177_[1, 0, 2, 4, 3]_1_3', 'bpc_177_[1, 0, 3]_1_3', 'bpc_177_[1, 0, 4, 2, 3]_1_3', 'bpc_177_[1, 0, 4, 3]_1_3']
upper  320.0
lower  160.0
1.0
False
upper bound:320.0
lower bound:160.0
['bpc_152_[1, 0, 2, 3, 7]_1_7']
upper  320.0
lower  160.0
['bpc_152_[1, 0, 2, 3, 7]_1_7', 'bpc_152_[1, 0, 2, 4, 3, 7]_1_7']
upper  320.0
lower  160.0
['bpc_152_[1, 0, 2, 3, 7]_1_7', 'bpc_152_[1, 0, 2, 4, 3, 7]_1_7', 'bpc_152_[1, 0, 3, 7]_1_7']
upper  320.0
lower  160.0
['bpc_152_[1, 0, 2, 3, 7]_1_7', 'bpc_152_[1, 0, 2, 4, 3, 7]_1_7', 'bpc_152_[1, 0, 3, 7]_1_7', 'bpc_152_[1, 0, 4, 2, 3, 7]_1_7']
upper  320.0
lower  160.0
['bpc_152_[1, 0, 2, 3, 7]_1_7', 'bpc_152_[1, 0, 2, 4, 3, 7]_1_7', 'bpc_152_[1, 0, 3, 7]_1_7', 'bpc_152_[1, 0, 4, 2, 3, 7]_1_7', 'bpc_152_[1, 0, 4, 3, 7]_1_7']
upper  320.0
lower  160.0
1.0
False
upper bound:320.0
lower bound:160.0
['bpc_89_[1, 0, 2, 3]_1_3']
upper  320.0
lower  160.0
['bpc_89_[1, 0, 2, 3]_1_3', 'bpc_89_[1, 0, 2, 4, 3]_1_3']
upper  320.0
lower  160.0
['bpc_89_[1, 0, 2, 3]_1_3', 'bpc_89_[1, 0, 2, 4, 3]_1_3', 'bpc_89_[1, 0, 3]_1_3']
upper  320.0
lower  160.0
['bpc_89_[1, 0, 2, 3]_1_3', 'bpc_89_[1, 0, 2, 4, 3]_1_3', 'bpc_89_[1, 0, 3]_1_3', 'bpc_89_[1, 0, 4, 2, 3]_1_3']
upper  320.0
lower  160.0
['bpc_89_[1, 0, 2, 3]_1_3', 'bpc_89_[1, 0, 2, 4, 3]_1_3', 'bpc_89_[1, 0, 3]_1_3', 'bpc_89_[1, 0, 4, 2, 3]_1_3', 'bpc_89_[1, 0, 4, 3]_1_3']
upper  320.0
lower  160.0
1.0
False
upper bound:320.0
lower bound:160.0
['bpc_64_[1, 0, 2, 3, 7]_1_7']
upper  320.0
lower  160.0
['bpc_64_[1, 0, 2, 3, 7]_1_7', 'bpc_64_[1, 0, 2, 4, 3, 7]_1_7']
upper  320.0
lower  160.0
['bpc_64_[1, 0, 2, 3, 7]_1_7', 'bpc_64_[1, 0, 2, 4, 3, 7]_1_7', 'bpc_64_[1, 0, 3, 7]_1_7']
upper  320.0
lower  160.0
['bpc_64_[1, 0, 2, 3, 7]_1_7', 'bpc_64_[1, 0, 2, 4, 3, 7]_1_7', 'bpc_64_[1, 0, 3, 7]_1_7', 'bpc_64_[1, 0, 4, 2, 3, 7]_1_7']
upper  320.0
lower  160.0
['bpc_64_[1, 0, 2, 3, 7]_1_7', 'bpc_64_[1, 0, 2, 4, 3, 7]_1_7', 'bpc_64_[1, 0, 3, 7]_1_7', 'bpc_64_[1, 0, 4, 2, 3, 7]_1_7', 'bpc_64_[1, 0, 4, 3, 7]_1_7']
upper  320.0
lower  160.0
1.0
False
upper bound:320.0
lower bound:160.0
['bpc_169_[1, 0]_1_0']
upper  320.0
lower  160.0
['bpc_169_[1, 0]_1_0', 'bpc_169_[1, 2, 0]_1_0']
upper  320.0
lower  160.0
['bpc_169_[1, 0]_1_0', 'bpc_169_[1, 2, 0]_1_0', 'bpc_169_[1, 2, 3, 0]_1_0']
upper  320.0
lower  160.0
['bpc_169_[1, 0]_1_0', 'bpc_169_[1, 2, 0]_1_0', 'bpc_169_[1, 2, 3, 0]_1_0', 'bpc_169_[1, 2, 3, 4, 0]_1_0']
upper  320.0
lower  160.0
['bpc_169_[1, 0]_1_0', 'bpc_169_[1, 2, 0]_1_0', 'bpc_169_[1, 2, 3, 0]_1_0', 'bpc_169_[1, 2, 3, 4, 0]_1_0', 'bpc_169_[1, 2, 4, 0]_1_0']
upper  320.0
lower  160.0
1.0
False
upper bound:320.0
lower bound:160.0
['bpc_144_[1, 0, 2, 3, 4]_1_4']
upper  320.0
lower  160.0
['bpc_144_[1, 0, 2, 3, 4]_1_4', 'bpc_144_[1, 0, 2, 4]_1_4']
upper  320.0
lower  160.0
['bpc_144_[1, 0, 2, 3, 4]_1_4', 'bpc_144_[1, 0, 2, 4]_1_4', 'bpc_144_[1, 0, 3, 2, 4]_1_4']
upper  320.0
lower  160.0
['bpc_144_[1, 0, 2, 3, 4]_1_4', 'bpc_144_[1, 0, 2, 4]_1_4', 'bpc_144_[1, 0, 3, 2, 4]_1_4', 'bpc_144_[1, 0, 3, 4]_1_4']
upper  320.0
lower  160.0
['bpc_144_[1, 0, 2, 3, 4]_1_4', 'bpc_144_[1, 0, 2, 4]_1_4', 'bpc_144_[1, 0, 3, 2, 4]_1_4', 'bpc_144_[1, 0, 3, 4]_1_4', 'bpc_144_[1, 0, 4]_1_4']
upper  320.0
lower  160.0
1.0
False
upper bound:320.0
lower bound:160.0
['bpc_81_[1, 0]_1_0']
upper  320.0
lower  160.0
['bpc_81_[1, 0]_1_0', 'bpc_81_[1, 2, 0]_1_0']
upper  320.0
lower  160.0
['bpc_81_[1, 0]_1_0', 'bpc_81_[1, 2, 0]_1_0', 'bpc_81_[1, 2, 3, 0]_1_0']
upper  320.0
lower  160.0
['bpc_81_[1, 0]_1_0', 'bpc_81_[1, 2, 0]_1_0', 'bpc_81_[1, 2, 3, 0]_1_0', 'bpc_81_[1, 2, 3, 4, 0]_1_0']
upper  320.0
lower  160.0
['bpc_81_[1, 0]_1_0', 'bpc_81_[1, 2, 0]_1_0', 'bpc_81_[1, 2, 3, 0]_1_0', 'bpc_81_[1, 2, 3, 4, 0]_1_0', 'bpc_81_[1, 2, 4, 0]_1_0']
upper  320.0
lower  160.0
1.0
False
upper bound:320.0
lower bound:160.0
['bpc_135_[1, 0, 2, 6]_1_6']
upper  320.0
lower  160.0
['bpc_135_[1, 0, 2, 6]_1_6', 'bpc_135_[1, 0, 3, 2, 6]_1_6']
upper  320.0
lower  160.0
['bpc_135_[1, 0, 2, 6]_1_6', 'bpc_135_[1, 0, 3, 2, 6]_1_6', 'bpc_135_[1, 0, 3, 4, 2, 6]_1_6']
upper  320.0
lower  160.0
['bpc_135_[1, 0, 2, 6]_1_6', 'bpc_135_[1, 0, 3, 2, 6]_1_6', 'bpc_135_[1, 0, 3, 4, 2, 6]_1_6', 'bpc_135_[1, 0, 4, 2, 6]_1_6']
upper  320.0
lower  160.0
['bpc_135_[1, 0, 2, 6]_1_6', 'bpc_135_[1, 0, 3, 2, 6]_1_6', 'bpc_135_[1, 0, 3, 4, 2, 6]_1_6', 'bpc_135_[1, 0, 4, 2, 6]_1_6', 'bpc_135_[1, 0, 4, 3, 2, 6]_1_6']
upper  320.0
lower  160.0
1.0
False
upper bound:320.0
lower bound:160.0
['bpc_56_[1, 0, 2, 3, 4]_1_4']
upper  320.0
lower  160.0
['bpc_56_[1, 0, 2, 3, 4]_1_4', 'bpc_56_[1, 0, 2, 4]_1_4']
upper  320.0
lower  160.0
['bpc_56_[1, 0, 2, 3, 4]_1_4', 'bpc_56_[1, 0, 2, 4]_1_4', 'bpc_56_[1, 0, 3, 2, 4]_1_4']
upper  320.0
lower  160.0
['bpc_56_[1, 0, 2, 3, 4]_1_4', 'bpc_56_[1, 0, 2, 4]_1_4', 'bpc_56_[1, 0, 3, 2, 4]_1_4', 'bpc_56_[1, 0, 3, 4]_1_4']
upper  320.0
lower  160.0
['bpc_56_[1, 0, 2, 3, 4]_1_4', 'bpc_56_[1, 0, 2, 4]_1_4', 'bpc_56_[1, 0, 3, 2, 4]_1_4', 'bpc_56_[1, 0, 3, 4]_1_4', 'bpc_56_[1, 0, 4]_1_4']
upper  320.0
lower  160.0
1.0
False
upper bound:320.0
lower bound:160.0
['bpc_47_[1, 0, 2, 6]_1_6']
upper  320.0
lower  160.0
['bpc_47_[1, 0, 2, 6]_1_6', 'bpc_47_[1, 0, 3, 2, 6]_1_6']
upper  320.0
lower  160.0
['bpc_47_[1, 0, 2, 6]_1_6', 'bpc_47_[1, 0, 3, 2, 6]_1_6', 'bpc_47_[1, 0, 3, 4, 2, 6]_1_6']
upper  320.0
lower  160.0
['bpc_47_[1, 0, 2, 6]_1_6', 'bpc_47_[1, 0, 3, 2, 6]_1_6', 'bpc_47_[1, 0, 3, 4, 2, 6]_1_6', 'bpc_47_[1, 0, 4, 2, 6]_1_6']
upper  320.0
lower  160.0
['bpc_47_[1, 0, 2, 6]_1_6', 'bpc_47_[1, 0, 3, 2, 6]_1_6', 'bpc_47_[1, 0, 3, 4, 2, 6]_1_6', 'bpc_47_[1, 0, 4, 2, 6]_1_6', 'bpc_47_[1, 0, 4, 3, 2, 6]_1_6']
upper  320.0
lower  160.0
1.0
False
upper bound:320.0
lower bound:160.0
['bpc_186_[1, 0, 1]_1_1']
upper  320.0
lower  160.0
['bpc_186_[1, 0, 1]_1_1', 'bpc_186_[1, 0, 2, 1]_1_1']
upper  320.0
lower  160.0
['bpc_186_[1, 0, 1]_1_1', 'bpc_186_[1, 0, 2, 1]_1_1', 'bpc_186_[1, 0, 2, 3, 1]_1_1']
upper  320.0
lower  160.0
['bpc_186_[1, 0, 1]_1_1', 'bpc_186_[1, 0, 2, 1]_1_1', 'bpc_186_[1, 0, 2, 3, 1]_1_1', 'bpc_186_[1, 0, 2, 3, 4, 1]_1_1']
upper  320.0
lower  160.0
['bpc_186_[1, 0, 1]_1_1', 'bpc_186_[1, 0, 2, 1]_1_1', 'bpc_186_[1, 0, 2, 3, 1]_1_1', 'bpc_186_[1, 0, 2, 3, 4, 1]_1_1', 'bpc_186_[1, 0, 2, 4, 1]_1_1']
upper  320.0
lower  160.0
1.0
False
upper bound:320.0
lower bound:160.0
['bpc_161_[1, 0, 2, 5]_1_5']
upper  320.0
lower  160.0
['bpc_161_[1, 0, 2, 5]_1_5', 'bpc_161_[1, 0, 3, 2, 5]_1_5']
upper  320.0
lower  160.0
['bpc_161_[1, 0, 2, 5]_1_5', 'bpc_161_[1, 0, 3, 2, 5]_1_5', 'bpc_161_[1, 0, 3, 4, 2, 5]_1_5']
upper  320.0
lower  160.0
['bpc_161_[1, 0, 2, 5]_1_5', 'bpc_161_[1, 0, 3, 2, 5]_1_5', 'bpc_161_[1, 0, 3, 4, 2, 5]_1_5', 'bpc_161_[1, 0, 4, 2, 5]_1_5']
upper  320.0
lower  160.0
['bpc_161_[1, 0, 2, 5]_1_5', 'bpc_161_[1, 0, 3, 2, 5]_1_5', 'bpc_161_[1, 0, 3, 4, 2, 5]_1_5', 'bpc_161_[1, 0, 4, 2, 5]_1_5', 'bpc_161_[1, 0, 4, 3, 2, 5]_1_5']
upper  320.0
lower  160.0
1.0
False
upper bound:320.0
lower bound:160.0
['bpc_98_[1, 0, 1]_1_1']
upper  320.0
lower  160.0
['bpc_98_[1, 0, 1]_1_1', 'bpc_98_[1, 0, 2, 1]_1_1']
upper  320.0
lower  160.0
['bpc_98_[1, 0, 1]_1_1', 'bpc_98_[1, 0, 2, 1]_1_1', 'bpc_98_[1, 0, 2, 3, 1]_1_1']
upper  320.0
lower  160.0
['bpc_98_[1, 0, 1]_1_1', 'bpc_98_[1, 0, 2, 1]_1_1', 'bpc_98_[1, 0, 2, 3, 1]_1_1', 'bpc_98_[1, 0, 2, 3, 4, 1]_1_1']
upper  320.0
lower  160.0
['bpc_98_[1, 0, 1]_1_1', 'bpc_98_[1, 0, 2, 1]_1_1', 'bpc_98_[1, 0, 2, 3, 1]_1_1', 'bpc_98_[1, 0, 2, 3, 4, 1]_1_1', 'bpc_98_[1, 0, 2, 4, 1]_1_1']
upper  320.0
lower  160.0
1.0
False
upper bound:320.0
lower bound:160.0
['bpc_73_[1, 0, 2, 5]_1_5']
upper  320.0
lower  160.0
['bpc_73_[1, 0, 2, 5]_1_5', 'bpc_73_[1, 0, 3, 2, 5]_1_5']
upper  320.0
lower  160.0
['bpc_73_[1, 0, 2, 5]_1_5', 'bpc_73_[1, 0, 3, 2, 5]_1_5', 'bpc_73_[1, 0, 3, 4, 2, 5]_1_5']
upper  320.0
lower  160.0
['bpc_73_[1, 0, 2, 5]_1_5', 'bpc_73_[1, 0, 3, 2, 5]_1_5', 'bpc_73_[1, 0, 3, 4, 2, 5]_1_5', 'bpc_73_[1, 0, 4, 2, 5]_1_5']
upper  320.0
lower  160.0
['bpc_73_[1, 0, 2, 5]_1_5', 'bpc_73_[1, 0, 3, 2, 5]_1_5', 'bpc_73_[1, 0, 3, 4, 2, 5]_1_5', 'bpc_73_[1, 0, 4, 2, 5]_1_5', 'bpc_73_[1, 0, 4, 3, 2, 5]_1_5']
upper  320.0
lower  160.0
1.0
False
upper bound:320.0
lower bound:160.0
['bpc_14_[1, 0, 2, 3, 4, 9]_1_9']
upper  320.0
lower  160.0
['bpc_14_[1, 0, 2, 3, 4, 9]_1_9', 'bpc_14_[1, 0, 2, 4, 9]_1_9']
upper  320.0
lower  160.0
['bpc_14_[1, 0, 2, 3, 4, 9]_1_9', 'bpc_14_[1, 0, 2, 4, 9]_1_9', 'bpc_14_[1, 0, 3, 2, 4, 9]_1_9']
upper  320.0
lower  160.0
['bpc_14_[1, 0, 2, 3, 4, 9]_1_9', 'bpc_14_[1, 0, 2, 4, 9]_1_9', 'bpc_14_[1, 0, 3, 2, 4, 9]_1_9', 'bpc_14_[1, 0, 3, 4, 9]_1_9']
upper  320.0
lower  160.0
['bpc_14_[1, 0, 2, 3, 4, 9]_1_9', 'bpc_14_[1, 0, 2, 4, 9]_1_9', 'bpc_14_[1, 0, 3, 2, 4, 9]_1_9', 'bpc_14_[1, 0, 3, 4, 9]_1_9', 'bpc_14_[1, 0, 4, 9]_1_9']
upper  320.0
lower  160.0
1.0
False
upper bound:320.0
lower bound:160.0
['bpc_195_[1, 0, 2, 3, 8]_1_8']
upper  320.0
lower  160.0
['bpc_195_[1, 0, 2, 3, 8]_1_8', 'bpc_195_[1, 0, 2, 4, 3, 8]_1_8']
upper  320.0
lower  160.0
['bpc_195_[1, 0, 2, 3, 8]_1_8', 'bpc_195_[1, 0, 2, 4, 3, 8]_1_8', 'bpc_195_[1, 0, 3, 8]_1_8']
upper  320.0
lower  160.0
['bpc_195_[1, 0, 2, 3, 8]_1_8', 'bpc_195_[1, 0, 2, 4, 3, 8]_1_8', 'bpc_195_[1, 0, 3, 8]_1_8', 'bpc_195_[1, 0, 4, 2, 3, 8]_1_8']
upper  320.0
lower  160.0
['bpc_195_[1, 0, 2, 3, 8]_1_8', 'bpc_195_[1, 0, 2, 4, 3, 8]_1_8', 'bpc_195_[1, 0, 3, 8]_1_8', 'bpc_195_[1, 0, 4, 2, 3, 8]_1_8', 'bpc_195_[1, 0, 4, 3, 8]_1_8']
upper  320.0
lower  160.0
1.0
False
upper bound:320.0
lower bound:160.0
['bpc_31_[1, 0, 2, 3, 4, 10]_1_10']
upper  320.0
lower  160.0
['bpc_31_[1, 0, 2, 3, 4, 10]_1_10', 'bpc_31_[1, 0, 2, 4, 10]_1_10']
upper  320.0
lower  160.0
['bpc_31_[1, 0, 2, 3, 4, 10]_1_10', 'bpc_31_[1, 0, 2, 4, 10]_1_10', 'bpc_31_[1, 0, 3, 2, 4, 10]_1_10']
upper  320.0
lower  160.0
['bpc_31_[1, 0, 2, 3, 4, 10]_1_10', 'bpc_31_[1, 0, 2, 4, 10]_1_10', 'bpc_31_[1, 0, 3, 2, 4, 10]_1_10', 'bpc_31_[1, 0, 3, 4, 10]_1_10']
upper  320.0
lower  160.0
['bpc_31_[1, 0, 2, 3, 4, 10]_1_10', 'bpc_31_[1, 0, 2, 4, 10]_1_10', 'bpc_31_[1, 0, 3, 2, 4, 10]_1_10', 'bpc_31_[1, 0, 3, 4, 10]_1_10', 'bpc_31_[1, 0, 4, 10]_1_10']
upper  320.0
lower  160.0
1.0
False
upper bound:320.0
lower bound:160.0
['bpc_107_[1, 0, 2, 3, 8]_1_8']
upper  320.0
lower  160.0
['bpc_107_[1, 0, 2, 3, 8]_1_8', 'bpc_107_[1, 0, 2, 4, 3, 8]_1_8']
upper  320.0
lower  160.0
['bpc_107_[1, 0, 2, 3, 8]_1_8', 'bpc_107_[1, 0, 2, 4, 3, 8]_1_8', 'bpc_107_[1, 0, 3, 8]_1_8']
upper  320.0
lower  160.0
['bpc_107_[1, 0, 2, 3, 8]_1_8', 'bpc_107_[1, 0, 2, 4, 3, 8]_1_8', 'bpc_107_[1, 0, 3, 8]_1_8', 'bpc_107_[1, 0, 4, 2, 3, 8]_1_8']
upper  320.0
lower  160.0
['bpc_107_[1, 0, 2, 3, 8]_1_8', 'bpc_107_[1, 0, 2, 4, 3, 8]_1_8', 'bpc_107_[1, 0, 3, 8]_1_8', 'bpc_107_[1, 0, 4, 2, 3, 8]_1_8', 'bpc_107_[1, 0, 4, 3, 8]_1_8']
upper  320.0
lower  160.0
1.0
False
upper bound:320.0
lower bound:160.0
['bpc_6_[1, 0, 2]_1_2']
upper  320.0
lower  160.0
['bpc_6_[1, 0, 2]_1_2', 'bpc_6_[1, 0, 3, 2]_1_2']
upper  320.0
lower  160.0
['bpc_6_[1, 0, 2]_1_2', 'bpc_6_[1, 0, 3, 2]_1_2', 'bpc_6_[1, 0, 3, 4, 2]_1_2']
upper  320.0
lower  160.0
['bpc_6_[1, 0, 2]_1_2', 'bpc_6_[1, 0, 3, 2]_1_2', 'bpc_6_[1, 0, 3, 4, 2]_1_2', 'bpc_6_[1, 0, 4, 2]_1_2']
upper  320.0
lower  160.0
['bpc_6_[1, 0, 2]_1_2', 'bpc_6_[1, 0, 3, 2]_1_2', 'bpc_6_[1, 0, 3, 4, 2]_1_2', 'bpc_6_[1, 0, 4, 2]_1_2', 'bpc_6_[1, 0, 4, 3, 2]_1_2']
upper  320.0
lower  160.0
1.0
False
upper bound:320.0
lower bound:160.0
['bpc_212_[1, 0, 2, 3, 4, 9]_1_9']
upper  320.0
lower  160.0
['bpc_212_[1, 0, 2, 3, 4, 9]_1_9', 'bpc_212_[1, 0, 2, 4, 9]_1_9']
upper  320.0
lower  160.0
['bpc_212_[1, 0, 2, 3, 4, 9]_1_9', 'bpc_212_[1, 0, 2, 4, 9]_1_9', 'bpc_212_[1, 0, 3, 2, 4, 9]_1_9']
upper  320.0
lower  160.0
['bpc_212_[1, 0, 2, 3, 4, 9]_1_9', 'bpc_212_[1, 0, 2, 4, 9]_1_9', 'bpc_212_[1, 0, 3, 2, 4, 9]_1_9', 'bpc_212_[1, 0, 3, 4, 9]_1_9']
upper  320.0
lower  160.0
['bpc_212_[1, 0, 2, 3, 4, 9]_1_9', 'bpc_212_[1, 0, 2, 4, 9]_1_9', 'bpc_212_[1, 0, 3, 2, 4, 9]_1_9', 'bpc_212_[1, 0, 3, 4, 9]_1_9', 'bpc_212_[1, 0, 4, 9]_1_9']
upper  320.0
lower  160.0
(7, 3)
(1, 3)
(3, 0)
(2, 1)
(6, 2)
(9, 4)
(3, 7)
(2, 5)
(0, 3)
(4, 0)
(1, 2)
(4, 9)
(0, 4)
(4, 1)
(4, 10)
(3, 2)
(2, 6)
(10, 4)
(1, 4)
(2, 3)
(4, 2)
(1, 0)
(0, 1)
(8, 3)
(5, 2)
(3, 1)
(2, 4)
(3, 8)
(2, 0)
(4, 3)
(3, 4)
(0, 2)
Parallel mode: deterministic, using up to 4 threads for concurrent optimization.
Tried aggregator 1 time.
LP Presolve eliminated 4681 rows and 550 columns.
Reduced LP has 1069 rows, 550 columns, and 154981 nonzeros.
Presolve time = 0.03 sec. (41.88 ticks)
Initializing dual steep norms . . .

Iteration log . . .
Iteration:     1   Dual infeasibility =           243.000000
Iteration:     4   Dual objective     =         68233.333333
Perturbation started.
Iteration:   106   Dual objective     =         23266.666667
Removing perturbation.
Reinitializing dual norms . . .

Dual simplex solved model.

('Solution status = ', 1)
('Obj ', 23266.666666666668)
throughput:23266.6666667
5 round
1.0
False
upper bound:600.0
lower bound:320.0
['bpc_15_[1, 0]_1_0']
upper  600.0
lower  320.0
['bpc_15_[1, 0]_1_0', 'bpc_15_[1, 2, 0]_1_0']
upper  600.0
lower  320.0
['bpc_15_[1, 0]_1_0', 'bpc_15_[1, 2, 0]_1_0', 'bpc_15_[1, 2, 3, 0]_1_0']
upper  600.0
lower  320.0
['bpc_15_[1, 0]_1_0', 'bpc_15_[1, 2, 0]_1_0', 'bpc_15_[1, 2, 3, 0]_1_0', 'bpc_15_[1, 2, 3, 4, 0]_1_0']
upper  600.0
lower  320.0
['bpc_15_[1, 0]_1_0', 'bpc_15_[1, 2, 0]_1_0', 'bpc_15_[1, 2, 3, 0]_1_0', 'bpc_15_[1, 2, 3, 4, 0]_1_0', 'bpc_15_[1, 2, 4, 0]_1_0']
upper  600.0
lower  320.0
1.0
False
upper bound:600.0
lower bound:320.0
['bpc_213_[1, 0]_1_0']
upper  600.0
lower  320.0
['bpc_213_[1, 0]_1_0', 'bpc_213_[1, 2, 0]_1_0']
upper  600.0
lower  320.0
['bpc_213_[1, 0]_1_0', 'bpc_213_[1, 2, 0]_1_0', 'bpc_213_[1, 2, 3, 0]_1_0']
upper  600.0
lower  320.0
['bpc_213_[1, 0]_1_0', 'bpc_213_[1, 2, 0]_1_0', 'bpc_213_[1, 2, 3, 0]_1_0', 'bpc_213_[1, 2, 3, 4, 0]_1_0']
upper  600.0
lower  320.0
['bpc_213_[1, 0]_1_0', 'bpc_213_[1, 2, 0]_1_0', 'bpc_213_[1, 2, 3, 0]_1_0', 'bpc_213_[1, 2, 3, 4, 0]_1_0', 'bpc_213_[1, 2, 4, 0]_1_0']
upper  600.0
lower  320.0
1.0
False
upper bound:600.0
lower bound:320.0
['bpc_125_[1, 0]_1_0']
upper  600.0
lower  320.0
['bpc_125_[1, 0]_1_0', 'bpc_125_[1, 2, 0]_1_0']
upper  600.0
lower  320.0
['bpc_125_[1, 0]_1_0', 'bpc_125_[1, 2, 0]_1_0', 'bpc_125_[1, 2, 3, 0]_1_0']
upper  600.0
lower  320.0
['bpc_125_[1, 0]_1_0', 'bpc_125_[1, 2, 0]_1_0', 'bpc_125_[1, 2, 3, 0]_1_0', 'bpc_125_[1, 2, 3, 4, 0]_1_0']
upper  600.0
lower  320.0
['bpc_125_[1, 0]_1_0', 'bpc_125_[1, 2, 0]_1_0', 'bpc_125_[1, 2, 3, 0]_1_0', 'bpc_125_[1, 2, 3, 4, 0]_1_0', 'bpc_125_[1, 2, 4, 0]_1_0']
upper  600.0
lower  320.0
1.0
False
upper bound:600.0
lower bound:320.0
['bpc_147_[1, 0]_1_0']
upper  600.0
lower  320.0
['bpc_147_[1, 0]_1_0', 'bpc_147_[1, 2, 0]_1_0']
upper  600.0
lower  320.0
['bpc_147_[1, 0]_1_0', 'bpc_147_[1, 2, 0]_1_0', 'bpc_147_[1, 2, 3, 0]_1_0']
upper  600.0
lower  320.0
['bpc_147_[1, 0]_1_0', 'bpc_147_[1, 2, 0]_1_0', 'bpc_147_[1, 2, 3, 0]_1_0', 'bpc_147_[1, 2, 3, 4, 0]_1_0']
upper  600.0
lower  320.0
['bpc_147_[1, 0]_1_0', 'bpc_147_[1, 2, 0]_1_0', 'bpc_147_[1, 2, 3, 0]_1_0', 'bpc_147_[1, 2, 3, 4, 0]_1_0', 'bpc_147_[1, 2, 4, 0]_1_0']
upper  600.0
lower  320.0
1.0
False
upper bound:600.0
lower bound:320.0
['bpc_59_[1, 0]_1_0']
upper  600.0
lower  320.0
['bpc_59_[1, 0]_1_0', 'bpc_59_[1, 2, 0]_1_0']
upper  600.0
lower  320.0
['bpc_59_[1, 0]_1_0', 'bpc_59_[1, 2, 0]_1_0', 'bpc_59_[1, 2, 3, 0]_1_0']
upper  600.0
lower  320.0
['bpc_59_[1, 0]_1_0', 'bpc_59_[1, 2, 0]_1_0', 'bpc_59_[1, 2, 3, 0]_1_0', 'bpc_59_[1, 2, 3, 4, 0]_1_0']
upper  600.0
lower  320.0
['bpc_59_[1, 0]_1_0', 'bpc_59_[1, 2, 0]_1_0', 'bpc_59_[1, 2, 3, 0]_1_0', 'bpc_59_[1, 2, 3, 4, 0]_1_0', 'bpc_59_[1, 2, 4, 0]_1_0']
upper  600.0
lower  320.0
1.0
False
upper bound:600.0
lower bound:320.0
['bpc_191_[1, 0]_1_0']
upper  600.0
lower  320.0
['bpc_191_[1, 0]_1_0', 'bpc_191_[1, 2, 0]_1_0']
upper  600.0
lower  320.0
['bpc_191_[1, 0]_1_0', 'bpc_191_[1, 2, 0]_1_0', 'bpc_191_[1, 2, 3, 0]_1_0']
upper  600.0
lower  320.0
['bpc_191_[1, 0]_1_0', 'bpc_191_[1, 2, 0]_1_0', 'bpc_191_[1, 2, 3, 0]_1_0', 'bpc_191_[1, 2, 3, 4, 0]_1_0']
upper  600.0
lower  320.0
['bpc_191_[1, 0]_1_0', 'bpc_191_[1, 2, 0]_1_0', 'bpc_191_[1, 2, 3, 0]_1_0', 'bpc_191_[1, 2, 3, 4, 0]_1_0', 'bpc_191_[1, 2, 4, 0]_1_0']
upper  600.0
lower  320.0
1.0
False
upper bound:600.0
lower bound:320.0
['bpc_103_[1, 0]_1_0']
upper  600.0
lower  320.0
['bpc_103_[1, 0]_1_0', 'bpc_103_[1, 2, 0]_1_0']
upper  600.0
lower  320.0
['bpc_103_[1, 0]_1_0', 'bpc_103_[1, 2, 0]_1_0', 'bpc_103_[1, 2, 3, 0]_1_0']
upper  600.0
lower  320.0
['bpc_103_[1, 0]_1_0', 'bpc_103_[1, 2, 0]_1_0', 'bpc_103_[1, 2, 3, 0]_1_0', 'bpc_103_[1, 2, 3, 4, 0]_1_0']
upper  600.0
lower  320.0
['bpc_103_[1, 0]_1_0', 'bpc_103_[1, 2, 0]_1_0', 'bpc_103_[1, 2, 3, 0]_1_0', 'bpc_103_[1, 2, 3, 4, 0]_1_0', 'bpc_103_[1, 2, 4, 0]_1_0']
upper  600.0
lower  320.0
1.0
False
upper bound:600.0
lower bound:320.0
['bpc_37_[1, 0]_1_0']
upper  600.0
lower  320.0
['bpc_37_[1, 0]_1_0', 'bpc_37_[1, 2, 0]_1_0']
upper  600.0
lower  320.0
['bpc_37_[1, 0]_1_0', 'bpc_37_[1, 2, 0]_1_0', 'bpc_37_[1, 2, 3, 0]_1_0']
upper  600.0
lower  320.0
['bpc_37_[1, 0]_1_0', 'bpc_37_[1, 2, 0]_1_0', 'bpc_37_[1, 2, 3, 0]_1_0', 'bpc_37_[1, 2, 3, 4, 0]_1_0']
upper  600.0
lower  320.0
['bpc_37_[1, 0]_1_0', 'bpc_37_[1, 2, 0]_1_0', 'bpc_37_[1, 2, 3, 0]_1_0', 'bpc_37_[1, 2, 3, 4, 0]_1_0', 'bpc_37_[1, 2, 4, 0]_1_0']
upper  600.0
lower  320.0
1.0
False
upper bound:600.0
lower bound:320.0
['bpc_80_[1, 0, 2, 3, 4, 9]_1_9']
upper  600.0
lower  320.0
['bpc_80_[1, 0, 2, 3, 4, 9]_1_9', 'bpc_80_[1, 0, 2, 4, 9]_1_9']
upper  600.0
lower  320.0
['bpc_80_[1, 0, 2, 3, 4, 9]_1_9', 'bpc_80_[1, 0, 2, 4, 9]_1_9', 'bpc_80_[1, 0, 3, 2, 4, 9]_1_9']
upper  600.0
lower  320.0
['bpc_80_[1, 0, 2, 3, 4, 9]_1_9', 'bpc_80_[1, 0, 2, 4, 9]_1_9', 'bpc_80_[1, 0, 3, 2, 4, 9]_1_9', 'bpc_80_[1, 0, 3, 4, 9]_1_9']
upper  600.0
lower  320.0
['bpc_80_[1, 0, 2, 3, 4, 9]_1_9', 'bpc_80_[1, 0, 2, 4, 9]_1_9', 'bpc_80_[1, 0, 3, 2, 4, 9]_1_9', 'bpc_80_[1, 0, 3, 4, 9]_1_9', 'bpc_80_[1, 0, 4, 9]_1_9']
upper  600.0
lower  320.0
1.0
False
upper bound:600.0
lower bound:320.0
['bpc_210_[1, 0, 2, 3, 4]_1_4']
upper  600.0
lower  320.0
['bpc_210_[1, 0, 2, 3, 4]_1_4', 'bpc_210_[1, 0, 2, 4]_1_4']
upper  600.0
lower  320.0
['bpc_210_[1, 0, 2, 3, 4]_1_4', 'bpc_210_[1, 0, 2, 4]_1_4', 'bpc_210_[1, 0, 3, 2, 4]_1_4']
upper  600.0
lower  320.0
['bpc_210_[1, 0, 2, 3, 4]_1_4', 'bpc_210_[1, 0, 2, 4]_1_4', 'bpc_210_[1, 0, 3, 2, 4]_1_4', 'bpc_210_[1, 0, 3, 4]_1_4']
upper  600.0
lower  320.0
['bpc_210_[1, 0, 2, 3, 4]_1_4', 'bpc_210_[1, 0, 2, 4]_1_4', 'bpc_210_[1, 0, 3, 2, 4]_1_4', 'bpc_210_[1, 0, 3, 4]_1_4', 'bpc_210_[1, 0, 4]_1_4']
upper  600.0
lower  320.0
1.0
False
upper bound:600.0
lower bound:320.0
['bpc_185_[1, 0, 2, 3, 4, 10]_1_10']
upper  600.0
lower  320.0
['bpc_185_[1, 0, 2, 3, 4, 10]_1_10', 'bpc_185_[1, 0, 2, 4, 10]_1_10']
upper  600.0
lower  320.0
['bpc_185_[1, 0, 2, 3, 4, 10]_1_10', 'bpc_185_[1, 0, 2, 4, 10]_1_10', 'bpc_185_[1, 0, 3, 2, 4, 10]_1_10']
upper  600.0
lower  320.0
['bpc_185_[1, 0, 2, 3, 4, 10]_1_10', 'bpc_185_[1, 0, 2, 4, 10]_1_10', 'bpc_185_[1, 0, 3, 2, 4, 10]_1_10', 'bpc_185_[1, 0, 3, 4, 10]_1_10']
upper  600.0
lower  320.0
['bpc_185_[1, 0, 2, 3, 4, 10]_1_10', 'bpc_185_[1, 0, 2, 4, 10]_1_10', 'bpc_185_[1, 0, 3, 2, 4, 10]_1_10', 'bpc_185_[1, 0, 3, 4, 10]_1_10', 'bpc_185_[1, 0, 4, 10]_1_10']
upper  600.0
lower  320.0
1.0
False
upper bound:600.0
lower bound:320.0
['bpc_122_[1, 0, 2, 3, 4]_1_4']
upper  600.0
lower  320.0
['bpc_122_[1, 0, 2, 3, 4]_1_4', 'bpc_122_[1, 0, 2, 4]_1_4']
upper  600.0
lower  320.0
['bpc_122_[1, 0, 2, 3, 4]_1_4', 'bpc_122_[1, 0, 2, 4]_1_4', 'bpc_122_[1, 0, 3, 2, 4]_1_4']
upper  600.0
lower  320.0
['bpc_122_[1, 0, 2, 3, 4]_1_4', 'bpc_122_[1, 0, 2, 4]_1_4', 'bpc_122_[1, 0, 3, 2, 4]_1_4', 'bpc_122_[1, 0, 3, 4]_1_4']
upper  600.0
lower  320.0
['bpc_122_[1, 0, 2, 3, 4]_1_4', 'bpc_122_[1, 0, 2, 4]_1_4', 'bpc_122_[1, 0, 3, 2, 4]_1_4', 'bpc_122_[1, 0, 3, 4]_1_4', 'bpc_122_[1, 0, 4]_1_4']
upper  600.0
lower  320.0
1.0
False
upper bound:600.0
lower bound:320.0
['bpc_160_[1, 0, 2]_1_2']
upper  600.0
lower  320.0
['bpc_160_[1, 0, 2]_1_2', 'bpc_160_[1, 0, 3, 2]_1_2']
upper  600.0
lower  320.0
['bpc_160_[1, 0, 2]_1_2', 'bpc_160_[1, 0, 3, 2]_1_2', 'bpc_160_[1, 0, 3, 4, 2]_1_2']
upper  600.0
lower  320.0
['bpc_160_[1, 0, 2]_1_2', 'bpc_160_[1, 0, 3, 2]_1_2', 'bpc_160_[1, 0, 3, 4, 2]_1_2', 'bpc_160_[1, 0, 4, 2]_1_2']
upper  600.0
lower  320.0
['bpc_160_[1, 0, 2]_1_2', 'bpc_160_[1, 0, 3, 2]_1_2', 'bpc_160_[1, 0, 3, 4, 2]_1_2', 'bpc_160_[1, 0, 4, 2]_1_2', 'bpc_160_[1, 0, 4, 3, 2]_1_2']
upper  600.0
lower  320.0
1.0
False
upper bound:600.0
lower bound:320.0
['bpc_63_[1, 0, 2, 3, 8]_1_8']
upper  600.0
lower  320.0
['bpc_63_[1, 0, 2, 3, 8]_1_8', 'bpc_63_[1, 0, 2, 4, 3, 8]_1_8']
upper  600.0
lower  320.0
['bpc_63_[1, 0, 2, 3, 8]_1_8', 'bpc_63_[1, 0, 2, 4, 3, 8]_1_8', 'bpc_63_[1, 0, 3, 8]_1_8']
upper  600.0
lower  320.0
['bpc_63_[1, 0, 2, 3, 8]_1_8', 'bpc_63_[1, 0, 2, 4, 3, 8]_1_8', 'bpc_63_[1, 0, 3, 8]_1_8', 'bpc_63_[1, 0, 4, 2, 3, 8]_1_8']
upper  600.0
lower  320.0
['bpc_63_[1, 0, 2, 3, 8]_1_8', 'bpc_63_[1, 0, 2, 4, 3, 8]_1_8', 'bpc_63_[1, 0, 3, 8]_1_8', 'bpc_63_[1, 0, 4, 2, 3, 8]_1_8', 'bpc_63_[1, 0, 4, 3, 8]_1_8']
upper  600.0
lower  320.0
1.0
False
upper bound:600.0
lower bound:320.0
['bpc_152_[1, 0, 2, 3, 7]_1_7']
upper  600.0
lower  320.0
['bpc_152_[1, 0, 2, 3, 7]_1_7', 'bpc_152_[1, 0, 2, 4, 3, 7]_1_7']
upper  600.0
lower  320.0
['bpc_152_[1, 0, 2, 3, 7]_1_7', 'bpc_152_[1, 0, 2, 4, 3, 7]_1_7', 'bpc_152_[1, 0, 3, 7]_1_7']
upper  600.0
lower  320.0
['bpc_152_[1, 0, 2, 3, 7]_1_7', 'bpc_152_[1, 0, 2, 4, 3, 7]_1_7', 'bpc_152_[1, 0, 3, 7]_1_7', 'bpc_152_[1, 0, 4, 2, 3, 7]_1_7']
upper  600.0
lower  320.0
['bpc_152_[1, 0, 2, 3, 7]_1_7', 'bpc_152_[1, 0, 2, 4, 3, 7]_1_7', 'bpc_152_[1, 0, 3, 7]_1_7', 'bpc_152_[1, 0, 4, 2, 3, 7]_1_7', 'bpc_152_[1, 0, 4, 3, 7]_1_7']
upper  600.0
lower  320.0
1.0
False
upper bound:600.0
lower bound:320.0
['bpc_89_[1, 0, 2, 3]_1_3']
upper  600.0
lower  320.0
['bpc_89_[1, 0, 2, 3]_1_3', 'bpc_89_[1, 0, 2, 4, 3]_1_3']
upper  600.0
lower  320.0
['bpc_89_[1, 0, 2, 3]_1_3', 'bpc_89_[1, 0, 2, 4, 3]_1_3', 'bpc_89_[1, 0, 3]_1_3']
upper  600.0
lower  320.0
['bpc_89_[1, 0, 2, 3]_1_3', 'bpc_89_[1, 0, 2, 4, 3]_1_3', 'bpc_89_[1, 0, 3]_1_3', 'bpc_89_[1, 0, 4, 2, 3]_1_3']
upper  600.0
lower  320.0
['bpc_89_[1, 0, 2, 3]_1_3', 'bpc_89_[1, 0, 2, 4, 3]_1_3', 'bpc_89_[1, 0, 3]_1_3', 'bpc_89_[1, 0, 4, 2, 3]_1_3', 'bpc_89_[1, 0, 4, 3]_1_3']
upper  600.0
lower  320.0
1.0
False
upper bound:600.0
lower bound:320.0
['bpc_169_[1, 0]_1_0']
upper  600.0
lower  320.0
['bpc_169_[1, 0]_1_0', 'bpc_169_[1, 2, 0]_1_0']
upper  600.0
lower  320.0
['bpc_169_[1, 0]_1_0', 'bpc_169_[1, 2, 0]_1_0', 'bpc_169_[1, 2, 3, 0]_1_0']
upper  600.0
lower  320.0
['bpc_169_[1, 0]_1_0', 'bpc_169_[1, 2, 0]_1_0', 'bpc_169_[1, 2, 3, 0]_1_0', 'bpc_169_[1, 2, 3, 4, 0]_1_0']
upper  600.0
lower  320.0
['bpc_169_[1, 0]_1_0', 'bpc_169_[1, 2, 0]_1_0', 'bpc_169_[1, 2, 3, 0]_1_0', 'bpc_169_[1, 2, 3, 4, 0]_1_0', 'bpc_169_[1, 2, 4, 0]_1_0']
upper  600.0
lower  320.0
1.0
False
upper bound:600.0
lower bound:320.0
['bpc_81_[1, 0]_1_0']
upper  600.0
lower  320.0
['bpc_81_[1, 0]_1_0', 'bpc_81_[1, 2, 0]_1_0']
upper  600.0
lower  320.0
['bpc_81_[1, 0]_1_0', 'bpc_81_[1, 2, 0]_1_0', 'bpc_81_[1, 2, 3, 0]_1_0']
upper  600.0
lower  320.0
['bpc_81_[1, 0]_1_0', 'bpc_81_[1, 2, 0]_1_0', 'bpc_81_[1, 2, 3, 0]_1_0', 'bpc_81_[1, 2, 3, 4, 0]_1_0']
upper  600.0
lower  320.0
['bpc_81_[1, 0]_1_0', 'bpc_81_[1, 2, 0]_1_0', 'bpc_81_[1, 2, 3, 0]_1_0', 'bpc_81_[1, 2, 3, 4, 0]_1_0', 'bpc_81_[1, 2, 4, 0]_1_0']
upper  600.0
lower  320.0
1.0
False
upper bound:600.0
lower bound:320.0
['bpc_135_[1, 0, 2, 6]_1_6']
upper  600.0
lower  320.0
['bpc_135_[1, 0, 2, 6]_1_6', 'bpc_135_[1, 0, 3, 2, 6]_1_6']
upper  600.0
lower  320.0
['bpc_135_[1, 0, 2, 6]_1_6', 'bpc_135_[1, 0, 3, 2, 6]_1_6', 'bpc_135_[1, 0, 3, 4, 2, 6]_1_6']
upper  600.0
lower  320.0
['bpc_135_[1, 0, 2, 6]_1_6', 'bpc_135_[1, 0, 3, 2, 6]_1_6', 'bpc_135_[1, 0, 3, 4, 2, 6]_1_6', 'bpc_135_[1, 0, 4, 2, 6]_1_6']
upper  600.0
lower  320.0
['bpc_135_[1, 0, 2, 6]_1_6', 'bpc_135_[1, 0, 3, 2, 6]_1_6', 'bpc_135_[1, 0, 3, 4, 2, 6]_1_6', 'bpc_135_[1, 0, 4, 2, 6]_1_6', 'bpc_135_[1, 0, 4, 3, 2, 6]_1_6']
upper  600.0
lower  320.0
1.0
False
upper bound:600.0
lower bound:320.0
['bpc_47_[1, 0, 2, 6]_1_6']
upper  600.0
lower  320.0
['bpc_47_[1, 0, 2, 6]_1_6', 'bpc_47_[1, 0, 3, 2, 6]_1_6']
upper  600.0
lower  320.0
['bpc_47_[1, 0, 2, 6]_1_6', 'bpc_47_[1, 0, 3, 2, 6]_1_6', 'bpc_47_[1, 0, 3, 4, 2, 6]_1_6']
upper  600.0
lower  320.0
['bpc_47_[1, 0, 2, 6]_1_6', 'bpc_47_[1, 0, 3, 2, 6]_1_6', 'bpc_47_[1, 0, 3, 4, 2, 6]_1_6', 'bpc_47_[1, 0, 4, 2, 6]_1_6']
upper  600.0
lower  320.0
['bpc_47_[1, 0, 2, 6]_1_6', 'bpc_47_[1, 0, 3, 2, 6]_1_6', 'bpc_47_[1, 0, 3, 4, 2, 6]_1_6', 'bpc_47_[1, 0, 4, 2, 6]_1_6', 'bpc_47_[1, 0, 4, 3, 2, 6]_1_6']
upper  600.0
lower  320.0
1.0
False
upper bound:600.0
lower bound:320.0
['bpc_186_[1, 0, 1]_1_1']
upper  600.0
lower  320.0
['bpc_186_[1, 0, 1]_1_1', 'bpc_186_[1, 0, 2, 1]_1_1']
upper  600.0
lower  320.0
['bpc_186_[1, 0, 1]_1_1', 'bpc_186_[1, 0, 2, 1]_1_1', 'bpc_186_[1, 0, 2, 3, 1]_1_1']
upper  600.0
lower  320.0
['bpc_186_[1, 0, 1]_1_1', 'bpc_186_[1, 0, 2, 1]_1_1', 'bpc_186_[1, 0, 2, 3, 1]_1_1', 'bpc_186_[1, 0, 2, 3, 4, 1]_1_1']
upper  600.0
lower  320.0
['bpc_186_[1, 0, 1]_1_1', 'bpc_186_[1, 0, 2, 1]_1_1', 'bpc_186_[1, 0, 2, 3, 1]_1_1', 'bpc_186_[1, 0, 2, 3, 4, 1]_1_1', 'bpc_186_[1, 0, 2, 4, 1]_1_1']
upper  600.0
lower  320.0
1.0
False
upper bound:600.0
lower bound:320.0
['bpc_161_[1, 0, 2, 5]_1_5']
upper  600.0
lower  320.0
['bpc_161_[1, 0, 2, 5]_1_5', 'bpc_161_[1, 0, 3, 2, 5]_1_5']
upper  600.0
lower  320.0
['bpc_161_[1, 0, 2, 5]_1_5', 'bpc_161_[1, 0, 3, 2, 5]_1_5', 'bpc_161_[1, 0, 3, 4, 2, 5]_1_5']
upper  600.0
lower  320.0
['bpc_161_[1, 0, 2, 5]_1_5', 'bpc_161_[1, 0, 3, 2, 5]_1_5', 'bpc_161_[1, 0, 3, 4, 2, 5]_1_5', 'bpc_161_[1, 0, 4, 2, 5]_1_5']
upper  600.0
lower  320.0
['bpc_161_[1, 0, 2, 5]_1_5', 'bpc_161_[1, 0, 3, 2, 5]_1_5', 'bpc_161_[1, 0, 3, 4, 2, 5]_1_5', 'bpc_161_[1, 0, 4, 2, 5]_1_5', 'bpc_161_[1, 0, 4, 3, 2, 5]_1_5']
upper  600.0
lower  320.0
1.0
False
upper bound:600.0
lower bound:320.0
['bpc_73_[1, 0, 2, 5]_1_5']
upper  600.0
lower  320.0
['bpc_73_[1, 0, 2, 5]_1_5', 'bpc_73_[1, 0, 3, 2, 5]_1_5']
upper  600.0
lower  320.0
['bpc_73_[1, 0, 2, 5]_1_5', 'bpc_73_[1, 0, 3, 2, 5]_1_5', 'bpc_73_[1, 0, 3, 4, 2, 5]_1_5']
upper  600.0
lower  320.0
['bpc_73_[1, 0, 2, 5]_1_5', 'bpc_73_[1, 0, 3, 2, 5]_1_5', 'bpc_73_[1, 0, 3, 4, 2, 5]_1_5', 'bpc_73_[1, 0, 4, 2, 5]_1_5']
upper  600.0
lower  320.0
['bpc_73_[1, 0, 2, 5]_1_5', 'bpc_73_[1, 0, 3, 2, 5]_1_5', 'bpc_73_[1, 0, 3, 4, 2, 5]_1_5', 'bpc_73_[1, 0, 4, 2, 5]_1_5', 'bpc_73_[1, 0, 4, 3, 2, 5]_1_5']
upper  600.0
lower  320.0
(7, 3)
(1, 3)
(3, 0)
(2, 1)
(6, 2)
(9, 4)
(3, 7)
(2, 5)
(0, 3)
(4, 0)
(1, 2)
(4, 9)
(0, 4)
(4, 1)
(4, 10)
(3, 2)
(2, 6)
(10, 4)
(1, 4)
(2, 3)
(4, 2)
(1, 0)
(0, 1)
(8, 3)
(5, 2)
(3, 1)
(2, 4)
(3, 8)
(2, 0)
(4, 3)
(3, 4)
(0, 2)
Parallel mode: deterministic, using up to 4 threads for concurrent optimization.
Row 'c2776' infeasible, all entries at implied bounds.
Presolve time = 0.02 sec. (22.71 ticks)
('Solution status = ', 3)
CPLEX Error  1217: No solution exists.

